******************************************************************************
                  TI ARM Linker PC v20.2.2                     
******************************************************************************
>> Linked Mon Nov 30 18:27:39 2020

OUTPUT FILE NAME:   <HW03.out>
ENTRY POINT SYMBOL: "_c_int00_noargs"  address: 00007bb9


MEMORY CONFIGURATION

         name            origin    length      used     unused   attr    fill
----------------------  --------  ---------  --------  --------  ----  --------
  MAIN                  00000000   00040000  0000810c  00037ef4  R  X
  INFO                  00200000   00004000  00000000  00004000  R  X
  SRAM_CODE             01000000   00010000  00008bc6  0000743a  RW X
  SRAM_DATA             20000000   00010000  00008bc6  0000743a  RW  


SEGMENT ALLOCATION MAP

run origin  load origin   length   init length attrs members
----------  ----------- ---------- ----------- ----- -------
00000000    00000000    00008110   00008110    r-x
  00000000    00000000    000000e4   000000e4    r-- .intvecs
  000000e4    000000e4    00007d80   00007d80    r-x .text
  00007e64    00007e64    00000208   00000208    r-- .const
  00008070    00008070    000000a0   000000a0    r-- .cinit
20000000    20000000    000089ca   00000000    rw-
  20000000    20000000    0000835c   00000000    rw- .bss
  20008360    20008360    00000400   00000000    rw- .sysmem
  20008760    20008760    0000026a   00000000    rw- .data
2000fe00    2000fe00    00000200   00000000    rw-
  2000fe00    2000fe00    00000200   00000000    rw- .stack


SECTION ALLOCATION MAP

 output                                  attributes/
section   page    origin      length       input sections
--------  ----  ----------  ----------   ----------------
.intvecs   0    00000000    000000e4     
                  00000000    000000e4     startup_msp432p401r_ccs.obj (.intvecs:retain)

.text      0    000000e4    00007d80     
                  000000e4    000020c4     tasks.obj (.text)
                  000021a8    000010f0     queue.obj (.text)
                  00003298    00000a4e     rtsv7M4_T_le_v4SPD16_eabi.lib : _printfi.c.obj (.text:__TI_printfi)
                  00003ce6    00000002                                   : _lock.c.obj (.text:_nop)
                  00003ce8    000007a4     timers.obj (.text)
                  0000448c    00000544     lcd.obj (.text)
                  000049d0    00000438     port.obj (.text)
                  00004e08    0000042c     heap_4.obj (.text)
                  00005234    00000354     system_msp432p401r.obj (.text)
                  00005588    00000284     task_console.obj (.text)
                  0000580c    00000270     rtsv7M4_T_le_v4SPD16_eabi.lib : _printfi.c.obj (.text:_pconv_a)
                  00005a7c    000001f4     task_joystick.obj (.text)
                  00005c70    000001d0     rtsv7M4_T_le_v4SPD16_eabi.lib : _printfi.c.obj (.text:_pconv_g)
                  00005e40    000001b6                                   : fd_add_t2.asm.obj (.text)
                  00005ff6    00000002                                   : div0.asm.obj (.text)
                  00005ff8    00000170     main.obj (.text)
                  00006168    0000014c     task_space_ship.obj (.text)
                  000062b4    0000013c     rtsv7M4_T_le_v4SPD16_eabi.lib : _printfi.c.obj (.text:_pconv_e)
                  000063f0    00000136                                   : fd_div_t2.asm.obj (.text)
                  00006526    0000012a     list.obj (.text)
                  00006650    00000124     rtsv7M4_T_le_v4SPD16_eabi.lib : _printfi.c.obj (.text:fcvt)
                  00006774    00000114                                   : fputs.c.obj (.text:fputs)
                  00006888    00000110                                   : s_scalbn.c.obj (.text:scalbn)
                  00006998    00000100                                   : memory.c.obj (.text:aligned_alloc)
                  00006a98    000000fc                                   : fd_mul_t2.asm.obj (.text)
                  00006b94    000000e4                                   : memory.c.obj (.text:free)
                  00006c78    000000dc                                   : setvbuf.c.obj (.text:setvbuf)
                  00006d54    000000da     portasm.obj (.text)
                  00006e2e    00000002     --HOLE-- [fill = 0]
                  00006e30    000000b1     rtsv7M4_T_le_v4SPD16_eabi.lib : _printfi.c.obj (.text:_ltostr)
                  00006ee1    00000001     --HOLE-- [fill = 0]
                  00006ee2    0000009c                                   : memcpy_t2.asm.obj (.text)
                  00006f7e    00000096                                   : ull_div_t2.asm.obj (.text)
                  00007014    00000086                                   : fd_cmp_t2.asm.obj (.text:__aeabi_cdcmple)
                  0000709a    00000086                                   : fd_cmp_t2.asm.obj (.text:__aeabi_cdrcmple)
                  00007120    0000007a                                   : memset_t2.asm.obj (.text)
                  0000719a    00000002     --HOLE-- [fill = 0]
                  0000719c    00000074                                   : fclose.c.obj (.text:__TI_closefile)
                  00007210    00000070                                   : memory.c.obj (.text:split)
                  00007280    0000006e                                   : _printfi.c.obj (.text:_mcpy)
                  000072ee    00000002     --HOLE-- [fill = 0]
                  000072f0    0000006c                                   : hostrename.c.obj (.text:HOSTrename)
                  0000735c    00000068                                   : hostlseek.c.obj (.text:HOSTlseek)
                  000073c4    00000068                                   : copy_decompress_lzss.c.obj (.text:decompress:lzss:__TI_decompress_lzss)
                  0000742c    00000068                                   : printf.c.obj (.text:printf)
                  00007494    00000064                                   : s_frexp.c.obj (.text:frexp)
                  000074f8    00000064                                   : fseek.c.obj (.text:fseek)
                  0000755c    00000062                                   : _io_perm.c.obj (.text:__TI_wrt_ok)
                  000075be    00000002     --HOLE-- [fill = 0]
                  000075c0    00000060                                   : hostopen.c.obj (.text:HOSTopen)
                  00007620    0000005c                                   : close.c.obj (.text:close)
                  0000767c    00000058                                   : hostread.c.obj (.text:HOSTread)
                  000076d4    00000058                                   : hostwrite.c.obj (.text:HOSTwrite)
                  0000772c    00000056                                   : _printfi.c.obj (.text:_pconv_f)
                  00007782    00000054                                   : _ltoa.c.obj (.text:__TI_ltoa)
                  000077d6    00000052                                   : _printfi.c.obj (.text:_ecpy)
                  00007828    0000004c                                   : fflush.c.obj (.text:__TI_doflush)
                  00007874    0000004c                                   : atoi.c.obj (.text:atoi)
                  000078c0    00000048                                   : exit.c.obj (.text:exit)
                  00007908    00000048                                   : fd_toi_t2.asm.obj (.text)
                  00007950    00000044                                   : hostclose.c.obj (.text:HOSTclose)
                  00007994    00000044                                   : hostunlink.c.obj (.text:HOSTunlink)
                  000079d8    00000044                                   : autoinit.c.obj (.text:__TI_auto_init_nobinit_nopinit:__TI_auto_init_nobinit_nopinit)
                  00007a1c    00000044                                   : getdevice.c.obj (.text:getdevice)
                  00007a60    00000040                                   : strtok.c.obj (.text:strtok)
                  00007aa0    0000003e                                   : _printfi.c.obj (.text:_fcpy)
                  00007ade    00000002     --HOLE-- [fill = 0]
                  00007ae0    00000038                                   : trgmsg.c.obj (.text:__TI_writemsg)
                  00007b18    00000036                                   : strncpy.c.obj (.text:strncpy)
                  00007b4e    00000002     --HOLE-- [fill = 0]
                  00007b50    00000034                                   : fopen.c.obj (.text:__TI_cleanup)
                  00007b84    00000034                                   : trgmsg.c.obj (.text:__TI_readmsg)
                  00007bb8    00000034                                   : boot_cortex_m.c.obj (.text:_c_int00_noargs:_c_int00_noargs)
                  00007bec    00000030                                   : getdevice.c.obj (.text:finddevice)
                  00007c1c    0000002e                                   : i_tofd_t2.asm.obj (.text)
                  00007c4a    00000002     --HOLE-- [fill = 0]
                  00007c4c    0000002c                                   : unlink.c.obj (.text:unlink)
                  00007c78    0000002a                                   : strspn.c.obj (.text:strspn)
                  00007ca2    00000002     --HOLE-- [fill = 0]
                  00007ca4    00000028                                   : memory.c.obj (.text:free_list_insert)
                  00007ccc    00000028                                   : lseek.c.obj (.text:lseek)
                  00007cf4    00000028                                   : write.c.obj (.text:write)
                  00007d1c    00000024                                   : strcspn.c.obj (.text:strcspn)
                  00007d40    00000020                                   : memchr.c.obj (.text:memchr)
                  00007d60    0000001c                                   : memory.c.obj (.text:free_list_remove)
                  00007d7c    0000001c                                   : memccpy.c.obj (.text:memccpy)
                  00007d98    0000001a                                   : s_copysign.c.obj (.text:copysign)
                  00007db2    00000018                                   : strcmp.c.obj (.text:strcmp)
                  00007dca    00000016                                   : strchr.c.obj (.text:strchr)
                  00007de0    00000014                                   : strcpy.c.obj (.text:strcpy)
                  00007df4    00000014                                   : strlen.c.obj (.text:strlen)
                  00007e08    00000012                                   : wcslen.c.obj (.text:wcslen)
                  00007e1a    0000000e                                   : copy_decompress_none.c.obj (.text:decompress:none:__TI_decompress_none)
                  00007e28    0000000e     startup_msp432p401r_ccs.obj (.text)
                  00007e36    0000000c     rtsv7M4_T_le_v4SPD16_eabi.lib : copy_zero_init.c.obj (.text:decompress:ZI:__TI_zero_init)
                  00007e42    00000002     --HOLE-- [fill = 0]
                  00007e44    00000008                                   : errno.c.obj (.text:__aeabi_errno_addr)
                  00007e4c    00000008                                   : memory.c.obj (.text:malloc)
                  00007e54    00000004                                   : printf.c.obj (.text:_outc)
                  00007e58    00000004                                   : printf.c.obj (.text:_outs)
                  00007e5c    00000004                                   : pre_init.c.obj (.text:_system_pre_init)
                  00007e60    00000004                                   : exit.c.obj (.text:abort:abort)

.const     0    00007e64    00000208     
                  00007e64    00000101     rtsv7M4_T_le_v4SPD16_eabi.lib : ctype.c.obj (.const:.string:_ctypes_)
                  00007f65    000000fc     space_ship.obj (.const:.string:space_shipBitmaps)
                  00008061    00000002     space_ship.obj (.const)
                  00008063    00000001     --HOLE-- [fill = 0]
                  00008064    00000008     port.obj (.const)

.cinit     0    00008070    000000a0     
                  00008070    0000007a     (.cinit..data.load) [load image, compression = lzss]
                  000080ea    00000002     --HOLE-- [fill = 0]
                  000080ec    0000000c     (__TI_handler_table)
                  000080f8    00000008     (.cinit..bss.load) [load image, compression = zero_init]
                  00008100    00000010     (__TI_cinit_table)

.init_array 
*          0    00000000    00000000     UNINITIALIZED

.binit     0    00000000    00000000     

.bss       0    20000000    0000835c     UNINITIALIZED
                  20000000    00008000     heap_4.obj (.bss:ucHeap)
                  20008000    00000120     rtsv7M4_T_le_v4SPD16_eabi.lib : trgmsg.c.obj (.bss:_CIOBUF_)
                  20008120    000000c8     tasks.obj (.bss:pxReadyTasksLists)
                  200081e8    000000a0     (.common:__TI_tmpnams)
                  20008288    00000014     timers.obj (.bss:xActiveTimerList1)
                  2000829c    00000014     timers.obj (.bss:xActiveTimerList2)
                  200082b0    00000014     tasks.obj (.bss:xDelayedTaskList1)
                  200082c4    00000014     tasks.obj (.bss:xDelayedTaskList2)
                  200082d8    00000014     tasks.obj (.bss:xPendingReadyList)
                  200082ec    00000014     tasks.obj (.bss:xSuspendedTaskList)
                  20008300    00000014     tasks.obj (.bss:xTasksWaitingTermination)
                  20008314    0000000c     (.common:RX_ARRAY)
                  20008320    00000008     tasks.obj (.bss)
                  20008328    00000008     timers.obj (.bss)
                  20008330    00000008     heap_4.obj (.bss:xStart)
                  20008338    00000008     (.common:parmbuf)
                  20008340    00000004     (.common:Queue_Space_Ship)
                  20008344    00000004     (.common:Sem_Console)
                  20008348    00000004     (.common:Task_Console_Handle)
                  2000834c    00000004     (.common:Task_Joystick_Handle)
                  20008350    00000004     (.common:Task_Joystick_Timer_Handle)
                  20008354    00000004     (.common:Task_Space_Ship_Handle)
                  20008358    00000002     (.common:Lcd_ScreenHeigth)
                  2000835a    00000002     (.common:Lcd_ScreenWidth)

.sysmem    0    20008360    00000400     UNINITIALIZED
                  20008360    00000010     rtsv7M4_T_le_v4SPD16_eabi.lib : memory.c.obj (.sysmem)
                  20008370    000003f0     --HOLE--

.data      0    20008760    0000026a     UNINITIALIZED
                  20008760    000000f0     rtsv7M4_T_le_v4SPD16_eabi.lib : defs.c.obj (.data:_ftable)
                  20008850    00000078                                   : host_device.c.obj (.data:_device)
                  200088c8    00000050                                   : host_device.c.obj (.data:_stream)
                  20008918    00000034     tasks.obj (.data)
                  2000894c    00000018     heap_4.obj (.data)
                  20008964    00000018     port.obj (.data)
                  2000897c    00000010     rtsv7M4_T_le_v4SPD16_eabi.lib : defs.c.obj (.data)
                  2000898c    0000000c                                   : exit.c.obj (.data:$O1$$)
                  20008998    0000000c     timers.obj (.data)
                  200089a4    00000008     rtsv7M4_T_le_v4SPD16_eabi.lib : _lock.c.obj (.data:$O1$$)
                  200089ac    00000008                                   : memory.c.obj (.data:$O1$$)
                  200089b4    00000008     task_joystick.obj (.data)
                  200089bc    00000004     rtsv7M4_T_le_v4SPD16_eabi.lib : errno.c.obj (.data)
                  200089c0    00000004                                   : strtok.c.obj (.data)
                  200089c4    00000004     system_msp432p401r.obj (.data)
                  200089c8    00000002     task_console.obj (.data)

.stack     0    2000fe00    00000200     UNINITIALIZED
                  2000fe00    00000004     rtsv7M4_T_le_v4SPD16_eabi.lib : boot_cortex_m.c.obj (.stack)
                  2000fe04    000001fc     --HOLE--

__llvm_prf_cnts 
*          0    20000000    00000000     UNINITIALIZED

MODULE SUMMARY

       Module                        code    ro data   rw data
       ------                        ----    -------   -------
    .\
       lcd.obj                       1348    0         8      
       system_msp432p401r.obj        852     0         8      
       task_console.obj              644     0         44     
       task_joystick.obj             500     0         32     
       main.obj                      368     0         0      
       task_space_ship.obj           332     0         16     
       space_ship.obj                0       254       0      
       startup_msp432p401r_ccs.obj   14      228       0      
    +--+-----------------------------+-------+---------+---------+
       Total:                        4058    482       108    
                                                              
    .\FreeRTOS\
       heap_4.obj                    1068    0         65600  
       tasks.obj                     8388    0         720    
       queue.obj                     4336    0         0      
       timers.obj                    1956    0         120    
       list.obj                      298     0         0      
    +--+-----------------------------+-------+---------+---------+
       Total:                        16046   0         66440  
                                                              
    .\FreeRTOS\portable\
       port.obj                      1080    8         48     
       portasm.obj                   218     0         0      
    +--+-----------------------------+-------+---------+---------+
       Total:                        1298    8         48     
                                                              
    C:\ti\ccs1010\ccs\tools\compiler\ti-cgt-arm_20.2.2.LTS\lib\rtsv7M4_T_le_v4SPD16_eabi.lib
       _printfi.c.obj                4851    0         0      
       defs.c.obj                    0       0         832    
       memory.c.obj                  672     0         16     
       trgmsg.c.obj                  108     0         576    
       fd_add_t2.asm.obj             438     0         0      
       host_device.c.obj             0       0         400    
       fd_div_t2.asm.obj             310     0         0      
       fputs.c.obj                   276     0         0      
       s_scalbn.c.obj                272     0         0      
       fd_cmp_t2.asm.obj             268     0         0      
       ctype.c.obj                   0       257       0      
       fd_mul_t2.asm.obj             252     0         0      
       setvbuf.c.obj                 220     0         0      
       memcpy_t2.asm.obj             156     0         0      
       ull_div_t2.asm.obj            150     0         0      
       memset_t2.asm.obj             122     0         0      
       fclose.c.obj                  116     0         0      
       getdevice.c.obj               116     0         0      
       hostopen.c.obj                96      0         16     
       printf.c.obj                  112     0         0      
       hostrename.c.obj              108     0         0      
       copy_decompress_lzss.c.obj    104     0         0      
       hostlseek.c.obj               104     0         0      
       exit.c.obj                    76      0         24     
       fseek.c.obj                   100     0         0      
       s_frexp.c.obj                 100     0         0      
       _io_perm.c.obj                98      0         0      
       close.c.obj                   92      0         0      
       hostread.c.obj                88      0         0      
       hostwrite.c.obj               88      0         0      
       _ltoa.c.obj                   84      0         0      
       atoi.c.obj                    76      0         0      
       fflush.c.obj                  76      0         0      
       fd_toi_t2.asm.obj             72      0         0      
       strtok.c.obj                  64      0         8      
       autoinit.c.obj                68      0         0      
       hostclose.c.obj               68      0         0      
       hostunlink.c.obj              68      0         0      
       strncpy.c.obj                 54      0         0      
       boot_cortex_m.c.obj           52      0         0      
       fopen.c.obj                   52      0         0      
       i_tofd_t2.asm.obj             46      0         0      
       unlink.c.obj                  44      0         0      
       strspn.c.obj                  42      0         0      
       lseek.c.obj                   40      0         0      
       write.c.obj                   40      0         0      
       strcspn.c.obj                 36      0         0      
       memchr.c.obj                  32      0         0      
       memccpy.c.obj                 28      0         0      
       s_copysign.c.obj              26      0         0      
       strcmp.c.obj                  24      0         0      
       strchr.c.obj                  22      0         0      
       strcpy.c.obj                  20      0         0      
       strlen.c.obj                  20      0         0      
       _lock.c.obj                   2       0         16     
       wcslen.c.obj                  18      0         0      
       errno.c.obj                   8       0         8      
       copy_decompress_none.c.obj    14      0         0      
       copy_zero_init.c.obj          12      0         0      
       pre_init.c.obj                4       0         0      
       div0.asm.obj                  2       0         0      
    +--+-----------------------------+-------+---------+---------+
       Total:                        10707   257       1896   
                                                              
       Heap:                         0       0         2048   
       Stack:                        0       0         1024   
       Linker Generated:             0       158       0      
    +--+-----------------------------+-------+---------+---------+
       Grand Total:                  32109   905       71564  


LINKER GENERATED COPY TABLES

__TI_cinit_table @ 00008100 records: 2, size/record: 8, table size: 16
	.data: load addr=00008070, load size=0000007a bytes, run addr=20008760, run size=0000026a bytes, compression=lzss
	.bss: load addr=000080f8, load size=00000008 bytes, run addr=20000000, run size=0000835c bytes, compression=zero_init


LINKER GENERATED HANDLER TABLE

__TI_handler_table @ 000080ec records: 3, size/record: 4, table size: 12
	index: 0, handler: __TI_decompress_lzss
	index: 1, handler: __TI_decompress_none
	index: 2, handler: __TI_zero_init


GLOBAL SYMBOLS: SORTED ALPHABETICALLY BY Name 

address   name                               
-------   ----                               
00005bed  ADC14_IRQHandler                   
00005bed  ADC14_IRQHandler                   
00007e35  AES256_IRQHandler                  
00007e35  BusFault_Handler                   
00007e61  C$$EXIT                            
00007b0f  C$$IO$$                            
00007e35  COMP_E0_IRQHandler                 
00007e35  COMP_E1_IRQHandler                 
00007e35  CS_IRQHandler                      
000045fd  Crystalfontz128x128_Init           
00004565  Crystalfontz128x128_SetDrawFrame   
00007e35  DMA_ERR_IRQHandler                 
00007e35  DMA_INT0_IRQHandler                
00007e35  DMA_INT1_IRQHandler                
00007e35  DMA_INT2_IRQHandler                
00007e35  DMA_INT3_IRQHandler                
00007e35  DebugMon_Handler                   
00007e35  Default_Handler                    
00005697  EUSCIA0_IRQHandler                 
00005697  EUSCIA0_IRQHandler                 
00007e35  EUSCIA1_IRQHandler                 
00007e35  EUSCIA2_IRQHandler                 
00007e35  EUSCIA3_IRQHandler                 
00007e35  EUSCIB0_IRQHandler                 
00007e35  EUSCIB1_IRQHandler                 
00007e35  EUSCIB2_IRQHandler                 
00007e35  EUSCIB3_IRQHandler                 
00007e35  FLCTL_IRQHandler                   
00007e35  FPU_IRQHandler                     
0000448d  HAL_LCD_PortInit                   
000044d5  HAL_LCD_SpiInit                    
00004509  HAL_LCD_writeCommand               
00004541  HAL_LCD_writeData                  
00007951  HOSTclose                          
0000735d  HOSTlseek                          
000075c1  HOSTopen                           
0000767d  HOSTread                           
000072f1  HOSTrename                         
00007995  HOSTunlink                         
000076d5  HOSTwrite                          
00007e35  HardFault_Handler                  
200089b4  JOYSTICK_X_DIR                     
200089b8  JOYSTICK_Y_DIR                     
20008358  Lcd_ScreenHeigth                   
2000835a  Lcd_ScreenWidth                    
00007e35  MemManage_Handler                  
00007e35  NMI_Handler                        
00007e35  PCM_IRQHandler                     
00007e35  PORT1_IRQHandler                   
00007e35  PORT2_IRQHandler                   
00007e35  PORT3_IRQHandler                   
00007e35  PORT4_IRQHandler                   
00007e35  PORT5_IRQHandler                   
00007e35  PORT6_IRQHandler                   
00007e35  PSS_IRQHandler                     
00007e35  PendSV_Handler                     
20008340  Queue_Space_Ship                   
00007e35  RTC_C_IRQHandler                   
20008314  RX_ARRAY                           
200089c8  RX_INDEX                           
00007e29  Reset_Handler                      
00007e35  SVC_Handler                        
20008344  Sem_Console                        
00007e35  SysTick_Handler                    
200089c4  SystemCoreClock                    
00005235  SystemCoreClockUpdate              
000054ad  SystemInit                         
00007e35  T32_INT1_IRQHandler                
00007e35  T32_INT2_IRQHandler                
00007e35  T32_INTC_IRQHandler                
00007e35  TA0_0_IRQHandler                   
00007e35  TA0_N_IRQHandler                   
00007e35  TA1_0_IRQHandler                   
00007e35  TA1_N_IRQHandler                   
00007e35  TA2_0_IRQHandler                   
00007e35  TA2_N_IRQHandler                   
00007e35  TA3_0_IRQHandler                   
00007e35  TA3_N_IRQHandler                   
0000570f  Task_Console_Bottom_Half           
20008348  Task_Console_Handle                
00005659  Task_Console_Init                  
00005b6b  Task_Joystick_Bottom_Half          
2000834c  Task_Joystick_Handle               
00005ae7  Task_Joystick_Init                 
00005b55  Task_Joystick_Timer                
20008350  Task_Joystick_Timer_Handle         
00006187  Task_Space_Ship                    
20008354  Task_Space_Ship_Handle             
00006169  Task_Space_Ship_Init               
00007e35  UsageFault_Handler                 
4000480c  WDTCTL_SYM                         
00007e35  WDT_A_IRQHandler                   
20008000  __CIOBUF_                          
20010000  __STACK_END                        
00000200  __STACK_SIZE                       
00000400  __SYSMEM_SIZE                      
00008100  __TI_CINIT_Base                    
00008110  __TI_CINIT_Limit                   
000080ec  __TI_Handler_Table_Base            
000080f8  __TI_Handler_Table_Limit           
000079d9  __TI_auto_init_nobinit_nopinit     
00007b51  __TI_cleanup                       
2000898c  __TI_cleanup_ptr                   
0000719d  __TI_closefile                     
000073c5  __TI_decompress_lzss               
00007e1b  __TI_decompress_none               
00007829  __TI_doflush                       
20008990  __TI_dtors_ptr                     
20008994  __TI_enable_exit_profile_output    
2000897c  __TI_ft_end                        
00007783  __TI_ltoa                          
ffffffff  __TI_pprof_out_hndl                
00003299  __TI_printfi                       
ffffffff  __TI_prof_data_size                
ffffffff  __TI_prof_data_start               
00007b85  __TI_readmsg                       
00000000  __TI_static_base__                 
200081e8  __TI_tmpnams                       
00007ae1  __TI_writemsg                      
0000755d  __TI_wrt_ok                        
00007e37  __TI_zero_init                     
00007015  __aeabi_cdcmpeq                    
00007015  __aeabi_cdcmple                    
0000709b  __aeabi_cdrcmple                   
00007909  __aeabi_d2iz                       
00005e4b  __aeabi_dadd                       
000063f1  __aeabi_ddiv                       
00006a99  __aeabi_dmul                       
00005e41  __aeabi_dsub                       
00007e45  __aeabi_errno_addr                 
00007c1d  __aeabi_i2d                        
00005ff7  __aeabi_idiv0                      
00005ff7  __aeabi_ldiv0                      
00007121  __aeabi_memclr                     
00007121  __aeabi_memclr4                    
00007121  __aeabi_memclr8                    
00006ee3  __aeabi_memcpy                     
00006ee3  __aeabi_memcpy4                    
00006ee3  __aeabi_memcpy8                    
00007123  __aeabi_memset                     
00007123  __aeabi_memset4                    
00007123  __aeabi_memset8                    
20008988  __aeabi_stderr                     
20008980  __aeabi_stdin                      
20008984  __aeabi_stdout                     
00006f7f  __aeabi_uldivmod                   
ffffffff  __binit__                          
ffffffff  __c_args__                         
UNDEFED   __mpu_init                         
2000fe00  __stack                            
20000000  __start___llvm_prf_cnts            
20000000  __stop___llvm_prf_cnts             
00007bb9  _c_int00_noargs                    
00007e64  _ctypes_                           
20008850  _device                            
20008760  _ftable                            
200089a4  _lock                              
00003ce7  _nop                               
200088c8  _stream                            
20008360  _sys_memory                        
UNDEFED   _system_post_cinit                 
00007e5d  _system_pre_init                   
200089a8  _unlock                            
00007e61  abort                              
00006999  aligned_alloc                      
00007875  atoi                               
ffffffff  binit                              
00007621  close                              
00007d99  copysign                           
00007d99  copysignl                          
000013fd  eTaskConfirmSleepModeStatus        
00000539  eTaskGetState                      
200089bc  errno                              
000078c1  exit                               
00007bed  finddevice                         
00005679  fputc                              
00006775  fputs                              
00006b95  free                               
00007495  frexp                              
00007495  frexpl                             
000074f9  fseek                              
00007a1d  getdevice                          
00000000  interruptVectors                   
00004849  lcd_draw_image                     
0000472b  lcd_draw_rectangle                 
00006889  ldexp                              
00006889  ldexpl                             
00007ccd  lseek                              
00005ff9  main                               
00007e4d  malloc                             
00006999  memalign                           
00007d7d  memccpy                            
00007d41  memchr                             
00006ee3  memcpy                             
00007129  memset                             
20008338  parmbuf                            
00000bd5  pcTaskGetName                      
00003f43  pcTimerGetName                     
0000742d  printf                             
00004e09  pvPortMalloc                       
000014a1  pvTaskGetThreadLocalStoragePointer 
00001a55  pvTaskIncrementMutexHeldCount      
000043fd  pvTimerGetTimerID                  
20008918  pxCurrentTCB                       
000049d1  pxPortInitialiseStack              
00007c4d  remove                             
00006889  scalbn                             
00006889  scalbnl                            
00006c79  setvbuf                            
00007f65  space_shipBitmaps                  
00008062  space_shipHeightPixels             
00008061  space_shipWidthPixels              
00007dcb  strchr                             
00007db3  strcmp                             
00007de1  strcpy                             
00007d1d  strcspn                            
00007df5  strlen                             
00007b19  strncpy                            
00007c79  strspn                             
00007a61  strtok                             
00002faf  ucQueueGetQueueType                
00008064  ulMaxSyscallInterruptPriority      
00006d65  ulPortGetIPSR                      
00001a75  ulTaskGenericNotifyTake            
000020a3  ulTaskGenericNotifyValueClear      
00007c4d  unlink                             
00006609  uxListRemove                       
00002f8f  uxQueueGetQueueNumber              
00002edd  uxQueueMessagesWaiting             
00002f41  uxQueueMessagesWaitingFromISR      
00002f0d  uxQueueSpacesAvailable             
00000bcf  uxTaskGetNumberOfTasks             
00000c1d  uxTaskGetSystemState               
00001361  uxTaskGetTaskNumber                
00000611  uxTaskPriorityGet                  
00000639  uxTaskPriorityGetFromISR           
00001a33  uxTaskResetEventItemValue          
00003edd  uxTimerGetReloadMode               
00004459  uxTimerGetTimerNumber              
00006093  vApplicationMallocFailedHook       
00006095  vApplicationStackOverflowHook      
00006527  vListInitialise                    
00006557  vListInitialiseItem                
000065a3  vListInsert                        
00006567  vListInsertEnd                     
00006e21  vPortEnableVFP                     
00004b15  vPortEndScheduler                  
00004b39  vPortEnterCritical                 
00004b7b  vPortExitCritical                  
00004f73  vPortFree                          
00005175  vPortGetHeapStats                  
00005019  vPortInitialiseBlocks              
00006ddd  vPortSVCHandler                    
00004d2d  vPortSetupTimerInterrupt           
00006dfd  vPortStartFirstTask                
00004bd5  vPortSuppressTicksAndSleep         
00004d75  vPortValidateInterruptPriority     
00002f6b  vQueueDelete                       
00002f9d  vQueueSetQueueNumber               
0000323d  vQueueWaitForMessageRestricted     
000004d1  vTaskDelay                         
000003ed  vTaskDelayUntil                    
00000323  vTaskDelete                        
00000a25  vTaskEndScheduler                  
00001f35  vTaskGenericNotifyGiveFromISR      
00001575  vTaskGetInfo                       
0000128d  vTaskInternalSetTimeOutState       
00001359  vTaskMissedYield                   
00001059  vTaskPlaceOnEventList              
000010f5  vTaskPlaceOnEventListRestricted    
0000108d  vTaskPlaceOnUnorderedEventList     
00001939  vTaskPriorityDisinheritAfterTimeout
0000067d  vTaskPrioritySet                   
000011c5  vTaskRemoveFromUnorderedEventList  
00000915  vTaskResume                        
00000eb1  vTaskSetApplicationTaskTag         
00001381  vTaskSetTaskNumber                 
00001459  vTaskSetThreadLocalStoragePointer  
0000125b  vTaskSetTimeOutState               
000009a9  vTaskStartScheduler                
00000cf9  vTaskStepTick                      
000007b1  vTaskSuspend                       
00000a41  vTaskSuspendAll                    
00000f89  vTaskSwitchContext                 
00003e93  vTimerSetReloadMode                
0000442b  vTimerSetTimerID                   
00004467  vTimerSetTimerNumber               
00007e09  wcslen                             
00007cf5  write                              
0000500d  xPortGetFreeHeapSize               
00005013  xPortGetMinimumEverFreeHeapSize    
00006d7d  xPortPendSVHandler                 
00004a5d  xPortStartScheduler                
00004ba7  xPortSysTickHandler                
00002427  xQueueCreateCountingSemaphore      
00002353  xQueueCreateMutex                  
0000225d  xQueueGenericCreate                
000021a9  xQueueGenericReset                 
00002485  xQueueGenericSend                  
00002639  xQueueGenericSendFromISR           
00002765  xQueueGiveFromISR                  
0000237f  xQueueGiveMutexRecursive           
000031a9  xQueueIsQueueEmptyFromISR          
00003203  xQueueIsQueueFullFromISR           
00002bbd  xQueuePeek                         
00002e31  xQueuePeekFromISR                  
00002873  xQueueReceive                      
00002d3b  xQueueReceiveFromISR               
000029eb  xQueueSemaphoreTake                
000023cf  xQueueTakeMutexRecursive           
00000f49  xTaskCallApplicationTaskHook       
00000d33  xTaskCatchUpTicks                  
000012a7  xTaskCheckForTimeOut               
000000e5  xTaskCreate                        
00001c11  xTaskGenericNotify                 
00001d87  xTaskGenericNotifyFromISR          
0000203f  xTaskGenericNotifyStateClear       
00001b2d  xTaskGenericNotifyWait             
00000ed7  xTaskGetApplicationTaskTag         
00000f05  xTaskGetApplicationTaskTagFromISR  
0000174b  xTaskGetCurrentTaskHandle          
0000175b  xTaskGetSchedulerState             
00000bab  xTaskGetTickCount                  
00000bbb  xTaskGetTickCountFromISR           
00000d85  xTaskIncrementTick                 
0000186d  xTaskPriorityDisinherit            
000017a5  xTaskPriorityInherit               
00001135  xTaskRemoveFromEventList           
00000aa9  xTaskResumeAll                     
00003d29  xTimerCreate                       
00003ce9  xTimerCreateTimerTask              
00003dcb  xTimerGenericCommand               
00003f19  xTimerGetExpiryTime                
00003e6d  xTimerGetPeriod                    
00003e4b  xTimerGetTimerDaemonTaskHandle     
000043c1  xTimerIsTimerActive                


GLOBAL SYMBOLS: SORTED BY Symbol Address 

address   name                               
-------   ----                               
00000000  __TI_static_base__                 
00000000  interruptVectors                   
000000e5  xTaskCreate                        
00000200  __STACK_SIZE                       
00000323  vTaskDelete                        
000003ed  vTaskDelayUntil                    
00000400  __SYSMEM_SIZE                      
000004d1  vTaskDelay                         
00000539  eTaskGetState                      
00000611  uxTaskPriorityGet                  
00000639  uxTaskPriorityGetFromISR           
0000067d  vTaskPrioritySet                   
000007b1  vTaskSuspend                       
00000915  vTaskResume                        
000009a9  vTaskStartScheduler                
00000a25  vTaskEndScheduler                  
00000a41  vTaskSuspendAll                    
00000aa9  xTaskResumeAll                     
00000bab  xTaskGetTickCount                  
00000bbb  xTaskGetTickCountFromISR           
00000bcf  uxTaskGetNumberOfTasks             
00000bd5  pcTaskGetName                      
00000c1d  uxTaskGetSystemState               
00000cf9  vTaskStepTick                      
00000d33  xTaskCatchUpTicks                  
00000d85  xTaskIncrementTick                 
00000eb1  vTaskSetApplicationTaskTag         
00000ed7  xTaskGetApplicationTaskTag         
00000f05  xTaskGetApplicationTaskTagFromISR  
00000f49  xTaskCallApplicationTaskHook       
00000f89  vTaskSwitchContext                 
00001059  vTaskPlaceOnEventList              
0000108d  vTaskPlaceOnUnorderedEventList     
000010f5  vTaskPlaceOnEventListRestricted    
00001135  xTaskRemoveFromEventList           
000011c5  vTaskRemoveFromUnorderedEventList  
0000125b  vTaskSetTimeOutState               
0000128d  vTaskInternalSetTimeOutState       
000012a7  xTaskCheckForTimeOut               
00001359  vTaskMissedYield                   
00001361  uxTaskGetTaskNumber                
00001381  vTaskSetTaskNumber                 
000013fd  eTaskConfirmSleepModeStatus        
00001459  vTaskSetThreadLocalStoragePointer  
000014a1  pvTaskGetThreadLocalStoragePointer 
00001575  vTaskGetInfo                       
0000174b  xTaskGetCurrentTaskHandle          
0000175b  xTaskGetSchedulerState             
000017a5  xTaskPriorityInherit               
0000186d  xTaskPriorityDisinherit            
00001939  vTaskPriorityDisinheritAfterTimeout
00001a33  uxTaskResetEventItemValue          
00001a55  pvTaskIncrementMutexHeldCount      
00001a75  ulTaskGenericNotifyTake            
00001b2d  xTaskGenericNotifyWait             
00001c11  xTaskGenericNotify                 
00001d87  xTaskGenericNotifyFromISR          
00001f35  vTaskGenericNotifyGiveFromISR      
0000203f  xTaskGenericNotifyStateClear       
000020a3  ulTaskGenericNotifyValueClear      
000021a9  xQueueGenericReset                 
0000225d  xQueueGenericCreate                
00002353  xQueueCreateMutex                  
0000237f  xQueueGiveMutexRecursive           
000023cf  xQueueTakeMutexRecursive           
00002427  xQueueCreateCountingSemaphore      
00002485  xQueueGenericSend                  
00002639  xQueueGenericSendFromISR           
00002765  xQueueGiveFromISR                  
00002873  xQueueReceive                      
000029eb  xQueueSemaphoreTake                
00002bbd  xQueuePeek                         
00002d3b  xQueueReceiveFromISR               
00002e31  xQueuePeekFromISR                  
00002edd  uxQueueMessagesWaiting             
00002f0d  uxQueueSpacesAvailable             
00002f41  uxQueueMessagesWaitingFromISR      
00002f6b  vQueueDelete                       
00002f8f  uxQueueGetQueueNumber              
00002f9d  vQueueSetQueueNumber               
00002faf  ucQueueGetQueueType                
000031a9  xQueueIsQueueEmptyFromISR          
00003203  xQueueIsQueueFullFromISR           
0000323d  vQueueWaitForMessageRestricted     
00003299  __TI_printfi                       
00003ce7  _nop                               
00003ce9  xTimerCreateTimerTask              
00003d29  xTimerCreate                       
00003dcb  xTimerGenericCommand               
00003e4b  xTimerGetTimerDaemonTaskHandle     
00003e6d  xTimerGetPeriod                    
00003e93  vTimerSetReloadMode                
00003edd  uxTimerGetReloadMode               
00003f19  xTimerGetExpiryTime                
00003f43  pcTimerGetName                     
000043c1  xTimerIsTimerActive                
000043fd  pvTimerGetTimerID                  
0000442b  vTimerSetTimerID                   
00004459  uxTimerGetTimerNumber              
00004467  vTimerSetTimerNumber               
0000448d  HAL_LCD_PortInit                   
000044d5  HAL_LCD_SpiInit                    
00004509  HAL_LCD_writeCommand               
00004541  HAL_LCD_writeData                  
00004565  Crystalfontz128x128_SetDrawFrame   
000045fd  Crystalfontz128x128_Init           
0000472b  lcd_draw_rectangle                 
00004849  lcd_draw_image                     
000049d1  pxPortInitialiseStack              
00004a5d  xPortStartScheduler                
00004b15  vPortEndScheduler                  
00004b39  vPortEnterCritical                 
00004b7b  vPortExitCritical                  
00004ba7  xPortSysTickHandler                
00004bd5  vPortSuppressTicksAndSleep         
00004d2d  vPortSetupTimerInterrupt           
00004d75  vPortValidateInterruptPriority     
00004e09  pvPortMalloc                       
00004f73  vPortFree                          
0000500d  xPortGetFreeHeapSize               
00005013  xPortGetMinimumEverFreeHeapSize    
00005019  vPortInitialiseBlocks              
00005175  vPortGetHeapStats                  
00005235  SystemCoreClockUpdate              
000054ad  SystemInit                         
00005659  Task_Console_Init                  
00005679  fputc                              
00005697  EUSCIA0_IRQHandler                 
00005697  EUSCIA0_IRQHandler                 
0000570f  Task_Console_Bottom_Half           
00005ae7  Task_Joystick_Init                 
00005b55  Task_Joystick_Timer                
00005b6b  Task_Joystick_Bottom_Half          
00005bed  ADC14_IRQHandler                   
00005bed  ADC14_IRQHandler                   
00005e41  __aeabi_dsub                       
00005e4b  __aeabi_dadd                       
00005ff7  __aeabi_idiv0                      
00005ff7  __aeabi_ldiv0                      
00005ff9  main                               
00006093  vApplicationMallocFailedHook       
00006095  vApplicationStackOverflowHook      
00006169  Task_Space_Ship_Init               
00006187  Task_Space_Ship                    
000063f1  __aeabi_ddiv                       
00006527  vListInitialise                    
00006557  vListInitialiseItem                
00006567  vListInsertEnd                     
000065a3  vListInsert                        
00006609  uxListRemove                       
00006775  fputs                              
00006889  ldexp                              
00006889  ldexpl                             
00006889  scalbn                             
00006889  scalbnl                            
00006999  aligned_alloc                      
00006999  memalign                           
00006a99  __aeabi_dmul                       
00006b95  free                               
00006c79  setvbuf                            
00006d65  ulPortGetIPSR                      
00006d7d  xPortPendSVHandler                 
00006ddd  vPortSVCHandler                    
00006dfd  vPortStartFirstTask                
00006e21  vPortEnableVFP                     
00006ee3  __aeabi_memcpy                     
00006ee3  __aeabi_memcpy4                    
00006ee3  __aeabi_memcpy8                    
00006ee3  memcpy                             
00006f7f  __aeabi_uldivmod                   
00007015  __aeabi_cdcmpeq                    
00007015  __aeabi_cdcmple                    
0000709b  __aeabi_cdrcmple                   
00007121  __aeabi_memclr                     
00007121  __aeabi_memclr4                    
00007121  __aeabi_memclr8                    
00007123  __aeabi_memset                     
00007123  __aeabi_memset4                    
00007123  __aeabi_memset8                    
00007129  memset                             
0000719d  __TI_closefile                     
000072f1  HOSTrename                         
0000735d  HOSTlseek                          
000073c5  __TI_decompress_lzss               
0000742d  printf                             
00007495  frexp                              
00007495  frexpl                             
000074f9  fseek                              
0000755d  __TI_wrt_ok                        
000075c1  HOSTopen                           
00007621  close                              
0000767d  HOSTread                           
000076d5  HOSTwrite                          
00007783  __TI_ltoa                          
00007829  __TI_doflush                       
00007875  atoi                               
000078c1  exit                               
00007909  __aeabi_d2iz                       
00007951  HOSTclose                          
00007995  HOSTunlink                         
000079d9  __TI_auto_init_nobinit_nopinit     
00007a1d  getdevice                          
00007a61  strtok                             
00007ae1  __TI_writemsg                      
00007b0f  C$$IO$$                            
00007b19  strncpy                            
00007b51  __TI_cleanup                       
00007b85  __TI_readmsg                       
00007bb9  _c_int00_noargs                    
00007bed  finddevice                         
00007c1d  __aeabi_i2d                        
00007c4d  remove                             
00007c4d  unlink                             
00007c79  strspn                             
00007ccd  lseek                              
00007cf5  write                              
00007d1d  strcspn                            
00007d41  memchr                             
00007d7d  memccpy                            
00007d99  copysign                           
00007d99  copysignl                          
00007db3  strcmp                             
00007dcb  strchr                             
00007de1  strcpy                             
00007df5  strlen                             
00007e09  wcslen                             
00007e1b  __TI_decompress_none               
00007e29  Reset_Handler                      
00007e35  AES256_IRQHandler                  
00007e35  BusFault_Handler                   
00007e35  COMP_E0_IRQHandler                 
00007e35  COMP_E1_IRQHandler                 
00007e35  CS_IRQHandler                      
00007e35  DMA_ERR_IRQHandler                 
00007e35  DMA_INT0_IRQHandler                
00007e35  DMA_INT1_IRQHandler                
00007e35  DMA_INT2_IRQHandler                
00007e35  DMA_INT3_IRQHandler                
00007e35  DebugMon_Handler                   
00007e35  Default_Handler                    
00007e35  EUSCIA1_IRQHandler                 
00007e35  EUSCIA2_IRQHandler                 
00007e35  EUSCIA3_IRQHandler                 
00007e35  EUSCIB0_IRQHandler                 
00007e35  EUSCIB1_IRQHandler                 
00007e35  EUSCIB2_IRQHandler                 
00007e35  EUSCIB3_IRQHandler                 
00007e35  FLCTL_IRQHandler                   
00007e35  FPU_IRQHandler                     
00007e35  HardFault_Handler                  
00007e35  MemManage_Handler                  
00007e35  NMI_Handler                        
00007e35  PCM_IRQHandler                     
00007e35  PORT1_IRQHandler                   
00007e35  PORT2_IRQHandler                   
00007e35  PORT3_IRQHandler                   
00007e35  PORT4_IRQHandler                   
00007e35  PORT5_IRQHandler                   
00007e35  PORT6_IRQHandler                   
00007e35  PSS_IRQHandler                     
00007e35  PendSV_Handler                     
00007e35  RTC_C_IRQHandler                   
00007e35  SVC_Handler                        
00007e35  SysTick_Handler                    
00007e35  T32_INT1_IRQHandler                
00007e35  T32_INT2_IRQHandler                
00007e35  T32_INTC_IRQHandler                
00007e35  TA0_0_IRQHandler                   
00007e35  TA0_N_IRQHandler                   
00007e35  TA1_0_IRQHandler                   
00007e35  TA1_N_IRQHandler                   
00007e35  TA2_0_IRQHandler                   
00007e35  TA2_N_IRQHandler                   
00007e35  TA3_0_IRQHandler                   
00007e35  TA3_N_IRQHandler                   
00007e35  UsageFault_Handler                 
00007e35  WDT_A_IRQHandler                   
00007e37  __TI_zero_init                     
00007e45  __aeabi_errno_addr                 
00007e4d  malloc                             
00007e5d  _system_pre_init                   
00007e61  C$$EXIT                            
00007e61  abort                              
00007e64  _ctypes_                           
00007f65  space_shipBitmaps                  
00008061  space_shipWidthPixels              
00008062  space_shipHeightPixels             
00008064  ulMaxSyscallInterruptPriority      
000080ec  __TI_Handler_Table_Base            
000080f8  __TI_Handler_Table_Limit           
00008100  __TI_CINIT_Base                    
00008110  __TI_CINIT_Limit                   
20000000  __start___llvm_prf_cnts            
20000000  __stop___llvm_prf_cnts             
20008000  __CIOBUF_                          
200081e8  __TI_tmpnams                       
20008314  RX_ARRAY                           
20008338  parmbuf                            
20008340  Queue_Space_Ship                   
20008344  Sem_Console                        
20008348  Task_Console_Handle                
2000834c  Task_Joystick_Handle               
20008350  Task_Joystick_Timer_Handle         
20008354  Task_Space_Ship_Handle             
20008358  Lcd_ScreenHeigth                   
2000835a  Lcd_ScreenWidth                    
20008360  _sys_memory                        
20008760  _ftable                            
20008850  _device                            
200088c8  _stream                            
20008918  pxCurrentTCB                       
2000897c  __TI_ft_end                        
20008980  __aeabi_stdin                      
20008984  __aeabi_stdout                     
20008988  __aeabi_stderr                     
2000898c  __TI_cleanup_ptr                   
20008990  __TI_dtors_ptr                     
20008994  __TI_enable_exit_profile_output    
200089a4  _lock                              
200089a8  _unlock                            
200089b4  JOYSTICK_X_DIR                     
200089b8  JOYSTICK_Y_DIR                     
200089bc  errno                              
200089c4  SystemCoreClock                    
200089c8  RX_INDEX                           
2000fe00  __stack                            
20010000  __STACK_END                        
4000480c  WDTCTL_SYM                         
ffffffff  __TI_pprof_out_hndl                
ffffffff  __TI_prof_data_size                
ffffffff  __TI_prof_data_start               
ffffffff  __binit__                          
ffffffff  __c_args__                         
ffffffff  binit                              
UNDEFED   __mpu_init                         
UNDEFED   _system_post_cinit                 

[336 symbols]
