<?xml version="1.0" encoding="ISO-8859-1" ?>
<link_info>
   <banner>TI ARM Linker PC v20.2.2.LTS</banner>
   <copyright>Copyright (c) 1996-2018 Texas Instruments Incorporated</copyright>
   <link_time>0x5fc58dfb</link_time>
   <link_errors>0x0</link_errors>
   <output_file>HW03.out</output_file>
   <entry_point>
      <name>_c_int00_noargs</name>
      <address>0x7bb9</address>
   </entry_point>
   <input_file_list>
      <input_file id="fl-2">
         <path>.\</path>
         <kind>object</kind>
         <file>lcd.obj</file>
         <name>lcd.obj</name>
      </input_file>
      <input_file id="fl-3">
         <path>.\</path>
         <kind>object</kind>
         <file>main.obj</file>
         <name>main.obj</name>
      </input_file>
      <input_file id="fl-4">
         <path>.\</path>
         <kind>object</kind>
         <file>space_ship.obj</file>
         <name>space_ship.obj</name>
      </input_file>
      <input_file id="fl-5">
         <path>.\</path>
         <kind>object</kind>
         <file>startup_msp432p401r_ccs.obj</file>
         <name>startup_msp432p401r_ccs.obj</name>
      </input_file>
      <input_file id="fl-6">
         <path>.\</path>
         <kind>object</kind>
         <file>system_msp432p401r.obj</file>
         <name>system_msp432p401r.obj</name>
      </input_file>
      <input_file id="fl-7">
         <path>.\</path>
         <kind>object</kind>
         <file>task_console.obj</file>
         <name>task_console.obj</name>
      </input_file>
      <input_file id="fl-8">
         <path>.\</path>
         <kind>object</kind>
         <file>task_joystick.obj</file>
         <name>task_joystick.obj</name>
      </input_file>
      <input_file id="fl-9">
         <path>.\</path>
         <kind>object</kind>
         <file>task_space_ship.obj</file>
         <name>task_space_ship.obj</name>
      </input_file>
      <input_file id="fl-a">
         <path>.\FreeRTOS\</path>
         <kind>object</kind>
         <file>croutine.obj</file>
         <name>croutine.obj</name>
      </input_file>
      <input_file id="fl-b">
         <path>.\FreeRTOS\</path>
         <kind>object</kind>
         <file>event_groups.obj</file>
         <name>event_groups.obj</name>
      </input_file>
      <input_file id="fl-c">
         <path>.\FreeRTOS\</path>
         <kind>object</kind>
         <file>heap_4.obj</file>
         <name>heap_4.obj</name>
      </input_file>
      <input_file id="fl-d">
         <path>.\FreeRTOS\</path>
         <kind>object</kind>
         <file>list.obj</file>
         <name>list.obj</name>
      </input_file>
      <input_file id="fl-e">
         <path>.\FreeRTOS\</path>
         <kind>object</kind>
         <file>queue.obj</file>
         <name>queue.obj</name>
      </input_file>
      <input_file id="fl-f">
         <path>.\FreeRTOS\</path>
         <kind>object</kind>
         <file>stream_buffer.obj</file>
         <name>stream_buffer.obj</name>
      </input_file>
      <input_file id="fl-10">
         <path>.\FreeRTOS\</path>
         <kind>object</kind>
         <file>tasks.obj</file>
         <name>tasks.obj</name>
      </input_file>
      <input_file id="fl-11">
         <path>.\FreeRTOS\</path>
         <kind>object</kind>
         <file>timers.obj</file>
         <name>timers.obj</name>
      </input_file>
      <input_file id="fl-12">
         <path>.\FreeRTOS\portable\</path>
         <kind>object</kind>
         <file>port.obj</file>
         <name>port.obj</name>
      </input_file>
      <input_file id="fl-13">
         <path>.\FreeRTOS\portable\</path>
         <kind>object</kind>
         <file>portasm.obj</file>
         <name>portasm.obj</name>
      </input_file>
      <input_file id="fl-17">
         <kind>object</kind>
         <file>&lt;internal&gt;</file>
         <name>&lt;internal&gt;</name>
      </input_file>
      <input_file id="fl-cd">
         <path>C:\ti\ccs1010\ccs\tools\compiler\ti-cgt-arm_20.2.2.LTS\lib\</path>
         <kind>archive</kind>
         <file>rtsv7M4_T_le_v4SPD16_eabi.lib</file>
         <name>printf.c.obj</name>
      </input_file>
      <input_file id="fl-ce">
         <path>C:\ti\ccs1010\ccs\tools\compiler\ti-cgt-arm_20.2.2.LTS\lib\</path>
         <kind>archive</kind>
         <file>rtsv7M4_T_le_v4SPD16_eabi.lib</file>
         <name>_printfi.c.obj</name>
      </input_file>
      <input_file id="fl-cf">
         <path>C:\ti\ccs1010\ccs\tools\compiler\ti-cgt-arm_20.2.2.LTS\lib\</path>
         <kind>archive</kind>
         <file>rtsv7M4_T_le_v4SPD16_eabi.lib</file>
         <name>fputs.c.obj</name>
      </input_file>
      <input_file id="fl-d0">
         <path>C:\ti\ccs1010\ccs\tools\compiler\ti-cgt-arm_20.2.2.LTS\lib\</path>
         <kind>archive</kind>
         <file>rtsv7M4_T_le_v4SPD16_eabi.lib</file>
         <name>_io_perm.c.obj</name>
      </input_file>
      <input_file id="fl-d1">
         <path>C:\ti\ccs1010\ccs\tools\compiler\ti-cgt-arm_20.2.2.LTS\lib\</path>
         <kind>archive</kind>
         <file>rtsv7M4_T_le_v4SPD16_eabi.lib</file>
         <name>setvbuf.c.obj</name>
      </input_file>
      <input_file id="fl-d2">
         <path>C:\ti\ccs1010\ccs\tools\compiler\ti-cgt-arm_20.2.2.LTS\lib\</path>
         <kind>archive</kind>
         <file>rtsv7M4_T_le_v4SPD16_eabi.lib</file>
         <name>fd_add_t2.asm.obj</name>
      </input_file>
      <input_file id="fl-d3">
         <path>C:\ti\ccs1010\ccs\tools\compiler\ti-cgt-arm_20.2.2.LTS\lib\</path>
         <kind>archive</kind>
         <file>rtsv7M4_T_le_v4SPD16_eabi.lib</file>
         <name>fd_cmp_t2.asm.obj</name>
      </input_file>
      <input_file id="fl-d4">
         <path>C:\ti\ccs1010\ccs\tools\compiler\ti-cgt-arm_20.2.2.LTS\lib\</path>
         <kind>archive</kind>
         <file>rtsv7M4_T_le_v4SPD16_eabi.lib</file>
         <name>fd_div_t2.asm.obj</name>
      </input_file>
      <input_file id="fl-d5">
         <path>C:\ti\ccs1010\ccs\tools\compiler\ti-cgt-arm_20.2.2.LTS\lib\</path>
         <kind>archive</kind>
         <file>rtsv7M4_T_le_v4SPD16_eabi.lib</file>
         <name>fd_mul_t2.asm.obj</name>
      </input_file>
      <input_file id="fl-d6">
         <path>C:\ti\ccs1010\ccs\tools\compiler\ti-cgt-arm_20.2.2.LTS\lib\</path>
         <kind>archive</kind>
         <file>rtsv7M4_T_le_v4SPD16_eabi.lib</file>
         <name>fd_toi_t2.asm.obj</name>
      </input_file>
      <input_file id="fl-d7">
         <path>C:\ti\ccs1010\ccs\tools\compiler\ti-cgt-arm_20.2.2.LTS\lib\</path>
         <kind>archive</kind>
         <file>rtsv7M4_T_le_v4SPD16_eabi.lib</file>
         <name>i_tofd_t2.asm.obj</name>
      </input_file>
      <input_file id="fl-d8">
         <path>C:\ti\ccs1010\ccs\tools\compiler\ti-cgt-arm_20.2.2.LTS\lib\</path>
         <kind>archive</kind>
         <file>rtsv7M4_T_le_v4SPD16_eabi.lib</file>
         <name>memcpy_t2.asm.obj</name>
      </input_file>
      <input_file id="fl-d9">
         <path>C:\ti\ccs1010\ccs\tools\compiler\ti-cgt-arm_20.2.2.LTS\lib\</path>
         <kind>archive</kind>
         <file>rtsv7M4_T_le_v4SPD16_eabi.lib</file>
         <name>ull_div_t2.asm.obj</name>
      </input_file>
      <input_file id="fl-da">
         <path>C:\ti\ccs1010\ccs\tools\compiler\ti-cgt-arm_20.2.2.LTS\lib\</path>
         <kind>archive</kind>
         <file>rtsv7M4_T_le_v4SPD16_eabi.lib</file>
         <name>memset_t2.asm.obj</name>
      </input_file>
      <input_file id="fl-db">
         <path>C:\ti\ccs1010\ccs\tools\compiler\ti-cgt-arm_20.2.2.LTS\lib\</path>
         <kind>archive</kind>
         <file>rtsv7M4_T_le_v4SPD16_eabi.lib</file>
         <name>copy_zero_init.c.obj</name>
      </input_file>
      <input_file id="fl-dc">
         <path>C:\ti\ccs1010\ccs\tools\compiler\ti-cgt-arm_20.2.2.LTS\lib\</path>
         <kind>archive</kind>
         <file>rtsv7M4_T_le_v4SPD16_eabi.lib</file>
         <name>copy_decompress_none.c.obj</name>
      </input_file>
      <input_file id="fl-dd">
         <path>C:\ti\ccs1010\ccs\tools\compiler\ti-cgt-arm_20.2.2.LTS\lib\</path>
         <kind>archive</kind>
         <file>rtsv7M4_T_le_v4SPD16_eabi.lib</file>
         <name>copy_decompress_lzss.c.obj</name>
      </input_file>
      <input_file id="fl-de">
         <path>C:\ti\ccs1010\ccs\tools\compiler\ti-cgt-arm_20.2.2.LTS\lib\</path>
         <kind>archive</kind>
         <file>rtsv7M4_T_le_v4SPD16_eabi.lib</file>
         <name>exit.c.obj</name>
      </input_file>
      <input_file id="fl-df">
         <path>C:\ti\ccs1010\ccs\tools\compiler\ti-cgt-arm_20.2.2.LTS\lib\</path>
         <kind>archive</kind>
         <file>rtsv7M4_T_le_v4SPD16_eabi.lib</file>
         <name>_lock.c.obj</name>
      </input_file>
      <input_file id="fl-e0">
         <path>C:\ti\ccs1010\ccs\tools\compiler\ti-cgt-arm_20.2.2.LTS\lib\</path>
         <kind>archive</kind>
         <file>rtsv7M4_T_le_v4SPD16_eabi.lib</file>
         <name>_ltoa.c.obj</name>
      </input_file>
      <input_file id="fl-e1">
         <path>C:\ti\ccs1010\ccs\tools\compiler\ti-cgt-arm_20.2.2.LTS\lib\</path>
         <kind>archive</kind>
         <file>rtsv7M4_T_le_v4SPD16_eabi.lib</file>
         <name>atoi.c.obj</name>
      </input_file>
      <input_file id="fl-e2">
         <path>C:\ti\ccs1010\ccs\tools\compiler\ti-cgt-arm_20.2.2.LTS\lib\</path>
         <kind>archive</kind>
         <file>rtsv7M4_T_le_v4SPD16_eabi.lib</file>
         <name>ctype.c.obj</name>
      </input_file>
      <input_file id="fl-e3">
         <path>C:\ti\ccs1010\ccs\tools\compiler\ti-cgt-arm_20.2.2.LTS\lib\</path>
         <kind>archive</kind>
         <file>rtsv7M4_T_le_v4SPD16_eabi.lib</file>
         <name>defs.c.obj</name>
      </input_file>
      <input_file id="fl-e4">
         <path>C:\ti\ccs1010\ccs\tools\compiler\ti-cgt-arm_20.2.2.LTS\lib\</path>
         <kind>archive</kind>
         <file>rtsv7M4_T_le_v4SPD16_eabi.lib</file>
         <name>memccpy.c.obj</name>
      </input_file>
      <input_file id="fl-e5">
         <path>C:\ti\ccs1010\ccs\tools\compiler\ti-cgt-arm_20.2.2.LTS\lib\</path>
         <kind>archive</kind>
         <file>rtsv7M4_T_le_v4SPD16_eabi.lib</file>
         <name>memchr.c.obj</name>
      </input_file>
      <input_file id="fl-e6">
         <path>C:\ti\ccs1010\ccs\tools\compiler\ti-cgt-arm_20.2.2.LTS\lib\</path>
         <kind>archive</kind>
         <file>rtsv7M4_T_le_v4SPD16_eabi.lib</file>
         <name>memory.c.obj</name>
      </input_file>
      <input_file id="fl-e7">
         <path>C:\ti\ccs1010\ccs\tools\compiler\ti-cgt-arm_20.2.2.LTS\lib\</path>
         <kind>archive</kind>
         <file>rtsv7M4_T_le_v4SPD16_eabi.lib</file>
         <name>strchr.c.obj</name>
      </input_file>
      <input_file id="fl-e8">
         <path>C:\ti\ccs1010\ccs\tools\compiler\ti-cgt-arm_20.2.2.LTS\lib\</path>
         <kind>archive</kind>
         <file>rtsv7M4_T_le_v4SPD16_eabi.lib</file>
         <name>strlen.c.obj</name>
      </input_file>
      <input_file id="fl-e9">
         <path>C:\ti\ccs1010\ccs\tools\compiler\ti-cgt-arm_20.2.2.LTS\lib\</path>
         <kind>archive</kind>
         <file>rtsv7M4_T_le_v4SPD16_eabi.lib</file>
         <name>strtok.c.obj</name>
      </input_file>
      <input_file id="fl-ea">
         <path>C:\ti\ccs1010\ccs\tools\compiler\ti-cgt-arm_20.2.2.LTS\lib\</path>
         <kind>archive</kind>
         <file>rtsv7M4_T_le_v4SPD16_eabi.lib</file>
         <name>write.c.obj</name>
      </input_file>
      <input_file id="fl-eb">
         <path>C:\ti\ccs1010\ccs\tools\compiler\ti-cgt-arm_20.2.2.LTS\lib\</path>
         <kind>archive</kind>
         <file>rtsv7M4_T_le_v4SPD16_eabi.lib</file>
         <name>host_device.c.obj</name>
      </input_file>
      <input_file id="fl-ec">
         <path>C:\ti\ccs1010\ccs\tools\compiler\ti-cgt-arm_20.2.2.LTS\lib\</path>
         <kind>archive</kind>
         <file>rtsv7M4_T_le_v4SPD16_eabi.lib</file>
         <name>boot_cortex_m.c.obj</name>
      </input_file>
      <input_file id="fl-ed">
         <path>C:\ti\ccs1010\ccs\tools\compiler\ti-cgt-arm_20.2.2.LTS\lib\</path>
         <kind>archive</kind>
         <file>rtsv7M4_T_le_v4SPD16_eabi.lib</file>
         <name>errno.c.obj</name>
      </input_file>
      <input_file id="fl-ee">
         <path>C:\ti\ccs1010\ccs\tools\compiler\ti-cgt-arm_20.2.2.LTS\lib\</path>
         <kind>archive</kind>
         <file>rtsv7M4_T_le_v4SPD16_eabi.lib</file>
         <name>s_frexp.c.obj</name>
      </input_file>
      <input_file id="fl-ef">
         <path>C:\ti\ccs1010\ccs\tools\compiler\ti-cgt-arm_20.2.2.LTS\lib\</path>
         <kind>archive</kind>
         <file>rtsv7M4_T_le_v4SPD16_eabi.lib</file>
         <name>s_scalbn.c.obj</name>
      </input_file>
      <input_file id="fl-f0">
         <path>C:\ti\ccs1010\ccs\tools\compiler\ti-cgt-arm_20.2.2.LTS\lib\</path>
         <kind>archive</kind>
         <file>rtsv7M4_T_le_v4SPD16_eabi.lib</file>
         <name>wcslen.c.obj</name>
      </input_file>
      <input_file id="fl-f1">
         <path>C:\ti\ccs1010\ccs\tools\compiler\ti-cgt-arm_20.2.2.LTS\lib\</path>
         <kind>archive</kind>
         <file>rtsv7M4_T_le_v4SPD16_eabi.lib</file>
         <name>s_copysign.c.obj</name>
      </input_file>
      <input_file id="fl-f2">
         <path>C:\ti\ccs1010\ccs\tools\compiler\ti-cgt-arm_20.2.2.LTS\lib\</path>
         <kind>archive</kind>
         <file>rtsv7M4_T_le_v4SPD16_eabi.lib</file>
         <name>fflush.c.obj</name>
      </input_file>
      <input_file id="fl-f3">
         <path>C:\ti\ccs1010\ccs\tools\compiler\ti-cgt-arm_20.2.2.LTS\lib\</path>
         <kind>archive</kind>
         <file>rtsv7M4_T_le_v4SPD16_eabi.lib</file>
         <name>fopen.c.obj</name>
      </input_file>
      <input_file id="fl-f4">
         <path>C:\ti\ccs1010\ccs\tools\compiler\ti-cgt-arm_20.2.2.LTS\lib\</path>
         <kind>archive</kind>
         <file>rtsv7M4_T_le_v4SPD16_eabi.lib</file>
         <name>fseek.c.obj</name>
      </input_file>
      <input_file id="fl-f5">
         <path>C:\ti\ccs1010\ccs\tools\compiler\ti-cgt-arm_20.2.2.LTS\lib\</path>
         <kind>archive</kind>
         <file>rtsv7M4_T_le_v4SPD16_eabi.lib</file>
         <name>div0.asm.obj</name>
      </input_file>
      <input_file id="fl-f6">
         <path>C:\ti\ccs1010\ccs\tools\compiler\ti-cgt-arm_20.2.2.LTS\lib\</path>
         <kind>archive</kind>
         <file>rtsv7M4_T_le_v4SPD16_eabi.lib</file>
         <name>autoinit.c.obj</name>
      </input_file>
      <input_file id="fl-f7">
         <path>C:\ti\ccs1010\ccs\tools\compiler\ti-cgt-arm_20.2.2.LTS\lib\</path>
         <kind>archive</kind>
         <file>rtsv7M4_T_le_v4SPD16_eabi.lib</file>
         <name>pre_init.c.obj</name>
      </input_file>
      <input_file id="fl-f8">
         <path>C:\ti\ccs1010\ccs\tools\compiler\ti-cgt-arm_20.2.2.LTS\lib\</path>
         <kind>archive</kind>
         <file>rtsv7M4_T_le_v4SPD16_eabi.lib</file>
         <name>cpy_tbl.c.obj</name>
      </input_file>
      <input_file id="fl-f9">
         <path>C:\ti\ccs1010\ccs\tools\compiler\ti-cgt-arm_20.2.2.LTS\lib\</path>
         <kind>archive</kind>
         <file>rtsv7M4_T_le_v4SPD16_eabi.lib</file>
         <name>args_main.c.obj</name>
      </input_file>
      <input_file id="fl-fa">
         <path>C:\ti\ccs1010\ccs\tools\compiler\ti-cgt-arm_20.2.2.LTS\lib\</path>
         <kind>archive</kind>
         <file>rtsv7M4_T_le_v4SPD16_eabi.lib</file>
         <name>strcspn.c.obj</name>
      </input_file>
      <input_file id="fl-fb">
         <path>C:\ti\ccs1010\ccs\tools\compiler\ti-cgt-arm_20.2.2.LTS\lib\</path>
         <kind>archive</kind>
         <file>rtsv7M4_T_le_v4SPD16_eabi.lib</file>
         <name>strspn.c.obj</name>
      </input_file>
      <input_file id="fl-fc">
         <path>C:\ti\ccs1010\ccs\tools\compiler\ti-cgt-arm_20.2.2.LTS\lib\</path>
         <kind>archive</kind>
         <file>rtsv7M4_T_le_v4SPD16_eabi.lib</file>
         <name>hostclose.c.obj</name>
      </input_file>
      <input_file id="fl-fd">
         <path>C:\ti\ccs1010\ccs\tools\compiler\ti-cgt-arm_20.2.2.LTS\lib\</path>
         <kind>archive</kind>
         <file>rtsv7M4_T_le_v4SPD16_eabi.lib</file>
         <name>hostlseek.c.obj</name>
      </input_file>
      <input_file id="fl-fe">
         <path>C:\ti\ccs1010\ccs\tools\compiler\ti-cgt-arm_20.2.2.LTS\lib\</path>
         <kind>archive</kind>
         <file>rtsv7M4_T_le_v4SPD16_eabi.lib</file>
         <name>hostopen.c.obj</name>
      </input_file>
      <input_file id="fl-ff">
         <path>C:\ti\ccs1010\ccs\tools\compiler\ti-cgt-arm_20.2.2.LTS\lib\</path>
         <kind>archive</kind>
         <file>rtsv7M4_T_le_v4SPD16_eabi.lib</file>
         <name>hostread.c.obj</name>
      </input_file>
      <input_file id="fl-100">
         <path>C:\ti\ccs1010\ccs\tools\compiler\ti-cgt-arm_20.2.2.LTS\lib\</path>
         <kind>archive</kind>
         <file>rtsv7M4_T_le_v4SPD16_eabi.lib</file>
         <name>hostrename.c.obj</name>
      </input_file>
      <input_file id="fl-101">
         <path>C:\ti\ccs1010\ccs\tools\compiler\ti-cgt-arm_20.2.2.LTS\lib\</path>
         <kind>archive</kind>
         <file>rtsv7M4_T_le_v4SPD16_eabi.lib</file>
         <name>hostunlink.c.obj</name>
      </input_file>
      <input_file id="fl-102">
         <path>C:\ti\ccs1010\ccs\tools\compiler\ti-cgt-arm_20.2.2.LTS\lib\</path>
         <kind>archive</kind>
         <file>rtsv7M4_T_le_v4SPD16_eabi.lib</file>
         <name>hostwrite.c.obj</name>
      </input_file>
      <input_file id="fl-103">
         <path>C:\ti\ccs1010\ccs\tools\compiler\ti-cgt-arm_20.2.2.LTS\lib\</path>
         <kind>archive</kind>
         <file>rtsv7M4_T_le_v4SPD16_eabi.lib</file>
         <name>trgmsg.c.obj</name>
      </input_file>
      <input_file id="fl-104">
         <path>C:\ti\ccs1010\ccs\tools\compiler\ti-cgt-arm_20.2.2.LTS\lib\</path>
         <kind>archive</kind>
         <file>rtsv7M4_T_le_v4SPD16_eabi.lib</file>
         <name>open.c.obj</name>
      </input_file>
      <input_file id="fl-105">
         <path>C:\ti\ccs1010\ccs\tools\compiler\ti-cgt-arm_20.2.2.LTS\lib\</path>
         <kind>archive</kind>
         <file>rtsv7M4_T_le_v4SPD16_eabi.lib</file>
         <name>lseek.c.obj</name>
      </input_file>
      <input_file id="fl-106">
         <path>C:\ti\ccs1010\ccs\tools\compiler\ti-cgt-arm_20.2.2.LTS\lib\</path>
         <kind>archive</kind>
         <file>rtsv7M4_T_le_v4SPD16_eabi.lib</file>
         <name>fclose.c.obj</name>
      </input_file>
      <input_file id="fl-107">
         <path>C:\ti\ccs1010\ccs\tools\compiler\ti-cgt-arm_20.2.2.LTS\lib\</path>
         <kind>archive</kind>
         <file>rtsv7M4_T_le_v4SPD16_eabi.lib</file>
         <name>getdevice.c.obj</name>
      </input_file>
      <input_file id="fl-108">
         <path>C:\ti\ccs1010\ccs\tools\compiler\ti-cgt-arm_20.2.2.LTS\lib\</path>
         <kind>archive</kind>
         <file>rtsv7M4_T_le_v4SPD16_eabi.lib</file>
         <name>strcmp.c.obj</name>
      </input_file>
      <input_file id="fl-109">
         <path>C:\ti\ccs1010\ccs\tools\compiler\ti-cgt-arm_20.2.2.LTS\lib\</path>
         <kind>archive</kind>
         <file>rtsv7M4_T_le_v4SPD16_eabi.lib</file>
         <name>strcpy.c.obj</name>
      </input_file>
      <input_file id="fl-10a">
         <path>C:\ti\ccs1010\ccs\tools\compiler\ti-cgt-arm_20.2.2.LTS\lib\</path>
         <kind>archive</kind>
         <file>rtsv7M4_T_le_v4SPD16_eabi.lib</file>
         <name>strncpy.c.obj</name>
      </input_file>
      <input_file id="fl-10b">
         <path>C:\ti\ccs1010\ccs\tools\compiler\ti-cgt-arm_20.2.2.LTS\lib\</path>
         <kind>archive</kind>
         <file>rtsv7M4_T_le_v4SPD16_eabi.lib</file>
         <name>remove.c.obj</name>
      </input_file>
      <input_file id="fl-10c">
         <path>C:\ti\ccs1010\ccs\tools\compiler\ti-cgt-arm_20.2.2.LTS\lib\</path>
         <kind>archive</kind>
         <file>rtsv7M4_T_le_v4SPD16_eabi.lib</file>
         <name>close.c.obj</name>
      </input_file>
      <input_file id="fl-10d">
         <path>C:\ti\ccs1010\ccs\tools\compiler\ti-cgt-arm_20.2.2.LTS\lib\</path>
         <kind>archive</kind>
         <file>rtsv7M4_T_le_v4SPD16_eabi.lib</file>
         <name>unlink.c.obj</name>
      </input_file>
   </input_file_list>
   <object_component_list>
      <object_component id="oc-26">
         <name>.intvecs:retain</name>
         <load_address>0x0</load_address>
         <run_address>0x0</run_address>
         <size>0xe4</size>
         <input_file_ref idref="fl-5"/>
      </object_component>
      <object_component id="oc-d0">
         <name>.text</name>
         <load_address>0xe4</load_address>
         <run_address>0xe4</run_address>
         <size>0x20c4</size>
         <input_file_ref idref="fl-10"/>
      </object_component>
      <object_component id="oc-eb">
         <name>.text</name>
         <load_address>0x21a8</load_address>
         <run_address>0x21a8</run_address>
         <size>0x10f0</size>
         <input_file_ref idref="fl-e"/>
      </object_component>
      <object_component id="oc-1ea">
         <name>.text:__TI_printfi</name>
         <load_address>0x3298</load_address>
         <run_address>0x3298</run_address>
         <size>0xa4e</size>
         <input_file_ref idref="fl-ce"/>
      </object_component>
      <object_component id="oc-306">
         <name>.text:_nop</name>
         <load_address>0x3ce6</load_address>
         <run_address>0x3ce6</run_address>
         <size>0x2</size>
         <input_file_ref idref="fl-df"/>
      </object_component>
      <object_component id="oc-1b6">
         <name>.text</name>
         <load_address>0x3ce8</load_address>
         <run_address>0x3ce8</run_address>
         <size>0x7a4</size>
         <input_file_ref idref="fl-11"/>
      </object_component>
      <object_component id="oc-244">
         <name>.text</name>
         <load_address>0x448c</load_address>
         <run_address>0x448c</run_address>
         <size>0x544</size>
         <input_file_ref idref="fl-2"/>
      </object_component>
      <object_component id="oc-75">
         <name>.text</name>
         <load_address>0x49d0</load_address>
         <run_address>0x49d0</run_address>
         <size>0x438</size>
         <input_file_ref idref="fl-12"/>
      </object_component>
      <object_component id="oc-19e">
         <name>.text</name>
         <load_address>0x4e08</load_address>
         <run_address>0x4e08</run_address>
         <size>0x42c</size>
         <input_file_ref idref="fl-c"/>
      </object_component>
      <object_component id="oc-c3">
         <name>.text</name>
         <load_address>0x5234</load_address>
         <run_address>0x5234</run_address>
         <size>0x354</size>
         <input_file_ref idref="fl-6"/>
      </object_component>
      <object_component id="oc-7b">
         <name>.text</name>
         <load_address>0x5588</load_address>
         <run_address>0x5588</run_address>
         <size>0x284</size>
         <input_file_ref idref="fl-7"/>
      </object_component>
      <object_component id="oc-2e2">
         <name>.text:_pconv_a</name>
         <load_address>0x580c</load_address>
         <run_address>0x580c</run_address>
         <size>0x270</size>
         <input_file_ref idref="fl-ce"/>
      </object_component>
      <object_component id="oc-81">
         <name>.text</name>
         <load_address>0x5a7c</load_address>
         <run_address>0x5a7c</run_address>
         <size>0x1f4</size>
         <input_file_ref idref="fl-8"/>
      </object_component>
      <object_component id="oc-2d0">
         <name>.text:_pconv_g</name>
         <load_address>0x5c70</load_address>
         <run_address>0x5c70</run_address>
         <size>0x1d0</size>
         <input_file_ref idref="fl-ce"/>
      </object_component>
      <object_component id="oc-3aa">
         <name>.text</name>
         <load_address>0x5e40</load_address>
         <run_address>0x5e40</run_address>
         <size>0x1b6</size>
         <input_file_ref idref="fl-d2"/>
      </object_component>
      <object_component id="oc-431">
         <name>.text</name>
         <load_address>0x5ff6</load_address>
         <run_address>0x5ff6</run_address>
         <size>0x2</size>
         <input_file_ref idref="fl-f5"/>
      </object_component>
      <object_component id="oc-b1">
         <name>.text</name>
         <load_address>0x5ff8</load_address>
         <run_address>0x5ff8</run_address>
         <size>0x170</size>
         <input_file_ref idref="fl-3"/>
      </object_component>
      <object_component id="oc-143">
         <name>.text</name>
         <load_address>0x6168</load_address>
         <run_address>0x6168</run_address>
         <size>0x14c</size>
         <input_file_ref idref="fl-9"/>
      </object_component>
      <object_component id="oc-2dc">
         <name>.text:_pconv_e</name>
         <load_address>0x62b4</load_address>
         <run_address>0x62b4</run_address>
         <size>0x13c</size>
         <input_file_ref idref="fl-ce"/>
      </object_component>
      <object_component id="oc-390">
         <name>.text</name>
         <load_address>0x63f0</load_address>
         <run_address>0x63f0</run_address>
         <size>0x136</size>
         <input_file_ref idref="fl-d4"/>
      </object_component>
      <object_component id="oc-1a4">
         <name>.text</name>
         <load_address>0x6526</load_address>
         <run_address>0x6526</run_address>
         <size>0x12a</size>
         <input_file_ref idref="fl-d"/>
      </object_component>
      <object_component id="oc-3bc">
         <name>.text:fcvt</name>
         <load_address>0x6650</load_address>
         <run_address>0x6650</run_address>
         <size>0x124</size>
         <input_file_ref idref="fl-ce"/>
      </object_component>
      <object_component id="oc-314">
         <name>.text:fputs</name>
         <load_address>0x6774</load_address>
         <run_address>0x6774</run_address>
         <size>0x114</size>
         <input_file_ref idref="fl-cf"/>
      </object_component>
      <object_component id="oc-3d0">
         <name>.text:scalbn</name>
         <load_address>0x6888</load_address>
         <run_address>0x6888</run_address>
         <size>0x110</size>
         <input_file_ref idref="fl-ef"/>
      </object_component>
      <object_component id="oc-4d8">
         <name>.text:aligned_alloc</name>
         <load_address>0x6998</load_address>
         <run_address>0x6998</run_address>
         <size>0x100</size>
         <input_file_ref idref="fl-e6"/>
      </object_component>
      <object_component id="oc-38b">
         <name>.text</name>
         <load_address>0x6a98</load_address>
         <run_address>0x6a98</run_address>
         <size>0xfc</size>
         <input_file_ref idref="fl-d5"/>
      </object_component>
      <object_component id="oc-496">
         <name>.text:free</name>
         <load_address>0x6b94</load_address>
         <run_address>0x6b94</run_address>
         <size>0xe4</size>
         <input_file_ref idref="fl-e6"/>
      </object_component>
      <object_component id="oc-46c">
         <name>.text:setvbuf</name>
         <load_address>0x6c78</load_address>
         <run_address>0x6c78</run_address>
         <size>0xdc</size>
         <input_file_ref idref="fl-d1"/>
      </object_component>
      <object_component id="oc-70">
         <name>.text</name>
         <load_address>0x6d54</load_address>
         <run_address>0x6d54</run_address>
         <size>0xda</size>
         <input_file_ref idref="fl-13"/>
      </object_component>
      <object_component id="oc-2c5">
         <name>.text:_ltostr</name>
         <load_address>0x6e30</load_address>
         <run_address>0x6e30</run_address>
         <size>0xb1</size>
         <input_file_ref idref="fl-ce"/>
      </object_component>
      <object_component id="oc-3a">
         <name>.text</name>
         <load_address>0x6ee2</load_address>
         <run_address>0x6ee2</run_address>
         <size>0x9c</size>
         <input_file_ref idref="fl-d8"/>
      </object_component>
      <object_component id="oc-384">
         <name>.text</name>
         <load_address>0x6f7e</load_address>
         <run_address>0x6f7e</run_address>
         <size>0x96</size>
         <input_file_ref idref="fl-d9"/>
      </object_component>
      <object_component id="oc-2cb">
         <name>.text:__aeabi_cdcmple</name>
         <load_address>0x7014</load_address>
         <run_address>0x7014</run_address>
         <size>0x86</size>
         <input_file_ref idref="fl-d3"/>
      </object_component>
      <object_component id="oc-395">
         <name>.text:__aeabi_cdrcmple</name>
         <load_address>0x709a</load_address>
         <run_address>0x709a</run_address>
         <size>0x86</size>
         <input_file_ref idref="fl-d3"/>
      </object_component>
      <object_component id="oc-a5">
         <name>.text</name>
         <load_address>0x7120</load_address>
         <run_address>0x7120</run_address>
         <size>0x7a</size>
         <input_file_ref idref="fl-da"/>
      </object_component>
      <object_component id="oc-4df">
         <name>.text:__TI_closefile</name>
         <load_address>0x719c</load_address>
         <run_address>0x719c</run_address>
         <size>0x74</size>
         <input_file_ref idref="fl-106"/>
      </object_component>
      <object_component id="oc-520">
         <name>.text:split</name>
         <load_address>0x7210</load_address>
         <run_address>0x7210</run_address>
         <size>0x70</size>
         <input_file_ref idref="fl-e6"/>
      </object_component>
      <object_component id="oc-3b5">
         <name>.text:_mcpy</name>
         <load_address>0x7280</load_address>
         <run_address>0x7280</run_address>
         <size>0x6e</size>
         <input_file_ref idref="fl-ce"/>
      </object_component>
      <object_component id="oc-50f">
         <name>.text:HOSTrename</name>
         <load_address>0x72f0</load_address>
         <run_address>0x72f0</run_address>
         <size>0x6c</size>
         <input_file_ref idref="fl-100"/>
      </object_component>
      <object_component id="oc-503">
         <name>.text:HOSTlseek</name>
         <load_address>0x735c</load_address>
         <run_address>0x735c</run_address>
         <size>0x68</size>
         <input_file_ref idref="fl-fd"/>
      </object_component>
      <object_component id="oc-17">
         <name>.text:decompress:lzss:__TI_decompress_lzss</name>
         <load_address>0x73c4</load_address>
         <run_address>0x73c4</run_address>
         <size>0x68</size>
         <input_file_ref idref="fl-dd"/>
      </object_component>
      <object_component id="oc-f1">
         <name>.text:printf</name>
         <load_address>0x742c</load_address>
         <run_address>0x742c</run_address>
         <size>0x68</size>
         <input_file_ref idref="fl-cd"/>
      </object_component>
      <object_component id="oc-3ca">
         <name>.text:frexp</name>
         <load_address>0x7494</load_address>
         <run_address>0x7494</run_address>
         <size>0x64</size>
         <input_file_ref idref="fl-ee"/>
      </object_component>
      <object_component id="oc-466">
         <name>.text:fseek</name>
         <load_address>0x74f8</load_address>
         <run_address>0x74f8</run_address>
         <size>0x64</size>
         <input_file_ref idref="fl-f4"/>
      </object_component>
      <object_component id="oc-401">
         <name>.text:__TI_wrt_ok</name>
         <load_address>0x755c</load_address>
         <run_address>0x755c</run_address>
         <size>0x62</size>
         <input_file_ref idref="fl-d0"/>
      </object_component>
      <object_component id="oc-4eb">
         <name>.text:HOSTopen</name>
         <load_address>0x75c0</load_address>
         <run_address>0x75c0</run_address>
         <size>0x60</size>
         <input_file_ref idref="fl-fe"/>
      </object_component>
      <object_component id="oc-527">
         <name>.text:close</name>
         <load_address>0x7620</load_address>
         <run_address>0x7620</run_address>
         <size>0x5c</size>
         <input_file_ref idref="fl-10c"/>
      </object_component>
      <object_component id="oc-4f7">
         <name>.text:HOSTread</name>
         <load_address>0x767c</load_address>
         <run_address>0x767c</run_address>
         <size>0x58</size>
         <input_file_ref idref="fl-ff"/>
      </object_component>
      <object_component id="oc-4fd">
         <name>.text:HOSTwrite</name>
         <load_address>0x76d4</load_address>
         <run_address>0x76d4</run_address>
         <size>0x58</size>
         <input_file_ref idref="fl-102"/>
      </object_component>
      <object_component id="oc-2d6">
         <name>.text:_pconv_f</name>
         <load_address>0x772c</load_address>
         <run_address>0x772c</run_address>
         <size>0x56</size>
         <input_file_ref idref="fl-ce"/>
      </object_component>
      <object_component id="oc-39f">
         <name>.text:__TI_ltoa</name>
         <load_address>0x7782</load_address>
         <run_address>0x7782</run_address>
         <size>0x54</size>
         <input_file_ref idref="fl-e0"/>
      </object_component>
      <object_component id="oc-3af">
         <name>.text:_ecpy</name>
         <load_address>0x77d6</load_address>
         <run_address>0x77d6</run_address>
         <size>0x52</size>
         <input_file_ref idref="fl-ce"/>
      </object_component>
      <object_component id="oc-40d">
         <name>.text:__TI_doflush</name>
         <load_address>0x7828</load_address>
         <run_address>0x7828</run_address>
         <size>0x4c</size>
         <input_file_ref idref="fl-f2"/>
      </object_component>
      <object_component id="oc-fd">
         <name>.text:atoi</name>
         <load_address>0x7874</load_address>
         <run_address>0x7874</run_address>
         <size>0x4c</size>
         <input_file_ref idref="fl-e1"/>
      </object_component>
      <object_component id="oc-158">
         <name>.text:exit</name>
         <load_address>0x78c0</load_address>
         <run_address>0x78c0</run_address>
         <size>0x48</size>
         <input_file_ref idref="fl-de"/>
      </object_component>
      <object_component id="oc-39a">
         <name>.text</name>
         <load_address>0x7908</load_address>
         <run_address>0x7908</run_address>
         <size>0x48</size>
         <input_file_ref idref="fl-d6"/>
      </object_component>
      <object_component id="oc-4f1">
         <name>.text:HOSTclose</name>
         <load_address>0x7950</load_address>
         <run_address>0x7950</run_address>
         <size>0x44</size>
         <input_file_ref idref="fl-fc"/>
      </object_component>
      <object_component id="oc-509">
         <name>.text:HOSTunlink</name>
         <load_address>0x7994</load_address>
         <run_address>0x7994</run_address>
         <size>0x44</size>
         <input_file_ref idref="fl-101"/>
      </object_component>
      <object_component id="oc-15e">
         <name>.text:__TI_auto_init_nobinit_nopinit:__TI_auto_init_nobinit_nopinit</name>
         <load_address>0x79d8</load_address>
         <run_address>0x79d8</run_address>
         <size>0x44</size>
         <input_file_ref idref="fl-f6"/>
      </object_component>
      <object_component id="oc-55f">
         <name>.text:getdevice</name>
         <load_address>0x7a1c</load_address>
         <run_address>0x7a1c</run_address>
         <size>0x44</size>
         <input_file_ref idref="fl-107"/>
      </object_component>
      <object_component id="oc-f7">
         <name>.text:strtok</name>
         <load_address>0x7a60</load_address>
         <run_address>0x7a60</run_address>
         <size>0x40</size>
         <input_file_ref idref="fl-e9"/>
      </object_component>
      <object_component id="oc-3c2">
         <name>.text:_fcpy</name>
         <load_address>0x7aa0</load_address>
         <run_address>0x7aa0</run_address>
         <size>0x3e</size>
         <input_file_ref idref="fl-ce"/>
      </object_component>
      <object_component id="oc-538">
         <name>.text:__TI_writemsg</name>
         <load_address>0x7ae0</load_address>
         <run_address>0x7ae0</run_address>
         <size>0x38</size>
         <input_file_ref idref="fl-103"/>
      </object_component>
      <object_component id="oc-581">
         <name>.text:strncpy</name>
         <load_address>0x7b18</load_address>
         <run_address>0x7b18</run_address>
         <size>0x36</size>
         <input_file_ref idref="fl-10a"/>
      </object_component>
      <object_component id="oc-4a2">
         <name>.text:__TI_cleanup</name>
         <load_address>0x7b50</load_address>
         <run_address>0x7b50</run_address>
         <size>0x34</size>
         <input_file_ref idref="fl-f3"/>
      </object_component>
      <object_component id="oc-53e">
         <name>.text:__TI_readmsg</name>
         <load_address>0x7b84</load_address>
         <run_address>0x7b84</run_address>
         <size>0x34</size>
         <input_file_ref idref="fl-103"/>
      </object_component>
      <object_component id="oc-58">
         <name>.text:_c_int00_noargs:_c_int00_noargs</name>
         <load_address>0x7bb8</load_address>
         <run_address>0x7bb8</run_address>
         <size>0x34</size>
         <input_file_ref idref="fl-ec"/>
      </object_component>
      <object_component id="oc-587">
         <name>.text:finddevice</name>
         <load_address>0x7bec</load_address>
         <run_address>0x7bec</run_address>
         <size>0x30</size>
         <input_file_ref idref="fl-107"/>
      </object_component>
      <object_component id="oc-3a5">
         <name>.text</name>
         <load_address>0x7c1c</load_address>
         <run_address>0x7c1c</run_address>
         <size>0x2e</size>
         <input_file_ref idref="fl-d7"/>
      </object_component>
      <object_component id="oc-52d">
         <name>.text:unlink</name>
         <load_address>0x7c4c</load_address>
         <run_address>0x7c4c</run_address>
         <size>0x2c</size>
         <input_file_ref idref="fl-10d"/>
      </object_component>
      <object_component id="oc-209">
         <name>.text:strspn</name>
         <load_address>0x7c78</load_address>
         <run_address>0x7c78</run_address>
         <size>0x2a</size>
         <input_file_ref idref="fl-fb"/>
      </object_component>
      <object_component id="oc-4d1">
         <name>.text:free_list_insert</name>
         <load_address>0x7ca4</load_address>
         <run_address>0x7ca4</run_address>
         <size>0x28</size>
         <input_file_ref idref="fl-e6"/>
      </object_component>
      <object_component id="oc-48e">
         <name>.text:lseek</name>
         <load_address>0x7ccc</load_address>
         <run_address>0x7ccc</run_address>
         <size>0x28</size>
         <input_file_ref idref="fl-105"/>
      </object_component>
      <object_component id="oc-413">
         <name>.text:write</name>
         <load_address>0x7cf4</load_address>
         <run_address>0x7cf4</run_address>
         <size>0x28</size>
         <input_file_ref idref="fl-ea"/>
      </object_component>
      <object_component id="oc-20f">
         <name>.text:strcspn</name>
         <load_address>0x7d1c</load_address>
         <run_address>0x7d1c</run_address>
         <size>0x24</size>
         <input_file_ref idref="fl-fa"/>
      </object_component>
      <object_component id="oc-407">
         <name>.text:memchr</name>
         <load_address>0x7d40</load_address>
         <run_address>0x7d40</run_address>
         <size>0x20</size>
         <input_file_ref idref="fl-e5"/>
      </object_component>
      <object_component id="oc-4cb">
         <name>.text:free_list_remove</name>
         <load_address>0x7d60</load_address>
         <run_address>0x7d60</run_address>
         <size>0x1c</size>
         <input_file_ref idref="fl-e6"/>
      </object_component>
      <object_component id="oc-2e8">
         <name>.text:memccpy</name>
         <load_address>0x7d7c</load_address>
         <run_address>0x7d7c</run_address>
         <size>0x1c</size>
         <input_file_ref idref="fl-e4"/>
      </object_component>
      <object_component id="oc-44a">
         <name>.text:copysign</name>
         <load_address>0x7d98</load_address>
         <run_address>0x7d98</run_address>
         <size>0x1a</size>
         <input_file_ref idref="fl-f1"/>
      </object_component>
      <object_component id="oc-59e">
         <name>.text:strcmp</name>
         <load_address>0x7db2</load_address>
         <run_address>0x7db2</run_address>
         <size>0x18</size>
         <input_file_ref idref="fl-108"/>
      </object_component>
      <object_component id="oc-3d6">
         <name>.text:strchr</name>
         <load_address>0x7dca</load_address>
         <run_address>0x7dca</run_address>
         <size>0x16</size>
         <input_file_ref idref="fl-e7"/>
      </object_component>
      <object_component id="oc-552">
         <name>.text:strcpy</name>
         <load_address>0x7de0</load_address>
         <run_address>0x7de0</run_address>
         <size>0x14</size>
         <input_file_ref idref="fl-109"/>
      </object_component>
      <object_component id="oc-2bf">
         <name>.text:strlen</name>
         <load_address>0x7df4</load_address>
         <run_address>0x7df4</run_address>
         <size>0x14</size>
         <input_file_ref idref="fl-e8"/>
      </object_component>
      <object_component id="oc-2ee">
         <name>.text:wcslen</name>
         <load_address>0x7e08</load_address>
         <run_address>0x7e08</run_address>
         <size>0x12</size>
         <input_file_ref idref="fl-f0"/>
      </object_component>
      <object_component id="oc-1d">
         <name>.text:decompress:none:__TI_decompress_none</name>
         <load_address>0x7e1a</load_address>
         <run_address>0x7e1a</run_address>
         <size>0xe</size>
         <input_file_ref idref="fl-dc"/>
      </object_component>
      <object_component id="oc-6a">
         <name>.text</name>
         <load_address>0x7e28</load_address>
         <run_address>0x7e28</run_address>
         <size>0xe</size>
         <input_file_ref idref="fl-5"/>
      </object_component>
      <object_component id="oc-4c">
         <name>.text:decompress:ZI:__TI_zero_init</name>
         <load_address>0x7e36</load_address>
         <run_address>0x7e36</run_address>
         <size>0xc</size>
         <input_file_ref idref="fl-db"/>
      </object_component>
      <object_component id="oc-2f4">
         <name>.text:__aeabi_errno_addr</name>
         <load_address>0x7e44</load_address>
         <run_address>0x7e44</run_address>
         <size>0x8</size>
         <input_file_ref idref="fl-ed"/>
      </object_component>
      <object_component id="oc-49c">
         <name>.text:malloc</name>
         <load_address>0x7e4c</load_address>
         <run_address>0x7e4c</run_address>
         <size>0x8</size>
         <input_file_ref idref="fl-e6"/>
      </object_component>
      <object_component id="oc-1fc">
         <name>.text:_outc</name>
         <load_address>0x7e54</load_address>
         <run_address>0x7e54</run_address>
         <size>0x4</size>
         <input_file_ref idref="fl-cd"/>
      </object_component>
      <object_component id="oc-1f6">
         <name>.text:_outs</name>
         <load_address>0x7e58</load_address>
         <run_address>0x7e58</run_address>
         <size>0x4</size>
         <input_file_ref idref="fl-cd"/>
      </object_component>
      <object_component id="oc-ab">
         <name>.text:_system_pre_init</name>
         <load_address>0x7e5c</load_address>
         <run_address>0x7e5c</run_address>
         <size>0x4</size>
         <input_file_ref idref="fl-f7"/>
      </object_component>
      <object_component id="oc-152">
         <name>.text:abort:abort</name>
         <load_address>0x7e60</load_address>
         <run_address>0x7e60</run_address>
         <size>0x4</size>
         <input_file_ref idref="fl-de"/>
      </object_component>
      <object_component id="oc-21a">
         <name>.const:.string:_ctypes_</name>
         <load_address>0x7e64</load_address>
         <run_address>0x7e64</run_address>
         <size>0x101</size>
         <input_file_ref idref="fl-e2"/>
      </object_component>
      <object_component id="oc-24d">
         <name>.const:.string:space_shipBitmaps</name>
         <load_address>0x7f65</load_address>
         <run_address>0x7f65</run_address>
         <size>0xfc</size>
         <input_file_ref idref="fl-4"/>
      </object_component>
      <object_component id="oc-24a">
         <name>.const</name>
         <load_address>0x8061</load_address>
         <run_address>0x8061</run_address>
         <size>0x2</size>
         <input_file_ref idref="fl-4"/>
      </object_component>
      <object_component id="oc-cd">
         <name>.const</name>
         <load_address>0x8064</load_address>
         <run_address>0x8064</run_address>
         <size>0x8</size>
         <input_file_ref idref="fl-12"/>
      </object_component>
      <object_component id="oc-5de">
         <name>.cinit..data.load</name>
         <load_address>0x8070</load_address>
         <run_address>0x8070</run_address>
         <size>0x7a</size>
      </object_component>
      <object_component id="oc-5dc">
         <name>__TI_handler_table</name>
         <load_address>0x80ec</load_address>
         <run_address>0x80ec</run_address>
         <size>0xc</size>
      </object_component>
      <object_component id="oc-5df">
         <name>.cinit..bss.load</name>
         <load_address>0x80f8</load_address>
         <run_address>0x80f8</run_address>
         <size>0x8</size>
      </object_component>
      <object_component id="oc-5dd">
         <name>__TI_cinit_table</name>
         <load_address>0x8100</load_address>
         <run_address>0x8100</run_address>
         <size>0x10</size>
      </object_component>
      <object_component id="oc-5b0">
         <name>.binit</name>
         <load_address>0x0</load_address>
         <run_address>0x0</run_address>
         <size>0x0</size>
      </object_component>
      <object_component id="oc-190">
         <name>.data</name>
         <load_address>0x200089c4</load_address>
         <run_address>0x200089c4</run_address>
         <size>0x4</size>
         <input_file_ref idref="fl-6"/>
      </object_component>
      <object_component id="oc-107">
         <name>.data</name>
         <load_address>0x200089c8</load_address>
         <run_address>0x200089c8</run_address>
         <size>0x2</size>
         <input_file_ref idref="fl-7"/>
      </object_component>
      <object_component id="oc-119">
         <name>.data</name>
         <load_address>0x200089b4</load_address>
         <run_address>0x200089b4</run_address>
         <size>0x8</size>
         <input_file_ref idref="fl-8"/>
      </object_component>
      <object_component id="oc-283">
         <name>.data</name>
         <load_address>0x2000894c</load_address>
         <run_address>0x2000894c</run_address>
         <size>0x18</size>
         <input_file_ref idref="fl-c"/>
      </object_component>
      <object_component id="oc-ca">
         <name>.data</name>
         <load_address>0x20008918</load_address>
         <run_address>0x20008918</run_address>
         <size>0x34</size>
         <input_file_ref idref="fl-10"/>
      </object_component>
      <object_component id="oc-298">
         <name>.data</name>
         <load_address>0x20008998</load_address>
         <run_address>0x20008998</run_address>
         <size>0xc</size>
         <input_file_ref idref="fl-11"/>
      </object_component>
      <object_component id="oc-d7">
         <name>.data</name>
         <load_address>0x20008964</load_address>
         <run_address>0x20008964</run_address>
         <size>0x18</size>
         <input_file_ref idref="fl-12"/>
      </object_component>
      <object_component id="oc-254">
         <name>.data:$O1$$</name>
         <load_address>0x2000898c</load_address>
         <run_address>0x2000898c</run_address>
         <size>0xc</size>
         <input_file_ref idref="fl-de"/>
      </object_component>
      <object_component id="oc-1f0">
         <name>.data:$O1$$</name>
         <load_address>0x200089a4</load_address>
         <run_address>0x200089a4</run_address>
         <size>0x8</size>
         <input_file_ref idref="fl-df"/>
      </object_component>
      <object_component id="oc-1f3">
         <name>.data:_ftable</name>
         <load_address>0x20008760</load_address>
         <run_address>0x20008760</run_address>
         <size>0xf0</size>
         <input_file_ref idref="fl-e3"/>
      </object_component>
      <object_component id="oc-4e5">
         <name>.data</name>
         <load_address>0x2000897c</load_address>
         <run_address>0x2000897c</run_address>
         <size>0x10</size>
         <input_file_ref idref="fl-e3"/>
      </object_component>
      <object_component id="oc-51b">
         <name>.data:$O1$$</name>
         <load_address>0x200089ac</load_address>
         <run_address>0x200089ac</run_address>
         <size>0x8</size>
         <input_file_ref idref="fl-e6"/>
      </object_component>
      <object_component id="oc-215">
         <name>.data</name>
         <load_address>0x200089c0</load_address>
         <run_address>0x200089c0</run_address>
         <size>0x4</size>
         <input_file_ref idref="fl-e9"/>
      </object_component>
      <object_component id="oc-4b5">
         <name>.data:_device</name>
         <load_address>0x20008850</load_address>
         <run_address>0x20008850</run_address>
         <size>0x78</size>
         <input_file_ref idref="fl-eb"/>
      </object_component>
      <object_component id="oc-478">
         <name>.data:_stream</name>
         <load_address>0x200088c8</load_address>
         <run_address>0x200088c8</run_address>
         <size>0x50</size>
         <input_file_ref idref="fl-eb"/>
      </object_component>
      <object_component id="oc-3e6">
         <name>.data</name>
         <load_address>0x200089bc</load_address>
         <run_address>0x200089bc</run_address>
         <size>0x4</size>
         <input_file_ref idref="fl-ed"/>
      </object_component>
      <object_component id="oc-289">
         <name>.bss:ucHeap</name>
         <uninitialized>true</uninitialized>
         <run_address>0x20000000</run_address>
         <size>0x8000</size>
         <input_file_ref idref="fl-c"/>
      </object_component>
      <object_component id="oc-286">
         <name>.bss:xStart</name>
         <uninitialized>true</uninitialized>
         <run_address>0x20008330</run_address>
         <size>0x8</size>
         <input_file_ref idref="fl-c"/>
      </object_component>
      <object_component id="oc-1aa">
         <name>.bss:pxReadyTasksLists</name>
         <uninitialized>true</uninitialized>
         <run_address>0x20008120</run_address>
         <size>0xc8</size>
         <input_file_ref idref="fl-10"/>
      </object_component>
      <object_component id="oc-1bf">
         <name>.bss:xDelayedTaskList1</name>
         <uninitialized>true</uninitialized>
         <run_address>0x200082b0</run_address>
         <size>0x14</size>
         <input_file_ref idref="fl-10"/>
      </object_component>
      <object_component id="oc-1c2">
         <name>.bss:xDelayedTaskList2</name>
         <uninitialized>true</uninitialized>
         <run_address>0x200082c4</run_address>
         <size>0x14</size>
         <input_file_ref idref="fl-10"/>
      </object_component>
      <object_component id="oc-1b0">
         <name>.bss</name>
         <uninitialized>true</uninitialized>
         <run_address>0x20008320</run_address>
         <size>0x8</size>
         <input_file_ref idref="fl-10"/>
      </object_component>
      <object_component id="oc-1bc">
         <name>.bss:xPendingReadyList</name>
         <uninitialized>true</uninitialized>
         <run_address>0x200082d8</run_address>
         <size>0x14</size>
         <input_file_ref idref="fl-10"/>
      </object_component>
      <object_component id="oc-1ad">
         <name>.bss:xTasksWaitingTermination</name>
         <uninitialized>true</uninitialized>
         <run_address>0x20008300</run_address>
         <size>0x14</size>
         <input_file_ref idref="fl-10"/>
      </object_component>
      <object_component id="oc-1b3">
         <name>.bss:xSuspendedTaskList</name>
         <uninitialized>true</uninitialized>
         <run_address>0x200082ec</run_address>
         <size>0x14</size>
         <input_file_ref idref="fl-10"/>
      </object_component>
      <object_component id="oc-29e">
         <name>.bss:xActiveTimerList1</name>
         <uninitialized>true</uninitialized>
         <run_address>0x20008288</run_address>
         <size>0x14</size>
         <input_file_ref idref="fl-11"/>
      </object_component>
      <object_component id="oc-2a1">
         <name>.bss:xActiveTimerList2</name>
         <uninitialized>true</uninitialized>
         <run_address>0x2000829c</run_address>
         <size>0x14</size>
         <input_file_ref idref="fl-11"/>
      </object_component>
      <object_component id="oc-29b">
         <name>.bss</name>
         <uninitialized>true</uninitialized>
         <run_address>0x20008328</run_address>
         <size>0x8</size>
         <input_file_ref idref="fl-11"/>
      </object_component>
      <object_component id="oc-569">
         <name>.bss:_CIOBUF_</name>
         <uninitialized>true</uninitialized>
         <run_address>0x20008000</run_address>
         <size>0x120</size>
         <input_file_ref idref="fl-103"/>
      </object_component>
      <object_component id="oc-332">
         <name>.common:Lcd_ScreenWidth</name>
         <uninitialized>true</uninitialized>
         <run_address>0x2000835a</run_address>
         <size>0x2</size>
      </object_component>
      <object_component id="oc-333">
         <name>.common:Lcd_ScreenHeigth</name>
         <uninitialized>true</uninitialized>
         <run_address>0x20008358</run_address>
         <size>0x2</size>
      </object_component>
      <object_component id="oc-10a">
         <name>.common:Task_Console_Handle</name>
         <uninitialized>true</uninitialized>
         <run_address>0x20008348</run_address>
         <size>0x4</size>
      </object_component>
      <object_component id="oc-106">
         <name>.common:Sem_Console</name>
         <uninitialized>true</uninitialized>
         <run_address>0x20008344</run_address>
         <size>0x4</size>
      </object_component>
      <object_component id="oc-103">
         <name>.common:RX_ARRAY</name>
         <uninitialized>true</uninitialized>
         <run_address>0x20008314</run_address>
         <size>0xc</size>
      </object_component>
      <object_component id="oc-11c">
         <name>.common:Task_Joystick_Handle</name>
         <uninitialized>true</uninitialized>
         <run_address>0x2000834c</run_address>
         <size>0x4</size>
      </object_component>
      <object_component id="oc-14a">
         <name>.common:Task_Joystick_Timer_Handle</name>
         <uninitialized>true</uninitialized>
         <run_address>0x20008350</run_address>
         <size>0x4</size>
      </object_component>
      <object_component id="oc-149">
         <name>.common:Task_Space_Ship_Handle</name>
         <uninitialized>true</uninitialized>
         <run_address>0x20008354</run_address>
         <size>0x4</size>
      </object_component>
      <object_component id="oc-10b">
         <name>.common:Queue_Space_Ship</name>
         <uninitialized>true</uninitialized>
         <run_address>0x20008340</run_address>
         <size>0x4</size>
      </object_component>
      <object_component id="oc-533">
         <name>.common:__TI_tmpnams</name>
         <uninitialized>true</uninitialized>
         <run_address>0x200081e8</run_address>
         <size>0xa0</size>
      </object_component>
      <object_component id="oc-544">
         <name>.common:parmbuf</name>
         <uninitialized>true</uninitialized>
         <run_address>0x20008338</run_address>
         <size>0x8</size>
      </object_component>
      <object_component id="oc-29">
         <name>.sysmem</name>
         <uninitialized>true</uninitialized>
         <run_address>0x20008360</run_address>
         <size>0x10</size>
         <input_file_ref idref="fl-e6"/>
      </object_component>
      <object_component id="oc-5e2">
         <name>.sysmem</name>
         <uninitialized>true</uninitialized>
         <run_address>0x20008360</run_address>
         <size>0x0</size>
      </object_component>
      <object_component id="oc-2c">
         <name>.stack</name>
         <uninitialized>true</uninitialized>
         <run_address>0x2000fe00</run_address>
         <size>0x4</size>
         <input_file_ref idref="fl-ec"/>
      </object_component>
      <object_component id="oc-5e1">
         <name>.stack</name>
         <uninitialized>true</uninitialized>
         <run_address>0x2000fe00</run_address>
         <size>0x0</size>
      </object_component>
      <object_component id="oc-23e">
         <name>.debug_info</name>
         <load_address>0x0</load_address>
         <run_address>0x0</run_address>
         <size>0x5e2</size>
         <input_file_ref idref="fl-2"/>
      </object_component>
      <object_component id="oc-246">
         <name>.debug_info</name>
         <load_address>0x5e2</load_address>
         <run_address>0x5e2</run_address>
         <size>0xc16</size>
         <input_file_ref idref="fl-2"/>
      </object_component>
      <object_component id="oc-114">
         <name>.debug_info</name>
         <load_address>0x11f8</load_address>
         <run_address>0x11f8</run_address>
         <size>0x37e2</size>
         <input_file_ref idref="fl-2"/>
      </object_component>
      <object_component id="oc-122">
         <name>.debug_info</name>
         <load_address>0x49da</load_address>
         <run_address>0x49da</run_address>
         <size>0x26b</size>
         <input_file_ref idref="fl-2"/>
      </object_component>
      <object_component id="oc-221">
         <name>.debug_info</name>
         <load_address>0x4c45</load_address>
         <run_address>0x4c45</run_address>
         <size>0x1055</size>
         <input_file_ref idref="fl-2"/>
      </object_component>
      <object_component id="oc-35">
         <name>.debug_info</name>
         <load_address>0x5c9a</load_address>
         <run_address>0x5c9a</run_address>
         <size>0x84</size>
         <input_file_ref idref="fl-2"/>
      </object_component>
      <object_component id="oc-1d9">
         <name>.debug_info</name>
         <load_address>0x5d1e</load_address>
         <run_address>0x5d1e</run_address>
         <size>0x2a4</size>
         <input_file_ref idref="fl-2"/>
      </object_component>
      <object_component id="oc-e6">
         <name>.debug_info</name>
         <load_address>0x5fc2</load_address>
         <run_address>0x5fc2</run_address>
         <size>0xbb</size>
         <input_file_ref idref="fl-2"/>
      </object_component>
      <object_component id="oc-151">
         <name>.debug_info</name>
         <load_address>0x607d</load_address>
         <run_address>0x607d</run_address>
         <size>0x9d3</size>
         <input_file_ref idref="fl-3"/>
      </object_component>
      <object_component id="oc-b2">
         <name>.debug_info</name>
         <load_address>0x6a50</load_address>
         <run_address>0x6a50</run_address>
         <size>0x36a</size>
         <input_file_ref idref="fl-3"/>
      </object_component>
      <object_component id="oc-10f">
         <name>.debug_info</name>
         <load_address>0x6dba</load_address>
         <run_address>0x6dba</run_address>
         <size>0xab</size>
         <input_file_ref idref="fl-3"/>
      </object_component>
      <object_component id="oc-14c">
         <name>.debug_info</name>
         <load_address>0x6e65</load_address>
         <run_address>0x6e65</run_address>
         <size>0x315</size>
         <input_file_ref idref="fl-3"/>
      </object_component>
      <object_component id="oc-230">
         <name>.debug_info</name>
         <load_address>0x717a</load_address>
         <run_address>0x717a</run_address>
         <size>0x48b</size>
         <input_file_ref idref="fl-3"/>
      </object_component>
      <object_component id="oc-226">
         <name>.debug_info</name>
         <load_address>0x7605</load_address>
         <run_address>0x7605</run_address>
         <size>0x4f</size>
         <input_file_ref idref="fl-3"/>
      </object_component>
      <object_component id="oc-235">
         <name>.debug_info</name>
         <load_address>0x7654</load_address>
         <run_address>0x7654</run_address>
         <size>0x2c</size>
         <input_file_ref idref="fl-3"/>
      </object_component>
      <object_component id="oc-dc">
         <name>.debug_info</name>
         <load_address>0x7680</load_address>
         <run_address>0x7680</run_address>
         <size>0x2c</size>
         <input_file_ref idref="fl-3"/>
      </object_component>
      <object_component id="oc-e1">
         <name>.debug_info</name>
         <load_address>0x76ac</load_address>
         <run_address>0x76ac</run_address>
         <size>0x53</size>
         <input_file_ref idref="fl-3"/>
      </object_component>
      <object_component id="oc-22b">
         <name>.debug_info</name>
         <load_address>0x76ff</load_address>
         <run_address>0x76ff</run_address>
         <size>0xcc</size>
         <input_file_ref idref="fl-3"/>
      </object_component>
      <object_component id="oc-204">
         <name>.debug_info</name>
         <load_address>0x77cb</load_address>
         <run_address>0x77cb</run_address>
         <size>0x2c</size>
         <input_file_ref idref="fl-3"/>
      </object_component>
      <object_component id="oc-1cf">
         <name>.debug_info</name>
         <load_address>0x77f7</load_address>
         <run_address>0x77f7</run_address>
         <size>0x14c</size>
         <input_file_ref idref="fl-3"/>
      </object_component>
      <object_component id="oc-337">
         <name>.debug_info</name>
         <load_address>0x7943</load_address>
         <run_address>0x7943</run_address>
         <size>0x12b</size>
         <input_file_ref idref="fl-4"/>
      </object_component>
      <object_component id="oc-24e">
         <name>.debug_info</name>
         <load_address>0x7a6e</load_address>
         <run_address>0x7a6e</run_address>
         <size>0x139</size>
         <input_file_ref idref="fl-4"/>
      </object_component>
      <object_component id="oc-24b">
         <name>.debug_info</name>
         <load_address>0x7ba7</load_address>
         <run_address>0x7ba7</run_address>
         <size>0x17e</size>
         <input_file_ref idref="fl-4"/>
      </object_component>
      <object_component id="oc-89">
         <name>.debug_info</name>
         <load_address>0x7d25</load_address>
         <run_address>0x7d25</run_address>
         <size>0x398</size>
         <input_file_ref idref="fl-5"/>
      </object_component>
      <object_component id="oc-27">
         <name>.debug_info</name>
         <load_address>0x80bd</load_address>
         <run_address>0x80bd</run_address>
         <size>0x144</size>
         <input_file_ref idref="fl-5"/>
      </object_component>
      <object_component id="oc-6b">
         <name>.debug_info</name>
         <load_address>0x8201</load_address>
         <run_address>0x8201</run_address>
         <size>0x20b</size>
         <input_file_ref idref="fl-5"/>
      </object_component>
      <object_component id="oc-191">
         <name>.debug_info</name>
         <load_address>0x840c</load_address>
         <run_address>0x840c</run_address>
         <size>0x13d</size>
         <input_file_ref idref="fl-6"/>
      </object_component>
      <object_component id="oc-c4">
         <name>.debug_info</name>
         <load_address>0x8549</load_address>
         <run_address>0x8549</run_address>
         <size>0x2af</size>
         <input_file_ref idref="fl-6"/>
      </object_component>
      <object_component id="oc-104">
         <name>.debug_info</name>
         <load_address>0x87f8</load_address>
         <run_address>0x87f8</run_address>
         <size>0x9b3</size>
         <input_file_ref idref="fl-7"/>
      </object_component>
      <object_component id="oc-108">
         <name>.debug_info</name>
         <load_address>0x91ab</load_address>
         <run_address>0x91ab</run_address>
         <size>0x129</size>
         <input_file_ref idref="fl-7"/>
      </object_component>
      <object_component id="oc-7c">
         <name>.debug_info</name>
         <load_address>0x92d4</load_address>
         <run_address>0x92d4</run_address>
         <size>0x70e</size>
         <input_file_ref idref="fl-7"/>
      </object_component>
      <object_component id="oc-11d">
         <name>.debug_info</name>
         <load_address>0x99e2</load_address>
         <run_address>0x99e2</run_address>
         <size>0x8a6</size>
         <input_file_ref idref="fl-8"/>
      </object_component>
      <object_component id="oc-11a">
         <name>.debug_info</name>
         <load_address>0xa288</load_address>
         <run_address>0xa288</run_address>
         <size>0x163</size>
         <input_file_ref idref="fl-8"/>
      </object_component>
      <object_component id="oc-82">
         <name>.debug_info</name>
         <load_address>0xa3eb</load_address>
         <run_address>0xa3eb</run_address>
         <size>0x60b</size>
         <input_file_ref idref="fl-8"/>
      </object_component>
      <object_component id="oc-10c">
         <name>.debug_info</name>
         <load_address>0xa9f6</load_address>
         <run_address>0xa9f6</run_address>
         <size>0x97f</size>
         <input_file_ref idref="fl-9"/>
      </object_component>
      <object_component id="oc-146">
         <name>.debug_info</name>
         <load_address>0xb375</load_address>
         <run_address>0xb375</run_address>
         <size>0x347</size>
         <input_file_ref idref="fl-9"/>
      </object_component>
      <object_component id="oc-2b6">
         <name>.debug_info</name>
         <load_address>0xb6bc</load_address>
         <run_address>0xb6bc</run_address>
         <size>0x314</size>
         <input_file_ref idref="fl-a"/>
      </object_component>
      <object_component id="oc-1d4">
         <name>.debug_info</name>
         <load_address>0xb9d0</load_address>
         <run_address>0xb9d0</run_address>
         <size>0x48b</size>
         <input_file_ref idref="fl-a"/>
      </object_component>
      <object_component id="oc-371">
         <name>.debug_info</name>
         <load_address>0xbe5b</load_address>
         <run_address>0xbe5b</run_address>
         <size>0xcc</size>
         <input_file_ref idref="fl-a"/>
      </object_component>
      <object_component id="oc-1ca">
         <name>.debug_info</name>
         <load_address>0xbf27</load_address>
         <run_address>0xbf27</run_address>
         <size>0x53</size>
         <input_file_ref idref="fl-a"/>
      </object_component>
      <object_component id="oc-2be">
         <name>.debug_info</name>
         <load_address>0xbf7a</load_address>
         <run_address>0xbf7a</run_address>
         <size>0x76f</size>
         <input_file_ref idref="fl-b"/>
      </object_component>
      <object_component id="oc-1e5">
         <name>.debug_info</name>
         <load_address>0xc6e9</load_address>
         <run_address>0xc6e9</run_address>
         <size>0x110</size>
         <input_file_ref idref="fl-b"/>
      </object_component>
      <object_component id="oc-27e">
         <name>.debug_info</name>
         <load_address>0xc7f9</load_address>
         <run_address>0xc7f9</run_address>
         <size>0x48b</size>
         <input_file_ref idref="fl-b"/>
      </object_component>
      <object_component id="oc-378">
         <name>.debug_info</name>
         <load_address>0xcc84</load_address>
         <run_address>0xcc84</run_address>
         <size>0x76</size>
         <input_file_ref idref="fl-b"/>
      </object_component>
      <object_component id="oc-37d">
         <name>.debug_info</name>
         <load_address>0xccfa</load_address>
         <run_address>0xccfa</run_address>
         <size>0x39</size>
         <input_file_ref idref="fl-b"/>
      </object_component>
      <object_component id="oc-35e">
         <name>.debug_info</name>
         <load_address>0xcd33</load_address>
         <run_address>0xcd33</run_address>
         <size>0x109</size>
         <input_file_ref idref="fl-b"/>
      </object_component>
      <object_component id="oc-274">
         <name>.debug_info</name>
         <load_address>0xce3c</load_address>
         <run_address>0xce3c</run_address>
         <size>0x4f</size>
         <input_file_ref idref="fl-b"/>
      </object_component>
      <object_component id="oc-28d">
         <name>.debug_info</name>
         <load_address>0xce8b</load_address>
         <run_address>0xce8b</run_address>
         <size>0x5ae</size>
         <input_file_ref idref="fl-c"/>
      </object_component>
      <object_component id="oc-28a">
         <name>.debug_info</name>
         <load_address>0xd439</load_address>
         <run_address>0xd439</run_address>
         <size>0x1c3</size>
         <input_file_ref idref="fl-c"/>
      </object_component>
      <object_component id="oc-287">
         <name>.debug_info</name>
         <load_address>0xd5fc</load_address>
         <run_address>0xd5fc</run_address>
         <size>0x1c3</size>
         <input_file_ref idref="fl-c"/>
      </object_component>
      <object_component id="oc-284">
         <name>.debug_info</name>
         <load_address>0xd7bf</load_address>
         <run_address>0xd7bf</run_address>
         <size>0x303</size>
         <input_file_ref idref="fl-c"/>
      </object_component>
      <object_component id="oc-19f">
         <name>.debug_info</name>
         <load_address>0xdac2</load_address>
         <run_address>0xdac2</run_address>
         <size>0x12d8</size>
         <input_file_ref idref="fl-c"/>
      </object_component>
      <object_component id="oc-355">
         <name>.debug_info</name>
         <load_address>0xed9a</load_address>
         <run_address>0xed9a</run_address>
         <size>0x62</size>
         <input_file_ref idref="fl-c"/>
      </object_component>
      <object_component id="oc-28f">
         <name>.debug_info</name>
         <load_address>0xedfc</load_address>
         <run_address>0xedfc</run_address>
         <size>0x468</size>
         <input_file_ref idref="fl-d"/>
      </object_component>
      <object_component id="oc-1a5">
         <name>.debug_info</name>
         <load_address>0xf264</load_address>
         <run_address>0xf264</run_address>
         <size>0xaf2</size>
         <input_file_ref idref="fl-d"/>
      </object_component>
      <object_component id="oc-1e4">
         <name>.debug_info</name>
         <load_address>0xfd56</load_address>
         <run_address>0xfd56</run_address>
         <size>0x9d3</size>
         <input_file_ref idref="fl-e"/>
      </object_component>
      <object_component id="oc-ec">
         <name>.debug_info</name>
         <load_address>0x10729</load_address>
         <run_address>0x10729</run_address>
         <size>0x58ac</size>
         <input_file_ref idref="fl-e"/>
      </object_component>
      <object_component id="oc-2b9">
         <name>.debug_info</name>
         <load_address>0x15fd5</load_address>
         <run_address>0x15fd5</run_address>
         <size>0x1ef</size>
         <input_file_ref idref="fl-e"/>
      </object_component>
      <object_component id="oc-1df">
         <name>.debug_info</name>
         <load_address>0x161c4</load_address>
         <run_address>0x161c4</run_address>
         <size>0x46</size>
         <input_file_ref idref="fl-e"/>
      </object_component>
      <object_component id="oc-13a">
         <name>.debug_info</name>
         <load_address>0x1620a</load_address>
         <run_address>0x1620a</run_address>
         <size>0x2c</size>
         <input_file_ref idref="fl-f"/>
      </object_component>
      <object_component id="oc-196">
         <name>.debug_info</name>
         <load_address>0x16236</load_address>
         <run_address>0x16236</run_address>
         <size>0x973</size>
         <input_file_ref idref="fl-10"/>
      </object_component>
      <object_component id="oc-cb">
         <name>.debug_info</name>
         <load_address>0x16ba9</load_address>
         <run_address>0x16ba9</run_address>
         <size>0x41f</size>
         <input_file_ref idref="fl-10"/>
      </object_component>
      <object_component id="oc-1ab">
         <name>.debug_info</name>
         <load_address>0x16fc8</load_address>
         <run_address>0x16fc8</run_address>
         <size>0x1c8</size>
         <input_file_ref idref="fl-10"/>
      </object_component>
      <object_component id="oc-1c0">
         <name>.debug_info</name>
         <load_address>0x17190</load_address>
         <run_address>0x17190</run_address>
         <size>0x1c8</size>
         <input_file_ref idref="fl-10"/>
      </object_component>
      <object_component id="oc-1c3">
         <name>.debug_info</name>
         <load_address>0x17358</load_address>
         <run_address>0x17358</run_address>
         <size>0x1c8</size>
         <input_file_ref idref="fl-10"/>
      </object_component>
      <object_component id="oc-1b1">
         <name>.debug_info</name>
         <load_address>0x17520</load_address>
         <run_address>0x17520</run_address>
         <size>0x20b</size>
         <input_file_ref idref="fl-10"/>
      </object_component>
      <object_component id="oc-1bd">
         <name>.debug_info</name>
         <load_address>0x1772b</load_address>
         <run_address>0x1772b</run_address>
         <size>0x1c8</size>
         <input_file_ref idref="fl-10"/>
      </object_component>
      <object_component id="oc-1ae">
         <name>.debug_info</name>
         <load_address>0x178f3</load_address>
         <run_address>0x178f3</run_address>
         <size>0x1d6</size>
         <input_file_ref idref="fl-10"/>
      </object_component>
      <object_component id="oc-1b4">
         <name>.debug_info</name>
         <load_address>0x17ac9</load_address>
         <run_address>0x17ac9</run_address>
         <size>0x1ca</size>
         <input_file_ref idref="fl-10"/>
      </object_component>
      <object_component id="oc-d3">
         <name>.debug_info</name>
         <load_address>0x17c93</load_address>
         <run_address>0x17c93</run_address>
         <size>0xa2fd</size>
         <input_file_ref idref="fl-10"/>
      </object_component>
      <object_component id="oc-197">
         <name>.debug_info</name>
         <load_address>0x21f90</load_address>
         <run_address>0x21f90</run_address>
         <size>0x30c</size>
         <input_file_ref idref="fl-10"/>
      </object_component>
      <object_component id="oc-279">
         <name>.debug_info</name>
         <load_address>0x2229c</load_address>
         <run_address>0x2229c</run_address>
         <size>0x16e</size>
         <input_file_ref idref="fl-10"/>
      </object_component>
      <object_component id="oc-2aa">
         <name>.debug_info</name>
         <load_address>0x2240a</load_address>
         <run_address>0x2240a</run_address>
         <size>0x909</size>
         <input_file_ref idref="fl-11"/>
      </object_component>
      <object_component id="oc-29f">
         <name>.debug_info</name>
         <load_address>0x22d13</load_address>
         <run_address>0x22d13</run_address>
         <size>0x1c8</size>
         <input_file_ref idref="fl-11"/>
      </object_component>
      <object_component id="oc-2a2">
         <name>.debug_info</name>
         <load_address>0x22edb</load_address>
         <run_address>0x22edb</run_address>
         <size>0x1c8</size>
         <input_file_ref idref="fl-11"/>
      </object_component>
      <object_component id="oc-29c">
         <name>.debug_info</name>
         <load_address>0x230a3</load_address>
         <run_address>0x230a3</run_address>
         <size>0x200</size>
         <input_file_ref idref="fl-11"/>
      </object_component>
      <object_component id="oc-299">
         <name>.debug_info</name>
         <load_address>0x232a3</load_address>
         <run_address>0x232a3</run_address>
         <size>0x1ec</size>
         <input_file_ref idref="fl-11"/>
      </object_component>
      <object_component id="oc-1b8">
         <name>.debug_info</name>
         <load_address>0x2348f</load_address>
         <run_address>0x2348f</run_address>
         <size>0x3954</size>
         <input_file_ref idref="fl-11"/>
      </object_component>
      <object_component id="oc-2ab">
         <name>.debug_info</name>
         <load_address>0x26de3</load_address>
         <run_address>0x26de3</run_address>
         <size>0x1ce</size>
         <input_file_ref idref="fl-11"/>
      </object_component>
      <object_component id="oc-2a5">
         <name>.debug_info</name>
         <load_address>0x26fb1</load_address>
         <run_address>0x26fb1</run_address>
         <size>0x46</size>
         <input_file_ref idref="fl-11"/>
      </object_component>
      <object_component id="oc-db">
         <name>.debug_info</name>
         <load_address>0x26ff7</load_address>
         <run_address>0x26ff7</run_address>
         <size>0x5f7</size>
         <input_file_ref idref="fl-12"/>
      </object_component>
      <object_component id="oc-ce">
         <name>.debug_info</name>
         <load_address>0x275ee</load_address>
         <run_address>0x275ee</run_address>
         <size>0x23d</size>
         <input_file_ref idref="fl-12"/>
      </object_component>
      <object_component id="oc-d8">
         <name>.debug_info</name>
         <load_address>0x2782b</load_address>
         <run_address>0x2782b</run_address>
         <size>0x318</size>
         <input_file_ref idref="fl-12"/>
      </object_component>
      <object_component id="oc-78">
         <name>.debug_info</name>
         <load_address>0x27b43</load_address>
         <run_address>0x27b43</run_address>
         <size>0x1681</size>
         <input_file_ref idref="fl-12"/>
      </object_component>
      <object_component id="oc-72">
         <name>.debug_info</name>
         <load_address>0x291c4</load_address>
         <run_address>0x291c4</run_address>
         <size>0x32a</size>
         <input_file_ref idref="fl-13"/>
      </object_component>
      <object_component id="oc-203">
         <name>.debug_info</name>
         <load_address>0x294ee</load_address>
         <run_address>0x294ee</run_address>
         <size>0x3e5</size>
         <input_file_ref idref="fl-cd"/>
      </object_component>
      <object_component id="oc-1fe">
         <name>.debug_info</name>
         <load_address>0x298d3</load_address>
         <run_address>0x298d3</run_address>
         <size>0x157</size>
         <input_file_ref idref="fl-cd"/>
      </object_component>
      <object_component id="oc-1f7">
         <name>.debug_info</name>
         <load_address>0x29a2a</load_address>
         <run_address>0x29a2a</run_address>
         <size>0x166</size>
         <input_file_ref idref="fl-cd"/>
      </object_component>
      <object_component id="oc-f5">
         <name>.debug_info</name>
         <load_address>0x29b90</load_address>
         <run_address>0x29b90</run_address>
         <size>0x1ac</size>
         <input_file_ref idref="fl-cd"/>
      </object_component>
      <object_component id="oc-31e">
         <name>.debug_info</name>
         <load_address>0x29d3c</load_address>
         <run_address>0x29d3c</run_address>
         <size>0xb2</size>
         <input_file_ref idref="fl-cd"/>
      </object_component>
      <object_component id="oc-2fb">
         <name>.debug_info</name>
         <load_address>0x29dee</load_address>
[...]
         <object_component_ref idref="oc-3a5"/>
      </symbol>
      <symbol id="sm-abe">
         <name>memcpy</name>
         <value>0x6ee3</value>
         <object_component_ref idref="oc-3a"/>
      </symbol>
      <symbol id="sm-abf">
         <name>__aeabi_memcpy</name>
         <value>0x6ee3</value>
         <object_component_ref idref="oc-3a"/>
      </symbol>
      <symbol id="sm-ac0">
         <name>__aeabi_memcpy8</name>
         <value>0x6ee3</value>
         <object_component_ref idref="oc-3a"/>
      </symbol>
      <symbol id="sm-ac1">
         <name>__aeabi_memcpy4</name>
         <value>0x6ee3</value>
         <object_component_ref idref="oc-3a"/>
      </symbol>
      <symbol id="sm-ace">
         <name>__aeabi_uldivmod</name>
         <value>0x6f7f</value>
         <object_component_ref idref="oc-384"/>
      </symbol>
      <symbol id="sm-add">
         <name>__aeabi_memset</name>
         <value>0x7123</value>
         <object_component_ref idref="oc-a5"/>
      </symbol>
      <symbol id="sm-ade">
         <name>memset</name>
         <value>0x7129</value>
         <object_component_ref idref="oc-a5"/>
      </symbol>
      <symbol id="sm-adf">
         <name>__aeabi_memset8</name>
         <value>0x7123</value>
         <object_component_ref idref="oc-a5"/>
      </symbol>
      <symbol id="sm-ae0">
         <name>__aeabi_memset4</name>
         <value>0x7123</value>
         <object_component_ref idref="oc-a5"/>
      </symbol>
      <symbol id="sm-ae1">
         <name>__aeabi_memclr8</name>
         <value>0x7121</value>
         <object_component_ref idref="oc-a5"/>
      </symbol>
      <symbol id="sm-ae2">
         <name>__aeabi_memclr4</name>
         <value>0x7121</value>
         <object_component_ref idref="oc-a5"/>
      </symbol>
      <symbol id="sm-ae3">
         <name>__aeabi_memclr</name>
         <value>0x7121</value>
         <object_component_ref idref="oc-a5"/>
      </symbol>
      <symbol id="sm-af5">
         <name>__TI_zero_init</name>
         <value>0x7e37</value>
         <object_component_ref idref="oc-4c"/>
      </symbol>
      <symbol id="sm-b0c">
         <name>__TI_decompress_none</name>
         <value>0x7e1b</value>
         <object_component_ref idref="oc-1d"/>
      </symbol>
      <symbol id="sm-b2f">
         <name>__TI_decompress_lzss</name>
         <value>0x73c5</value>
         <object_component_ref idref="oc-17"/>
      </symbol>
      <symbol id="sm-b55">
         <name>C$$EXIT</name>
         <value>0x7e61</value>
         <object_component_ref idref="oc-152"/>
      </symbol>
      <symbol id="sm-b56">
         <name>abort</name>
         <value>0x7e61</value>
         <object_component_ref idref="oc-152"/>
      </symbol>
      <symbol id="sm-b57">
         <name>__TI_dtors_ptr</name>
         <value>0x20008990</value>
         <object_component_ref idref="oc-254"/>
      </symbol>
      <symbol id="sm-b58">
         <name>__TI_cleanup_ptr</name>
         <value>0x2000898c</value>
         <object_component_ref idref="oc-254"/>
      </symbol>
      <symbol id="sm-b59">
         <name>__TI_enable_exit_profile_output</name>
         <value>0x20008994</value>
         <object_component_ref idref="oc-254"/>
      </symbol>
      <symbol id="sm-b5a">
         <name>exit</name>
         <value>0x78c1</value>
         <object_component_ref idref="oc-158"/>
      </symbol>
      <symbol id="sm-b6f">
         <name>_nop</name>
         <value>0x3ce7</value>
         <object_component_ref idref="oc-306"/>
      </symbol>
      <symbol id="sm-b70">
         <name>_lock</name>
         <value>0x200089a4</value>
         <object_component_ref idref="oc-1f0"/>
      </symbol>
      <symbol id="sm-b71">
         <name>_unlock</name>
         <value>0x200089a8</value>
         <object_component_ref idref="oc-1f0"/>
      </symbol>
      <symbol id="sm-b80">
         <name>__TI_ltoa</name>
         <value>0x7783</value>
         <object_component_ref idref="oc-39f"/>
      </symbol>
      <symbol id="sm-b96">
         <name>atoi</name>
         <value>0x7875</value>
         <object_component_ref idref="oc-fd"/>
      </symbol>
      <symbol id="sm-ba1">
         <name>_ctypes_</name>
         <value>0x7e64</value>
         <object_component_ref idref="oc-21a"/>
      </symbol>
      <symbol id="sm-bb6">
         <name>__TI_tmpnams</name>
         <value>0x200081e8</value>
      </symbol>
      <symbol id="sm-bb7">
         <name>__aeabi_stdout</name>
         <value>0x20008984</value>
         <object_component_ref idref="oc-4e5"/>
      </symbol>
      <symbol id="sm-bb8">
         <name>__aeabi_stderr</name>
         <value>0x20008988</value>
         <object_component_ref idref="oc-4e5"/>
      </symbol>
      <symbol id="sm-bb9">
         <name>__aeabi_stdin</name>
         <value>0x20008980</value>
         <object_component_ref idref="oc-4e5"/>
      </symbol>
      <symbol id="sm-bba">
         <name>_ftable</name>
         <value>0x20008760</value>
         <object_component_ref idref="oc-1f3"/>
      </symbol>
      <symbol id="sm-bbb">
         <name>__TI_ft_end</name>
         <value>0x2000897c</value>
         <object_component_ref idref="oc-4e5"/>
      </symbol>
      <symbol id="sm-bcb">
         <name>memccpy</name>
         <value>0x7d7d</value>
         <object_component_ref idref="oc-2e8"/>
      </symbol>
      <symbol id="sm-bdb">
         <name>memchr</name>
         <value>0x7d41</value>
         <object_component_ref idref="oc-407"/>
      </symbol>
      <symbol id="sm-c64">
         <name>_sys_memory</name>
         <value>0x20008360</value>
         <object_component_ref idref="oc-29"/>
      </symbol>
      <symbol id="sm-c65">
         <name>free</name>
         <value>0x6b95</value>
         <object_component_ref idref="oc-496"/>
      </symbol>
      <symbol id="sm-c66">
         <name>memalign</name>
         <value>0x6999</value>
         <object_component_ref idref="oc-4d8"/>
      </symbol>
      <symbol id="sm-c67">
         <name>malloc</name>
         <value>0x7e4d</value>
         <object_component_ref idref="oc-49c"/>
      </symbol>
      <symbol id="sm-c68">
         <name>aligned_alloc</name>
         <value>0x6999</value>
         <object_component_ref idref="oc-4d8"/>
      </symbol>
      <symbol id="sm-c78">
         <name>strchr</name>
         <value>0x7dcb</value>
         <object_component_ref idref="oc-3d6"/>
      </symbol>
      <symbol id="sm-c86">
         <name>strlen</name>
         <value>0x7df5</value>
         <object_component_ref idref="oc-2bf"/>
      </symbol>
      <symbol id="sm-c9e">
         <name>strtok</name>
         <value>0x7a61</value>
         <object_component_ref idref="oc-f7"/>
      </symbol>
      <symbol id="sm-cb8">
         <name>write</name>
         <value>0x7cf5</value>
         <object_component_ref idref="oc-413"/>
      </symbol>
      <symbol id="sm-cc9">
         <name>_stream</name>
         <value>0x200088c8</value>
         <object_component_ref idref="oc-478"/>
      </symbol>
      <symbol id="sm-cca">
         <name>_device</name>
         <value>0x20008850</value>
         <object_component_ref idref="oc-4b5"/>
      </symbol>
      <symbol id="sm-cdd">
         <name>__stack</name>
         <value>0x2000fe00</value>
         <object_component_ref idref="oc-2c"/>
      </symbol>
      <symbol id="sm-cde">
         <name>_c_int00_noargs</name>
         <value>0x7bb9</value>
         <object_component_ref idref="oc-58"/>
      </symbol>
      <symbol id="sm-cf4">
         <name>__aeabi_errno_addr</name>
         <value>0x7e45</value>
         <object_component_ref idref="oc-2f4"/>
      </symbol>
      <symbol id="sm-cf5">
         <name>errno</name>
         <value>0x200089bc</value>
         <object_component_ref idref="oc-3e6"/>
      </symbol>
      <symbol id="sm-d15">
         <name>frexpl</name>
         <value>0x7495</value>
         <object_component_ref idref="oc-3ca"/>
      </symbol>
      <symbol id="sm-d16">
         <name>frexp</name>
         <value>0x7495</value>
         <object_component_ref idref="oc-3ca"/>
      </symbol>
      <symbol id="sm-d33">
         <name>scalbn</name>
         <value>0x6889</value>
         <object_component_ref idref="oc-3d0"/>
      </symbol>
      <symbol id="sm-d34">
         <name>scalbnl</name>
         <value>0x6889</value>
         <object_component_ref idref="oc-3d0"/>
      </symbol>
      <symbol id="sm-d35">
         <name>ldexpl</name>
         <value>0x6889</value>
         <object_component_ref idref="oc-3d0"/>
      </symbol>
      <symbol id="sm-d36">
         <name>ldexp</name>
         <value>0x6889</value>
         <object_component_ref idref="oc-3d0"/>
      </symbol>
      <symbol id="sm-d4f">
         <name>wcslen</name>
         <value>0x7e09</value>
         <object_component_ref idref="oc-2ee"/>
      </symbol>
      <symbol id="sm-d59">
         <name>copysign</name>
         <value>0x7d99</value>
         <object_component_ref idref="oc-44a"/>
      </symbol>
      <symbol id="sm-d5a">
         <name>copysignl</name>
         <value>0x7d99</value>
         <object_component_ref idref="oc-44a"/>
      </symbol>
      <symbol id="sm-d6a">
         <name>__TI_doflush</name>
         <value>0x7829</value>
         <object_component_ref idref="oc-40d"/>
      </symbol>
      <symbol id="sm-d7a">
         <name>__TI_cleanup</name>
         <value>0x7b51</value>
         <object_component_ref idref="oc-4a2"/>
      </symbol>
      <symbol id="sm-d8c">
         <name>fseek</name>
         <value>0x74f9</value>
         <object_component_ref idref="oc-466"/>
      </symbol>
      <symbol id="sm-d96">
         <name>__aeabi_idiv0</name>
         <value>0x5ff7</value>
         <object_component_ref idref="oc-431"/>
      </symbol>
      <symbol id="sm-d97">
         <name>__aeabi_ldiv0</name>
         <value>0x5ff7</value>
         <object_component_ref idref="oc-431"/>
      </symbol>
      <symbol id="sm-dbf">
         <name>__TI_auto_init_nobinit_nopinit</name>
         <value>0x79d9</value>
         <object_component_ref idref="oc-15e"/>
      </symbol>
      <symbol id="sm-dc9">
         <name>_system_pre_init</name>
         <value>0x7e5d</value>
         <object_component_ref idref="oc-ab"/>
      </symbol>
      <symbol id="sm-ddc">
         <name>strcspn</name>
         <value>0x7d1d</value>
         <object_component_ref idref="oc-20f"/>
      </symbol>
      <symbol id="sm-dee">
         <name>strspn</name>
         <value>0x7c79</value>
         <object_component_ref idref="oc-209"/>
      </symbol>
      <symbol id="sm-dff">
         <name>HOSTclose</name>
         <value>0x7951</value>
         <object_component_ref idref="oc-4f1"/>
      </symbol>
      <symbol id="sm-e10">
         <name>HOSTlseek</name>
         <value>0x735d</value>
         <object_component_ref idref="oc-503"/>
      </symbol>
      <symbol id="sm-e22">
         <name>parmbuf</name>
         <value>0x20008338</value>
      </symbol>
      <symbol id="sm-e23">
         <name>HOSTopen</name>
         <value>0x75c1</value>
         <object_component_ref idref="oc-4eb"/>
      </symbol>
      <symbol id="sm-e34">
         <name>HOSTread</name>
         <value>0x767d</value>
         <object_component_ref idref="oc-4f7"/>
      </symbol>
      <symbol id="sm-e45">
         <name>HOSTrename</name>
         <value>0x72f1</value>
         <object_component_ref idref="oc-50f"/>
      </symbol>
      <symbol id="sm-e56">
         <name>HOSTunlink</name>
         <value>0x7995</value>
         <object_component_ref idref="oc-509"/>
      </symbol>
      <symbol id="sm-e67">
         <name>HOSTwrite</name>
         <value>0x76d5</value>
         <object_component_ref idref="oc-4fd"/>
      </symbol>
      <symbol id="sm-e8b">
         <name>__TI_readmsg</name>
         <value>0x7b85</value>
         <object_component_ref idref="oc-53e"/>
      </symbol>
      <symbol id="sm-e8c">
         <name>C$$IO$$</name>
         <value>0x7b0f</value>
         <object_component_ref idref="oc-538"/>
      </symbol>
      <symbol id="sm-e8d">
         <name>__CIOBUF_</name>
         <value>0x20008000</value>
         <object_component_ref idref="oc-569"/>
      </symbol>
      <symbol id="sm-e8e">
         <name>__TI_writemsg</name>
         <value>0x7ae1</value>
         <object_component_ref idref="oc-538"/>
      </symbol>
      <symbol id="sm-e9f">
         <name>lseek</name>
         <value>0x7ccd</value>
         <object_component_ref idref="oc-48e"/>
      </symbol>
      <symbol id="sm-eb4">
         <name>__TI_closefile</name>
         <value>0x719d</value>
         <object_component_ref idref="oc-4df"/>
      </symbol>
      <symbol id="sm-ed7">
         <name>finddevice</name>
         <value>0x7bed</value>
         <object_component_ref idref="oc-587"/>
      </symbol>
      <symbol id="sm-ed8">
         <name>getdevice</name>
         <value>0x7a1d</value>
         <object_component_ref idref="oc-55f"/>
      </symbol>
      <symbol id="sm-ee7">
         <name>strcmp</name>
         <value>0x7db3</value>
         <object_component_ref idref="oc-59e"/>
      </symbol>
      <symbol id="sm-ef5">
         <name>strcpy</name>
         <value>0x7de1</value>
         <object_component_ref idref="oc-552"/>
      </symbol>
      <symbol id="sm-f05">
         <name>strncpy</name>
         <value>0x7b19</value>
         <object_component_ref idref="oc-581"/>
      </symbol>
      <symbol id="sm-f1a">
         <name>close</name>
         <value>0x7621</value>
         <object_component_ref idref="oc-527"/>
      </symbol>
      <symbol id="sm-f2a">
         <name>unlink</name>
         <value>0x7c4d</value>
         <object_component_ref idref="oc-52d"/>
      </symbol>
      <symbol id="sm-f2b">
         <name>__TI_static_base__</name>
         <value>0x0</value>
      </symbol>
      <symbol id="sm-f2e">
         <name>__mpu_init</name>
         <value>0x0</value>
      </symbol>
      <symbol id="sm-f2f">
         <name>_system_post_cinit</name>
         <value>0x0</value>
      </symbol>
      <symbol id="sm-f30">
         <name>NMI_Handler</name>
         <value>0x7e35</value>
      </symbol>
      <symbol id="sm-f31">
         <name>HardFault_Handler</name>
         <value>0x7e35</value>
      </symbol>
      <symbol id="sm-f32">
         <name>MemManage_Handler</name>
         <value>0x7e35</value>
      </symbol>
      <symbol id="sm-f33">
         <name>BusFault_Handler</name>
         <value>0x7e35</value>
      </symbol>
      <symbol id="sm-f34">
         <name>UsageFault_Handler</name>
         <value>0x7e35</value>
      </symbol>
      <symbol id="sm-f35">
         <name>SVC_Handler</name>
         <value>0x7e35</value>
      </symbol>
      <symbol id="sm-f36">
         <name>DebugMon_Handler</name>
         <value>0x7e35</value>
      </symbol>
      <symbol id="sm-f37">
         <name>PendSV_Handler</name>
         <value>0x7e35</value>
      </symbol>
      <symbol id="sm-f38">
         <name>SysTick_Handler</name>
         <value>0x7e35</value>
      </symbol>
      <symbol id="sm-f39">
         <name>PSS_IRQHandler</name>
         <value>0x7e35</value>
      </symbol>
      <symbol id="sm-f3a">
         <name>CS_IRQHandler</name>
         <value>0x7e35</value>
      </symbol>
      <symbol id="sm-f3b">
         <name>PCM_IRQHandler</name>
         <value>0x7e35</value>
      </symbol>
      <symbol id="sm-f3c">
         <name>WDT_A_IRQHandler</name>
         <value>0x7e35</value>
      </symbol>
      <symbol id="sm-f3d">
         <name>FPU_IRQHandler</name>
         <value>0x7e35</value>
      </symbol>
      <symbol id="sm-f3e">
         <name>FLCTL_IRQHandler</name>
         <value>0x7e35</value>
      </symbol>
      <symbol id="sm-f3f">
         <name>COMP_E0_IRQHandler</name>
         <value>0x7e35</value>
      </symbol>
      <symbol id="sm-f40">
         <name>COMP_E1_IRQHandler</name>
         <value>0x7e35</value>
      </symbol>
      <symbol id="sm-f41">
         <name>TA0_0_IRQHandler</name>
         <value>0x7e35</value>
      </symbol>
      <symbol id="sm-f42">
         <name>TA0_N_IRQHandler</name>
         <value>0x7e35</value>
      </symbol>
      <symbol id="sm-f43">
         <name>TA1_0_IRQHandler</name>
         <value>0x7e35</value>
      </symbol>
      <symbol id="sm-f44">
         <name>TA1_N_IRQHandler</name>
         <value>0x7e35</value>
      </symbol>
      <symbol id="sm-f45">
         <name>TA2_0_IRQHandler</name>
         <value>0x7e35</value>
      </symbol>
      <symbol id="sm-f46">
         <name>TA2_N_IRQHandler</name>
         <value>0x7e35</value>
      </symbol>
      <symbol id="sm-f47">
         <name>TA3_0_IRQHandler</name>
         <value>0x7e35</value>
      </symbol>
      <symbol id="sm-f48">
         <name>TA3_N_IRQHandler</name>
         <value>0x7e35</value>
      </symbol>
      <symbol id="sm-f49">
         <name>EUSCIA0_IRQHandler</name>
         <value>0x5697</value>
      </symbol>
      <symbol id="sm-f4a">
         <name>EUSCIA1_IRQHandler</name>
         <value>0x7e35</value>
      </symbol>
      <symbol id="sm-f4b">
         <name>EUSCIA2_IRQHandler</name>
         <value>0x7e35</value>
      </symbol>
      <symbol id="sm-f4c">
         <name>EUSCIA3_IRQHandler</name>
         <value>0x7e35</value>
      </symbol>
      <symbol id="sm-f4d">
         <name>EUSCIB0_IRQHandler</name>
         <value>0x7e35</value>
      </symbol>
      <symbol id="sm-f4e">
         <name>EUSCIB1_IRQHandler</name>
         <value>0x7e35</value>
      </symbol>
      <symbol id="sm-f4f">
         <name>EUSCIB2_IRQHandler</name>
         <value>0x7e35</value>
      </symbol>
      <symbol id="sm-f50">
         <name>EUSCIB3_IRQHandler</name>
         <value>0x7e35</value>
      </symbol>
      <symbol id="sm-f51">
         <name>ADC14_IRQHandler</name>
         <value>0x5bed</value>
      </symbol>
      <symbol id="sm-f52">
         <name>T32_INT1_IRQHandler</name>
         <value>0x7e35</value>
      </symbol>
      <symbol id="sm-f53">
         <name>T32_INT2_IRQHandler</name>
         <value>0x7e35</value>
      </symbol>
      <symbol id="sm-f54">
         <name>T32_INTC_IRQHandler</name>
         <value>0x7e35</value>
      </symbol>
      <symbol id="sm-f55">
         <name>AES256_IRQHandler</name>
         <value>0x7e35</value>
      </symbol>
      <symbol id="sm-f56">
         <name>RTC_C_IRQHandler</name>
         <value>0x7e35</value>
      </symbol>
      <symbol id="sm-f57">
         <name>DMA_ERR_IRQHandler</name>
         <value>0x7e35</value>
      </symbol>
      <symbol id="sm-f58">
         <name>DMA_INT3_IRQHandler</name>
         <value>0x7e35</value>
      </symbol>
      <symbol id="sm-f59">
         <name>DMA_INT2_IRQHandler</name>
         <value>0x7e35</value>
      </symbol>
      <symbol id="sm-f5a">
         <name>DMA_INT1_IRQHandler</name>
         <value>0x7e35</value>
      </symbol>
      <symbol id="sm-f5b">
         <name>DMA_INT0_IRQHandler</name>
         <value>0x7e35</value>
      </symbol>
      <symbol id="sm-f5c">
         <name>PORT1_IRQHandler</name>
         <value>0x7e35</value>
      </symbol>
      <symbol id="sm-f5d">
         <name>PORT2_IRQHandler</name>
         <value>0x7e35</value>
      </symbol>
      <symbol id="sm-f5e">
         <name>PORT3_IRQHandler</name>
         <value>0x7e35</value>
      </symbol>
      <symbol id="sm-f5f">
         <name>PORT4_IRQHandler</name>
         <value>0x7e35</value>
      </symbol>
      <symbol id="sm-f60">
         <name>PORT5_IRQHandler</name>
         <value>0x7e35</value>
      </symbol>
      <symbol id="sm-f61">
         <name>PORT6_IRQHandler</name>
         <value>0x7e35</value>
      </symbol>
      <symbol id="sm-f62">
         <name>remove</name>
         <value>0x7c4d</value>
      </symbol>
   </symbol_table>
   <title>Link successful</title>
</link_info>
