<?xml version="1.0" encoding="ISO-8859-1" ?>
<link_info>
   <banner>TI ARM Linker PC v20.2.2.LTS</banner>
   <copyright>Copyright (c) 1996-2018 Texas Instruments Incorporated</copyright>
   <link_time>0x5fc7bcca</link_time>
   <link_errors>0x0</link_errors>
   <output_file>Project.out</output_file>
   <entry_point>
      <name>_c_int00_noargs</name>
      <address>0x815d</address>
   </entry_point>
   <input_file_list>
      <input_file id="fl-2">
         <path>.\</path>
         <kind>object</kind>
         <file>i2c.obj</file>
         <name>i2c.obj</name>
      </input_file>
      <input_file id="fl-3">
         <path>.\</path>
         <kind>object</kind>
         <file>lcd.obj</file>
         <name>lcd.obj</name>
      </input_file>
      <input_file id="fl-4">
         <path>.\</path>
         <kind>object</kind>
         <file>main.obj</file>
         <name>main.obj</name>
      </input_file>
      <input_file id="fl-5">
         <path>.\</path>
         <kind>object</kind>
         <file>packman.obj</file>
         <name>packman.obj</name>
      </input_file>
      <input_file id="fl-6">
         <path>.\</path>
         <kind>object</kind>
         <file>startup_msp432p401r_ccs.obj</file>
         <name>startup_msp432p401r_ccs.obj</name>
      </input_file>
      <input_file id="fl-7">
         <path>.\</path>
         <kind>object</kind>
         <file>system_msp432p401r.obj</file>
         <name>system_msp432p401r.obj</name>
      </input_file>
      <input_file id="fl-8">
         <path>.\</path>
         <kind>object</kind>
         <file>task_accelerometer.obj</file>
         <name>task_accelerometer.obj</name>
      </input_file>
      <input_file id="fl-9">
         <path>.\</path>
         <kind>object</kind>
         <file>task_console.obj</file>
         <name>task_console.obj</name>
      </input_file>
      <input_file id="fl-a">
         <path>.\</path>
         <kind>object</kind>
         <file>task_light_sensor.obj</file>
         <name>task_light_sensor.obj</name>
      </input_file>
      <input_file id="fl-b">
         <path>.\</path>
         <kind>object</kind>
         <file>task_packman.obj</file>
         <name>task_packman.obj</name>
      </input_file>
      <input_file id="fl-c">
         <path>.\FreeRTOS\</path>
         <kind>object</kind>
         <file>croutine.obj</file>
         <name>croutine.obj</name>
      </input_file>
      <input_file id="fl-d">
         <path>.\FreeRTOS\</path>
         <kind>object</kind>
         <file>event_groups.obj</file>
         <name>event_groups.obj</name>
      </input_file>
      <input_file id="fl-e">
         <path>.\FreeRTOS\</path>
         <kind>object</kind>
         <file>heap_4.obj</file>
         <name>heap_4.obj</name>
      </input_file>
      <input_file id="fl-f">
         <path>.\FreeRTOS\</path>
         <kind>object</kind>
         <file>list.obj</file>
         <name>list.obj</name>
      </input_file>
      <input_file id="fl-10">
         <path>.\FreeRTOS\</path>
         <kind>object</kind>
         <file>queue.obj</file>
         <name>queue.obj</name>
      </input_file>
      <input_file id="fl-11">
         <path>.\FreeRTOS\</path>
         <kind>object</kind>
         <file>stream_buffer.obj</file>
         <name>stream_buffer.obj</name>
      </input_file>
      <input_file id="fl-12">
         <path>.\FreeRTOS\</path>
         <kind>object</kind>
         <file>tasks.obj</file>
         <name>tasks.obj</name>
      </input_file>
      <input_file id="fl-13">
         <path>.\FreeRTOS\</path>
         <kind>object</kind>
         <file>timers.obj</file>
         <name>timers.obj</name>
      </input_file>
      <input_file id="fl-14">
         <path>.\FreeRTOS\portable\</path>
         <kind>object</kind>
         <file>port.obj</file>
         <name>port.obj</name>
      </input_file>
      <input_file id="fl-15">
         <path>.\FreeRTOS\portable\</path>
         <kind>object</kind>
         <file>portasm.obj</file>
         <name>portasm.obj</name>
      </input_file>
      <input_file id="fl-19">
         <kind>object</kind>
         <file>&lt;internal&gt;</file>
         <name>&lt;internal&gt;</name>
      </input_file>
      <input_file id="fl-cf">
         <path>C:\ti\ccs1010\ccs\tools\compiler\ti-cgt-arm_20.2.2.LTS\lib\</path>
         <kind>archive</kind>
         <file>rtsv7M4_T_le_v4SPD16_eabi.lib</file>
         <name>printf.c.obj</name>
      </input_file>
      <input_file id="fl-d0">
         <path>C:\ti\ccs1010\ccs\tools\compiler\ti-cgt-arm_20.2.2.LTS\lib\</path>
         <kind>archive</kind>
         <file>rtsv7M4_T_le_v4SPD16_eabi.lib</file>
         <name>_printfi.c.obj</name>
      </input_file>
      <input_file id="fl-d1">
         <path>C:\ti\ccs1010\ccs\tools\compiler\ti-cgt-arm_20.2.2.LTS\lib\</path>
         <kind>archive</kind>
         <file>rtsv7M4_T_le_v4SPD16_eabi.lib</file>
         <name>sprintf.c.obj</name>
      </input_file>
      <input_file id="fl-d2">
         <path>C:\ti\ccs1010\ccs\tools\compiler\ti-cgt-arm_20.2.2.LTS\lib\</path>
         <kind>archive</kind>
         <file>rtsv7M4_T_le_v4SPD16_eabi.lib</file>
         <name>fputs.c.obj</name>
      </input_file>
      <input_file id="fl-d3">
         <path>C:\ti\ccs1010\ccs\tools\compiler\ti-cgt-arm_20.2.2.LTS\lib\</path>
         <kind>archive</kind>
         <file>rtsv7M4_T_le_v4SPD16_eabi.lib</file>
         <name>_io_perm.c.obj</name>
      </input_file>
      <input_file id="fl-d4">
         <path>C:\ti\ccs1010\ccs\tools\compiler\ti-cgt-arm_20.2.2.LTS\lib\</path>
         <kind>archive</kind>
         <file>rtsv7M4_T_le_v4SPD16_eabi.lib</file>
         <name>setvbuf.c.obj</name>
      </input_file>
      <input_file id="fl-d5">
         <path>C:\ti\ccs1010\ccs\tools\compiler\ti-cgt-arm_20.2.2.LTS\lib\</path>
         <kind>archive</kind>
         <file>rtsv7M4_T_le_v4SPD16_eabi.lib</file>
         <name>fd_add_t2.asm.obj</name>
      </input_file>
      <input_file id="fl-d6">
         <path>C:\ti\ccs1010\ccs\tools\compiler\ti-cgt-arm_20.2.2.LTS\lib\</path>
         <kind>archive</kind>
         <file>rtsv7M4_T_le_v4SPD16_eabi.lib</file>
         <name>fd_cmp_t2.asm.obj</name>
      </input_file>
      <input_file id="fl-d7">
         <path>C:\ti\ccs1010\ccs\tools\compiler\ti-cgt-arm_20.2.2.LTS\lib\</path>
         <kind>archive</kind>
         <file>rtsv7M4_T_le_v4SPD16_eabi.lib</file>
         <name>fd_div_t2.asm.obj</name>
      </input_file>
      <input_file id="fl-d8">
         <path>C:\ti\ccs1010\ccs\tools\compiler\ti-cgt-arm_20.2.2.LTS\lib\</path>
         <kind>archive</kind>
         <file>rtsv7M4_T_le_v4SPD16_eabi.lib</file>
         <name>fd_mul_t2.asm.obj</name>
      </input_file>
      <input_file id="fl-d9">
         <path>C:\ti\ccs1010\ccs\tools\compiler\ti-cgt-arm_20.2.2.LTS\lib\</path>
         <kind>archive</kind>
         <file>rtsv7M4_T_le_v4SPD16_eabi.lib</file>
         <name>fd_toi_t2.asm.obj</name>
      </input_file>
      <input_file id="fl-da">
         <path>C:\ti\ccs1010\ccs\tools\compiler\ti-cgt-arm_20.2.2.LTS\lib\</path>
         <kind>archive</kind>
         <file>rtsv7M4_T_le_v4SPD16_eabi.lib</file>
         <name>fd_tou_t2.asm.obj</name>
      </input_file>
      <input_file id="fl-db">
         <path>C:\ti\ccs1010\ccs\tools\compiler\ti-cgt-arm_20.2.2.LTS\lib\</path>
         <kind>archive</kind>
         <file>rtsv7M4_T_le_v4SPD16_eabi.lib</file>
         <name>i_tofd_t2.asm.obj</name>
      </input_file>
      <input_file id="fl-dc">
         <path>C:\ti\ccs1010\ccs\tools\compiler\ti-cgt-arm_20.2.2.LTS\lib\</path>
         <kind>archive</kind>
         <file>rtsv7M4_T_le_v4SPD16_eabi.lib</file>
         <name>memcpy_t2.asm.obj</name>
      </input_file>
      <input_file id="fl-dd">
         <path>C:\ti\ccs1010\ccs\tools\compiler\ti-cgt-arm_20.2.2.LTS\lib\</path>
         <kind>archive</kind>
         <file>rtsv7M4_T_le_v4SPD16_eabi.lib</file>
         <name>u_tofd_t2.asm.obj</name>
      </input_file>
      <input_file id="fl-de">
         <path>C:\ti\ccs1010\ccs\tools\compiler\ti-cgt-arm_20.2.2.LTS\lib\</path>
         <kind>archive</kind>
         <file>rtsv7M4_T_le_v4SPD16_eabi.lib</file>
         <name>ull_div_t2.asm.obj</name>
      </input_file>
      <input_file id="fl-df">
         <path>C:\ti\ccs1010\ccs\tools\compiler\ti-cgt-arm_20.2.2.LTS\lib\</path>
         <kind>archive</kind>
         <file>rtsv7M4_T_le_v4SPD16_eabi.lib</file>
         <name>memset_t2.asm.obj</name>
      </input_file>
      <input_file id="fl-e0">
         <path>C:\ti\ccs1010\ccs\tools\compiler\ti-cgt-arm_20.2.2.LTS\lib\</path>
         <kind>archive</kind>
         <file>rtsv7M4_T_le_v4SPD16_eabi.lib</file>
         <name>copy_zero_init.c.obj</name>
      </input_file>
      <input_file id="fl-e1">
         <path>C:\ti\ccs1010\ccs\tools\compiler\ti-cgt-arm_20.2.2.LTS\lib\</path>
         <kind>archive</kind>
         <file>rtsv7M4_T_le_v4SPD16_eabi.lib</file>
         <name>copy_decompress_none.c.obj</name>
      </input_file>
      <input_file id="fl-e2">
         <path>C:\ti\ccs1010\ccs\tools\compiler\ti-cgt-arm_20.2.2.LTS\lib\</path>
         <kind>archive</kind>
         <file>rtsv7M4_T_le_v4SPD16_eabi.lib</file>
         <name>copy_decompress_lzss.c.obj</name>
      </input_file>
      <input_file id="fl-e3">
         <path>C:\ti\ccs1010\ccs\tools\compiler\ti-cgt-arm_20.2.2.LTS\lib\</path>
         <kind>archive</kind>
         <file>rtsv7M4_T_le_v4SPD16_eabi.lib</file>
         <name>exit.c.obj</name>
      </input_file>
      <input_file id="fl-e4">
         <path>C:\ti\ccs1010\ccs\tools\compiler\ti-cgt-arm_20.2.2.LTS\lib\</path>
         <kind>archive</kind>
         <file>rtsv7M4_T_le_v4SPD16_eabi.lib</file>
         <name>_lock.c.obj</name>
      </input_file>
      <input_file id="fl-e5">
         <path>C:\ti\ccs1010\ccs\tools\compiler\ti-cgt-arm_20.2.2.LTS\lib\</path>
         <kind>archive</kind>
         <file>rtsv7M4_T_le_v4SPD16_eabi.lib</file>
         <name>_ltoa.c.obj</name>
      </input_file>
      <input_file id="fl-e6">
         <path>C:\ti\ccs1010\ccs\tools\compiler\ti-cgt-arm_20.2.2.LTS\lib\</path>
         <kind>archive</kind>
         <file>rtsv7M4_T_le_v4SPD16_eabi.lib</file>
         <name>atoi.c.obj</name>
      </input_file>
      <input_file id="fl-e7">
         <path>C:\ti\ccs1010\ccs\tools\compiler\ti-cgt-arm_20.2.2.LTS\lib\</path>
         <kind>archive</kind>
         <file>rtsv7M4_T_le_v4SPD16_eabi.lib</file>
         <name>ctype.c.obj</name>
      </input_file>
      <input_file id="fl-e8">
         <path>C:\ti\ccs1010\ccs\tools\compiler\ti-cgt-arm_20.2.2.LTS\lib\</path>
         <kind>archive</kind>
         <file>rtsv7M4_T_le_v4SPD16_eabi.lib</file>
         <name>defs.c.obj</name>
      </input_file>
      <input_file id="fl-e9">
         <path>C:\ti\ccs1010\ccs\tools\compiler\ti-cgt-arm_20.2.2.LTS\lib\</path>
         <kind>archive</kind>
         <file>rtsv7M4_T_le_v4SPD16_eabi.lib</file>
         <name>memccpy.c.obj</name>
      </input_file>
      <input_file id="fl-ea">
         <path>C:\ti\ccs1010\ccs\tools\compiler\ti-cgt-arm_20.2.2.LTS\lib\</path>
         <kind>archive</kind>
         <file>rtsv7M4_T_le_v4SPD16_eabi.lib</file>
         <name>memchr.c.obj</name>
      </input_file>
      <input_file id="fl-eb">
         <path>C:\ti\ccs1010\ccs\tools\compiler\ti-cgt-arm_20.2.2.LTS\lib\</path>
         <kind>archive</kind>
         <file>rtsv7M4_T_le_v4SPD16_eabi.lib</file>
         <name>memory.c.obj</name>
      </input_file>
      <input_file id="fl-ec">
         <path>C:\ti\ccs1010\ccs\tools\compiler\ti-cgt-arm_20.2.2.LTS\lib\</path>
         <kind>archive</kind>
         <file>rtsv7M4_T_le_v4SPD16_eabi.lib</file>
         <name>strchr.c.obj</name>
      </input_file>
      <input_file id="fl-ed">
         <path>C:\ti\ccs1010\ccs\tools\compiler\ti-cgt-arm_20.2.2.LTS\lib\</path>
         <kind>archive</kind>
         <file>rtsv7M4_T_le_v4SPD16_eabi.lib</file>
         <name>strlen.c.obj</name>
      </input_file>
      <input_file id="fl-ee">
         <path>C:\ti\ccs1010\ccs\tools\compiler\ti-cgt-arm_20.2.2.LTS\lib\</path>
         <kind>archive</kind>
         <file>rtsv7M4_T_le_v4SPD16_eabi.lib</file>
         <name>strtok.c.obj</name>
      </input_file>
      <input_file id="fl-ef">
         <path>C:\ti\ccs1010\ccs\tools\compiler\ti-cgt-arm_20.2.2.LTS\lib\</path>
         <kind>archive</kind>
         <file>rtsv7M4_T_le_v4SPD16_eabi.lib</file>
         <name>write.c.obj</name>
      </input_file>
      <input_file id="fl-f0">
         <path>C:\ti\ccs1010\ccs\tools\compiler\ti-cgt-arm_20.2.2.LTS\lib\</path>
         <kind>archive</kind>
         <file>rtsv7M4_T_le_v4SPD16_eabi.lib</file>
         <name>host_device.c.obj</name>
      </input_file>
      <input_file id="fl-f1">
         <path>C:\ti\ccs1010\ccs\tools\compiler\ti-cgt-arm_20.2.2.LTS\lib\</path>
         <kind>archive</kind>
         <file>rtsv7M4_T_le_v4SPD16_eabi.lib</file>
         <name>boot_cortex_m.c.obj</name>
      </input_file>
      <input_file id="fl-f2">
         <path>C:\ti\ccs1010\ccs\tools\compiler\ti-cgt-arm_20.2.2.LTS\lib\</path>
         <kind>archive</kind>
         <file>rtsv7M4_T_le_v4SPD16_eabi.lib</file>
         <name>errno.c.obj</name>
      </input_file>
      <input_file id="fl-f3">
         <path>C:\ti\ccs1010\ccs\tools\compiler\ti-cgt-arm_20.2.2.LTS\lib\</path>
         <kind>archive</kind>
         <file>rtsv7M4_T_le_v4SPD16_eabi.lib</file>
         <name>s_frexp.c.obj</name>
      </input_file>
      <input_file id="fl-f4">
         <path>C:\ti\ccs1010\ccs\tools\compiler\ti-cgt-arm_20.2.2.LTS\lib\</path>
         <kind>archive</kind>
         <file>rtsv7M4_T_le_v4SPD16_eabi.lib</file>
         <name>s_scalbn.c.obj</name>
      </input_file>
      <input_file id="fl-f5">
         <path>C:\ti\ccs1010\ccs\tools\compiler\ti-cgt-arm_20.2.2.LTS\lib\</path>
         <kind>archive</kind>
         <file>rtsv7M4_T_le_v4SPD16_eabi.lib</file>
         <name>wcslen.c.obj</name>
      </input_file>
      <input_file id="fl-f6">
         <path>C:\ti\ccs1010\ccs\tools\compiler\ti-cgt-arm_20.2.2.LTS\lib\</path>
         <kind>archive</kind>
         <file>rtsv7M4_T_le_v4SPD16_eabi.lib</file>
         <name>s_copysign.c.obj</name>
      </input_file>
      <input_file id="fl-f7">
         <path>C:\ti\ccs1010\ccs\tools\compiler\ti-cgt-arm_20.2.2.LTS\lib\</path>
         <kind>archive</kind>
         <file>rtsv7M4_T_le_v4SPD16_eabi.lib</file>
         <name>fflush.c.obj</name>
      </input_file>
      <input_file id="fl-f8">
         <path>C:\ti\ccs1010\ccs\tools\compiler\ti-cgt-arm_20.2.2.LTS\lib\</path>
         <kind>archive</kind>
         <file>rtsv7M4_T_le_v4SPD16_eabi.lib</file>
         <name>fopen.c.obj</name>
      </input_file>
      <input_file id="fl-f9">
         <path>C:\ti\ccs1010\ccs\tools\compiler\ti-cgt-arm_20.2.2.LTS\lib\</path>
         <kind>archive</kind>
         <file>rtsv7M4_T_le_v4SPD16_eabi.lib</file>
         <name>fseek.c.obj</name>
      </input_file>
      <input_file id="fl-fa">
         <path>C:\ti\ccs1010\ccs\tools\compiler\ti-cgt-arm_20.2.2.LTS\lib\</path>
         <kind>archive</kind>
         <file>rtsv7M4_T_le_v4SPD16_eabi.lib</file>
         <name>div0.asm.obj</name>
      </input_file>
      <input_file id="fl-fb">
         <path>C:\ti\ccs1010\ccs\tools\compiler\ti-cgt-arm_20.2.2.LTS\lib\</path>
         <kind>archive</kind>
         <file>rtsv7M4_T_le_v4SPD16_eabi.lib</file>
         <name>autoinit.c.obj</name>
      </input_file>
      <input_file id="fl-fc">
         <path>C:\ti\ccs1010\ccs\tools\compiler\ti-cgt-arm_20.2.2.LTS\lib\</path>
         <kind>archive</kind>
         <file>rtsv7M4_T_le_v4SPD16_eabi.lib</file>
         <name>pre_init.c.obj</name>
      </input_file>
      <input_file id="fl-fd">
         <path>C:\ti\ccs1010\ccs\tools\compiler\ti-cgt-arm_20.2.2.LTS\lib\</path>
         <kind>archive</kind>
         <file>rtsv7M4_T_le_v4SPD16_eabi.lib</file>
         <name>cpy_tbl.c.obj</name>
      </input_file>
      <input_file id="fl-fe">
         <path>C:\ti\ccs1010\ccs\tools\compiler\ti-cgt-arm_20.2.2.LTS\lib\</path>
         <kind>archive</kind>
         <file>rtsv7M4_T_le_v4SPD16_eabi.lib</file>
         <name>args_main.c.obj</name>
      </input_file>
      <input_file id="fl-ff">
         <path>C:\ti\ccs1010\ccs\tools\compiler\ti-cgt-arm_20.2.2.LTS\lib\</path>
         <kind>archive</kind>
         <file>rtsv7M4_T_le_v4SPD16_eabi.lib</file>
         <name>strcspn.c.obj</name>
      </input_file>
      <input_file id="fl-100">
         <path>C:\ti\ccs1010\ccs\tools\compiler\ti-cgt-arm_20.2.2.LTS\lib\</path>
         <kind>archive</kind>
         <file>rtsv7M4_T_le_v4SPD16_eabi.lib</file>
         <name>strspn.c.obj</name>
      </input_file>
      <input_file id="fl-101">
         <path>C:\ti\ccs1010\ccs\tools\compiler\ti-cgt-arm_20.2.2.LTS\lib\</path>
         <kind>archive</kind>
         <file>rtsv7M4_T_le_v4SPD16_eabi.lib</file>
         <name>hostclose.c.obj</name>
      </input_file>
      <input_file id="fl-102">
         <path>C:\ti\ccs1010\ccs\tools\compiler\ti-cgt-arm_20.2.2.LTS\lib\</path>
         <kind>archive</kind>
         <file>rtsv7M4_T_le_v4SPD16_eabi.lib</file>
         <name>hostlseek.c.obj</name>
      </input_file>
      <input_file id="fl-103">
         <path>C:\ti\ccs1010\ccs\tools\compiler\ti-cgt-arm_20.2.2.LTS\lib\</path>
         <kind>archive</kind>
         <file>rtsv7M4_T_le_v4SPD16_eabi.lib</file>
         <name>hostopen.c.obj</name>
      </input_file>
      <input_file id="fl-104">
         <path>C:\ti\ccs1010\ccs\tools\compiler\ti-cgt-arm_20.2.2.LTS\lib\</path>
         <kind>archive</kind>
         <file>rtsv7M4_T_le_v4SPD16_eabi.lib</file>
         <name>hostread.c.obj</name>
      </input_file>
      <input_file id="fl-105">
         <path>C:\ti\ccs1010\ccs\tools\compiler\ti-cgt-arm_20.2.2.LTS\lib\</path>
         <kind>archive</kind>
         <file>rtsv7M4_T_le_v4SPD16_eabi.lib</file>
         <name>hostrename.c.obj</name>
      </input_file>
      <input_file id="fl-106">
         <path>C:\ti\ccs1010\ccs\tools\compiler\ti-cgt-arm_20.2.2.LTS\lib\</path>
         <kind>archive</kind>
         <file>rtsv7M4_T_le_v4SPD16_eabi.lib</file>
         <name>hostunlink.c.obj</name>
      </input_file>
      <input_file id="fl-107">
         <path>C:\ti\ccs1010\ccs\tools\compiler\ti-cgt-arm_20.2.2.LTS\lib\</path>
         <kind>archive</kind>
         <file>rtsv7M4_T_le_v4SPD16_eabi.lib</file>
         <name>hostwrite.c.obj</name>
      </input_file>
      <input_file id="fl-108">
         <path>C:\ti\ccs1010\ccs\tools\compiler\ti-cgt-arm_20.2.2.LTS\lib\</path>
         <kind>archive</kind>
         <file>rtsv7M4_T_le_v4SPD16_eabi.lib</file>
         <name>trgmsg.c.obj</name>
      </input_file>
      <input_file id="fl-109">
         <path>C:\ti\ccs1010\ccs\tools\compiler\ti-cgt-arm_20.2.2.LTS\lib\</path>
         <kind>archive</kind>
         <file>rtsv7M4_T_le_v4SPD16_eabi.lib</file>
         <name>open.c.obj</name>
      </input_file>
      <input_file id="fl-10a">
         <path>C:\ti\ccs1010\ccs\tools\compiler\ti-cgt-arm_20.2.2.LTS\lib\</path>
         <kind>archive</kind>
         <file>rtsv7M4_T_le_v4SPD16_eabi.lib</file>
         <name>lseek.c.obj</name>
      </input_file>
      <input_file id="fl-10b">
         <path>C:\ti\ccs1010\ccs\tools\compiler\ti-cgt-arm_20.2.2.LTS\lib\</path>
         <kind>archive</kind>
         <file>rtsv7M4_T_le_v4SPD16_eabi.lib</file>
         <name>fclose.c.obj</name>
      </input_file>
      <input_file id="fl-10c">
         <path>C:\ti\ccs1010\ccs\tools\compiler\ti-cgt-arm_20.2.2.LTS\lib\</path>
         <kind>archive</kind>
         <file>rtsv7M4_T_le_v4SPD16_eabi.lib</file>
         <name>getdevice.c.obj</name>
      </input_file>
      <input_file id="fl-10d">
         <path>C:\ti\ccs1010\ccs\tools\compiler\ti-cgt-arm_20.2.2.LTS\lib\</path>
         <kind>archive</kind>
         <file>rtsv7M4_T_le_v4SPD16_eabi.lib</file>
         <name>strcmp.c.obj</name>
      </input_file>
      <input_file id="fl-10e">
         <path>C:\ti\ccs1010\ccs\tools\compiler\ti-cgt-arm_20.2.2.LTS\lib\</path>
         <kind>archive</kind>
         <file>rtsv7M4_T_le_v4SPD16_eabi.lib</file>
         <name>strcpy.c.obj</name>
      </input_file>
      <input_file id="fl-10f">
         <path>C:\ti\ccs1010\ccs\tools\compiler\ti-cgt-arm_20.2.2.LTS\lib\</path>
         <kind>archive</kind>
         <file>rtsv7M4_T_le_v4SPD16_eabi.lib</file>
         <name>strncpy.c.obj</name>
      </input_file>
      <input_file id="fl-110">
         <path>C:\ti\ccs1010\ccs\tools\compiler\ti-cgt-arm_20.2.2.LTS\lib\</path>
         <kind>archive</kind>
         <file>rtsv7M4_T_le_v4SPD16_eabi.lib</file>
         <name>remove.c.obj</name>
      </input_file>
      <input_file id="fl-111">
         <path>C:\ti\ccs1010\ccs\tools\compiler\ti-cgt-arm_20.2.2.LTS\lib\</path>
         <kind>archive</kind>
         <file>rtsv7M4_T_le_v4SPD16_eabi.lib</file>
         <name>close.c.obj</name>
      </input_file>
      <input_file id="fl-112">
         <path>C:\ti\ccs1010\ccs\tools\compiler\ti-cgt-arm_20.2.2.LTS\lib\</path>
         <kind>archive</kind>
         <file>rtsv7M4_T_le_v4SPD16_eabi.lib</file>
         <name>unlink.c.obj</name>
      </input_file>
   </input_file_list>
   <object_component_list>
      <object_component id="oc-26">
         <name>.intvecs:retain</name>
         <load_address>0x0</load_address>
         <run_address>0x0</run_address>
         <size>0xe4</size>
         <input_file_ref idref="fl-6"/>
      </object_component>
      <object_component id="oc-d0">
         <name>.text</name>
         <load_address>0xe4</load_address>
         <run_address>0xe4</run_address>
         <size>0x20c4</size>
         <input_file_ref idref="fl-12"/>
      </object_component>
      <object_component id="oc-eb">
         <name>.text</name>
         <load_address>0x21a8</load_address>
         <run_address>0x21a8</run_address>
         <size>0x10f0</size>
         <input_file_ref idref="fl-10"/>
      </object_component>
      <object_component id="oc-1f3">
         <name>.text:__TI_printfi</name>
         <load_address>0x3298</load_address>
         <run_address>0x3298</run_address>
         <size>0xa4e</size>
         <input_file_ref idref="fl-d0"/>
      </object_component>
      <object_component id="oc-33a">
         <name>.text:_nop</name>
         <load_address>0x3ce6</load_address>
         <run_address>0x3ce6</run_address>
         <size>0x2</size>
         <input_file_ref idref="fl-e4"/>
      </object_component>
      <object_component id="oc-1bf">
         <name>.text</name>
         <load_address>0x3ce8</load_address>
         <run_address>0x3ce8</run_address>
         <size>0x7a4</size>
         <input_file_ref idref="fl-13"/>
      </object_component>
      <object_component id="oc-26d">
         <name>.text</name>
         <load_address>0x448c</load_address>
         <run_address>0x448c</run_address>
         <size>0x544</size>
         <input_file_ref idref="fl-3"/>
      </object_component>
      <object_component id="oc-75">
         <name>.text</name>
         <load_address>0x49d0</load_address>
         <run_address>0x49d0</run_address>
         <size>0x438</size>
         <input_file_ref idref="fl-14"/>
      </object_component>
      <object_component id="oc-1a7">
         <name>.text</name>
         <load_address>0x4e08</load_address>
         <run_address>0x4e08</run_address>
         <size>0x42c</size>
         <input_file_ref idref="fl-e"/>
      </object_component>
      <object_component id="oc-c3">
         <name>.text</name>
         <load_address>0x5234</load_address>
         <run_address>0x5234</run_address>
         <size>0x354</size>
         <input_file_ref idref="fl-7"/>
      </object_component>
      <object_component id="oc-7b">
         <name>.text</name>
         <load_address>0x5588</load_address>
         <run_address>0x5588</run_address>
         <size>0x294</size>
         <input_file_ref idref="fl-9"/>
      </object_component>
      <object_component id="oc-316">
         <name>.text:_pconv_a</name>
         <load_address>0x581c</load_address>
         <run_address>0x581c</run_address>
         <size>0x270</size>
         <input_file_ref idref="fl-d0"/>
      </object_component>
      <object_component id="oc-149">
         <name>.text</name>
         <load_address>0x5a8c</load_address>
         <run_address>0x5a8c</run_address>
         <size>0x23c</size>
         <input_file_ref idref="fl-b"/>
      </object_component>
      <object_component id="oc-143">
         <name>.text</name>
         <load_address>0x5cc8</load_address>
         <run_address>0x5cc8</run_address>
         <size>0x220</size>
         <input_file_ref idref="fl-a"/>
      </object_component>
      <object_component id="oc-81">
         <name>.text</name>
         <load_address>0x5ee8</load_address>
         <run_address>0x5ee8</run_address>
         <size>0x1f8</size>
         <input_file_ref idref="fl-8"/>
      </object_component>
      <object_component id="oc-304">
         <name>.text:_pconv_g</name>
         <load_address>0x60e0</load_address>
         <run_address>0x60e0</run_address>
         <size>0x1d0</size>
         <input_file_ref idref="fl-d0"/>
      </object_component>
      <object_component id="oc-24c">
         <name>.text</name>
         <load_address>0x62b0</load_address>
         <run_address>0x62b0</run_address>
         <size>0x1c0</size>
         <input_file_ref idref="fl-2"/>
      </object_component>
      <object_component id="oc-3ef">
         <name>.text</name>
         <load_address>0x6470</load_address>
         <run_address>0x6470</run_address>
         <size>0x1b6</size>
         <input_file_ref idref="fl-d5"/>
      </object_component>
      <object_component id="oc-47c">
         <name>.text</name>
         <load_address>0x6626</load_address>
         <run_address>0x6626</run_address>
         <size>0x2</size>
         <input_file_ref idref="fl-fa"/>
      </object_component>
      <object_component id="oc-b1">
         <name>.text</name>
         <load_address>0x6628</load_address>
         <run_address>0x6628</run_address>
         <size>0x1ac</size>
         <input_file_ref idref="fl-4"/>
      </object_component>
      <object_component id="oc-310">
         <name>.text:_pconv_e</name>
         <load_address>0x67d4</load_address>
         <run_address>0x67d4</run_address>
         <size>0x13c</size>
         <input_file_ref idref="fl-d0"/>
      </object_component>
      <object_component id="oc-3da">
         <name>.text</name>
         <load_address>0x6910</load_address>
         <run_address>0x6910</run_address>
         <size>0x136</size>
         <input_file_ref idref="fl-d7"/>
      </object_component>
      <object_component id="oc-1ad">
         <name>.text</name>
         <load_address>0x6a46</load_address>
         <run_address>0x6a46</run_address>
         <size>0x12a</size>
         <input_file_ref idref="fl-f"/>
      </object_component>
      <object_component id="oc-401">
         <name>.text:fcvt</name>
         <load_address>0x6b70</load_address>
         <run_address>0x6b70</run_address>
         <size>0x124</size>
         <input_file_ref idref="fl-d0"/>
      </object_component>
      <object_component id="oc-348">
         <name>.text:fputs</name>
         <load_address>0x6c94</load_address>
         <run_address>0x6c94</run_address>
         <size>0x114</size>
         <input_file_ref idref="fl-d2"/>
      </object_component>
      <object_component id="oc-415">
         <name>.text:scalbn</name>
         <load_address>0x6da8</load_address>
         <run_address>0x6da8</run_address>
         <size>0x110</size>
         <input_file_ref idref="fl-f4"/>
      </object_component>
      <object_component id="oc-521">
         <name>.text:aligned_alloc</name>
         <load_address>0x6eb8</load_address>
         <run_address>0x6eb8</run_address>
         <size>0x100</size>
         <input_file_ref idref="fl-eb"/>
      </object_component>
      <object_component id="oc-257">
         <name>.text</name>
         <load_address>0x6fb8</load_address>
         <run_address>0x6fb8</run_address>
         <size>0xfc</size>
         <input_file_ref idref="fl-d8"/>
      </object_component>
      <object_component id="oc-4df">
         <name>.text:free</name>
         <load_address>0x70b4</load_address>
         <run_address>0x70b4</run_address>
         <size>0xe4</size>
         <input_file_ref idref="fl-eb"/>
      </object_component>
      <object_component id="oc-4b5">
         <name>.text:setvbuf</name>
         <load_address>0x7198</load_address>
         <run_address>0x7198</run_address>
         <size>0xdc</size>
         <input_file_ref idref="fl-d4"/>
      </object_component>
      <object_component id="oc-70">
         <name>.text</name>
         <load_address>0x7274</load_address>
         <run_address>0x7274</run_address>
         <size>0xda</size>
         <input_file_ref idref="fl-15"/>
      </object_component>
      <object_component id="oc-2f9">
         <name>.text:_ltostr</name>
         <load_address>0x7350</load_address>
         <run_address>0x7350</run_address>
         <size>0xb1</size>
         <input_file_ref idref="fl-d0"/>
      </object_component>
      <object_component id="oc-3a">
         <name>.text</name>
         <load_address>0x7402</load_address>
         <run_address>0x7402</run_address>
         <size>0x9c</size>
         <input_file_ref idref="fl-dc"/>
      </object_component>
      <object_component id="oc-3d3">
         <name>.text</name>
         <load_address>0x749e</load_address>
         <run_address>0x749e</run_address>
         <size>0x96</size>
         <input_file_ref idref="fl-de"/>
      </object_component>
      <object_component id="oc-2ff">
         <name>.text:__aeabi_cdcmple</name>
         <load_address>0x7534</load_address>
         <run_address>0x7534</run_address>
         <size>0x86</size>
         <input_file_ref idref="fl-d6"/>
      </object_component>
      <object_component id="oc-3df">
         <name>.text:__aeabi_cdrcmple</name>
         <load_address>0x75ba</load_address>
         <run_address>0x75ba</run_address>
         <size>0x86</size>
         <input_file_ref idref="fl-d6"/>
      </object_component>
      <object_component id="oc-a5">
         <name>.text</name>
         <load_address>0x7640</load_address>
         <run_address>0x7640</run_address>
         <size>0x7a</size>
         <input_file_ref idref="fl-df"/>
      </object_component>
      <object_component id="oc-528">
         <name>.text:__TI_closefile</name>
         <load_address>0x76bc</load_address>
         <run_address>0x76bc</run_address>
         <size>0x74</size>
         <input_file_ref idref="fl-10b"/>
      </object_component>
      <object_component id="oc-569">
         <name>.text:split</name>
         <load_address>0x7730</load_address>
         <run_address>0x7730</run_address>
         <size>0x70</size>
         <input_file_ref idref="fl-eb"/>
      </object_component>
      <object_component id="oc-3fa">
         <name>.text:_mcpy</name>
         <load_address>0x77a0</load_address>
         <run_address>0x77a0</run_address>
         <size>0x6e</size>
         <input_file_ref idref="fl-d0"/>
      </object_component>
      <object_component id="oc-558">
         <name>.text:HOSTrename</name>
         <load_address>0x7810</load_address>
         <run_address>0x7810</run_address>
         <size>0x6c</size>
         <input_file_ref idref="fl-105"/>
      </object_component>
      <object_component id="oc-54c">
         <name>.text:HOSTlseek</name>
         <load_address>0x787c</load_address>
         <run_address>0x787c</run_address>
         <size>0x68</size>
         <input_file_ref idref="fl-102"/>
      </object_component>
      <object_component id="oc-17">
         <name>.text:decompress:lzss:__TI_decompress_lzss</name>
         <load_address>0x78e4</load_address>
         <run_address>0x78e4</run_address>
         <size>0x68</size>
         <input_file_ref idref="fl-e2"/>
      </object_component>
      <object_component id="oc-f1">
         <name>.text:printf</name>
         <load_address>0x794c</load_address>
         <run_address>0x794c</run_address>
         <size>0x68</size>
         <input_file_ref idref="fl-cf"/>
      </object_component>
      <object_component id="oc-40f">
         <name>.text:frexp</name>
         <load_address>0x79b4</load_address>
         <run_address>0x79b4</run_address>
         <size>0x64</size>
         <input_file_ref idref="fl-f3"/>
      </object_component>
      <object_component id="oc-4af">
         <name>.text:fseek</name>
         <load_address>0x7a18</load_address>
         <run_address>0x7a18</run_address>
         <size>0x64</size>
         <input_file_ref idref="fl-f9"/>
      </object_component>
      <object_component id="oc-446">
         <name>.text:__TI_wrt_ok</name>
         <load_address>0x7a7c</load_address>
         <run_address>0x7a7c</run_address>
         <size>0x62</size>
         <input_file_ref idref="fl-d3"/>
      </object_component>
      <object_component id="oc-534">
         <name>.text:HOSTopen</name>
         <load_address>0x7ae0</load_address>
         <run_address>0x7ae0</run_address>
         <size>0x60</size>
         <input_file_ref idref="fl-103"/>
      </object_component>
      <object_component id="oc-570">
         <name>.text:close</name>
         <load_address>0x7b40</load_address>
         <run_address>0x7b40</run_address>
         <size>0x5c</size>
         <input_file_ref idref="fl-111"/>
      </object_component>
      <object_component id="oc-540">
         <name>.text:HOSTread</name>
         <load_address>0x7b9c</load_address>
         <run_address>0x7b9c</run_address>
         <size>0x58</size>
         <input_file_ref idref="fl-104"/>
      </object_component>
      <object_component id="oc-546">
         <name>.text:HOSTwrite</name>
         <load_address>0x7bf4</load_address>
         <run_address>0x7bf4</run_address>
         <size>0x58</size>
         <input_file_ref idref="fl-107"/>
      </object_component>
      <object_component id="oc-30a">
         <name>.text:_pconv_f</name>
         <load_address>0x7c4c</load_address>
         <run_address>0x7c4c</run_address>
         <size>0x56</size>
         <input_file_ref idref="fl-d0"/>
      </object_component>
      <object_component id="oc-3e9">
         <name>.text:__TI_ltoa</name>
         <load_address>0x7ca2</load_address>
         <run_address>0x7ca2</run_address>
         <size>0x54</size>
         <input_file_ref idref="fl-e5"/>
      </object_component>
      <object_component id="oc-3f4">
         <name>.text:_ecpy</name>
         <load_address>0x7cf6</load_address>
         <run_address>0x7cf6</run_address>
         <size>0x52</size>
         <input_file_ref idref="fl-d0"/>
      </object_component>
      <object_component id="oc-452">
         <name>.text:__TI_doflush</name>
         <load_address>0x7d48</load_address>
         <run_address>0x7d48</run_address>
         <size>0x4c</size>
         <input_file_ref idref="fl-f7"/>
      </object_component>
      <object_component id="oc-fd">
         <name>.text:atoi</name>
         <load_address>0x7d94</load_address>
         <run_address>0x7d94</run_address>
         <size>0x4c</size>
         <input_file_ref idref="fl-e6"/>
      </object_component>
      <object_component id="oc-161">
         <name>.text:exit</name>
         <load_address>0x7de0</load_address>
         <run_address>0x7de0</run_address>
         <size>0x48</size>
         <input_file_ref idref="fl-e3"/>
      </object_component>
      <object_component id="oc-3e4">
         <name>.text</name>
         <load_address>0x7e28</load_address>
         <run_address>0x7e28</run_address>
         <size>0x48</size>
         <input_file_ref idref="fl-d9"/>
      </object_component>
      <object_component id="oc-53a">
         <name>.text:HOSTclose</name>
         <load_address>0x7e70</load_address>
         <run_address>0x7e70</run_address>
         <size>0x44</size>
         <input_file_ref idref="fl-101"/>
      </object_component>
      <object_component id="oc-552">
         <name>.text:HOSTunlink</name>
         <load_address>0x7eb4</load_address>
         <run_address>0x7eb4</run_address>
         <size>0x44</size>
         <input_file_ref idref="fl-106"/>
      </object_component>
      <object_component id="oc-167">
         <name>.text:__TI_auto_init_nobinit_nopinit:__TI_auto_init_nobinit_nopinit</name>
         <load_address>0x7ef8</load_address>
         <run_address>0x7ef8</run_address>
         <size>0x44</size>
         <input_file_ref idref="fl-fb"/>
      </object_component>
      <object_component id="oc-5a8">
         <name>.text:getdevice</name>
         <load_address>0x7f3c</load_address>
         <run_address>0x7f3c</run_address>
         <size>0x44</size>
         <input_file_ref idref="fl-10c"/>
      </object_component>
      <object_component id="oc-261">
         <name>.text</name>
         <load_address>0x7f80</load_address>
         <run_address>0x7f80</run_address>
         <size>0x44</size>
         <input_file_ref idref="fl-da"/>
      </object_component>
      <object_component id="oc-266">
         <name>.text:sprintf</name>
         <load_address>0x7fc4</load_address>
         <run_address>0x7fc4</run_address>
         <size>0x40</size>
         <input_file_ref idref="fl-d1"/>
      </object_component>
      <object_component id="oc-f7">
         <name>.text:strtok</name>
         <load_address>0x8004</load_address>
         <run_address>0x8004</run_address>
         <size>0x40</size>
         <input_file_ref idref="fl-ee"/>
      </object_component>
      <object_component id="oc-407">
         <name>.text:_fcpy</name>
         <load_address>0x8044</load_address>
         <run_address>0x8044</run_address>
         <size>0x3e</size>
         <input_file_ref idref="fl-d0"/>
      </object_component>
      <object_component id="oc-581">
         <name>.text:__TI_writemsg</name>
         <load_address>0x8084</load_address>
         <run_address>0x8084</run_address>
         <size>0x38</size>
         <input_file_ref idref="fl-108"/>
      </object_component>
      <object_component id="oc-5ca">
         <name>.text:strncpy</name>
         <load_address>0x80bc</load_address>
         <run_address>0x80bc</run_address>
         <size>0x36</size>
         <input_file_ref idref="fl-10f"/>
      </object_component>
      <object_component id="oc-4eb">
         <name>.text:__TI_cleanup</name>
         <load_address>0x80f4</load_address>
         <run_address>0x80f4</run_address>
         <size>0x34</size>
         <input_file_ref idref="fl-f8"/>
      </object_component>
      <object_component id="oc-587">
         <name>.text:__TI_readmsg</name>
         <load_address>0x8128</load_address>
         <run_address>0x8128</run_address>
         <size>0x34</size>
         <input_file_ref idref="fl-108"/>
      </object_component>
      <object_component id="oc-58">
         <name>.text:_c_int00_noargs:_c_int00_noargs</name>
         <load_address>0x815c</load_address>
         <run_address>0x815c</run_address>
         <size>0x34</size>
         <input_file_ref idref="fl-f1"/>
      </object_component>
      <object_component id="oc-5d0">
         <name>.text:finddevice</name>
         <load_address>0x8190</load_address>
         <run_address>0x8190</run_address>
         <size>0x30</size>
         <input_file_ref idref="fl-10c"/>
      </object_component>
      <object_component id="oc-252">
         <name>.text</name>
         <load_address>0x81c0</load_address>
         <run_address>0x81c0</run_address>
         <size>0x2e</size>
         <input_file_ref idref="fl-db"/>
      </object_component>
      <object_component id="oc-576">
         <name>.text:unlink</name>
         <load_address>0x81f0</load_address>
         <run_address>0x81f0</run_address>
         <size>0x2c</size>
         <input_file_ref idref="fl-112"/>
      </object_component>
      <object_component id="oc-212">
         <name>.text:strspn</name>
         <load_address>0x821c</load_address>
         <run_address>0x821c</run_address>
         <size>0x2a</size>
         <input_file_ref idref="fl-100"/>
      </object_component>
      <object_component id="oc-51a">
         <name>.text:free_list_insert</name>
         <load_address>0x8248</load_address>
         <run_address>0x8248</run_address>
         <size>0x28</size>
         <input_file_ref idref="fl-eb"/>
      </object_component>
      <object_component id="oc-4d7">
         <name>.text:lseek</name>
         <load_address>0x8270</load_address>
         <run_address>0x8270</run_address>
         <size>0x28</size>
         <input_file_ref idref="fl-10a"/>
      </object_component>
      <object_component id="oc-458">
         <name>.text:write</name>
         <load_address>0x8298</load_address>
         <run_address>0x8298</run_address>
         <size>0x28</size>
         <input_file_ref idref="fl-ef"/>
      </object_component>
      <object_component id="oc-218">
         <name>.text:strcspn</name>
         <load_address>0x82c0</load_address>
         <run_address>0x82c0</run_address>
         <size>0x24</size>
         <input_file_ref idref="fl-ff"/>
      </object_component>
      <object_component id="oc-44c">
         <name>.text:memchr</name>
         <load_address>0x82e4</load_address>
         <run_address>0x82e4</run_address>
         <size>0x20</size>
         <input_file_ref idref="fl-ea"/>
      </object_component>
      <object_component id="oc-25c">
         <name>.text</name>
         <load_address>0x8304</load_address>
         <run_address>0x8304</run_address>
         <size>0x20</size>
         <input_file_ref idref="fl-dd"/>
      </object_component>
      <object_component id="oc-514">
         <name>.text:free_list_remove</name>
         <load_address>0x8324</load_address>
         <run_address>0x8324</run_address>
         <size>0x1c</size>
         <input_file_ref idref="fl-eb"/>
      </object_component>
      <object_component id="oc-31c">
         <name>.text:memccpy</name>
         <load_address>0x8340</load_address>
         <run_address>0x8340</run_address>
         <size>0x1c</size>
         <input_file_ref idref="fl-e9"/>
      </object_component>
      <object_component id="oc-493">
         <name>.text:copysign</name>
         <load_address>0x835c</load_address>
         <run_address>0x835c</run_address>
         <size>0x1a</size>
         <input_file_ref idref="fl-f6"/>
      </object_component>
      <object_component id="oc-36b">
         <name>.text:_outs</name>
         <load_address>0x8376</load_address>
         <run_address>0x8376</run_address>
         <size>0x18</size>
         <input_file_ref idref="fl-d1"/>
      </object_component>
      <object_component id="oc-5e7">
         <name>.text:strcmp</name>
         <load_address>0x838e</load_address>
         <run_address>0x838e</run_address>
         <size>0x18</size>
         <input_file_ref idref="fl-10d"/>
      </object_component>
      <object_component id="oc-41b">
         <name>.text:strchr</name>
         <load_address>0x83a6</load_address>
         <run_address>0x83a6</run_address>
         <size>0x16</size>
         <input_file_ref idref="fl-ec"/>
      </object_component>
      <object_component id="oc-59b">
         <name>.text:strcpy</name>
         <load_address>0x83bc</load_address>
         <run_address>0x83bc</run_address>
         <size>0x14</size>
         <input_file_ref idref="fl-10e"/>
      </object_component>
      <object_component id="oc-2f3">
         <name>.text:strlen</name>
         <load_address>0x83d0</load_address>
         <run_address>0x83d0</run_address>
         <size>0x14</size>
         <input_file_ref idref="fl-ed"/>
      </object_component>
      <object_component id="oc-322">
         <name>.text:wcslen</name>
         <load_address>0x83e4</load_address>
         <run_address>0x83e4</run_address>
         <size>0x12</size>
         <input_file_ref idref="fl-f5"/>
      </object_component>
      <object_component id="oc-1d">
         <name>.text:decompress:none:__TI_decompress_none</name>
         <load_address>0x83f6</load_address>
         <run_address>0x83f6</run_address>
         <size>0xe</size>
         <input_file_ref idref="fl-e1"/>
      </object_component>
      <object_component id="oc-6a">
         <name>.text</name>
         <load_address>0x8404</load_address>
         <run_address>0x8404</run_address>
         <size>0xe</size>
         <input_file_ref idref="fl-6"/>
      </object_component>
      <object_component id="oc-4c">
         <name>.text:decompress:ZI:__TI_zero_init</name>
         <load_address>0x8412</load_address>
         <run_address>0x8412</run_address>
         <size>0xc</size>
         <input_file_ref idref="fl-e0"/>
      </object_component>
      <object_component id="oc-371">
         <name>.text:_outc</name>
         <load_address>0x841e</load_address>
         <run_address>0x841e</run_address>
         <size>0xa</size>
         <input_file_ref idref="fl-d1"/>
      </object_component>
      <object_component id="oc-328">
         <name>.text:__aeabi_errno_addr</name>
         <load_address>0x8428</load_address>
         <run_address>0x8428</run_address>
         <size>0x8</size>
         <input_file_ref idref="fl-f2"/>
      </object_component>
      <object_component id="oc-4e5">
         <name>.text:malloc</name>
         <load_address>0x8430</load_address>
         <run_address>0x8430</run_address>
         <size>0x8</size>
         <input_file_ref idref="fl-eb"/>
      </object_component>
      <object_component id="oc-205">
         <name>.text:_outc</name>
         <load_address>0x8438</load_address>
         <run_address>0x8438</run_address>
         <size>0x4</size>
         <input_file_ref idref="fl-cf"/>
      </object_component>
      <object_component id="oc-1ff">
         <name>.text:_outs</name>
         <load_address>0x843c</load_address>
         <run_address>0x843c</run_address>
         <size>0x4</size>
         <input_file_ref idref="fl-cf"/>
      </object_component>
      <object_component id="oc-ab">
         <name>.text:_system_pre_init</name>
         <load_address>0x8440</load_address>
         <run_address>0x8440</run_address>
         <size>0x4</size>
         <input_file_ref idref="fl-fc"/>
      </object_component>
      <object_component id="oc-15b">
         <name>.text:abort:abort</name>
         <load_address>0x8444</load_address>
         <run_address>0x8444</run_address>
         <size>0x4</size>
         <input_file_ref idref="fl-e3"/>
      </object_component>
      <object_component id="oc-223">
         <name>.const:.string:_ctypes_</name>
         <load_address>0x8448</load_address>
         <run_address>0x8448</run_address>
         <size>0x101</size>
         <input_file_ref idref="fl-e7"/>
      </object_component>
      <object_component id="oc-27f">
         <name>.const:.string:packman_downBitmaps</name>
         <load_address>0x8549</load_address>
         <run_address>0x8549</run_address>
         <size>0x3c</size>
         <input_file_ref idref="fl-5"/>
      </object_component>
      <object_component id="oc-279">
         <name>.const:.string:packman_leftBitmaps</name>
         <load_address>0x8585</load_address>
         <run_address>0x8585</run_address>
         <size>0x3c</size>
         <input_file_ref idref="fl-5"/>
      </object_component>
      <object_component id="oc-276">
         <name>.const:.string:packman_rightBitmaps</name>
         <load_address>0x85c1</load_address>
         <run_address>0x85c1</run_address>
         <size>0x3c</size>
         <input_file_ref idref="fl-5"/>
      </object_component>
      <object_component id="oc-27c">
         <name>.const:.string:packman_upBitmaps</name>
         <load_address>0x85fd</load_address>
         <run_address>0x85fd</run_address>
         <size>0x3c</size>
         <input_file_ref idref="fl-5"/>
      </object_component>
      <object_component id="oc-273">
         <name>.const</name>
         <load_address>0x8639</load_address>
         <run_address>0x8639</run_address>
         <size>0x8</size>
         <input_file_ref idref="fl-5"/>
      </object_component>
      <object_component id="oc-cd">
         <name>.const</name>
         <load_address>0x8644</load_address>
         <run_address>0x8644</run_address>
         <size>0x8</size>
         <input_file_ref idref="fl-14"/>
      </object_component>
      <object_component id="oc-627">
         <name>.cinit..data.load</name>
         <load_address>0x8650</load_address>
         <run_address>0x8650</run_address>
         <size>0x7b</size>
      </object_component>
      <object_component id="oc-625">
         <name>__TI_handler_table</name>
         <load_address>0x86cc</load_address>
         <run_address>0x86cc</run_address>
         <size>0xc</size>
      </object_component>
      <object_component id="oc-628">
         <name>.cinit..bss.load</name>
         <load_address>0x86d8</load_address>
         <run_address>0x86d8</run_address>
         <size>0x8</size>
      </object_component>
      <object_component id="oc-626">
         <name>__TI_cinit_table</name>
         <load_address>0x86e0</load_address>
         <run_address>0x86e0</run_address>
         <size>0x10</size>
      </object_component>
      <object_component id="oc-5f9">
         <name>.binit</name>
         <load_address>0x0</load_address>
         <run_address>0x0</run_address>
         <size>0x0</size>
      </object_component>
      <object_component id="oc-199">
         <name>.data</name>
         <load_address>0x200089c4</load_address>
         <run_address>0x200089c4</run_address>
         <size>0x4</size>
         <input_file_ref idref="fl-7"/>
      </object_component>
      <object_component id="oc-119">
         <name>.data</name>
         <load_address>0x200089b4</load_address>
         <run_address>0x200089b4</run_address>
         <size>0x8</size>
         <input_file_ref idref="fl-8"/>
      </object_component>
      <object_component id="oc-107">
         <name>.data</name>
         <load_address>0x200089c8</load_address>
         <run_address>0x200089c8</run_address>
         <size>0x2</size>
         <input_file_ref idref="fl-9"/>
      </object_component>
      <object_component id="oc-2b7">
         <name>.data</name>
         <load_address>0x2000894c</load_address>
         <run_address>0x2000894c</run_address>
         <size>0x18</size>
         <input_file_ref idref="fl-e"/>
      </object_component>
      <object_component id="oc-ca">
         <name>.data</name>
         <load_address>0x20008918</load_address>
         <run_address>0x20008918</run_address>
         <size>0x34</size>
         <input_file_ref idref="fl-12"/>
      </object_component>
      <object_component id="oc-2cc">
         <name>.data</name>
         <load_address>0x20008998</load_address>
         <run_address>0x20008998</run_address>
         <size>0xc</size>
         <input_file_ref idref="fl-13"/>
      </object_component>
      <object_component id="oc-d7">
         <name>.data</name>
         <load_address>0x20008964</load_address>
         <run_address>0x20008964</run_address>
         <size>0x18</size>
         <input_file_ref idref="fl-14"/>
      </object_component>
      <object_component id="oc-288">
         <name>.data:$O1$$</name>
         <load_address>0x2000898c</load_address>
         <run_address>0x2000898c</run_address>
         <size>0xc</size>
         <input_file_ref idref="fl-e3"/>
      </object_component>
      <object_component id="oc-1f9">
         <name>.data:$O1$$</name>
         <load_address>0x200089a4</load_address>
         <run_address>0x200089a4</run_address>
         <size>0x8</size>
         <input_file_ref idref="fl-e4"/>
      </object_component>
      <object_component id="oc-1fc">
         <name>.data:_ftable</name>
         <load_address>0x20008760</load_address>
         <run_address>0x20008760</run_address>
         <size>0xf0</size>
         <input_file_ref idref="fl-e8"/>
      </object_component>
      <object_component id="oc-52e">
         <name>.data</name>
         <load_address>0x2000897c</load_address>
         <run_address>0x2000897c</run_address>
         <size>0x10</size>
         <input_file_ref idref="fl-e8"/>
      </object_component>
      <object_component id="oc-564">
         <name>.data:$O1$$</name>
         <load_address>0x200089ac</load_address>
         <run_address>0x200089ac</run_address>
         <size>0x8</size>
         <input_file_ref idref="fl-eb"/>
      </object_component>
      <object_component id="oc-21e">
         <name>.data</name>
         <load_address>0x200089c0</load_address>
         <run_address>0x200089c0</run_address>
         <size>0x4</size>
         <input_file_ref idref="fl-ee"/>
      </object_component>
      <object_component id="oc-4fe">
         <name>.data:_device</name>
         <load_address>0x20008850</load_address>
         <run_address>0x20008850</run_address>
         <size>0x78</size>
         <input_file_ref idref="fl-f0"/>
      </object_component>
      <object_component id="oc-4c1">
         <name>.data:_stream</name>
         <load_address>0x200088c8</load_address>
         <run_address>0x200088c8</run_address>
         <size>0x50</size>
         <input_file_ref idref="fl-f0"/>
      </object_component>
      <object_component id="oc-42b">
         <name>.data</name>
         <load_address>0x200089bc</load_address>
         <run_address>0x200089bc</run_address>
         <size>0x4</size>
         <input_file_ref idref="fl-f2"/>
      </object_component>
      <object_component id="oc-2bd">
         <name>.bss:ucHeap</name>
         <uninitialized>true</uninitialized>
         <run_address>0x20000000</run_address>
         <size>0x8000</size>
         <input_file_ref idref="fl-e"/>
      </object_component>
      <object_component id="oc-2ba">
         <name>.bss:xStart</name>
         <uninitialized>true</uninitialized>
         <run_address>0x20008330</run_address>
         <size>0x8</size>
         <input_file_ref idref="fl-e"/>
      </object_component>
      <object_component id="oc-1b3">
         <name>.bss:pxReadyTasksLists</name>
         <uninitialized>true</uninitialized>
         <run_address>0x20008120</run_address>
         <size>0xc8</size>
         <input_file_ref idref="fl-12"/>
      </object_component>
      <object_component id="oc-1c8">
         <name>.bss:xDelayedTaskList1</name>
         <uninitialized>true</uninitialized>
         <run_address>0x200082b0</run_address>
         <size>0x14</size>
         <input_file_ref idref="fl-12"/>
      </object_component>
      <object_component id="oc-1cb">
         <name>.bss:xDelayedTaskList2</name>
         <uninitialized>true</uninitialized>
         <run_address>0x200082c4</run_address>
         <size>0x14</size>
         <input_file_ref idref="fl-12"/>
      </object_component>
      <object_component id="oc-1b9">
         <name>.bss</name>
         <uninitialized>true</uninitialized>
         <run_address>0x20008320</run_address>
         <size>0x8</size>
         <input_file_ref idref="fl-12"/>
      </object_component>
      <object_component id="oc-1c5">
         <name>.bss:xPendingReadyList</name>
         <uninitialized>true</uninitialized>
         <run_address>0x200082d8</run_address>
         <size>0x14</size>
         <input_file_ref idref="fl-12"/>
      </object_component>
      <object_component id="oc-1b6">
         <name>.bss:xTasksWaitingTermination</name>
         <uninitialized>true</uninitialized>
         <run_address>0x20008300</run_address>
         <size>0x14</size>
         <input_file_ref idref="fl-12"/>
      </object_component>
      <object_component id="oc-1bc">
         <name>.bss:xSuspendedTaskList</name>
         <uninitialized>true</uninitialized>
         <run_address>0x200082ec</run_address>
         <size>0x14</size>
         <input_file_ref idref="fl-12"/>
      </object_component>
      <object_component id="oc-2d2">
         <name>.bss:xActiveTimerList1</name>
         <uninitialized>true</uninitialized>
         <run_address>0x20008288</run_address>
         <size>0x14</size>
         <input_file_ref idref="fl-13"/>
      </object_component>
      <object_component id="oc-2d5">
         <name>.bss:xActiveTimerList2</name>
         <uninitialized>true</uninitialized>
         <run_address>0x2000829c</run_address>
         <size>0x14</size>
         <input_file_ref idref="fl-13"/>
      </object_component>
      <object_component id="oc-2cf">
         <name>.bss</name>
         <uninitialized>true</uninitialized>
         <run_address>0x20008328</run_address>
         <size>0x8</size>
         <input_file_ref idref="fl-13"/>
      </object_component>
      <object_component id="oc-5b2">
         <name>.bss:_CIOBUF_</name>
         <uninitialized>true</uninitialized>
         <run_address>0x20008000</run_address>
         <size>0x120</size>
         <input_file_ref idref="fl-108"/>
      </object_component>
      <object_component id="oc-379">
         <name>.common:Lcd_ScreenWidth</name>
         <uninitialized>true</uninitialized>
         <run_address>0x2000835e</run_address>
         <size>0x2</size>
      </object_component>
      <object_component id="oc-37c">
         <name>.common:Lcd_ScreenHeigth</name>
         <uninitialized>true</uninitialized>
         <run_address>0x2000835c</run_address>
         <size>0x2</size>
      </object_component>
      <object_component id="oc-11c">
         <name>.common:Task_Accelerometer_Handle</name>
         <uninitialized>true</uninitialized>
         <run_address>0x20008348</run_address>
         <size>0x4</size>
      </object_component>
      <object_component id="oc-153">
         <name>.common:Task_Accelerometer_Timer_Handle</name>
         <uninitialized>true</uninitialized>
         <run_address>0x2000834c</run_address>
         <size>0x4</size>
      </object_component>
      <object_component id="oc-10a">
         <name>.common:Task_Console_Handle</name>
         <uninitialized>true</uninitialized>
         <run_address>0x20008350</run_address>
         <size>0x4</size>
      </object_component>
      <object_component id="oc-106">
         <name>.common:Sem_Console</name>
         <uninitialized>true</uninitialized>
         <run_address>0x20008344</run_address>
         <size>0x4</size>
      </object_component>
      <object_component id="oc-103">
         <name>.common:RX_ARRAY</name>
         <uninitialized>true</uninitialized>
         <run_address>0x20008314</run_address>
         <size>0xc</size>
      </object_component>
      <object_component id="oc-14f">
         <name>.common:Task_Light_Sensor_Handle</name>
         <uninitialized>true</uninitialized>
         <run_address>0x20008354</run_address>
         <size>0x4</size>
      </object_component>
      <object_component id="oc-152">
         <name>.common:Task_Packman_Handle</name>
         <uninitialized>true</uninitialized>
         <run_address>0x20008358</run_address>
         <size>0x4</size>
      </object_component>
      <object_component id="oc-10b">
         <name>.common:Queue_Packman</name>
         <uninitialized>true</uninitialized>
         <run_address>0x20008340</run_address>
         <size>0x4</size>
      </object_component>
      <object_component id="oc-57c">
         <name>.common:__TI_tmpnams</name>
         <uninitialized>true</uninitialized>
         <run_address>0x200081e8</run_address>
         <size>0xa0</size>
      </object_component>
      <object_component id="oc-58d">
         <name>.common:parmbuf</name>
         <uninitialized>true</uninitialized>
         <run_address>0x20008338</run_address>
         <size>0x8</size>
      </object_component>
      <object_component id="oc-29">
         <name>.sysmem</name>
         <uninitialized>true</uninitialized>
         <run_address>0x20008360</run_address>
         <size>0x10</size>
         <input_file_ref idref="fl-eb"/>
      </object_component>
      <object_component id="oc-62b">
         <name>.sysmem</name>
         <uninitialized>true</uninitialized>
         <run_address>0x20008360</run_address>
         <size>0x0</size>
      </object_component>
      <object_component id="oc-2c">
         <name>.stack</name>
         <uninitialized>true</uninitialized>
         <run_address>0x2000fe00</run_address>
         <size>0x4</size>
         <input_file_ref idref="fl-f1"/>
      </object_component>
      <object_component id="oc-62a">
         <name>.stack</name>
         <uninitialized>true</uninitialized>
         <run_address>0x2000fe00</run_address>
         <size>0x0</size>
      </object_component>
      <object_component id="oc-247">
         <name>.debug_info</name>
         <load_address>0x0</load_address>
         <run_address>0x0</run_address>
         <size>0x5a4</size>
         <input_file_ref idref="fl-2"/>
      </object_component>
      <object_component id="oc-24e">
         <name>.debug_info</name>
         <load_address>0x5a4</load_address>
         <run_address>0x5a4</run_address>
         <size>0x9ad</size>
         <input_file_ref idref="fl-2"/>
      </object_component>
      <object_component id="oc-114">
         <name>.debug_info</name>
         <load_address>0xf51</load_address>
         <run_address>0xf51</run_address>
         <size>0x37e2</size>
         <input_file_ref idref="fl-2"/>
      </object_component>
      <object_component id="oc-122">
         <name>.debug_info</name>
         <load_address>0x4733</load_address>
         <run_address>0x4733</run_address>
         <size>0x26b</size>
         <input_file_ref idref="fl-2"/>
      </object_component>
      <object_component id="oc-22a">
         <name>.debug_info</name>
         <load_address>0x499e</load_address>
         <run_address>0x499e</run_address>
         <size>0x1055</size>
         <input_file_ref idref="fl-2"/>
      </object_component>
      <object_component id="oc-35">
         <name>.debug_info</name>
         <load_address>0x59f3</load_address>
         <run_address>0x59f3</run_address>
         <size>0x84</size>
         <input_file_ref idref="fl-2"/>
      </object_component>
      <object_component id="oc-1e2">
         <name>.debug_info</name>
         <load_address>0x5a77</load_address>
         <run_address>0x5a77</run_address>
         <size>0x2a4</size>
         <input_file_ref idref="fl-2"/>
      </object_component>
      <object_component id="oc-e6">
         <name>.debug_info</name>
         <load_address>0x5d1b</load_address>
         <run_address>0x5d1b</run_address>
         <size>0xbb</size>
         <input_file_ref idref="fl-2"/>
      </object_component>
      <object_component id="oc-37a">
         <name>.debug_info</name>
         <load_address>0x5dd6</load_address>
         <run_address>0x5dd6</run_address>
         <size>0x5e5</size>
         <input_file_ref idref="fl-3"/>
      </object_component>
      <object_component id="oc-26e">
         <name>.debug_info</name>
         <load_address>0x63bb</load_address>
         <run_address>0x63bb</run_address>
         <size>0xc19</size>
         <input_file_ref idref="fl-3"/>
      </object_component>
      <object_component id="oc-15a">
         <name>.debug_info</name>
         <load_address>0x6fd4</load_address>
         <run_address>0x6fd4</run_address>
         <size>0xa82</size>
         <input_file_ref idref="fl-4"/>
      </object_component>
      <object_component id="oc-b2">
         <name>.debug_info</name>
         <load_address>0x7a56</load_address>
         <run_address>0x7a56</run_address>
         <size>0x391</size>
         <input_file_ref idref="fl-4"/>
      </object_component>
      <object_component id="oc-10f">
         <name>.debug_info</name>
         <load_address>0x7de7</load_address>
         <run_address>0x7de7</run_address>
         <size>0xab</size>
         <input_file_ref idref="fl-4"/>
      </object_component>
      <object_component id="oc-155">
         <name>.debug_info</name>
         <load_address>0x7e92</load_address>
         <run_address>0x7e92</run_address>
         <size>0x315</size>
         <input_file_ref idref="fl-4"/>
      </object_component>
      <object_component id="oc-239">
         <name>.debug_info</name>
         <load_address>0x81a7</load_address>
         <run_address>0x81a7</run_address>
         <size>0x48b</size>
         <input_file_ref idref="fl-4"/>
      </object_component>
      <object_component id="oc-22f">
         <name>.debug_info</name>
         <load_address>0x8632</load_address>
         <run_address>0x8632</run_address>
         <size>0x4f</size>
         <input_file_ref idref="fl-4"/>
      </object_component>
      <object_component id="oc-23e">
         <name>.debug_info</name>
         <load_address>0x8681</load_address>
         <run_address>0x8681</run_address>
         <size>0x2c</size>
         <input_file_ref idref="fl-4"/>
      </object_component>
      <object_component id="oc-dc">
         <name>.debug_info</name>
         <load_address>0x86ad</load_address>
         <run_address>0x86ad</run_address>
         <size>0x2c</size>
         <input_file_ref idref="fl-4"/>
      </object_component>
      <object_component id="oc-e1">
         <name>.debug_info</name>
         <load_address>0x86d9</load_address>
         <run_address>0x86d9</run_address>
         <size>0x53</size>
         <input_file_ref idref="fl-4"/>
      </object_component>
      <object_component id="oc-234">
         <name>.debug_info</name>
         <load_address>0x872c</load_address>
         <run_address>0x872c</run_address>
         <size>0xcc</size>
         <input_file_ref idref="fl-4"/>
      </object_component>
      <object_component id="oc-20d">
         <name>.debug_info</name>
         <load_address>0x87f8</load_address>
         <run_address>0x87f8</run_address>
         <size>0x2c</size>
         <input_file_ref idref="fl-4"/>
      </object_component>
      <object_component id="oc-1d8">
         <name>.debug_info</name>
         <load_address>0x8824</load_address>
         <run_address>0x8824</run_address>
         <size>0x14c</size>
         <input_file_ref idref="fl-4"/>
      </object_component>
      <object_component id="oc-380">
         <name>.debug_info</name>
         <load_address>0x8970</load_address>
         <run_address>0x8970</run_address>
         <size>0x12b</size>
         <input_file_ref idref="fl-5"/>
      </object_component>
      <object_component id="oc-27d">
         <name>.debug_info</name>
         <load_address>0x8a9b</load_address>
         <run_address>0x8a9b</run_address>
         <size>0x139</size>
         <input_file_ref idref="fl-5"/>
      </object_component>
      <object_component id="oc-274">
         <name>.debug_info</name>
         <load_address>0x8bd4</load_address>
         <run_address>0x8bd4</run_address>
         <size>0x302</size>
         <input_file_ref idref="fl-5"/>
      </object_component>
      <object_component id="oc-280">
         <name>.debug_info</name>
         <load_address>0x8ed6</load_address>
         <run_address>0x8ed6</run_address>
         <size>0x13d</size>
         <input_file_ref idref="fl-5"/>
      </object_component>
      <object_component id="oc-27a">
         <name>.debug_info</name>
         <load_address>0x9013</load_address>
         <run_address>0x9013</run_address>
         <size>0x13d</size>
         <input_file_ref idref="fl-5"/>
      </object_component>
      <object_component id="oc-277">
         <name>.debug_info</name>
         <load_address>0x9150</load_address>
         <run_address>0x9150</run_address>
         <size>0x13f</size>
         <input_file_ref idref="fl-5"/>
      </object_component>
      <object_component id="oc-89">
         <name>.debug_info</name>
         <load_address>0x928f</load_address>
         <run_address>0x928f</run_address>
         <size>0x39b</size>
         <input_file_ref idref="fl-6"/>
      </object_component>
      <object_component id="oc-27">
         <name>.debug_info</name>
         <load_address>0x962a</load_address>
         <run_address>0x962a</run_address>
         <size>0x147</size>
         <input_file_ref idref="fl-6"/>
      </object_component>
      <object_component id="oc-6b">
         <name>.debug_info</name>
         <load_address>0x9771</load_address>
         <run_address>0x9771</run_address>
         <size>0x20e</size>
         <input_file_ref idref="fl-6"/>
      </object_component>
      <object_component id="oc-19a">
         <name>.debug_info</name>
         <load_address>0x997f</load_address>
         <run_address>0x997f</run_address>
         <size>0x140</size>
         <input_file_ref idref="fl-7"/>
      </object_component>
      <object_component id="oc-c4">
         <name>.debug_info</name>
         <load_address>0x9abf</load_address>
         <run_address>0x9abf</run_address>
         <size>0x2b2</size>
         <input_file_ref idref="fl-7"/>
      </object_component>
      <object_component id="oc-11d">
         <name>.debug_info</name>
         <load_address>0x9d71</load_address>
         <run_address>0x9d71</run_address>
         <size>0x8bc</size>
         <input_file_ref idref="fl-8"/>
      </object_component>
      <object_component id="oc-11a">
         <name>.debug_info</name>
         <load_address>0xa62d</load_address>
         <run_address>0xa62d</run_address>
         <size>0x16b</size>
         <input_file_ref idref="fl-8"/>
      </object_component>
      <object_component id="oc-83">
         <name>.debug_info</name>
         <load_address>0xa798</load_address>
         <run_address>0xa798</run_address>
         <size>0x67b</size>
         <input_file_ref idref="fl-8"/>
      </object_component>
      <object_component id="oc-104">
         <name>.debug_info</name>
         <load_address>0xae13</load_address>
         <run_address>0xae13</run_address>
         <size>0x9b0</size>
         <input_file_ref idref="fl-9"/>
      </object_component>
      <object_component id="oc-108">
         <name>.debug_info</name>
         <load_address>0xb7c3</load_address>
         <run_address>0xb7c3</run_address>
         <size>0x12c</size>
         <input_file_ref idref="fl-9"/>
      </object_component>
      <object_component id="oc-7e">
         <name>.debug_info</name>
         <load_address>0xb8ef</load_address>
         <run_address>0xb8ef</run_address>
         <size>0x729</size>
         <input_file_ref idref="fl-9"/>
      </object_component>
      <object_component id="oc-150">
         <name>.debug_info</name>
         <load_address>0xc018</load_address>
         <run_address>0xc018</run_address>
         <size>0x931</size>
         <input_file_ref idref="fl-a"/>
      </object_component>
      <object_component id="oc-144">
         <name>.debug_info</name>
         <load_address>0xc949</load_address>
         <run_address>0xc949</run_address>
         <size>0x79a</size>
         <input_file_ref idref="fl-a"/>
      </object_component>
      <object_component id="oc-10c">
         <name>.debug_info</name>
         <load_address>0xd0e3</load_address>
         <run_address>0xd0e3</run_address>
         <size>0xb99</size>
         <input_file_ref idref="fl-b"/>
      </object_component>
      <object_component id="oc-14c">
         <name>.debug_info</name>
         <load_address>0xdc7c</load_address>
         <run_address>0xdc7c</run_address>
         <size>0x38b</size>
         <input_file_ref idref="fl-b"/>
      </object_component>
      <object_component id="oc-2ea">
         <name>.debug_info</name>
         <load_address>0xe007</load_address>
         <run_address>0xe007</run_address>
         <size>0x317</size>
         <input_file_ref idref="fl-c"/>
      </object_component>
      <object_component id="oc-1dd">
         <name>.debug_info</name>
         <load_address>0xe31e</load_address>
         <run_address>0xe31e</run_address>
         <size>0x48b</size>
         <input_file_ref idref="fl-c"/>
      </object_component>
      <object_component id="oc-3c0">
         <name>.debug_info</name>
         <load_address>0xe7a9</load_address>
         <run_address>0xe7a9</run_address>
         <size>0xcc</size>
         <input_file_ref idref="fl-c"/>
      </object_component>
      <object_component id="oc-1d3">
         <name>.debug_info</name>
         <load_address>0xe875</load_address>
         <run_address>0xe875</run_address>
         <size>0x53</size>
         <input_file_ref idref="fl-c"/>
      </object_component>
      <object_component id="oc-2f2">
         <name>.debug_info</name>
         <load_address>0xe8c8</load_address>
         <run_address>0xe8c8</run_address>
         <size>0x772</size>
         <input_file_ref idref="fl-d"/>
      </object_component>
      <object_component id="oc-1ee">
         <name>.debug_info</name>
         <load_address>0xf03a</load_address>
         <run_address>0xf03a</run_address>
         <size>0x110</size>
         <input_file_ref idref="fl-d"/>
      </object_component>
      <object_component id="oc-2b2">
         <name>.debug_info</name>
         <load_address>0xf14a</load_address>
         <run_address>0xf14a</run_address>
         <size>0x48b</size>
         <input_file_ref idref="fl-d"/>
      </object_component>
      <object_component id="oc-3c7">
         <name>.debug_info</name>
         <load_address>0xf5d5</load_address>
         <run_address>0xf5d5</run_address>
         <size>0x76</size>
         <input_file_ref idref="fl-d"/>
      </object_component>
      <object_component id="oc-3cc">
         <name>.debug_info</name>
         <load_address>0xf64b</load_address>
         <run_address>0xf64b</run_address>
         <size>0x39</size>
         <input_file_ref idref="fl-d"/>
      </object_component>
      <object_component id="oc-3ad">
         <name>.debug_info</name>
         <load_address>0xf684</load_address>
         <run_address>0xf684</run_address>
         <size>0x109</size>
         <input_file_ref idref="fl-d"/>
      </object_component>
      <object_component id="oc-2a8">
         <name>.debug_info</name>
         <load_address>0xf78d</load_address>
         <run_address>0xf78d</run_address>
         <size>0x4f</size>
         <input_file_ref idref="fl-d"/>
      </object_component>
      <object_component id="oc-2c1">
         <name>.debug_info</name>
         <load_address>0xf7dc</load_address>
         <run_address>0xf7dc</run_address>
         <size>0x5b1</size>
         <input_file_ref idref="fl-e"/>
      </object_component>
      <object_component id="oc-2be">
         <name>.debug_info</name>
         <load_address>0xfd8d</load_address>
         <run_address>0xfd8d</run_address>
         <size>0x1c6</size>
         <input_file_ref idref="fl-e"/>
      </object_component>
      <object_component id="oc-2bb">
         <name>.debug_info</name>
         <load_address>0xff53</load_address>
         <run_address>0xff53</run_address>
         <size>0x1c6</size>
         <input_file_ref idref="fl-e"/>
      </object_component>
      <object_component id="oc-2b8">
         <name>.debug_info</name>
         <load_address>0x10119</load_address>
         <run_address>0x10119</run_address>
         <size>0x306</size>
         <input_file_ref idref="fl-e"/>
      </object_component>
      <object_component id="oc-1aa">
         <name>.debug_info</name>
         <load_address>0x1041f</load_address>
         <run_address>0x1041f</run_address>
         <size>0x12db</size>
         <input_file_ref idref="fl-e"/>
      </object_component>
      <object_component id="oc-3a4">
         <name>.debug_info</name>
         <load_address>0x116fa</load_address>
         <run_address>0x116fa</run_address>
         <size>0x62</size>
         <input_file_ref idref="fl-e"/>
      </object_component>
      <object_component id="oc-2c3">
         <name>.debug_info</name>
         <load_address>0x1175c</load_address>
         <run_address>0x1175c</run_address>
         <size>0x46b</size>
         <input_file_ref idref="fl-f"/>
      </object_component>
      <object_component id="oc-1b0">
         <name>.debug_info</name>
         <load_address>0x11bc7</load_address>
         <run_address>0x11bc7</run_address>
         <size>0xaf5</size>
         <input_file_ref idref="fl-f"/>
      </object_component>
      <object_component id="oc-1ed">
         <name>.debug_info</name>
         <load_address>0x126bc</load_address>
         <run_address>0x126bc</run_address>
         <size>0x9d6</size>
         <input_file_ref idref="fl-10"/>
      </object_component>
      <object_component id="oc-ed">
         <name>.debug_info</name>
         <load_address>0x13092</load_address>
         <run_address>0x13092</run_address>
         <size>0x58af</size>
         <input_file_ref idref="fl-10"/>
      </object_component>
      <object_component id="oc-2ed">
         <name>.debug_info</name>
         <load_address>0x18941</load_address>
         <run_address>0x18941</run_address>
         <size>0x1ef</size>
         <input_file_ref idref="fl-10"/>
      </object_component>
      <object_component id="oc-1e8">
         <name>.debug_info</name>
         <load_address>0x18b30</load_address>
         <run_address>0x18b30</run_address>
         <size>0x46</size>
         <input_file_ref idref="fl-10"/>
      </object_component>
      <object_component id="oc-13a">
         <name>.debug_info</name>
         <load_address>0x18b76</load_address>
         <run_address>0x18b76</run_address>
         <size>0x2c</size>
         <input_file_ref idref="fl-11"/>
      </object_component>
      <object_component id="oc-19f">
         <name>.debug_info</name>
         <load_address>0x18ba2</load_address>
         <run_address>0x18ba2</run_address>
         <size>0x976</size>
         <input_file_ref idref="fl-12"/>
      </object_component>
      <object_component id="oc-cb">
         <name>.debug_info</name>
         <load_address>0x19518</load_address>
         <run_address>0x19518</run_address>
         <size>0x422</size>
         <input_file_ref idref="fl-12"/>
      </object_component>
      <object_component id="oc-1b4">
         <name>.debug_info</name>
         <load_address>0x1993a</load_address>
         <run_address>0x1993a</run_address>
         <size>0x1cb</size>
         <input_file_ref idref="fl-12"/>
      </object_component>
      <object_component id="oc-1c9">
         <name>.debug_info</name>
         <load_address>0x19b05</load_address>
         <run_address>0x19b05</run_address>
         <size>0x1cb</size>
         <input_file_ref idref="fl-12"/>
      </object_component>
      <object_component id="oc-1cc">
         <name>.debug_info</name>
         <load_address>0x19cd0</load_address>
         <run_address>0x19cd0</run_address>
         <size>0x1cb</size>
         <input_file_ref idref="fl-12"/>
      </object_component>
      <object_component id="oc-1ba">
         <name>.debug_info</name>
         <load_address>0x19e9b</load_address>
         <run_address>0x19e9b</run_address>
         <size>0x20e</size>
         <input_file_ref idref="fl-12"/>
      </object_component>
      <object_component id="oc-1c6">
         <name>.debug_info</name>
         <load_address>0x1a0a9</load_address>
         <run_address>0x1a0a9</run_address>
         <size>0x1cb</size>
         <input_file_ref idref="fl-12"/>
      </object_component>
      <object_component id="oc-1b7">
         <name>.debug_info</name>
         <load_address>0x1a274</load_address>
         <run_address>0x1a274</run_address>
         <size>0x1d9</size>
         <input_file_ref idref="fl-12"/>
      </object_component>
      <object_component id="oc-1bd">
[...]
      </symbol>
      <symbol id="sm-b7b">
         <name>__aeabi_memcpy</name>
         <value>0x7403</value>
         <object_component_ref idref="oc-3a"/>
      </symbol>
      <symbol id="sm-b7c">
         <name>__aeabi_memcpy8</name>
         <value>0x7403</value>
         <object_component_ref idref="oc-3a"/>
      </symbol>
      <symbol id="sm-b7d">
         <name>__aeabi_memcpy4</name>
         <value>0x7403</value>
         <object_component_ref idref="oc-3a"/>
      </symbol>
      <symbol id="sm-b87">
         <name>__aeabi_ui2d</name>
         <value>0x8305</value>
         <object_component_ref idref="oc-25c"/>
      </symbol>
      <symbol id="sm-b94">
         <name>__aeabi_uldivmod</name>
         <value>0x749f</value>
         <object_component_ref idref="oc-3d3"/>
      </symbol>
      <symbol id="sm-ba3">
         <name>__aeabi_memset</name>
         <value>0x7643</value>
         <object_component_ref idref="oc-a5"/>
      </symbol>
      <symbol id="sm-ba4">
         <name>memset</name>
         <value>0x7649</value>
         <object_component_ref idref="oc-a5"/>
      </symbol>
      <symbol id="sm-ba5">
         <name>__aeabi_memset8</name>
         <value>0x7643</value>
         <object_component_ref idref="oc-a5"/>
      </symbol>
      <symbol id="sm-ba6">
         <name>__aeabi_memset4</name>
         <value>0x7643</value>
         <object_component_ref idref="oc-a5"/>
      </symbol>
      <symbol id="sm-ba7">
         <name>__aeabi_memclr8</name>
         <value>0x7641</value>
         <object_component_ref idref="oc-a5"/>
      </symbol>
      <symbol id="sm-ba8">
         <name>__aeabi_memclr4</name>
         <value>0x7641</value>
         <object_component_ref idref="oc-a5"/>
      </symbol>
      <symbol id="sm-ba9">
         <name>__aeabi_memclr</name>
         <value>0x7641</value>
         <object_component_ref idref="oc-a5"/>
      </symbol>
      <symbol id="sm-bbb">
         <name>__TI_zero_init</name>
         <value>0x8413</value>
         <object_component_ref idref="oc-4c"/>
      </symbol>
      <symbol id="sm-bd2">
         <name>__TI_decompress_none</name>
         <value>0x83f7</value>
         <object_component_ref idref="oc-1d"/>
      </symbol>
      <symbol id="sm-bf5">
         <name>__TI_decompress_lzss</name>
         <value>0x78e5</value>
         <object_component_ref idref="oc-17"/>
      </symbol>
      <symbol id="sm-c1b">
         <name>C$$EXIT</name>
         <value>0x8445</value>
         <object_component_ref idref="oc-15b"/>
      </symbol>
      <symbol id="sm-c1c">
         <name>abort</name>
         <value>0x8445</value>
         <object_component_ref idref="oc-15b"/>
      </symbol>
      <symbol id="sm-c1d">
         <name>__TI_dtors_ptr</name>
         <value>0x20008990</value>
         <object_component_ref idref="oc-288"/>
      </symbol>
      <symbol id="sm-c1e">
         <name>__TI_cleanup_ptr</name>
         <value>0x2000898c</value>
         <object_component_ref idref="oc-288"/>
      </symbol>
      <symbol id="sm-c1f">
         <name>__TI_enable_exit_profile_output</name>
         <value>0x20008994</value>
         <object_component_ref idref="oc-288"/>
      </symbol>
      <symbol id="sm-c20">
         <name>exit</name>
         <value>0x7de1</value>
         <object_component_ref idref="oc-161"/>
      </symbol>
      <symbol id="sm-c35">
         <name>_nop</name>
         <value>0x3ce7</value>
         <object_component_ref idref="oc-33a"/>
      </symbol>
      <symbol id="sm-c36">
         <name>_lock</name>
         <value>0x200089a4</value>
         <object_component_ref idref="oc-1f9"/>
      </symbol>
      <symbol id="sm-c37">
         <name>_unlock</name>
         <value>0x200089a8</value>
         <object_component_ref idref="oc-1f9"/>
      </symbol>
      <symbol id="sm-c46">
         <name>__TI_ltoa</name>
         <value>0x7ca3</value>
         <object_component_ref idref="oc-3e9"/>
      </symbol>
      <symbol id="sm-c5c">
         <name>atoi</name>
         <value>0x7d95</value>
         <object_component_ref idref="oc-fd"/>
      </symbol>
      <symbol id="sm-c67">
         <name>_ctypes_</name>
         <value>0x8448</value>
         <object_component_ref idref="oc-223"/>
      </symbol>
      <symbol id="sm-c7c">
         <name>__TI_tmpnams</name>
         <value>0x200081e8</value>
      </symbol>
      <symbol id="sm-c7d">
         <name>__aeabi_stdout</name>
         <value>0x20008984</value>
         <object_component_ref idref="oc-52e"/>
      </symbol>
      <symbol id="sm-c7e">
         <name>__aeabi_stderr</name>
         <value>0x20008988</value>
         <object_component_ref idref="oc-52e"/>
      </symbol>
      <symbol id="sm-c7f">
         <name>__aeabi_stdin</name>
         <value>0x20008980</value>
         <object_component_ref idref="oc-52e"/>
      </symbol>
      <symbol id="sm-c80">
         <name>_ftable</name>
         <value>0x20008760</value>
         <object_component_ref idref="oc-1fc"/>
      </symbol>
      <symbol id="sm-c81">
         <name>__TI_ft_end</name>
         <value>0x2000897c</value>
         <object_component_ref idref="oc-52e"/>
      </symbol>
      <symbol id="sm-c91">
         <name>memccpy</name>
         <value>0x8341</value>
         <object_component_ref idref="oc-31c"/>
      </symbol>
      <symbol id="sm-ca1">
         <name>memchr</name>
         <value>0x82e5</value>
         <object_component_ref idref="oc-44c"/>
      </symbol>
      <symbol id="sm-d2a">
         <name>_sys_memory</name>
         <value>0x20008360</value>
         <object_component_ref idref="oc-29"/>
      </symbol>
      <symbol id="sm-d2b">
         <name>free</name>
         <value>0x70b5</value>
         <object_component_ref idref="oc-4df"/>
      </symbol>
      <symbol id="sm-d2c">
         <name>memalign</name>
         <value>0x6eb9</value>
         <object_component_ref idref="oc-521"/>
      </symbol>
      <symbol id="sm-d2d">
         <name>malloc</name>
         <value>0x8431</value>
         <object_component_ref idref="oc-4e5"/>
      </symbol>
      <symbol id="sm-d2e">
         <name>aligned_alloc</name>
         <value>0x6eb9</value>
         <object_component_ref idref="oc-521"/>
      </symbol>
      <symbol id="sm-d3e">
         <name>strchr</name>
         <value>0x83a7</value>
         <object_component_ref idref="oc-41b"/>
      </symbol>
      <symbol id="sm-d4c">
         <name>strlen</name>
         <value>0x83d1</value>
         <object_component_ref idref="oc-2f3"/>
      </symbol>
      <symbol id="sm-d64">
         <name>strtok</name>
         <value>0x8005</value>
         <object_component_ref idref="oc-f7"/>
      </symbol>
      <symbol id="sm-d7e">
         <name>write</name>
         <value>0x8299</value>
         <object_component_ref idref="oc-458"/>
      </symbol>
      <symbol id="sm-d8f">
         <name>_stream</name>
         <value>0x200088c8</value>
         <object_component_ref idref="oc-4c1"/>
      </symbol>
      <symbol id="sm-d90">
         <name>_device</name>
         <value>0x20008850</value>
         <object_component_ref idref="oc-4fe"/>
      </symbol>
      <symbol id="sm-da3">
         <name>__stack</name>
         <value>0x2000fe00</value>
         <object_component_ref idref="oc-2c"/>
      </symbol>
      <symbol id="sm-da4">
         <name>_c_int00_noargs</name>
         <value>0x815d</value>
         <object_component_ref idref="oc-58"/>
      </symbol>
      <symbol id="sm-dba">
         <name>__aeabi_errno_addr</name>
         <value>0x8429</value>
         <object_component_ref idref="oc-328"/>
      </symbol>
      <symbol id="sm-dbb">
         <name>errno</name>
         <value>0x200089bc</value>
         <object_component_ref idref="oc-42b"/>
      </symbol>
      <symbol id="sm-ddb">
         <name>frexpl</name>
         <value>0x79b5</value>
         <object_component_ref idref="oc-40f"/>
      </symbol>
      <symbol id="sm-ddc">
         <name>frexp</name>
         <value>0x79b5</value>
         <object_component_ref idref="oc-40f"/>
      </symbol>
      <symbol id="sm-df9">
         <name>scalbn</name>
         <value>0x6da9</value>
         <object_component_ref idref="oc-415"/>
      </symbol>
      <symbol id="sm-dfa">
         <name>scalbnl</name>
         <value>0x6da9</value>
         <object_component_ref idref="oc-415"/>
      </symbol>
      <symbol id="sm-dfb">
         <name>ldexpl</name>
         <value>0x6da9</value>
         <object_component_ref idref="oc-415"/>
      </symbol>
      <symbol id="sm-dfc">
         <name>ldexp</name>
         <value>0x6da9</value>
         <object_component_ref idref="oc-415"/>
      </symbol>
      <symbol id="sm-e15">
         <name>wcslen</name>
         <value>0x83e5</value>
         <object_component_ref idref="oc-322"/>
      </symbol>
      <symbol id="sm-e1f">
         <name>copysign</name>
         <value>0x835d</value>
         <object_component_ref idref="oc-493"/>
      </symbol>
      <symbol id="sm-e20">
         <name>copysignl</name>
         <value>0x835d</value>
         <object_component_ref idref="oc-493"/>
      </symbol>
      <symbol id="sm-e30">
         <name>__TI_doflush</name>
         <value>0x7d49</value>
         <object_component_ref idref="oc-452"/>
      </symbol>
      <symbol id="sm-e40">
         <name>__TI_cleanup</name>
         <value>0x80f5</value>
         <object_component_ref idref="oc-4eb"/>
      </symbol>
      <symbol id="sm-e52">
         <name>fseek</name>
         <value>0x7a19</value>
         <object_component_ref idref="oc-4af"/>
      </symbol>
      <symbol id="sm-e5c">
         <name>__aeabi_idiv0</name>
         <value>0x6627</value>
         <object_component_ref idref="oc-47c"/>
      </symbol>
      <symbol id="sm-e5d">
         <name>__aeabi_ldiv0</name>
         <value>0x6627</value>
         <object_component_ref idref="oc-47c"/>
      </symbol>
      <symbol id="sm-e85">
         <name>__TI_auto_init_nobinit_nopinit</name>
         <value>0x7ef9</value>
         <object_component_ref idref="oc-167"/>
      </symbol>
      <symbol id="sm-e8f">
         <name>_system_pre_init</name>
         <value>0x8441</value>
         <object_component_ref idref="oc-ab"/>
      </symbol>
      <symbol id="sm-ea2">
         <name>strcspn</name>
         <value>0x82c1</value>
         <object_component_ref idref="oc-218"/>
      </symbol>
      <symbol id="sm-eb4">
         <name>strspn</name>
         <value>0x821d</value>
         <object_component_ref idref="oc-212"/>
      </symbol>
      <symbol id="sm-ec5">
         <name>HOSTclose</name>
         <value>0x7e71</value>
         <object_component_ref idref="oc-53a"/>
      </symbol>
      <symbol id="sm-ed6">
         <name>HOSTlseek</name>
         <value>0x787d</value>
         <object_component_ref idref="oc-54c"/>
      </symbol>
      <symbol id="sm-ee8">
         <name>parmbuf</name>
         <value>0x20008338</value>
      </symbol>
      <symbol id="sm-ee9">
         <name>HOSTopen</name>
         <value>0x7ae1</value>
         <object_component_ref idref="oc-534"/>
      </symbol>
      <symbol id="sm-efa">
         <name>HOSTread</name>
         <value>0x7b9d</value>
         <object_component_ref idref="oc-540"/>
      </symbol>
      <symbol id="sm-f0b">
         <name>HOSTrename</name>
         <value>0x7811</value>
         <object_component_ref idref="oc-558"/>
      </symbol>
      <symbol id="sm-f1c">
         <name>HOSTunlink</name>
         <value>0x7eb5</value>
         <object_component_ref idref="oc-552"/>
      </symbol>
      <symbol id="sm-f2d">
         <name>HOSTwrite</name>
         <value>0x7bf5</value>
         <object_component_ref idref="oc-546"/>
      </symbol>
      <symbol id="sm-f51">
         <name>__TI_readmsg</name>
         <value>0x8129</value>
         <object_component_ref idref="oc-587"/>
      </symbol>
      <symbol id="sm-f52">
         <name>C$$IO$$</name>
         <value>0x80b3</value>
         <object_component_ref idref="oc-581"/>
      </symbol>
      <symbol id="sm-f53">
         <name>__CIOBUF_</name>
         <value>0x20008000</value>
         <object_component_ref idref="oc-5b2"/>
      </symbol>
      <symbol id="sm-f54">
         <name>__TI_writemsg</name>
         <value>0x8085</value>
         <object_component_ref idref="oc-581"/>
      </symbol>
      <symbol id="sm-f65">
         <name>lseek</name>
         <value>0x8271</value>
         <object_component_ref idref="oc-4d7"/>
      </symbol>
      <symbol id="sm-f7a">
         <name>__TI_closefile</name>
         <value>0x76bd</value>
         <object_component_ref idref="oc-528"/>
      </symbol>
      <symbol id="sm-f9d">
         <name>finddevice</name>
         <value>0x8191</value>
         <object_component_ref idref="oc-5d0"/>
      </symbol>
      <symbol id="sm-f9e">
         <name>getdevice</name>
         <value>0x7f3d</value>
         <object_component_ref idref="oc-5a8"/>
      </symbol>
      <symbol id="sm-fad">
         <name>strcmp</name>
         <value>0x838f</value>
         <object_component_ref idref="oc-5e7"/>
      </symbol>
      <symbol id="sm-fbb">
         <name>strcpy</name>
         <value>0x83bd</value>
         <object_component_ref idref="oc-59b"/>
      </symbol>
      <symbol id="sm-fcb">
         <name>strncpy</name>
         <value>0x80bd</value>
         <object_component_ref idref="oc-5ca"/>
      </symbol>
      <symbol id="sm-fe0">
         <name>close</name>
         <value>0x7b41</value>
         <object_component_ref idref="oc-570"/>
      </symbol>
      <symbol id="sm-ff0">
         <name>unlink</name>
         <value>0x81f1</value>
         <object_component_ref idref="oc-576"/>
      </symbol>
      <symbol id="sm-ff1">
         <name>__TI_static_base__</name>
         <value>0x0</value>
      </symbol>
      <symbol id="sm-ff4">
         <name>__mpu_init</name>
         <value>0x0</value>
      </symbol>
      <symbol id="sm-ff5">
         <name>_system_post_cinit</name>
         <value>0x0</value>
      </symbol>
      <symbol id="sm-ff6">
         <name>NMI_Handler</name>
         <value>0x8411</value>
      </symbol>
      <symbol id="sm-ff7">
         <name>HardFault_Handler</name>
         <value>0x8411</value>
      </symbol>
      <symbol id="sm-ff8">
         <name>MemManage_Handler</name>
         <value>0x8411</value>
      </symbol>
      <symbol id="sm-ff9">
         <name>BusFault_Handler</name>
         <value>0x8411</value>
      </symbol>
      <symbol id="sm-ffa">
         <name>UsageFault_Handler</name>
         <value>0x8411</value>
      </symbol>
      <symbol id="sm-ffb">
         <name>SVC_Handler</name>
         <value>0x8411</value>
      </symbol>
      <symbol id="sm-ffc">
         <name>DebugMon_Handler</name>
         <value>0x8411</value>
      </symbol>
      <symbol id="sm-ffd">
         <name>PendSV_Handler</name>
         <value>0x8411</value>
      </symbol>
      <symbol id="sm-ffe">
         <name>SysTick_Handler</name>
         <value>0x8411</value>
      </symbol>
      <symbol id="sm-fff">
         <name>PSS_IRQHandler</name>
         <value>0x8411</value>
      </symbol>
      <symbol id="sm-1000">
         <name>CS_IRQHandler</name>
         <value>0x8411</value>
      </symbol>
      <symbol id="sm-1001">
         <name>PCM_IRQHandler</name>
         <value>0x8411</value>
      </symbol>
      <symbol id="sm-1002">
         <name>WDT_A_IRQHandler</name>
         <value>0x8411</value>
      </symbol>
      <symbol id="sm-1003">
         <name>FPU_IRQHandler</name>
         <value>0x8411</value>
      </symbol>
      <symbol id="sm-1004">
         <name>FLCTL_IRQHandler</name>
         <value>0x8411</value>
      </symbol>
      <symbol id="sm-1005">
         <name>COMP_E0_IRQHandler</name>
         <value>0x8411</value>
      </symbol>
      <symbol id="sm-1006">
         <name>COMP_E1_IRQHandler</name>
         <value>0x8411</value>
      </symbol>
      <symbol id="sm-1007">
         <name>TA0_0_IRQHandler</name>
         <value>0x8411</value>
      </symbol>
      <symbol id="sm-1008">
         <name>TA0_N_IRQHandler</name>
         <value>0x8411</value>
      </symbol>
      <symbol id="sm-1009">
         <name>TA1_0_IRQHandler</name>
         <value>0x8411</value>
      </symbol>
      <symbol id="sm-100a">
         <name>TA1_N_IRQHandler</name>
         <value>0x8411</value>
      </symbol>
      <symbol id="sm-100b">
         <name>TA2_0_IRQHandler</name>
         <value>0x8411</value>
      </symbol>
      <symbol id="sm-100c">
         <name>TA2_N_IRQHandler</name>
         <value>0x8411</value>
      </symbol>
      <symbol id="sm-100d">
         <name>TA3_0_IRQHandler</name>
         <value>0x8411</value>
      </symbol>
      <symbol id="sm-100e">
         <name>TA3_N_IRQHandler</name>
         <value>0x8411</value>
      </symbol>
      <symbol id="sm-100f">
         <name>EUSCIA0_IRQHandler</name>
         <value>0x56a5</value>
      </symbol>
      <symbol id="sm-1010">
         <name>EUSCIA1_IRQHandler</name>
         <value>0x8411</value>
      </symbol>
      <symbol id="sm-1011">
         <name>EUSCIA2_IRQHandler</name>
         <value>0x8411</value>
      </symbol>
      <symbol id="sm-1012">
         <name>EUSCIA3_IRQHandler</name>
         <value>0x8411</value>
      </symbol>
      <symbol id="sm-1013">
         <name>EUSCIB0_IRQHandler</name>
         <value>0x8411</value>
      </symbol>
      <symbol id="sm-1014">
         <name>EUSCIB1_IRQHandler</name>
         <value>0x8411</value>
      </symbol>
      <symbol id="sm-1015">
         <name>EUSCIB2_IRQHandler</name>
         <value>0x8411</value>
      </symbol>
      <symbol id="sm-1016">
         <name>EUSCIB3_IRQHandler</name>
         <value>0x8411</value>
      </symbol>
      <symbol id="sm-1017">
         <name>ADC14_IRQHandler</name>
         <value>0x605d</value>
      </symbol>
      <symbol id="sm-1018">
         <name>T32_INT1_IRQHandler</name>
         <value>0x8411</value>
      </symbol>
      <symbol id="sm-1019">
         <name>T32_INT2_IRQHandler</name>
         <value>0x8411</value>
      </symbol>
      <symbol id="sm-101a">
         <name>T32_INTC_IRQHandler</name>
         <value>0x8411</value>
      </symbol>
      <symbol id="sm-101b">
         <name>AES256_IRQHandler</name>
         <value>0x8411</value>
      </symbol>
      <symbol id="sm-101c">
         <name>RTC_C_IRQHandler</name>
         <value>0x8411</value>
      </symbol>
      <symbol id="sm-101d">
         <name>DMA_ERR_IRQHandler</name>
         <value>0x8411</value>
      </symbol>
      <symbol id="sm-101e">
         <name>DMA_INT3_IRQHandler</name>
         <value>0x8411</value>
      </symbol>
      <symbol id="sm-101f">
         <name>DMA_INT2_IRQHandler</name>
         <value>0x8411</value>
      </symbol>
      <symbol id="sm-1020">
         <name>DMA_INT1_IRQHandler</name>
         <value>0x8411</value>
      </symbol>
      <symbol id="sm-1021">
         <name>DMA_INT0_IRQHandler</name>
         <value>0x8411</value>
      </symbol>
      <symbol id="sm-1022">
         <name>PORT1_IRQHandler</name>
         <value>0x8411</value>
      </symbol>
      <symbol id="sm-1023">
         <name>PORT2_IRQHandler</name>
         <value>0x8411</value>
      </symbol>
      <symbol id="sm-1024">
         <name>PORT3_IRQHandler</name>
         <value>0x8411</value>
      </symbol>
      <symbol id="sm-1025">
         <name>PORT4_IRQHandler</name>
         <value>0x8411</value>
      </symbol>
      <symbol id="sm-1026">
         <name>PORT5_IRQHandler</name>
         <value>0x8411</value>
      </symbol>
      <symbol id="sm-1027">
         <name>PORT6_IRQHandler</name>
         <value>0x8411</value>
      </symbol>
      <symbol id="sm-1028">
         <name>remove</name>
         <value>0x81f1</value>
      </symbol>
   </symbol_table>
   <title>Link successful</title>
</link_info>
