******************************************************************************
                  TI ARM Linker PC v20.2.2                     
******************************************************************************
>> Linked Wed Dec  2 22:58:38 2020

OUTPUT FILE NAME:   <Project.out>
ENTRY POINT SYMBOL: "_c_int00_noargs"  address: 000083f1


MEMORY CONFIGURATION

         name            origin    length      used     unused   attr    fill
----------------------  --------  ---------  --------  --------  ----  --------
  MAIN                  00000000   00040000  00008950  000376b0  R  X
  INFO                  00200000   00004000  00000000  00004000  R  X
  SRAM_CODE             01000000   00010000  00008ccc  00007334  RW X
  SRAM_DATA             20000000   00010000  00008ccc  00007334  RW  


SEGMENT ALLOCATION MAP

run origin  load origin   length   init length attrs members
----------  ----------- ---------- ----------- ----- -------
00000000    00000000    00008950   00008950    r-x
  00000000    00000000    000000e4   000000e4    r-- .intvecs
  000000e4    000000e4    000085f8   000085f8    r-x .text
  000086dc    000086dc    0000010c   0000010c    r-- .const
  000087e8    000087e8    00000168   00000168    r-- .cinit
20000000    20000000    00008ad0   00000000    rw-
  20000000    20000000    00008364   00000000    rw- .bss
  20008368    20008368    00000400   00000000    rw- .sysmem
  20008768    20008768    00000368   00000000    rw- .data
2000fe00    2000fe00    00000200   00000000    rw-
  2000fe00    2000fe00    00000200   00000000    rw- .stack


SECTION ALLOCATION MAP

 output                                  attributes/
section   page    origin      length       input sections
--------  ----  ----------  ----------   ----------------
.intvecs   0    00000000    000000e4     
                  00000000    000000e4     startup_msp432p401r_ccs.obj (.intvecs:retain)

.text      0    000000e4    000085f8     
                  000000e4    000020c4     tasks.obj (.text)
                  000021a8    000010f0     queue.obj (.text)
                  00003298    00000a4e     rtsv7M4_T_le_v4SPD16_eabi.lib : _printfi.c.obj (.text:__TI_printfi)
                  00003ce6    00000002                                   : _lock.c.obj (.text:_nop)
                  00003ce8    000007a4     timers.obj (.text)
                  0000448c    00000544     lcd.obj (.text)
                  000049d0    00000438     port.obj (.text)
                  00004e08    0000042c     heap_4.obj (.text)
                  00005234    00000354     system_msp432p401r.obj (.text)
                  00005588    000002f0     task_light_sensor.obj (.text)
                  00005878    000002a0     task_accelerometer.obj (.text)
                  00005b18    00000294     task_console.obj (.text)
                  00005dac    00000270     rtsv7M4_T_le_v4SPD16_eabi.lib : _printfi.c.obj (.text:_pconv_a)
                  0000601c    000001d8     main.obj (.text)
                  000061f4    000001d0     rtsv7M4_T_le_v4SPD16_eabi.lib : _printfi.c.obj (.text:_pconv_g)
                  000063c4    000001c0     i2c.obj (.text)
                  00006584    000001b6     rtsv7M4_T_le_v4SPD16_eabi.lib : fd_add_t2.asm.obj (.text)
                  0000673a    00000002                                   : div0.asm.obj (.text)
                  0000673c    000001a8     task_packman.obj (.text)
                  000068e4    00000184     task_buzzer.obj (.text)
                  00006a68    0000013c     rtsv7M4_T_le_v4SPD16_eabi.lib : _printfi.c.obj (.text:_pconv_e)
                  00006ba4    00000136                                   : fd_div_t2.asm.obj (.text)
                  00006cda    0000012a     list.obj (.text)
                  00006e04    00000124     rtsv7M4_T_le_v4SPD16_eabi.lib : _printfi.c.obj (.text:fcvt)
                  00006f28    00000114                                   : fputs.c.obj (.text:fputs)
                  0000703c    00000110                                   : s_scalbn.c.obj (.text:scalbn)
                  0000714c    00000100                                   : memory.c.obj (.text:aligned_alloc)
                  0000724c    000000fc                                   : fd_mul_t2.asm.obj (.text)
                  00007348    000000e4                                   : memory.c.obj (.text:free)
                  0000742c    000000dc                                   : setvbuf.c.obj (.text:setvbuf)
                  00007508    000000da     portasm.obj (.text)
                  000075e2    00000002     --HOLE-- [fill = 0]
                  000075e4    000000b1     rtsv7M4_T_le_v4SPD16_eabi.lib : _printfi.c.obj (.text:_ltostr)
                  00007695    00000001     --HOLE-- [fill = 0]
                  00007696    0000009c                                   : memcpy_t2.asm.obj (.text)
                  00007732    00000096                                   : ull_div_t2.asm.obj (.text)
                  000077c8    00000086                                   : fd_cmp_t2.asm.obj (.text:__aeabi_cdcmple)
                  0000784e    00000086                                   : fd_cmp_t2.asm.obj (.text:__aeabi_cdrcmple)
                  000078d4    0000007a                                   : memset_t2.asm.obj (.text)
                  0000794e    00000002     --HOLE-- [fill = 0]
                  00007950    00000074                                   : fclose.c.obj (.text:__TI_closefile)
                  000079c4    00000070                                   : memory.c.obj (.text:split)
                  00007a34    0000006e                                   : _printfi.c.obj (.text:_mcpy)
                  00007aa2    00000002     --HOLE-- [fill = 0]
                  00007aa4    0000006c                                   : hostrename.c.obj (.text:HOSTrename)
                  00007b10    00000068                                   : hostlseek.c.obj (.text:HOSTlseek)
                  00007b78    00000068                                   : copy_decompress_lzss.c.obj (.text:decompress:lzss:__TI_decompress_lzss)
                  00007be0    00000068                                   : printf.c.obj (.text:printf)
                  00007c48    00000064                                   : s_frexp.c.obj (.text:frexp)
                  00007cac    00000064                                   : fseek.c.obj (.text:fseek)
                  00007d10    00000062                                   : _io_perm.c.obj (.text:__TI_wrt_ok)
                  00007d72    00000002     --HOLE-- [fill = 0]
                  00007d74    00000060                                   : hostopen.c.obj (.text:HOSTopen)
                  00007dd4    0000005c                                   : close.c.obj (.text:close)
                  00007e30    00000058                                   : hostread.c.obj (.text:HOSTread)
                  00007e88    00000058                                   : hostwrite.c.obj (.text:HOSTwrite)
                  00007ee0    00000056                                   : _printfi.c.obj (.text:_pconv_f)
                  00007f36    00000054                                   : _ltoa.c.obj (.text:__TI_ltoa)
                  00007f8a    00000052                                   : _printfi.c.obj (.text:_ecpy)
                  00007fdc    0000004c                                   : fflush.c.obj (.text:__TI_doflush)
                  00008028    0000004c                                   : atoi.c.obj (.text:atoi)
                  00008074    00000048                                   : exit.c.obj (.text:exit)
                  000080bc    00000048                                   : fd_toi_t2.asm.obj (.text)
                  00008104    00000044                                   : hostclose.c.obj (.text:HOSTclose)
                  00008148    00000044                                   : hostunlink.c.obj (.text:HOSTunlink)
                  0000818c    00000044                                   : autoinit.c.obj (.text:__TI_auto_init_nobinit_nopinit:__TI_auto_init_nobinit_nopinit)
                  000081d0    00000044                                   : getdevice.c.obj (.text:getdevice)
                  00008214    00000044                                   : fd_tou_t2.asm.obj (.text)
                  00008258    00000040                                   : sprintf.c.obj (.text:sprintf)
                  00008298    00000040                                   : strtok.c.obj (.text:strtok)
                  000082d8    0000003e                                   : _printfi.c.obj (.text:_fcpy)
                  00008316    00000002     --HOLE-- [fill = 0]
                  00008318    00000038                                   : trgmsg.c.obj (.text:__TI_writemsg)
                  00008350    00000036                                   : strncpy.c.obj (.text:strncpy)
                  00008386    00000002     --HOLE-- [fill = 0]
                  00008388    00000034                                   : fopen.c.obj (.text:__TI_cleanup)
                  000083bc    00000034                                   : trgmsg.c.obj (.text:__TI_readmsg)
                  000083f0    00000034                                   : boot_cortex_m.c.obj (.text:_c_int00_noargs:_c_int00_noargs)
                  00008424    00000030                                   : getdevice.c.obj (.text:finddevice)
                  00008454    0000002e                                   : i_tofd_t2.asm.obj (.text)
                  00008482    00000002     --HOLE-- [fill = 0]
                  00008484    0000002c                                   : unlink.c.obj (.text:unlink)
                  000084b0    0000002a                                   : strspn.c.obj (.text:strspn)
                  000084da    00000002     --HOLE-- [fill = 0]
                  000084dc    00000028                                   : memory.c.obj (.text:free_list_insert)
                  00008504    00000028                                   : lseek.c.obj (.text:lseek)
                  0000852c    00000028                                   : write.c.obj (.text:write)
                  00008554    00000024                                   : strcspn.c.obj (.text:strcspn)
                  00008578    00000020                                   : memchr.c.obj (.text:memchr)
                  00008598    00000020                                   : u_tofd_t2.asm.obj (.text)
                  000085b8    0000001c                                   : memory.c.obj (.text:free_list_remove)
                  000085d4    0000001c                                   : memccpy.c.obj (.text:memccpy)
                  000085f0    0000001a                                   : s_copysign.c.obj (.text:copysign)
                  0000860a    00000018                                   : sprintf.c.obj (.text:_outs)
                  00008622    00000018                                   : strcmp.c.obj (.text:strcmp)
                  0000863a    00000016                                   : strchr.c.obj (.text:strchr)
                  00008650    00000014                                   : strcpy.c.obj (.text:strcpy)
                  00008664    00000014                                   : strlen.c.obj (.text:strlen)
                  00008678    00000012                                   : wcslen.c.obj (.text:wcslen)
                  0000868a    0000000e                                   : copy_decompress_none.c.obj (.text:decompress:none:__TI_decompress_none)
                  00008698    0000000e     startup_msp432p401r_ccs.obj (.text)
                  000086a6    0000000c     rtsv7M4_T_le_v4SPD16_eabi.lib : copy_zero_init.c.obj (.text:decompress:ZI:__TI_zero_init)
                  000086b2    0000000a                                   : sprintf.c.obj (.text:_outc)
                  000086bc    00000008                                   : errno.c.obj (.text:__aeabi_errno_addr)
                  000086c4    00000008                                   : memory.c.obj (.text:malloc)
                  000086cc    00000004                                   : printf.c.obj (.text:_outc)
                  000086d0    00000004                                   : printf.c.obj (.text:_outs)
                  000086d4    00000004                                   : pre_init.c.obj (.text:_system_pre_init)
                  000086d8    00000004                                   : exit.c.obj (.text:abort:abort)

.const     0    000086dc    0000010c     
                  000086dc    00000101     rtsv7M4_T_le_v4SPD16_eabi.lib : ctype.c.obj (.const:.string:_ctypes_)
                  000087dd    00000002     packman.obj (.const)
                  000087df    00000001     --HOLE-- [fill = 0]
                  000087e0    00000008     port.obj (.const)

.cinit     0    000087e8    00000168     
                  000087e8    0000013e     (.cinit..data.load) [load image, compression = lzss]
                  00008926    00000002     --HOLE-- [fill = 0]
                  00008928    0000000c     (__TI_handler_table)
                  00008934    00000004     --HOLE-- [fill = 0]
                  00008938    00000008     (.cinit..bss.load) [load image, compression = zero_init]
                  00008940    00000010     (__TI_cinit_table)

.init_array 
*          0    00000000    00000000     UNINITIALIZED

.binit     0    00000000    00000000     

.bss       0    20000000    00008364     UNINITIALIZED
                  20000000    00008000     heap_4.obj (.bss:ucHeap)
                  20008000    00000120     rtsv7M4_T_le_v4SPD16_eabi.lib : trgmsg.c.obj (.bss:_CIOBUF_)
                  20008120    000000c8     tasks.obj (.bss:pxReadyTasksLists)
                  200081e8    000000a0     (.common:__TI_tmpnams)
                  20008288    00000014     timers.obj (.bss:xActiveTimerList1)
                  2000829c    00000014     timers.obj (.bss:xActiveTimerList2)
                  200082b0    00000014     tasks.obj (.bss:xDelayedTaskList1)
                  200082c4    00000014     tasks.obj (.bss:xDelayedTaskList2)
                  200082d8    00000014     tasks.obj (.bss:xPendingReadyList)
                  200082ec    00000014     tasks.obj (.bss:xSuspendedTaskList)
                  20008300    00000014     tasks.obj (.bss:xTasksWaitingTermination)
                  20008314    0000000c     (.common:RX_ARRAY)
                  20008320    00000008     tasks.obj (.bss)
                  20008328    00000008     timers.obj (.bss)
                  20008330    00000008     heap_4.obj (.bss:xStart)
                  20008338    00000008     (.common:parmbuf)
                  20008340    00000004     (.common:Queue_Packman)
                  20008344    00000004     (.common:Sem_Console)
                  20008348    00000004     (.common:Task_Accelerometer_Handle)
                  2000834c    00000004     (.common:Task_Accelerometer_Timer_Handle)
                  20008350    00000004     (.common:Task_Buzzer_Handle)
                  20008354    00000004     (.common:Task_Console_Handle)
                  20008358    00000004     (.common:Task_Light_Sensor_Handle)
                  2000835c    00000004     (.common:Task_Packman_Handle)
                  20008360    00000002     (.common:Lcd_ScreenHeigth)
                  20008362    00000002     (.common:Lcd_ScreenWidth)

.sysmem    0    20008368    00000400     UNINITIALIZED
                  20008368    00000010     rtsv7M4_T_le_v4SPD16_eabi.lib : memory.c.obj (.sysmem)
                  20008378    000003f0     --HOLE--

.data      0    20008768    00000368     UNINITIALIZED
                  20008768    000000f0     rtsv7M4_T_le_v4SPD16_eabi.lib : defs.c.obj (.data:_ftable)
                  20008858    00000078                                   : host_device.c.obj (.data:_device)
                  200088d0    00000050                                   : host_device.c.obj (.data:_stream)
                  20008920    0000003c     packman.obj (.data:packman_downBitmaps)
                  2000895c    0000003c     packman.obj (.data:packman_leftBitmaps)
                  20008998    0000003c     packman.obj (.data:packman_rightBitmaps)
                  200089d4    0000003c     packman.obj (.data:packman_upBitmaps)
                  20008a10    00000034     tasks.obj (.data)
                  20008a44    00000018     heap_4.obj (.data)
                  20008a5c    00000018     port.obj (.data)
                  20008a74    00000010     rtsv7M4_T_le_v4SPD16_eabi.lib : defs.c.obj (.data)
                  20008a84    0000000c                                   : exit.c.obj (.data:$O1$$)
                  20008a90    0000000c     task_accelerometer.obj (.data)
                  20008a9c    0000000c     timers.obj (.data)
                  20008aa8    00000008     rtsv7M4_T_le_v4SPD16_eabi.lib : _lock.c.obj (.data:$O1$$)
                  20008ab0    00000008                                   : memory.c.obj (.data:$O1$$)
                  20008ab8    00000008     task_packman.obj (.data)
                  20008ac0    00000004     rtsv7M4_T_le_v4SPD16_eabi.lib : errno.c.obj (.data)
                  20008ac4    00000004                                   : strtok.c.obj (.data)
                  20008ac8    00000004     system_msp432p401r.obj (.data)
                  20008acc    00000002     task_console.obj (.data)
                  20008ace    00000002     task_light_sensor.obj (.data)

.stack     0    2000fe00    00000200     UNINITIALIZED
                  2000fe00    00000004     rtsv7M4_T_le_v4SPD16_eabi.lib : boot_cortex_m.c.obj (.stack)
                  2000fe04    000001fc     --HOLE--

__llvm_prf_cnts 
*          0    20000000    00000000     UNINITIALIZED

MODULE SUMMARY

       Module                        code    ro data   rw data
       ------                        ----    -------   -------
    .\
       lcd.obj                       1348    0         8      
       system_msp432p401r.obj        852     0         8      
       task_light_sensor.obj         752     0         12     
       task_accelerometer.obj        672     0         40     
       task_console.obj              660     0         44     
       packman.obj                   0       2         480    
       main.obj                      472     0         0      
       task_packman.obj              424     0         32     
       i2c.obj                       448     0         0      
       task_buzzer.obj               388     0         8      
       startup_msp432p401r_ccs.obj   14      228       0      
    +--+-----------------------------+-------+---------+---------+
       Total:                        6030    230       632    
                                                              
    .\FreeRTOS\
       heap_4.obj                    1068    0         65600  
       tasks.obj                     8388    0         720    
       queue.obj                     4336    0         0      
       timers.obj                    1956    0         120    
       list.obj                      298     0         0      
    +--+-----------------------------+-------+---------+---------+
       Total:                        16046   0         66440  
                                                              
    .\FreeRTOS\portable\
       port.obj                      1080    8         48     
       portasm.obj                   218     0         0      
    +--+-----------------------------+-------+---------+---------+
       Total:                        1298    8         48     
                                                              
    C:\ti\ccs1010\ccs\tools\compiler\ti-cgt-arm_20.2.2.LTS\lib\rtsv7M4_T_le_v4SPD16_eabi.lib
       _printfi.c.obj                4851    0         0      
       defs.c.obj                    0       0         832    
       memory.c.obj                  672     0         16     
       trgmsg.c.obj                  108     0         576    
       fd_add_t2.asm.obj             438     0         0      
       host_device.c.obj             0       0         400    
       fd_div_t2.asm.obj             310     0         0      
       fputs.c.obj                   276     0         0      
       s_scalbn.c.obj                272     0         0      
       fd_cmp_t2.asm.obj             268     0         0      
       ctype.c.obj                   0       257       0      
       fd_mul_t2.asm.obj             252     0         0      
       setvbuf.c.obj                 220     0         0      
       memcpy_t2.asm.obj             156     0         0      
       ull_div_t2.asm.obj            150     0         0      
       memset_t2.asm.obj             122     0         0      
       fclose.c.obj                  116     0         0      
       getdevice.c.obj               116     0         0      
       hostopen.c.obj                96      0         16     
       printf.c.obj                  112     0         0      
       hostrename.c.obj              108     0         0      
       copy_decompress_lzss.c.obj    104     0         0      
       hostlseek.c.obj               104     0         0      
       exit.c.obj                    76      0         24     
       fseek.c.obj                   100     0         0      
       s_frexp.c.obj                 100     0         0      
       _io_perm.c.obj                98      0         0      
       sprintf.c.obj                 98      0         0      
       close.c.obj                   92      0         0      
       hostread.c.obj                88      0         0      
       hostwrite.c.obj               88      0         0      
       _ltoa.c.obj                   84      0         0      
       atoi.c.obj                    76      0         0      
       fflush.c.obj                  76      0         0      
       fd_toi_t2.asm.obj             72      0         0      
       strtok.c.obj                  64      0         8      
       autoinit.c.obj                68      0         0      
       fd_tou_t2.asm.obj             68      0         0      
       hostclose.c.obj               68      0         0      
       hostunlink.c.obj              68      0         0      
       strncpy.c.obj                 54      0         0      
       boot_cortex_m.c.obj           52      0         0      
       fopen.c.obj                   52      0         0      
       i_tofd_t2.asm.obj             46      0         0      
       unlink.c.obj                  44      0         0      
       strspn.c.obj                  42      0         0      
       lseek.c.obj                   40      0         0      
       write.c.obj                   40      0         0      
       strcspn.c.obj                 36      0         0      
       memchr.c.obj                  32      0         0      
       u_tofd_t2.asm.obj             32      0         0      
       memccpy.c.obj                 28      0         0      
       s_copysign.c.obj              26      0         0      
       strcmp.c.obj                  24      0         0      
       strchr.c.obj                  22      0         0      
       strcpy.c.obj                  20      0         0      
       strlen.c.obj                  20      0         0      
       _lock.c.obj                   2       0         16     
       wcslen.c.obj                  18      0         0      
       errno.c.obj                   8       0         8      
       copy_decompress_none.c.obj    14      0         0      
       copy_zero_init.c.obj          12      0         0      
       pre_init.c.obj                4       0         0      
       div0.asm.obj                  2       0         0      
    +--+-----------------------------+-------+---------+---------+
       Total:                        10905   257       1896   
                                                              
       Heap:                         0       0         2048   
       Stack:                        0       0         1024   
       Linker Generated:             0       354       0      
    +--+-----------------------------+-------+---------+---------+
       Grand Total:                  34279   849       72088  


LINKER GENERATED COPY TABLES

__TI_cinit_table @ 00008940 records: 2, size/record: 8, table size: 16
	.data: load addr=000087e8, load size=0000013e bytes, run addr=20008768, run size=00000368 bytes, compression=lzss
	.bss: load addr=00008938, load size=00000008 bytes, run addr=20000000, run size=00008364 bytes, compression=zero_init


LINKER GENERATED HANDLER TABLE

__TI_handler_table @ 00008928 records: 3, size/record: 4, table size: 12
	index: 0, handler: __TI_decompress_lzss
	index: 1, handler: __TI_decompress_none
	index: 2, handler: __TI_zero_init


GLOBAL SYMBOLS: SORTED ALPHABETICALLY BY Name 

address   name                               
-------   ----                               
20008a90  ACC_X_DIR                          
20008a94  ACC_Y_DIR                          
20008a98  ACC_Z_DIR                          
00005a5b  ADC14_IRQHandler                   
00005a5b  ADC14_IRQHandler                   
000086a5  AES256_IRQHandler                  
000086a5  BusFault_Handler                   
000069fb  Buzzer_Off                         
000069e1  Buzzer_On                          
00006a09  Buzzer_Run_Status                  
0000693d  Buzzer_Set_Period                  
000086d9  C$$EXIT                            
00008347  C$$IO$$                            
000086a5  COMP_E0_IRQHandler                 
000086a5  COMP_E1_IRQHandler                 
000086a5  CS_IRQHandler                      
000045fd  Crystalfontz128x128_Init           
00004565  Crystalfontz128x128_SetDrawFrame   
000086a5  DMA_ERR_IRQHandler                 
000086a5  DMA_INT0_IRQHandler                
000086a5  DMA_INT1_IRQHandler                
000086a5  DMA_INT2_IRQHandler                
000086a5  DMA_INT3_IRQHandler                
000086a5  DebugMon_Handler                   
000086a5  Default_Handler                    
0000675b  Draw_Packman                       
00005c35  EUSCIA0_IRQHandler                 
00005c35  EUSCIA0_IRQHandler                 
000086a5  EUSCIA1_IRQHandler                 
000086a5  EUSCIA2_IRQHandler                 
000086a5  EUSCIA3_IRQHandler                 
000086a5  EUSCIB0_IRQHandler                 
000086a5  EUSCIB1_IRQHandler                 
000086a5  EUSCIB2_IRQHandler                 
000086a5  EUSCIB3_IRQHandler                 
000086a5  FLCTL_IRQHandler                   
000086a5  FPU_IRQHandler                     
0000448d  HAL_LCD_PortInit                   
000044d5  HAL_LCD_SpiInit                    
00004509  HAL_LCD_writeCommand               
00004541  HAL_LCD_writeData                  
00008105  HOSTclose                          
00007b11  HOSTlseek                          
00007d75  HOSTopen                           
00007e31  HOSTread                           
00007aa5  HOSTrename                         
00008149  HOSTunlink                         
00007e89  HOSTwrite                          
000086a5  HardFault_Handler                  
20008360  Lcd_ScreenHeigth                   
20008362  Lcd_ScreenWidth                    
000086a5  MemManage_Handler                  
000086a5  NMI_Handler                        
000055cf  OPT3001_get_lux                    
00005589  OPT3001_init                       
000086a5  PCM_IRQHandler                     
000086a5  PORT1_IRQHandler                   
000086a5  PORT2_IRQHandler                   
000086a5  PORT3_IRQHandler                   
000086a5  PORT4_IRQHandler                   
000086a5  PORT5_IRQHandler                   
000086a5  PORT6_IRQHandler                   
000086a5  PSS_IRQHandler                     
20008ace  Packman_Color                      
000086a5  PendSV_Handler                     
20008340  Queue_Packman                      
000086a5  RTC_C_IRQHandler                   
20008314  RX_ARRAY                           
20008acc  RX_INDEX                           
00008699  Reset_Handler                      
000086a5  SVC_Handler                        
20008344  Sem_Console                        
000086a5  SysTick_Handler                    
20008ac8  SystemCoreClock                    
00005235  SystemCoreClockUpdate              
000054ad  SystemInit                         
0000698b  T32_1_wait                         
000086a5  T32_INT1_IRQHandler                
000086a5  T32_INT2_IRQHandler                
000086a5  T32_INTC_IRQHandler                
000086a5  TA0_0_IRQHandler                   
000086a5  TA0_N_IRQHandler                   
000086a5  TA1_0_IRQHandler                   
000086a5  TA1_N_IRQHandler                   
000086a5  TA2_0_IRQHandler                   
000086a5  TA2_N_IRQHandler                   
000086a5  TA3_0_IRQHandler                   
000086a5  TA3_N_IRQHandler                   
00005985  Task_Accelerometer                 
20008348  Task_Accelerometer_Handle          
000058e3  Task_Accelerometer_Init            
0000596f  Task_Accelerometer_Timer           
2000834c  Task_Accelerometer_Timer_Handle    
00006a1d  Task_Buzzer                        
20008350  Task_Buzzer_Handle                 
000069b9  Task_Buzzer_Init                   
00005cad  Task_Console_Bottom_Half           
20008354  Task_Console_Handle                
00005be9  Task_Console_Init                  
000056eb  Task_Light_Sensor                  
20008358  Task_Light_Sensor_Handle           
000055c3  Task_Light_Sensor_Init             
00006783  Task_Packman                       
2000835c  Task_Packman_Handle                
0000673d  Task_Packman_Init                  
000086a5  UsageFault_Handler                 
4000480c  WDTCTL_SYM                         
000086a5  WDT_A_IRQHandler                   
20008000  __CIOBUF_                          
20010000  __STACK_END                        
00000200  __STACK_SIZE                       
00000400  __SYSMEM_SIZE                      
00008940  __TI_CINIT_Base                    
00008950  __TI_CINIT_Limit                   
00008928  __TI_Handler_Table_Base            
00008934  __TI_Handler_Table_Limit           
0000818d  __TI_auto_init_nobinit_nopinit     
00008389  __TI_cleanup                       
20008a84  __TI_cleanup_ptr                   
00007951  __TI_closefile                     
00007b79  __TI_decompress_lzss               
0000868b  __TI_decompress_none               
00007fdd  __TI_doflush                       
20008a88  __TI_dtors_ptr                     
20008a8c  __TI_enable_exit_profile_output    
20008a74  __TI_ft_end                        
00007f37  __TI_ltoa                          
ffffffff  __TI_pprof_out_hndl                
00003299  __TI_printfi                       
ffffffff  __TI_prof_data_size                
ffffffff  __TI_prof_data_start               
000083bd  __TI_readmsg                       
00000000  __TI_static_base__                 
200081e8  __TI_tmpnams                       
00008319  __TI_writemsg                      
00007d11  __TI_wrt_ok                        
000086a7  __TI_zero_init                     
000077c9  __aeabi_cdcmpeq                    
000077c9  __aeabi_cdcmple                    
0000784f  __aeabi_cdrcmple                   
000080bd  __aeabi_d2iz                       
00008215  __aeabi_d2uiz                      
0000658f  __aeabi_dadd                       
00006ba5  __aeabi_ddiv                       
0000724d  __aeabi_dmul                       
00006585  __aeabi_dsub                       
000086bd  __aeabi_errno_addr                 
00008455  __aeabi_i2d                        
0000673b  __aeabi_idiv0                      
0000673b  __aeabi_ldiv0                      
000078d5  __aeabi_memclr                     
000078d5  __aeabi_memclr4                    
000078d5  __aeabi_memclr8                    
00007697  __aeabi_memcpy                     
00007697  __aeabi_memcpy4                    
00007697  __aeabi_memcpy8                    
000078d7  __aeabi_memset                     
000078d7  __aeabi_memset4                    
000078d7  __aeabi_memset8                    
20008a80  __aeabi_stderr                     
20008a78  __aeabi_stdin                      
20008a7c  __aeabi_stdout                     
00008599  __aeabi_ui2d                       
00007733  __aeabi_uldivmod                   
ffffffff  __binit__                          
ffffffff  __c_args__                         
UNDEFED   __mpu_init                         
2000fe00  __stack                            
20000000  __start___llvm_prf_cnts            
20000000  __stop___llvm_prf_cnts             
000083f1  _c_int00_noargs                    
000086dc  _ctypes_                           
20008858  _device                            
20008768  _ftable                            
20008aa8  _lock                              
00003ce7  _nop                               
200088d0  _stream                            
20008368  _sys_memory                        
UNDEFED   _system_post_cinit                 
000086d5  _system_pre_init                   
20008aac  _unlock                            
000086d9  abort                              
0000714d  aligned_alloc                      
00008029  atoi                               
ffffffff  binit                              
000068e5  buzzer_get_time_delay              
00007dd5  close                              
000085f1  copysign                           
000085f1  copysignl                          
20008abc  current_packman_Bitmap             
000013fd  eTaskConfirmSleepModeStatus        
00000539  eTaskGetState                      
20008ac0  errno                              
00008075  exit                               
00008425  finddevice                         
00005c17  fputc                              
00006f29  fputs                              
00007349  free                               
00007c49  frexp                              
00007c49  frexpl                             
00007cad  fseek                              
000081d1  getdevice                          
00006453  i2c_init                           
000064ef  i2c_read_16                        
00006493  i2c_write_16                       
00000000  interruptVectors                   
00004849  lcd_draw_image                     
0000472b  lcd_draw_rectangle                 
0000703d  ldexp                              
0000703d  ldexpl                             
00008505  lseek                              
0000601d  main                               
000086c5  malloc                             
0000714d  memalign                           
000085d5  memccpy                            
00008579  memchr                             
00007697  memcpy                             
000078dd  memset                             
000087de  packman_HeightPixels               
000087dd  packman_WidthPixels                
20008920  packman_downBitmaps                
2000895c  packman_leftBitmaps                
20008998  packman_rightBitmaps               
200089d4  packman_upBitmaps                  
20008338  parmbuf                            
00000bd5  pcTaskGetName                      
00003f43  pcTimerGetName                     
00005649  print_device_id                    
00005697  print_manufacturer_id              
00007be1  printf                             
00004e09  pvPortMalloc                       
000014a1  pvTaskGetThreadLocalStoragePointer 
00001a55  pvTaskIncrementMutexHeldCount      
000043fd  pvTimerGetTimerID                  
20008a10  pxCurrentTCB                       
000049d1  pxPortInitialiseStack              
00008485  remove                             
0000703d  scalbn                             
0000703d  scalbnl                            
0000742d  setvbuf                            
00008259  sprintf                            
0000863b  strchr                             
00008623  strcmp                             
00008651  strcpy                             
00008555  strcspn                            
00008665  strlen                             
00008351  strncpy                            
000084b1  strspn                             
00008299  strtok                             
00002faf  ucQueueGetQueueType                
000087e0  ulMaxSyscallInterruptPriority      
00007519  ulPortGetIPSR                      
00001a75  ulTaskGenericNotifyTake            
000020a3  ulTaskGenericNotifyValueClear      
00008485  unlink                             
00006dbd  uxListRemove                       
00002f8f  uxQueueGetQueueNumber              
00002edd  uxQueueMessagesWaiting             
00002f41  uxQueueMessagesWaitingFromISR      
00002f0d  uxQueueSpacesAvailable             
00000bcf  uxTaskGetNumberOfTasks             
00000c1d  uxTaskGetSystemState               
00001361  uxTaskGetTaskNumber                
00000611  uxTaskPriorityGet                  
00000639  uxTaskPriorityGetFromISR           
00001a33  uxTaskResetEventItemValue          
00003edd  uxTimerGetReloadMode               
00004459  uxTimerGetTimerNumber              
000060e5  vApplicationMallocFailedHook       
000060e7  vApplicationStackOverflowHook      
00006cdb  vListInitialise                    
00006d0b  vListInitialiseItem                
00006d57  vListInsert                        
00006d1b  vListInsertEnd                     
000075d5  vPortEnableVFP                     
00004b15  vPortEndScheduler                  
00004b39  vPortEnterCritical                 
00004b7b  vPortExitCritical                  
00004f73  vPortFree                          
00005175  vPortGetHeapStats                  
00005019  vPortInitialiseBlocks              
00007591  vPortSVCHandler                    
00004d2d  vPortSetupTimerInterrupt           
000075b1  vPortStartFirstTask                
00004bd5  vPortSuppressTicksAndSleep         
00004d75  vPortValidateInterruptPriority     
00002f6b  vQueueDelete                       
00002f9d  vQueueSetQueueNumber               
0000323d  vQueueWaitForMessageRestricted     
000004d1  vTaskDelay                         
000003ed  vTaskDelayUntil                    
00000323  vTaskDelete                        
00000a25  vTaskEndScheduler                  
00001f35  vTaskGenericNotifyGiveFromISR      
00001575  vTaskGetInfo                       
0000128d  vTaskInternalSetTimeOutState       
00001359  vTaskMissedYield                   
00001059  vTaskPlaceOnEventList              
000010f5  vTaskPlaceOnEventListRestricted    
0000108d  vTaskPlaceOnUnorderedEventList     
00001939  vTaskPriorityDisinheritAfterTimeout
0000067d  vTaskPrioritySet                   
000011c5  vTaskRemoveFromUnorderedEventList  
00000915  vTaskResume                        
00000eb1  vTaskSetApplicationTaskTag         
00001381  vTaskSetTaskNumber                 
00001459  vTaskSetThreadLocalStoragePointer  
0000125b  vTaskSetTimeOutState               
000009a9  vTaskStartScheduler                
00000cf9  vTaskStepTick                      
000007b1  vTaskSuspend                       
00000a41  vTaskSuspendAll                    
00000f89  vTaskSwitchContext                 
00003e93  vTimerSetReloadMode                
0000442b  vTimerSetTimerID                   
00004467  vTimerSetTimerNumber               
00008679  wcslen                             
0000852d  write                              
20008ab8  x                                  
0000500d  xPortGetFreeHeapSize               
00005013  xPortGetMinimumEverFreeHeapSize    
00007531  xPortPendSVHandler                 
00004a5d  xPortStartScheduler                
00004ba7  xPortSysTickHandler                
00002427  xQueueCreateCountingSemaphore      
00002353  xQueueCreateMutex                  
0000225d  xQueueGenericCreate                
000021a9  xQueueGenericReset                 
00002485  xQueueGenericSend                  
00002639  xQueueGenericSendFromISR           
00002765  xQueueGiveFromISR                  
0000237f  xQueueGiveMutexRecursive           
000031a9  xQueueIsQueueEmptyFromISR          
00003203  xQueueIsQueueFullFromISR           
00002bbd  xQueuePeek                         
00002e31  xQueuePeekFromISR                  
00002873  xQueueReceive                      
00002d3b  xQueueReceiveFromISR               
000029eb  xQueueSemaphoreTake                
000023cf  xQueueTakeMutexRecursive           
00000f49  xTaskCallApplicationTaskHook       
00000d33  xTaskCatchUpTicks                  
000012a7  xTaskCheckForTimeOut               
000000e5  xTaskCreate                        
00001c11  xTaskGenericNotify                 
00001d87  xTaskGenericNotifyFromISR          
0000203f  xTaskGenericNotifyStateClear       
00001b2d  xTaskGenericNotifyWait             
00000ed7  xTaskGetApplicationTaskTag         
00000f05  xTaskGetApplicationTaskTagFromISR  
0000174b  xTaskGetCurrentTaskHandle          
0000175b  xTaskGetSchedulerState             
00000bab  xTaskGetTickCount                  
00000bbb  xTaskGetTickCountFromISR           
00000d85  xTaskIncrementTick                 
0000186d  xTaskPriorityDisinherit            
000017a5  xTaskPriorityInherit               
00001135  xTaskRemoveFromEventList           
00000aa9  xTaskResumeAll                     
00003d29  xTimerCreate                       
00003ce9  xTimerCreateTimerTask              
00003dcb  xTimerGenericCommand               
00003f19  xTimerGetExpiryTime                
00003e6d  xTimerGetPeriod                    
00003e4b  xTimerGetTimerDaemonTaskHandle     
000043c1  xTimerIsTimerActive                
20008ab9  y                                  


GLOBAL SYMBOLS: SORTED BY Symbol Address 

address   name                               
-------   ----                               
00000000  __TI_static_base__                 
00000000  interruptVectors                   
000000e5  xTaskCreate                        
00000200  __STACK_SIZE                       
00000323  vTaskDelete                        
000003ed  vTaskDelayUntil                    
00000400  __SYSMEM_SIZE                      
000004d1  vTaskDelay                         
00000539  eTaskGetState                      
00000611  uxTaskPriorityGet                  
00000639  uxTaskPriorityGetFromISR           
0000067d  vTaskPrioritySet                   
000007b1  vTaskSuspend                       
00000915  vTaskResume                        
000009a9  vTaskStartScheduler                
00000a25  vTaskEndScheduler                  
00000a41  vTaskSuspendAll                    
00000aa9  xTaskResumeAll                     
00000bab  xTaskGetTickCount                  
00000bbb  xTaskGetTickCountFromISR           
00000bcf  uxTaskGetNumberOfTasks             
00000bd5  pcTaskGetName                      
00000c1d  uxTaskGetSystemState               
00000cf9  vTaskStepTick                      
00000d33  xTaskCatchUpTicks                  
00000d85  xTaskIncrementTick                 
00000eb1  vTaskSetApplicationTaskTag         
00000ed7  xTaskGetApplicationTaskTag         
00000f05  xTaskGetApplicationTaskTagFromISR  
00000f49  xTaskCallApplicationTaskHook       
00000f89  vTaskSwitchContext                 
00001059  vTaskPlaceOnEventList              
0000108d  vTaskPlaceOnUnorderedEventList     
000010f5  vTaskPlaceOnEventListRestricted    
00001135  xTaskRemoveFromEventList           
000011c5  vTaskRemoveFromUnorderedEventList  
0000125b  vTaskSetTimeOutState               
0000128d  vTaskInternalSetTimeOutState       
000012a7  xTaskCheckForTimeOut               
00001359  vTaskMissedYield                   
00001361  uxTaskGetTaskNumber                
00001381  vTaskSetTaskNumber                 
000013fd  eTaskConfirmSleepModeStatus        
00001459  vTaskSetThreadLocalStoragePointer  
000014a1  pvTaskGetThreadLocalStoragePointer 
00001575  vTaskGetInfo                       
0000174b  xTaskGetCurrentTaskHandle          
0000175b  xTaskGetSchedulerState             
000017a5  xTaskPriorityInherit               
0000186d  xTaskPriorityDisinherit            
00001939  vTaskPriorityDisinheritAfterTimeout
00001a33  uxTaskResetEventItemValue          
00001a55  pvTaskIncrementMutexHeldCount      
00001a75  ulTaskGenericNotifyTake            
00001b2d  xTaskGenericNotifyWait             
00001c11  xTaskGenericNotify                 
00001d87  xTaskGenericNotifyFromISR          
00001f35  vTaskGenericNotifyGiveFromISR      
0000203f  xTaskGenericNotifyStateClear       
000020a3  ulTaskGenericNotifyValueClear      
000021a9  xQueueGenericReset                 
0000225d  xQueueGenericCreate                
00002353  xQueueCreateMutex                  
0000237f  xQueueGiveMutexRecursive           
000023cf  xQueueTakeMutexRecursive           
00002427  xQueueCreateCountingSemaphore      
00002485  xQueueGenericSend                  
00002639  xQueueGenericSendFromISR           
00002765  xQueueGiveFromISR                  
00002873  xQueueReceive                      
000029eb  xQueueSemaphoreTake                
00002bbd  xQueuePeek                         
00002d3b  xQueueReceiveFromISR               
00002e31  xQueuePeekFromISR                  
00002edd  uxQueueMessagesWaiting             
00002f0d  uxQueueSpacesAvailable             
00002f41  uxQueueMessagesWaitingFromISR      
00002f6b  vQueueDelete                       
00002f8f  uxQueueGetQueueNumber              
00002f9d  vQueueSetQueueNumber               
00002faf  ucQueueGetQueueType                
000031a9  xQueueIsQueueEmptyFromISR          
00003203  xQueueIsQueueFullFromISR           
0000323d  vQueueWaitForMessageRestricted     
00003299  __TI_printfi                       
00003ce7  _nop                               
00003ce9  xTimerCreateTimerTask              
00003d29  xTimerCreate                       
00003dcb  xTimerGenericCommand               
00003e4b  xTimerGetTimerDaemonTaskHandle     
00003e6d  xTimerGetPeriod                    
00003e93  vTimerSetReloadMode                
00003edd  uxTimerGetReloadMode               
00003f19  xTimerGetExpiryTime                
00003f43  pcTimerGetName                     
000043c1  xTimerIsTimerActive                
000043fd  pvTimerGetTimerID                  
0000442b  vTimerSetTimerID                   
00004459  uxTimerGetTimerNumber              
00004467  vTimerSetTimerNumber               
0000448d  HAL_LCD_PortInit                   
000044d5  HAL_LCD_SpiInit                    
00004509  HAL_LCD_writeCommand               
00004541  HAL_LCD_writeData                  
00004565  Crystalfontz128x128_SetDrawFrame   
000045fd  Crystalfontz128x128_Init           
0000472b  lcd_draw_rectangle                 
00004849  lcd_draw_image                     
000049d1  pxPortInitialiseStack              
00004a5d  xPortStartScheduler                
00004b15  vPortEndScheduler                  
00004b39  vPortEnterCritical                 
00004b7b  vPortExitCritical                  
00004ba7  xPortSysTickHandler                
00004bd5  vPortSuppressTicksAndSleep         
00004d2d  vPortSetupTimerInterrupt           
00004d75  vPortValidateInterruptPriority     
00004e09  pvPortMalloc                       
00004f73  vPortFree                          
0000500d  xPortGetFreeHeapSize               
00005013  xPortGetMinimumEverFreeHeapSize    
00005019  vPortInitialiseBlocks              
00005175  vPortGetHeapStats                  
00005235  SystemCoreClockUpdate              
000054ad  SystemInit                         
00005589  OPT3001_init                       
000055c3  Task_Light_Sensor_Init             
000055cf  OPT3001_get_lux                    
00005649  print_device_id                    
00005697  print_manufacturer_id              
000056eb  Task_Light_Sensor                  
000058e3  Task_Accelerometer_Init            
0000596f  Task_Accelerometer_Timer           
00005985  Task_Accelerometer                 
00005a5b  ADC14_IRQHandler                   
00005a5b  ADC14_IRQHandler                   
00005be9  Task_Console_Init                  
00005c17  fputc                              
00005c35  EUSCIA0_IRQHandler                 
00005c35  EUSCIA0_IRQHandler                 
00005cad  Task_Console_Bottom_Half           
0000601d  main                               
000060e5  vApplicationMallocFailedHook       
000060e7  vApplicationStackOverflowHook      
00006453  i2c_init                           
00006493  i2c_write_16                       
000064ef  i2c_read_16                        
00006585  __aeabi_dsub                       
0000658f  __aeabi_dadd                       
0000673b  __aeabi_idiv0                      
0000673b  __aeabi_ldiv0                      
0000673d  Task_Packman_Init                  
0000675b  Draw_Packman                       
00006783  Task_Packman                       
000068e5  buzzer_get_time_delay              
0000693d  Buzzer_Set_Period                  
0000698b  T32_1_wait                         
000069b9  Task_Buzzer_Init                   
000069e1  Buzzer_On                          
000069fb  Buzzer_Off                         
00006a09  Buzzer_Run_Status                  
00006a1d  Task_Buzzer                        
00006ba5  __aeabi_ddiv                       
00006cdb  vListInitialise                    
00006d0b  vListInitialiseItem                
00006d1b  vListInsertEnd                     
00006d57  vListInsert                        
00006dbd  uxListRemove                       
00006f29  fputs                              
0000703d  ldexp                              
0000703d  ldexpl                             
0000703d  scalbn                             
0000703d  scalbnl                            
0000714d  aligned_alloc                      
0000714d  memalign                           
0000724d  __aeabi_dmul                       
00007349  free                               
0000742d  setvbuf                            
00007519  ulPortGetIPSR                      
00007531  xPortPendSVHandler                 
00007591  vPortSVCHandler                    
000075b1  vPortStartFirstTask                
000075d5  vPortEnableVFP                     
00007697  __aeabi_memcpy                     
00007697  __aeabi_memcpy4                    
00007697  __aeabi_memcpy8                    
00007697  memcpy                             
00007733  __aeabi_uldivmod                   
000077c9  __aeabi_cdcmpeq                    
000077c9  __aeabi_cdcmple                    
0000784f  __aeabi_cdrcmple                   
000078d5  __aeabi_memclr                     
000078d5  __aeabi_memclr4                    
000078d5  __aeabi_memclr8                    
000078d7  __aeabi_memset                     
000078d7  __aeabi_memset4                    
000078d7  __aeabi_memset8                    
000078dd  memset                             
00007951  __TI_closefile                     
00007aa5  HOSTrename                         
00007b11  HOSTlseek                          
00007b79  __TI_decompress_lzss               
00007be1  printf                             
00007c49  frexp                              
00007c49  frexpl                             
00007cad  fseek                              
00007d11  __TI_wrt_ok                        
00007d75  HOSTopen                           
00007dd5  close                              
00007e31  HOSTread                           
00007e89  HOSTwrite                          
00007f37  __TI_ltoa                          
00007fdd  __TI_doflush                       
00008029  atoi                               
00008075  exit                               
000080bd  __aeabi_d2iz                       
00008105  HOSTclose                          
00008149  HOSTunlink                         
0000818d  __TI_auto_init_nobinit_nopinit     
000081d1  getdevice                          
00008215  __aeabi_d2uiz                      
00008259  sprintf                            
00008299  strtok                             
00008319  __TI_writemsg                      
00008347  C$$IO$$                            
00008351  strncpy                            
00008389  __TI_cleanup                       
000083bd  __TI_readmsg                       
000083f1  _c_int00_noargs                    
00008425  finddevice                         
00008455  __aeabi_i2d                        
00008485  remove                             
00008485  unlink                             
000084b1  strspn                             
00008505  lseek                              
0000852d  write                              
00008555  strcspn                            
00008579  memchr                             
00008599  __aeabi_ui2d                       
000085d5  memccpy                            
000085f1  copysign                           
000085f1  copysignl                          
00008623  strcmp                             
0000863b  strchr                             
00008651  strcpy                             
00008665  strlen                             
00008679  wcslen                             
0000868b  __TI_decompress_none               
00008699  Reset_Handler                      
000086a5  AES256_IRQHandler                  
000086a5  BusFault_Handler                   
000086a5  COMP_E0_IRQHandler                 
000086a5  COMP_E1_IRQHandler                 
000086a5  CS_IRQHandler                      
000086a5  DMA_ERR_IRQHandler                 
000086a5  DMA_INT0_IRQHandler                
000086a5  DMA_INT1_IRQHandler                
000086a5  DMA_INT2_IRQHandler                
000086a5  DMA_INT3_IRQHandler                
000086a5  DebugMon_Handler                   
000086a5  Default_Handler                    
000086a5  EUSCIA1_IRQHandler                 
000086a5  EUSCIA2_IRQHandler                 
000086a5  EUSCIA3_IRQHandler                 
000086a5  EUSCIB0_IRQHandler                 
000086a5  EUSCIB1_IRQHandler                 
000086a5  EUSCIB2_IRQHandler                 
000086a5  EUSCIB3_IRQHandler                 
000086a5  FLCTL_IRQHandler                   
000086a5  FPU_IRQHandler                     
000086a5  HardFault_Handler                  
000086a5  MemManage_Handler                  
000086a5  NMI_Handler                        
000086a5  PCM_IRQHandler                     
000086a5  PORT1_IRQHandler                   
000086a5  PORT2_IRQHandler                   
000086a5  PORT3_IRQHandler                   
000086a5  PORT4_IRQHandler                   
000086a5  PORT5_IRQHandler                   
000086a5  PORT6_IRQHandler                   
000086a5  PSS_IRQHandler                     
000086a5  PendSV_Handler                     
000086a5  RTC_C_IRQHandler                   
000086a5  SVC_Handler                        
000086a5  SysTick_Handler                    
000086a5  T32_INT1_IRQHandler                
000086a5  T32_INT2_IRQHandler                
000086a5  T32_INTC_IRQHandler                
000086a5  TA0_0_IRQHandler                   
000086a5  TA0_N_IRQHandler                   
000086a5  TA1_0_IRQHandler                   
000086a5  TA1_N_IRQHandler                   
000086a5  TA2_0_IRQHandler                   
000086a5  TA2_N_IRQHandler                   
000086a5  TA3_0_IRQHandler                   
000086a5  TA3_N_IRQHandler                   
000086a5  UsageFault_Handler                 
000086a5  WDT_A_IRQHandler                   
000086a7  __TI_zero_init                     
000086bd  __aeabi_errno_addr                 
000086c5  malloc                             
000086d5  _system_pre_init                   
000086d9  C$$EXIT                            
000086d9  abort                              
000086dc  _ctypes_                           
000087dd  packman_WidthPixels                
000087de  packman_HeightPixels               
000087e0  ulMaxSyscallInterruptPriority      
00008928  __TI_Handler_Table_Base            
00008934  __TI_Handler_Table_Limit           
00008940  __TI_CINIT_Base                    
00008950  __TI_CINIT_Limit                   
20000000  __start___llvm_prf_cnts            
20000000  __stop___llvm_prf_cnts             
20008000  __CIOBUF_                          
200081e8  __TI_tmpnams                       
20008314  RX_ARRAY                           
20008338  parmbuf                            
20008340  Queue_Packman                      
20008344  Sem_Console                        
20008348  Task_Accelerometer_Handle          
2000834c  Task_Accelerometer_Timer_Handle    
20008350  Task_Buzzer_Handle                 
20008354  Task_Console_Handle                
20008358  Task_Light_Sensor_Handle           
2000835c  Task_Packman_Handle                
20008360  Lcd_ScreenHeigth                   
20008362  Lcd_ScreenWidth                    
20008368  _sys_memory                        
20008768  _ftable                            
20008858  _device                            
200088d0  _stream                            
20008920  packman_downBitmaps                
2000895c  packman_leftBitmaps                
20008998  packman_rightBitmaps               
200089d4  packman_upBitmaps                  
20008a10  pxCurrentTCB                       
20008a74  __TI_ft_end                        
20008a78  __aeabi_stdin                      
20008a7c  __aeabi_stdout                     
20008a80  __aeabi_stderr                     
20008a84  __TI_cleanup_ptr                   
20008a88  __TI_dtors_ptr                     
20008a8c  __TI_enable_exit_profile_output    
20008a90  ACC_X_DIR                          
20008a94  ACC_Y_DIR                          
20008a98  ACC_Z_DIR                          
20008aa8  _lock                              
20008aac  _unlock                            
20008ab8  x                                  
20008ab9  y                                  
20008abc  current_packman_Bitmap             
20008ac0  errno                              
20008ac8  SystemCoreClock                    
20008acc  RX_INDEX                           
20008ace  Packman_Color                      
2000fe00  __stack                            
20010000  __STACK_END                        
4000480c  WDTCTL_SYM                         
ffffffff  __TI_pprof_out_hndl                
ffffffff  __TI_prof_data_size                
ffffffff  __TI_prof_data_start               
ffffffff  __binit__                          
ffffffff  __c_args__                         
ffffffff  binit                              
UNDEFED   __mpu_init                         
UNDEFED   _system_post_cinit                 

[367 symbols]
