******************************************************************************
                  TI ARM Linker PC v20.2.3                     
******************************************************************************
>> Linked Fri Dec  4 23:22:24 2020

OUTPUT FILE NAME:   <Project.out>
ENTRY POINT SYMBOL: "_c_int00_noargs"  address: 000091d1


MEMORY CONFIGURATION

         name            origin    length      used     unused   attr    fill
----------------------  --------  ---------  --------  --------  ----  --------
  MAIN                  00000000   00040000  00009892  0003676e  R  X
  INFO                  00200000   00004000  00000000  00004000  R  X
  SRAM_CODE             01000000   00010000  00008d44  000072bc  RW X
  SRAM_DATA             20000000   00010000  00008d44  000072bc  RW  


SEGMENT ALLOCATION MAP

run origin  load origin   length   init length attrs members
----------  ----------- ---------- ----------- ----- -------
00000000    00000000    00009898   00009898    r-x
  00000000    00000000    000000e4   000000e4    r-- .intvecs
  000000e4    000000e4    00009440   00009440    r-x .text
  00009528    00009528    0000019e   0000019e    r-- .const
  000096c8    000096c8    000001d0   000001d0    r-- .cinit
20000000    20000000    00008b46   00000000    rw-
  20000000    20000000    0000836e   00000000    rw- .bss
  20008370    20008370    00000400   00000000    rw- .sysmem
  20008770    20008770    000003d6   00000000    rw- .data
2000fe00    2000fe00    00000200   00000000    rw-
  2000fe00    2000fe00    00000200   00000000    rw- .stack


SECTION ALLOCATION MAP

 output                                  attributes/
section   page    origin      length       input sections
--------  ----  ----------  ----------   ----------------
.intvecs   0    00000000    000000e4     
                  00000000    000000e4     startup_msp432p401r_ccs.obj (.intvecs:retain)

.text      0    000000e4    00009440     
                  000000e4    000020c4     tasks.obj (.text)
                  000021a8    000010f0     queue.obj (.text)
                  00003298    00000a4e     rtsv7M4_T_le_v4SPD16_eabi.lib : _printfi.c.obj (.text:__TI_printfi)
                  00003ce6    00000002                                   : _lock.c.obj (.text:_nop)
                  00003ce8    000009c0                                   : e_pow.c.obj (.text:pow)
                  000046a8    000007a4     timers.obj (.text)
                  00004e4c    00000544     lcd.obj (.text)
                  00005390    00000438     port.obj (.text)
                  000057c8    0000042c     heap_4.obj (.text)
                  00005bf4    000003b8     task_packman.obj (.text)
                  00005fac    00000354     system_msp432p401r.obj (.text)
                  00006300    000002d8     task_light_sensor.obj (.text)
                  000065d8    00000294     task_console.obj (.text)
                  0000686c    00000270     rtsv7M4_T_le_v4SPD16_eabi.lib : _printfi.c.obj (.text:_pconv_a)
                  00006adc    0000025c     task_accelerometer.obj (.text)
                  00006d38    00000250     task_buzzer.obj (.text)
                  00006f88    000001d8     main.obj (.text)
                  00007160    000001d0     rtsv7M4_T_le_v4SPD16_eabi.lib : _printfi.c.obj (.text:_pconv_g)
                  00007330    000001c0     i2c.obj (.text)
                  000074f0    000001b6     rtsv7M4_T_le_v4SPD16_eabi.lib : fd_add_t2.asm.obj (.text)
                  000076a6    00000002                                   : div0.asm.obj (.text)
                  000076a8    00000158                                   : e_sqrt.c.obj (.text:sqrt)
                  00007800    0000013c                                   : _printfi.c.obj (.text:_pconv_e)
                  0000793c    00000136                                   : fd_div_t2.asm.obj (.text)
                  00007a72    0000012a     list.obj (.text)
                  00007b9c    00000124     rtsv7M4_T_le_v4SPD16_eabi.lib : _printfi.c.obj (.text:fcvt)
                  00007cc0    00000114                                   : fputs.c.obj (.text:fputs)
                  00007dd4    00000110                                   : s_scalbn.c.obj (.text:scalbn)
                  00007ee4    00000100                                   : memory.c.obj (.text:aligned_alloc)
                  00007fe4    000000fc                                   : fd_mul_t2.asm.obj (.text)
                  000080e0    000000e4                                   : memory.c.obj (.text:free)
                  000081c4    000000dc                                   : setvbuf.c.obj (.text:setvbuf)
                  000082a0    000000da     portasm.obj (.text)
                  0000837a    00000002     --HOLE-- [fill = 0]
                  0000837c    000000b1     rtsv7M4_T_le_v4SPD16_eabi.lib : _printfi.c.obj (.text:_ltostr)
                  0000842d    00000001     --HOLE-- [fill = 0]
                  0000842e    0000009c                                   : memcpy_t2.asm.obj (.text)
                  000084ca    00000096                                   : ull_div_t2.asm.obj (.text)
                  00008560    00000086                                   : fd_cmp_t2.asm.obj (.text:__aeabi_cdcmple)
                  000085e6    00000086                                   : fd_cmp_t2.asm.obj (.text:__aeabi_cdrcmple)
                  0000866c    0000007a                                   : memset_t2.asm.obj (.text)
                  000086e6    00000002     --HOLE-- [fill = 0]
                  000086e8    00000074                                   : fclose.c.obj (.text:__TI_closefile)
                  0000875c    00000070                                   : memory.c.obj (.text:split)
                  000087cc    0000006e                                   : _printfi.c.obj (.text:_mcpy)
                  0000883a    00000002     --HOLE-- [fill = 0]
                  0000883c    0000006c                                   : hostrename.c.obj (.text:HOSTrename)
                  000088a8    00000068                                   : hostlseek.c.obj (.text:HOSTlseek)
                  00008910    00000068                                   : copy_decompress_lzss.c.obj (.text:decompress:lzss:__TI_decompress_lzss)
                  00008978    00000068                                   : printf.c.obj (.text:printf)
                  000089e0    00000064                                   : s_frexp.c.obj (.text:frexp)
                  00008a44    00000064                                   : fseek.c.obj (.text:fseek)
                  00008aa8    00000062                                   : _io_perm.c.obj (.text:__TI_wrt_ok)
                  00008b0a    00000002     --HOLE-- [fill = 0]
                  00008b0c    00000060                                   : hostopen.c.obj (.text:HOSTopen)
                  00008b6c    0000005c                                   : close.c.obj (.text:close)
                  00008bc8    00000058                                   : hostread.c.obj (.text:HOSTread)
                  00008c20    00000058                                   : hostwrite.c.obj (.text:HOSTwrite)
                  00008c78    00000056                                   : _printfi.c.obj (.text:_pconv_f)
                  00008cce    00000054                                   : _ltoa.c.obj (.text:__TI_ltoa)
                  00008d22    00000052                                   : _printfi.c.obj (.text:_ecpy)
                  00008d74    0000004c                                   : fflush.c.obj (.text:__TI_doflush)
                  00008dc0    0000004c                                   : atoi.c.obj (.text:atoi)
                  00008e0c    00000048                                   : hosttime.c.obj (.text:HOSTtime)
                  00008e54    00000048                                   : exit.c.obj (.text:exit)
                  00008e9c    00000048                                   : fd_toi_t2.asm.obj (.text)
                  00008ee4    00000044                                   : hostclose.c.obj (.text:HOSTclose)
                  00008f28    00000044                                   : hostunlink.c.obj (.text:HOSTunlink)
                  00008f6c    00000044                                   : autoinit.c.obj (.text:__TI_auto_init_nobinit_nopinit:__TI_auto_init_nobinit_nopinit)
                  00008fb0    00000044                                   : getdevice.c.obj (.text:getdevice)
                  00008ff4    00000044                                   : fd_tou_t2.asm.obj (.text)
                  00009038    00000040                                   : sprintf.c.obj (.text:sprintf)
                  00009078    00000040                                   : strtok.c.obj (.text:strtok)
                  000090b8    0000003e                                   : _printfi.c.obj (.text:_fcpy)
                  000090f6    00000002     --HOLE-- [fill = 0]
                  000090f8    00000038                                   : trgmsg.c.obj (.text:__TI_writemsg)
                  00009130    00000036                                   : strncpy.c.obj (.text:strncpy)
                  00009166    00000002     --HOLE-- [fill = 0]
                  00009168    00000034                                   : fopen.c.obj (.text:__TI_cleanup)
                  0000919c    00000034                                   : trgmsg.c.obj (.text:__TI_readmsg)
                  000091d0    00000034                                   : boot_cortex_m.c.obj (.text:_c_int00_noargs:_c_int00_noargs)
                  00009204    00000034                                   : rand.c.obj (.text:rand)
                  00009238    00000030                                   : getdevice.c.obj (.text:finddevice)
                  00009268    0000002e                                   : i_tofd_t2.asm.obj (.text)
                  00009296    00000002     --HOLE-- [fill = 0]
                  00009298    0000002c                                   : unlink.c.obj (.text:unlink)
                  000092c4    0000002a                                   : strspn.c.obj (.text:strspn)
                  000092ee    00000002     --HOLE-- [fill = 0]
                  000092f0    00000028                                   : memory.c.obj (.text:free_list_insert)
                  00009318    00000028                                   : lseek.c.obj (.text:lseek)
                  00009340    00000028                                   : write.c.obj (.text:write)
                  00009368    00000024                                   : rand.c.obj (.text:srand)
                  0000938c    00000024                                   : strcspn.c.obj (.text:strcspn)
                  000093b0    00000020                                   : memchr.c.obj (.text:memchr)
                  000093d0    00000020                                   : u_tofd_t2.asm.obj (.text)
                  000093f0    0000001c                                   : memory.c.obj (.text:free_list_remove)
                  0000940c    0000001c                                   : memccpy.c.obj (.text:memccpy)
                  00009428    0000001a                                   : s_copysign.c.obj (.text:copysign)
                  00009442    00000018                                   : sprintf.c.obj (.text:_outs)
                  0000945a    00000018                                   : strcmp.c.obj (.text:strcmp)
                  00009472    00000016                                   : strchr.c.obj (.text:strchr)
                  00009488    00000014                                   : strcpy.c.obj (.text:strcpy)
                  0000949c    00000014                                   : strlen.c.obj (.text:strlen)
                  000094b0    00000012                                   : wcslen.c.obj (.text:wcslen)
                  000094c2    0000000e                                   : time.c.obj (.text:__time32)
                  000094d0    0000000e                                   : copy_decompress_none.c.obj (.text:decompress:none:__TI_decompress_none)
                  000094de    0000000e     startup_msp432p401r_ccs.obj (.text)
                  000094ec    0000000c     rtsv7M4_T_le_v4SPD16_eabi.lib : copy_zero_init.c.obj (.text:decompress:ZI:__TI_zero_init)
                  000094f8    0000000a                                   : sprintf.c.obj (.text:_outc)
                  00009502    00000002     --HOLE-- [fill = 0]
                  00009504    00000008                                   : errno.c.obj (.text:__aeabi_errno_addr)
                  0000950c    00000008                                   : memory.c.obj (.text:malloc)
                  00009514    00000004                                   : printf.c.obj (.text:_outc)
                  00009518    00000004                                   : printf.c.obj (.text:_outs)
                  0000951c    00000004                                   : pre_init.c.obj (.text:_system_pre_init)
                  00009520    00000004                                   : exit.c.obj (.text:abort:abort)

.const     0    00009528    0000019e     
                  00009528    00000101     rtsv7M4_T_le_v4SPD16_eabi.lib : ctype.c.obj (.const:.string:_ctypes_)
                  00009629    0000005a     packman.obj (.const:.string:blankScreenBitmaps)
                  00009683    00000005     --HOLE-- [fill = 0]
                  00009688    00000030     rtsv7M4_T_le_v4SPD16_eabi.lib : e_pow.c.obj (.const:$O1$$)
                  000096b8    00000008     port.obj (.const)
                  000096c0    00000006     packman.obj (.const)

.cinit     0    000096c8    000001d0     
                  000096c8    000001a7     (.cinit..data.load) [load image, compression = lzss]
                  0000986f    00000001     --HOLE-- [fill = 0]
                  00009870    0000000c     (__TI_handler_table)
                  0000987c    00000004     --HOLE-- [fill = 0]
                  00009880    00000008     (.cinit..bss.load) [load image, compression = zero_init]
                  00009888    00000010     (__TI_cinit_table)

.init_array 
*          0    00000000    00000000     UNINITIALIZED

.binit     0    00000000    00000000     

.bss       0    20000000    0000836e     UNINITIALIZED
                  20000000    00008000     heap_4.obj (.bss:ucHeap)
                  20008000    00000120     rtsv7M4_T_le_v4SPD16_eabi.lib : trgmsg.c.obj (.bss:_CIOBUF_)
                  20008120    000000c8     tasks.obj (.bss:pxReadyTasksLists)
                  200081e8    000000a0     (.common:__TI_tmpnams)
                  20008288    00000014     timers.obj (.bss:xActiveTimerList1)
                  2000829c    00000014     timers.obj (.bss:xActiveTimerList2)
                  200082b0    00000014     tasks.obj (.bss:xDelayedTaskList1)
                  200082c4    00000014     tasks.obj (.bss:xDelayedTaskList2)
                  200082d8    00000014     tasks.obj (.bss:xPendingReadyList)
                  200082ec    00000014     tasks.obj (.bss:xSuspendedTaskList)
                  20008300    00000014     tasks.obj (.bss:xTasksWaitingTermination)
                  20008314    0000000c     (.common:RX_ARRAY)
                  20008320    00000008     tasks.obj (.bss)
                  20008328    00000008     timers.obj (.bss)
                  20008330    00000008     heap_4.obj (.bss:xStart)
                  20008338    00000008     (.common:parmbuf)
                  20008340    00000004     (.common:Queue_Music)
                  20008344    00000004     (.common:Queue_Packman)
                  20008348    00000004     (.common:Sem_Console)
                  2000834c    00000004     (.common:Task_Accelerometer_Handle)
                  20008350    00000004     (.common:Task_Accelerometer_Timer_Handle)
                  20008354    00000004     (.common:Task_Buzzer_Handle)
                  20008358    00000004     (.common:Task_Console_Handle)
                  2000835c    00000004     (.common:Task_Light_Sensor_Handle)
                  20008360    00000004     (.common:Task_Packman_Handle)
                  20008364    00000004     (.common:curr_music)
                  20008368    00000002     (.common:Lcd_ScreenHeigth)
                  2000836a    00000002     (.common:Lcd_ScreenWidth)
                  2000836c    00000001     (.common:fruit_x)
                  2000836d    00000001     (.common:fruit_y)

.sysmem    0    20008370    00000400     UNINITIALIZED
                  20008370    00000010     rtsv7M4_T_le_v4SPD16_eabi.lib : memory.c.obj (.sysmem)
                  20008380    000003f0     --HOLE--

.data      0    20008770    000003d6     UNINITIALIZED
                  20008770    000000f0     rtsv7M4_T_le_v4SPD16_eabi.lib : defs.c.obj (.data:_ftable)
                  20008860    00000078                                   : host_device.c.obj (.data:_device)
                  200088d8    00000050                                   : host_device.c.obj (.data:_stream)
                  20008928    0000003c     packman.obj (.data:packman_downBitmaps)
                  20008964    0000003c     packman.obj (.data:packman_leftBitmaps)
                  200089a0    0000003c     packman.obj (.data:packman_rightBitmaps)
                  200089dc    0000003c     packman.obj (.data:packman_upBitmaps)
                  20008a18    00000034     tasks.obj (.data)
                  20008a4c    0000001a     packman.obj (.data:appleBitmaps)
                  20008a66    0000001a     packman.obj (.data:orangeBitmaps)
                  20008a80    00000018     task_buzzer.obj (.data:Eat)
                  20008a98    00000018     packman.obj (.data:bannanaBitmaps)
                  20008ab0    00000018     heap_4.obj (.data)
                  20008ac8    00000018     port.obj (.data)
                  20008ae0    00000010     rtsv7M4_T_le_v4SPD16_eabi.lib : defs.c.obj (.data)
                  20008af0    0000000e     task_packman.obj (.data)
                  20008afe    00000002     task_console.obj (.data)
                  20008b00    0000000c     rtsv7M4_T_le_v4SPD16_eabi.lib : exit.c.obj (.data:$O1$$)
                  20008b0c    0000000c     task_accelerometer.obj (.data)
                  20008b18    0000000c     timers.obj (.data)
                  20008b24    00000008     rtsv7M4_T_le_v4SPD16_eabi.lib : _lock.c.obj (.data:$O1$$)
                  20008b2c    00000008                                   : memory.c.obj (.data:$O1$$)
                  20008b34    00000004                                   : errno.c.obj (.data)
                  20008b38    00000004                                   : rand.c.obj (.data)
                  20008b3c    00000004                                   : strtok.c.obj (.data)
                  20008b40    00000004     system_msp432p401r.obj (.data)
                  20008b44    00000002     task_light_sensor.obj (.data)

.stack     0    2000fe00    00000200     UNINITIALIZED
                  2000fe00    00000004     rtsv7M4_T_le_v4SPD16_eabi.lib : boot_cortex_m.c.obj (.stack)
                  2000fe04    000001fc     --HOLE--

__llvm_prf_cnts 
*          0    20000000    00000000     UNINITIALIZED

MODULE SUMMARY

       Module                        code    ro data   rw data
       ------                        ----    -------   -------
    .\
       lcd.obj                       1348    0         8      
       task_packman.obj              952     0         48     
       system_msp432p401r.obj        852     0         8      
       task_light_sensor.obj         728     0         12     
       packman.obj                   0       96        632    
       task_console.obj              660     0         44     
       task_buzzer.obj               592     0         72     
       task_accelerometer.obj        604     0         40     
       main.obj                      472     0         0      
       i2c.obj                       448     0         0      
       startup_msp432p401r_ccs.obj   14      228       0      
    +--+-----------------------------+-------+---------+---------+
       Total:                        6670    324       864    
                                                              
    .\FreeRTOS\
       heap_4.obj                    1068    0         65600  
       tasks.obj                     8388    0         720    
       queue.obj                     4336    0         0      
       timers.obj                    1956    0         120    
       list.obj                      298     0         0      
    +--+-----------------------------+-------+---------+---------+
       Total:                        16046   0         66440  
                                                              
    .\FreeRTOS\portable\
       port.obj                      1080    8         48     
       portasm.obj                   218     0         0      
    +--+-----------------------------+-------+---------+---------+
       Total:                        1298    8         48     
                                                              
    C:\ti\ccs1010\ccs\tools\compiler\ti-cgt-arm_20.2.3.LTS\lib\rtsv7M4_T_le_v4SPD16_eabi.lib
       _printfi.c.obj                4851    0         0      
       e_pow.c.obj                   2496    48        0      
       defs.c.obj                    0       0         832    
       memory.c.obj                  672     0         16     
       trgmsg.c.obj                  108     0         576    
       fd_add_t2.asm.obj             438     0         0      
       host_device.c.obj             0       0         400    
       e_sqrt.c.obj                  344     0         0      
       fd_div_t2.asm.obj             310     0         0      
       fputs.c.obj                   276     0         0      
       s_scalbn.c.obj                272     0         0      
       fd_cmp_t2.asm.obj             268     0         0      
       ctype.c.obj                   0       257       0      
       fd_mul_t2.asm.obj             252     0         0      
       setvbuf.c.obj                 220     0         0      
       memcpy_t2.asm.obj             156     0         0      
       ull_div_t2.asm.obj            150     0         0      
       memset_t2.asm.obj             122     0         0      
       fclose.c.obj                  116     0         0      
       getdevice.c.obj               116     0         0      
       hostopen.c.obj                96      0         16     
       printf.c.obj                  112     0         0      
       hostrename.c.obj              108     0         0      
       copy_decompress_lzss.c.obj    104     0         0      
       hostlseek.c.obj               104     0         0      
       exit.c.obj                    76      0         24     
       fseek.c.obj                   100     0         0      
       s_frexp.c.obj                 100     0         0      
       _io_perm.c.obj                98      0         0      
       sprintf.c.obj                 98      0         0      
       rand.c.obj                    88      0         8      
       close.c.obj                   92      0         0      
       hostread.c.obj                88      0         0      
       hostwrite.c.obj               88      0         0      
       _ltoa.c.obj                   84      0         0      
       atoi.c.obj                    76      0         0      
       fflush.c.obj                  76      0         0      
       fd_toi_t2.asm.obj             72      0         0      
       hosttime.c.obj                72      0         0      
       strtok.c.obj                  64      0         8      
       autoinit.c.obj                68      0         0      
       fd_tou_t2.asm.obj             68      0         0      
       hostclose.c.obj               68      0         0      
       hostunlink.c.obj              68      0         0      
       strncpy.c.obj                 54      0         0      
       boot_cortex_m.c.obj           52      0         0      
       fopen.c.obj                   52      0         0      
       i_tofd_t2.asm.obj             46      0         0      
       unlink.c.obj                  44      0         0      
       strspn.c.obj                  42      0         0      
       lseek.c.obj                   40      0         0      
       write.c.obj                   40      0         0      
       strcspn.c.obj                 36      0         0      
       memchr.c.obj                  32      0         0      
       u_tofd_t2.asm.obj             32      0         0      
       memccpy.c.obj                 28      0         0      
       s_copysign.c.obj              26      0         0      
       strcmp.c.obj                  24      0         0      
       strchr.c.obj                  22      0         0      
       strcpy.c.obj                  20      0         0      
       strlen.c.obj                  20      0         0      
       _lock.c.obj                   2       0         16     
       wcslen.c.obj                  18      0         0      
       errno.c.obj                   8       0         8      
       copy_decompress_none.c.obj    14      0         0      
       time.c.obj                    14      0         0      
       copy_zero_init.c.obj          12      0         0      
       pre_init.c.obj                4       0         0      
       div0.asm.obj                  2       0         0      
    +--+-----------------------------+-------+---------+---------+
       Total:                        13919   305       1904   
                                                              
       Heap:                         0       0         2048   
       Stack:                        0       0         1024   
       Linker Generated:             0       459       0      
    +--+-----------------------------+-------+---------+---------+
       Grand Total:                  37933   1096      72328  


LINKER GENERATED COPY TABLES

__TI_cinit_table @ 00009888 records: 2, size/record: 8, table size: 16
	.data: load addr=000096c8, load size=000001a7 bytes, run addr=20008770, run size=000003d6 bytes, compression=lzss
	.bss: load addr=00009880, load size=00000008 bytes, run addr=20000000, run size=0000836e bytes, compression=zero_init


LINKER GENERATED HANDLER TABLE

__TI_handler_table @ 00009870 records: 3, size/record: 4, table size: 12
	index: 0, handler: __TI_decompress_lzss
	index: 1, handler: __TI_decompress_none
	index: 2, handler: __TI_zero_init


GLOBAL SYMBOLS: SORTED ALPHABETICALLY BY Name 

address   name                               
-------   ----                               
20008b0c  ACC_X_DIR                          
20008b10  ACC_Y_DIR                          
20008b14  ACC_Z_DIR                          
00006c9b  ADC14_IRQHandler                   
00006c9b  ADC14_IRQHandler                   
000094eb  AES256_IRQHandler                  
000094eb  BusFault_Handler                   
00006ea3  Buzzer_Off                         
00006e89  Buzzer_On                          
00006eb1  Buzzer_Run_Status                  
00006d91  Buzzer_Set_Period                  
00009521  C$$EXIT                            
00009127  C$$IO$$                            
000094eb  COMP_E0_IRQHandler                 
000094eb  COMP_E1_IRQHandler                 
000094eb  CS_IRQHandler                      
00005ce9  Collision_Check                    
00004fbd  Crystalfontz128x128_Init           
00004f25  Crystalfontz128x128_SetDrawFrame   
000094eb  DMA_ERR_IRQHandler                 
000094eb  DMA_INT0_IRQHandler                
000094eb  DMA_INT1_IRQHandler                
000094eb  DMA_INT2_IRQHandler                
000094eb  DMA_INT3_IRQHandler                
000094eb  DebugMon_Handler                   
000094eb  Default_Handler                    
00005cc3  Draw_Black_Screen                  
00005c67  Draw_Fruit                         
00005c13  Draw_Packman                       
000066f5  EUSCIA0_IRQHandler                 
000066f5  EUSCIA0_IRQHandler                 
000094eb  EUSCIA1_IRQHandler                 
000094eb  EUSCIA2_IRQHandler                 
000094eb  EUSCIA3_IRQHandler                 
000094eb  EUSCIB0_IRQHandler                 
000094eb  EUSCIB1_IRQHandler                 
000094eb  EUSCIB2_IRQHandler                 
000094eb  EUSCIB3_IRQHandler                 
20008a80  Eat                                
000094eb  FLCTL_IRQHandler                   
000094eb  FPU_IRQHandler                     
00004e4d  HAL_LCD_PortInit                   
00004e95  HAL_LCD_SpiInit                    
00004ec9  HAL_LCD_writeCommand               
00004f01  HAL_LCD_writeData                  
00008ee5  HOSTclose                          
000088a9  HOSTlseek                          
00008b0d  HOSTopen                           
00008bc9  HOSTread                           
0000883d  HOSTrename                         
00008e0d  HOSTtime                           
00008f29  HOSTunlink                         
00008c21  HOSTwrite                          
000094eb  HardFault_Handler                  
20008368  Lcd_ScreenHeigth                   
2000836a  Lcd_ScreenWidth                    
000094eb  MemManage_Handler                  
000094eb  NMI_Handler                        
00006347  OPT3001_get_lux                    
00006301  OPT3001_init                       
000094eb  PCM_IRQHandler                     
000094eb  PORT1_IRQHandler                   
000094eb  PORT2_IRQHandler                   
000094eb  PORT3_IRQHandler                   
000094eb  PORT4_IRQHandler                   
000094eb  PORT5_IRQHandler                   
000094eb  PORT6_IRQHandler                   
000094eb  PSS_IRQHandler                     
20008b44  Packman_Color                      
000094eb  PendSV_Handler                     
20008340  Queue_Music                        
20008344  Queue_Packman                      
000094eb  RTC_C_IRQHandler                   
20008314  RX_ARRAY                           
20008afe  RX_INDEX                           
000094df  Reset_Handler                      
000094eb  SVC_Handler                        
20008348  Sem_Console                        
000094eb  SysTick_Handler                    
20008b40  SystemCoreClock                    
00005fad  SystemCoreClockUpdate              
00006225  SystemInit                         
00006ddf  T32_1_wait                         
000094eb  T32_INT1_IRQHandler                
000094eb  T32_INT2_IRQHandler                
000094eb  T32_INTC_IRQHandler                
000094eb  TA0_0_IRQHandler                   
000094eb  TA0_N_IRQHandler                   
000094eb  TA1_0_IRQHandler                   
000094eb  TA1_N_IRQHandler                   
000094eb  TA2_0_IRQHandler                   
000094eb  TA2_N_IRQHandler                   
000094eb  TA3_0_IRQHandler                   
000094eb  TA3_N_IRQHandler                   
00006be9  Task_Accelerometer                 
2000834c  Task_Accelerometer_Handle          
00006b47  Task_Accelerometer_Init            
00006bd3  Task_Accelerometer_Timer           
20008350  Task_Accelerometer_Timer_Handle    
00006ec5  Task_Buzzer                        
20008354  Task_Buzzer_Handle                 
00006e51  Task_Buzzer_Init                   
0000676d  Task_Console_Bottom_Half           
20008358  Task_Console_Handle                
000066a9  Task_Console_Init                  
00006463  Task_Light_Sensor                  
2000835c  Task_Light_Sensor_Handle           
0000633b  Task_Light_Sensor_Init             
00005d81  Task_Packman                       
20008360  Task_Packman_Handle                
00005bf5  Task_Packman_Init                  
00005c3b  Update_Random_Fruit_Coordinates    
000094eb  UsageFault_Handler                 
4000480c  WDTCTL_SYM                         
000094eb  WDT_A_IRQHandler                   
20008000  __CIOBUF_                          
20010000  __STACK_END                        
00000200  __STACK_SIZE                       
00000400  __SYSMEM_SIZE                      
00009888  __TI_CINIT_Base                    
00009898  __TI_CINIT_Limit                   
00009870  __TI_Handler_Table_Base            
0000987c  __TI_Handler_Table_Limit           
00008f6d  __TI_auto_init_nobinit_nopinit     
00009169  __TI_cleanup                       
20008b00  __TI_cleanup_ptr                   
000086e9  __TI_closefile                     
00008911  __TI_decompress_lzss               
000094d1  __TI_decompress_none               
00008d75  __TI_doflush                       
20008b04  __TI_dtors_ptr                     
20008b08  __TI_enable_exit_profile_output    
20008ae0  __TI_ft_end                        
00008ccf  __TI_ltoa                          
ffffffff  __TI_pprof_out_hndl                
00003299  __TI_printfi                       
ffffffff  __TI_prof_data_size                
ffffffff  __TI_prof_data_start               
0000919d  __TI_readmsg                       
00000000  __TI_static_base__                 
200081e8  __TI_tmpnams                       
000090f9  __TI_writemsg                      
00008aa9  __TI_wrt_ok                        
000094ed  __TI_zero_init                     
00008561  __aeabi_cdcmpeq                    
00008561  __aeabi_cdcmple                    
000085e7  __aeabi_cdrcmple                   
00008e9d  __aeabi_d2iz                       
00008ff5  __aeabi_d2uiz                      
000074fb  __aeabi_dadd                       
0000793d  __aeabi_ddiv                       
00007fe5  __aeabi_dmul                       
000074f1  __aeabi_dsub                       
00009505  __aeabi_errno_addr                 
00009269  __aeabi_i2d                        
000076a7  __aeabi_idiv0                      
000076a7  __aeabi_ldiv0                      
0000866d  __aeabi_memclr                     
0000866d  __aeabi_memclr4                    
0000866d  __aeabi_memclr8                    
0000842f  __aeabi_memcpy                     
0000842f  __aeabi_memcpy4                    
0000842f  __aeabi_memcpy8                    
0000866f  __aeabi_memset                     
0000866f  __aeabi_memset4                    
0000866f  __aeabi_memset8                    
20008aec  __aeabi_stderr                     
20008ae4  __aeabi_stdin                      
20008ae8  __aeabi_stdout                     
000093d1  __aeabi_ui2d                       
000084cb  __aeabi_uldivmod                   
ffffffff  __binit__                          
ffffffff  __c_args__                         
UNDEFED   __mpu_init                         
2000fe00  __stack                            
20000000  __start___llvm_prf_cnts            
20000000  __stop___llvm_prf_cnts             
000094c3  __time32                           
000091d1  _c_int00_noargs                    
00009528  _ctypes_                           
20008860  _device                            
20008770  _ftable                            
20008b24  _lock                              
00003ce7  _nop                               
200088d8  _stream                            
20008370  _sys_memory                        
UNDEFED   _system_post_cinit                 
0000951d  _system_pre_init                   
20008b28  _unlock                            
00009521  abort                              
00007ee5  aligned_alloc                      
20008a4c  appleBitmaps                       
00008dc1  atoi                               
20008a98  bannanaBitmaps                     
ffffffff  binit                              
000096c5  blankHeightPixels                  
00009629  blankScreenBitmaps                 
000096c4  blankWidthPixels                   
00006d39  buzzer_get_time_delay              
00008b6d  close                              
00009429  copysign                           
00009429  copysignl                          
20008364  curr_music                         
20008afc  current_fruit                      
20008af8  current_fruit_Bitmap               
20008af4  current_packman_Bitmap             
000013fd  eTaskConfirmSleepModeStatus        
00000539  eTaskGetState                      
20008b34  errno                              
00008e55  exit                               
00009239  finddevice                         
000066d7  fputc                              
00007cc1  fputs                              
000080e1  free                               
000089e1  frexp                              
000089e1  frexpl                             
000096c3  fruitHeightPixels                  
000096c2  fruitWidthPixels                   
2000836c  fruit_x                            
2000836d  fruit_y                            
00008a45  fseek                              
00008fb1  getdevice                          
000073bf  i2c_init                           
0000745b  i2c_read_16                        
000073ff  i2c_write_16                       
00000000  interruptVectors                   
00005209  lcd_draw_image                     
000050eb  lcd_draw_rectangle                 
00007dd5  ldexp                              
00007dd5  ldexpl                             
00009319  lseek                              
00006f89  main                               
0000950d  malloc                             
00007ee5  memalign                           
0000940d  memccpy                            
000093b1  memchr                             
0000842f  memcpy                             
00008675  memset                             
20008a66  orangeBitmaps                      
000096c1  packman_HeightPixels               
000096c0  packman_WidthPixels                
20008928  packman_downBitmaps                
20008964  packman_leftBitmaps                
200089a0  packman_rightBitmaps               
200089dc  packman_upBitmaps                  
20008338  parmbuf                            
00000bd5  pcTaskGetName                      
00004903  pcTimerGetName                     
00003ce9  pow                                
00003ce9  powl                               
000063c1  print_device_id                    
0000640f  print_manufacturer_id              
00008979  printf                             
000057c9  pvPortMalloc                       
000014a1  pvTaskGetThreadLocalStoragePointer 
00001a55  pvTaskIncrementMutexHeldCount      
00004dbd  pvTimerGetTimerID                  
20008a18  pxCurrentTCB                       
00005391  pxPortInitialiseStack              
00009205  rand                               
00009299  remove                             
00007dd5  scalbn                             
00007dd5  scalbnl                            
20008afd  score                              
000081c5  setvbuf                            
00009039  sprintf                            
000076a9  sqrt                               
000076a9  sqrtl                              
00009369  srand                              
00009473  strchr                             
0000945b  strcmp                             
00009489  strcpy                             
0000938d  strcspn                            
0000949d  strlen                             
00009131  strncpy                            
000092c5  strspn                             
00009079  strtok                             
000094c3  time                               
00002faf  ucQueueGetQueueType                
000096b8  ulMaxSyscallInterruptPriority      
000082b1  ulPortGetIPSR                      
00001a75  ulTaskGenericNotifyTake            
000020a3  ulTaskGenericNotifyValueClear      
00009299  unlink                             
00007b55  uxListRemove                       
00002f8f  uxQueueGetQueueNumber              
00002edd  uxQueueMessagesWaiting             
00002f41  uxQueueMessagesWaitingFromISR      
00002f0d  uxQueueSpacesAvailable             
00000bcf  uxTaskGetNumberOfTasks             
00000c1d  uxTaskGetSystemState               
00001361  uxTaskGetTaskNumber                
00000611  uxTaskPriorityGet                  
00000639  uxTaskPriorityGetFromISR           
00001a33  uxTaskResetEventItemValue          
0000489d  uxTimerGetReloadMode               
00004e19  uxTimerGetTimerNumber              
00007051  vApplicationMallocFailedHook       
00007053  vApplicationStackOverflowHook      
00007a73  vListInitialise                    
00007aa3  vListInitialiseItem                
00007aef  vListInsert                        
00007ab3  vListInsertEnd                     
0000836d  vPortEnableVFP                     
000054d5  vPortEndScheduler                  
000054f9  vPortEnterCritical                 
0000553b  vPortExitCritical                  
00005933  vPortFree                          
00005b35  vPortGetHeapStats                  
000059d9  vPortInitialiseBlocks              
00008329  vPortSVCHandler                    
000056ed  vPortSetupTimerInterrupt           
00008349  vPortStartFirstTask                
00005595  vPortSuppressTicksAndSleep         
00005735  vPortValidateInterruptPriority     
00002f6b  vQueueDelete                       
00002f9d  vQueueSetQueueNumber               
0000323d  vQueueWaitForMessageRestricted     
000004d1  vTaskDelay                         
000003ed  vTaskDelayUntil                    
00000323  vTaskDelete                        
00000a25  vTaskEndScheduler                  
00001f35  vTaskGenericNotifyGiveFromISR      
00001575  vTaskGetInfo                       
0000128d  vTaskInternalSetTimeOutState       
00001359  vTaskMissedYield                   
00001059  vTaskPlaceOnEventList              
000010f5  vTaskPlaceOnEventListRestricted    
0000108d  vTaskPlaceOnUnorderedEventList     
00001939  vTaskPriorityDisinheritAfterTimeout
0000067d  vTaskPrioritySet                   
000011c5  vTaskRemoveFromUnorderedEventList  
00000915  vTaskResume                        
00000eb1  vTaskSetApplicationTaskTag         
00001381  vTaskSetTaskNumber                 
00001459  vTaskSetThreadLocalStoragePointer  
0000125b  vTaskSetTimeOutState               
000009a9  vTaskStartScheduler                
00000cf9  vTaskStepTick                      
000007b1  vTaskSuspend                       
00000a41  vTaskSuspendAll                    
00000f89  vTaskSwitchContext                 
00004853  vTimerSetReloadMode                
00004deb  vTimerSetTimerID                   
00004e27  vTimerSetTimerNumber               
000094b1  wcslen                             
00009341  write                              
20008af0  x                                  
000059cd  xPortGetFreeHeapSize               
000059d3  xPortGetMinimumEverFreeHeapSize    
000082c9  xPortPendSVHandler                 
0000541d  xPortStartScheduler                
00005567  xPortSysTickHandler                
00002427  xQueueCreateCountingSemaphore      
00002353  xQueueCreateMutex                  
0000225d  xQueueGenericCreate                
000021a9  xQueueGenericReset                 
00002485  xQueueGenericSend                  
00002639  xQueueGenericSendFromISR           
00002765  xQueueGiveFromISR                  
0000237f  xQueueGiveMutexRecursive           
000031a9  xQueueIsQueueEmptyFromISR          
00003203  xQueueIsQueueFullFromISR           
00002bbd  xQueuePeek                         
00002e31  xQueuePeekFromISR                  
00002873  xQueueReceive                      
00002d3b  xQueueReceiveFromISR               
000029eb  xQueueSemaphoreTake                
000023cf  xQueueTakeMutexRecursive           
00000f49  xTaskCallApplicationTaskHook       
00000d33  xTaskCatchUpTicks                  
000012a7  xTaskCheckForTimeOut               
000000e5  xTaskCreate                        
00001c11  xTaskGenericNotify                 
00001d87  xTaskGenericNotifyFromISR          
0000203f  xTaskGenericNotifyStateClear       
00001b2d  xTaskGenericNotifyWait             
00000ed7  xTaskGetApplicationTaskTag         
00000f05  xTaskGetApplicationTaskTagFromISR  
0000174b  xTaskGetCurrentTaskHandle          
0000175b  xTaskGetSchedulerState             
00000bab  xTaskGetTickCount                  
00000bbb  xTaskGetTickCountFromISR           
00000d85  xTaskIncrementTick                 
0000186d  xTaskPriorityDisinherit            
000017a5  xTaskPriorityInherit               
00001135  xTaskRemoveFromEventList           
00000aa9  xTaskResumeAll                     
000046e9  xTimerCreate                       
000046a9  xTimerCreateTimerTask              
0000478b  xTimerGenericCommand               
000048d9  xTimerGetExpiryTime                
0000482d  xTimerGetPeriod                    
0000480b  xTimerGetTimerDaemonTaskHandle     
00004d81  xTimerIsTimerActive                
20008af1  y                                  


GLOBAL SYMBOLS: SORTED BY Symbol Address 

address   name                               
-------   ----                               
00000000  __TI_static_base__                 
00000000  interruptVectors                   
000000e5  xTaskCreate                        
00000200  __STACK_SIZE                       
00000323  vTaskDelete                        
000003ed  vTaskDelayUntil                    
00000400  __SYSMEM_SIZE                      
000004d1  vTaskDelay                         
00000539  eTaskGetState                      
00000611  uxTaskPriorityGet                  
00000639  uxTaskPriorityGetFromISR           
0000067d  vTaskPrioritySet                   
000007b1  vTaskSuspend                       
00000915  vTaskResume                        
000009a9  vTaskStartScheduler                
00000a25  vTaskEndScheduler                  
00000a41  vTaskSuspendAll                    
00000aa9  xTaskResumeAll                     
00000bab  xTaskGetTickCount                  
00000bbb  xTaskGetTickCountFromISR           
00000bcf  uxTaskGetNumberOfTasks             
00000bd5  pcTaskGetName                      
00000c1d  uxTaskGetSystemState               
00000cf9  vTaskStepTick                      
00000d33  xTaskCatchUpTicks                  
00000d85  xTaskIncrementTick                 
00000eb1  vTaskSetApplicationTaskTag         
00000ed7  xTaskGetApplicationTaskTag         
00000f05  xTaskGetApplicationTaskTagFromISR  
00000f49  xTaskCallApplicationTaskHook       
00000f89  vTaskSwitchContext                 
00001059  vTaskPlaceOnEventList              
0000108d  vTaskPlaceOnUnorderedEventList     
000010f5  vTaskPlaceOnEventListRestricted    
00001135  xTaskRemoveFromEventList           
000011c5  vTaskRemoveFromUnorderedEventList  
0000125b  vTaskSetTimeOutState               
0000128d  vTaskInternalSetTimeOutState       
000012a7  xTaskCheckForTimeOut               
00001359  vTaskMissedYield                   
00001361  uxTaskGetTaskNumber                
00001381  vTaskSetTaskNumber                 
000013fd  eTaskConfirmSleepModeStatus        
00001459  vTaskSetThreadLocalStoragePointer  
000014a1  pvTaskGetThreadLocalStoragePointer 
00001575  vTaskGetInfo                       
0000174b  xTaskGetCurrentTaskHandle          
0000175b  xTaskGetSchedulerState             
000017a5  xTaskPriorityInherit               
0000186d  xTaskPriorityDisinherit            
00001939  vTaskPriorityDisinheritAfterTimeout
00001a33  uxTaskResetEventItemValue          
00001a55  pvTaskIncrementMutexHeldCount      
00001a75  ulTaskGenericNotifyTake            
00001b2d  xTaskGenericNotifyWait             
00001c11  xTaskGenericNotify                 
00001d87  xTaskGenericNotifyFromISR          
00001f35  vTaskGenericNotifyGiveFromISR      
0000203f  xTaskGenericNotifyStateClear       
000020a3  ulTaskGenericNotifyValueClear      
000021a9  xQueueGenericReset                 
0000225d  xQueueGenericCreate                
00002353  xQueueCreateMutex                  
0000237f  xQueueGiveMutexRecursive           
000023cf  xQueueTakeMutexRecursive           
00002427  xQueueCreateCountingSemaphore      
00002485  xQueueGenericSend                  
00002639  xQueueGenericSendFromISR           
00002765  xQueueGiveFromISR                  
00002873  xQueueReceive                      
000029eb  xQueueSemaphoreTake                
00002bbd  xQueuePeek                         
00002d3b  xQueueReceiveFromISR               
00002e31  xQueuePeekFromISR                  
00002edd  uxQueueMessagesWaiting             
00002f0d  uxQueueSpacesAvailable             
00002f41  uxQueueMessagesWaitingFromISR      
00002f6b  vQueueDelete                       
00002f8f  uxQueueGetQueueNumber              
00002f9d  vQueueSetQueueNumber               
00002faf  ucQueueGetQueueType                
000031a9  xQueueIsQueueEmptyFromISR          
00003203  xQueueIsQueueFullFromISR           
0000323d  vQueueWaitForMessageRestricted     
00003299  __TI_printfi                       
00003ce7  _nop                               
00003ce9  pow                                
00003ce9  powl                               
000046a9  xTimerCreateTimerTask              
000046e9  xTimerCreate                       
0000478b  xTimerGenericCommand               
0000480b  xTimerGetTimerDaemonTaskHandle     
0000482d  xTimerGetPeriod                    
00004853  vTimerSetReloadMode                
0000489d  uxTimerGetReloadMode               
000048d9  xTimerGetExpiryTime                
00004903  pcTimerGetName                     
00004d81  xTimerIsTimerActive                
00004dbd  pvTimerGetTimerID                  
00004deb  vTimerSetTimerID                   
00004e19  uxTimerGetTimerNumber              
00004e27  vTimerSetTimerNumber               
00004e4d  HAL_LCD_PortInit                   
00004e95  HAL_LCD_SpiInit                    
00004ec9  HAL_LCD_writeCommand               
00004f01  HAL_LCD_writeData                  
00004f25  Crystalfontz128x128_SetDrawFrame   
00004fbd  Crystalfontz128x128_Init           
000050eb  lcd_draw_rectangle                 
00005209  lcd_draw_image                     
00005391  pxPortInitialiseStack              
0000541d  xPortStartScheduler                
000054d5  vPortEndScheduler                  
000054f9  vPortEnterCritical                 
0000553b  vPortExitCritical                  
00005567  xPortSysTickHandler                
00005595  vPortSuppressTicksAndSleep         
000056ed  vPortSetupTimerInterrupt           
00005735  vPortValidateInterruptPriority     
000057c9  pvPortMalloc                       
00005933  vPortFree                          
000059cd  xPortGetFreeHeapSize               
000059d3  xPortGetMinimumEverFreeHeapSize    
000059d9  vPortInitialiseBlocks              
00005b35  vPortGetHeapStats                  
00005bf5  Task_Packman_Init                  
00005c13  Draw_Packman                       
00005c3b  Update_Random_Fruit_Coordinates    
00005c67  Draw_Fruit                         
00005cc3  Draw_Black_Screen                  
00005ce9  Collision_Check                    
00005d81  Task_Packman                       
00005fad  SystemCoreClockUpdate              
00006225  SystemInit                         
00006301  OPT3001_init                       
0000633b  Task_Light_Sensor_Init             
00006347  OPT3001_get_lux                    
000063c1  print_device_id                    
0000640f  print_manufacturer_id              
00006463  Task_Light_Sensor                  
000066a9  Task_Console_Init                  
000066d7  fputc                              
000066f5  EUSCIA0_IRQHandler                 
000066f5  EUSCIA0_IRQHandler                 
0000676d  Task_Console_Bottom_Half           
00006b47  Task_Accelerometer_Init            
00006bd3  Task_Accelerometer_Timer           
00006be9  Task_Accelerometer                 
00006c9b  ADC14_IRQHandler                   
00006c9b  ADC14_IRQHandler                   
00006d39  buzzer_get_time_delay              
00006d91  Buzzer_Set_Period                  
00006ddf  T32_1_wait                         
00006e51  Task_Buzzer_Init                   
00006e89  Buzzer_On                          
00006ea3  Buzzer_Off                         
00006eb1  Buzzer_Run_Status                  
00006ec5  Task_Buzzer                        
00006f89  main                               
00007051  vApplicationMallocFailedHook       
00007053  vApplicationStackOverflowHook      
000073bf  i2c_init                           
000073ff  i2c_write_16                       
0000745b  i2c_read_16                        
000074f1  __aeabi_dsub                       
000074fb  __aeabi_dadd                       
000076a7  __aeabi_idiv0                      
000076a7  __aeabi_ldiv0                      
000076a9  sqrt                               
000076a9  sqrtl                              
0000793d  __aeabi_ddiv                       
00007a73  vListInitialise                    
00007aa3  vListInitialiseItem                
00007ab3  vListInsertEnd                     
00007aef  vListInsert                        
00007b55  uxListRemove                       
00007cc1  fputs                              
00007dd5  ldexp                              
00007dd5  ldexpl                             
00007dd5  scalbn                             
00007dd5  scalbnl                            
00007ee5  aligned_alloc                      
00007ee5  memalign                           
00007fe5  __aeabi_dmul                       
000080e1  free                               
000081c5  setvbuf                            
000082b1  ulPortGetIPSR                      
000082c9  xPortPendSVHandler                 
00008329  vPortSVCHandler                    
00008349  vPortStartFirstTask                
0000836d  vPortEnableVFP                     
0000842f  __aeabi_memcpy                     
0000842f  __aeabi_memcpy4                    
0000842f  __aeabi_memcpy8                    
0000842f  memcpy                             
000084cb  __aeabi_uldivmod                   
00008561  __aeabi_cdcmpeq                    
00008561  __aeabi_cdcmple                    
000085e7  __aeabi_cdrcmple                   
0000866d  __aeabi_memclr                     
0000866d  __aeabi_memclr4                    
0000866d  __aeabi_memclr8                    
0000866f  __aeabi_memset                     
0000866f  __aeabi_memset4                    
0000866f  __aeabi_memset8                    
00008675  memset                             
000086e9  __TI_closefile                     
0000883d  HOSTrename                         
000088a9  HOSTlseek                          
00008911  __TI_decompress_lzss               
00008979  printf                             
000089e1  frexp                              
000089e1  frexpl                             
00008a45  fseek                              
00008aa9  __TI_wrt_ok                        
00008b0d  HOSTopen                           
00008b6d  close                              
00008bc9  HOSTread                           
00008c21  HOSTwrite                          
00008ccf  __TI_ltoa                          
00008d75  __TI_doflush                       
00008dc1  atoi                               
00008e0d  HOSTtime                           
00008e55  exit                               
00008e9d  __aeabi_d2iz                       
00008ee5  HOSTclose                          
00008f29  HOSTunlink                         
00008f6d  __TI_auto_init_nobinit_nopinit     
00008fb1  getdevice                          
00008ff5  __aeabi_d2uiz                      
00009039  sprintf                            
00009079  strtok                             
000090f9  __TI_writemsg                      
00009127  C$$IO$$                            
00009131  strncpy                            
00009169  __TI_cleanup                       
0000919d  __TI_readmsg                       
000091d1  _c_int00_noargs                    
00009205  rand                               
00009239  finddevice                         
00009269  __aeabi_i2d                        
00009299  remove                             
00009299  unlink                             
000092c5  strspn                             
00009319  lseek                              
00009341  write                              
00009369  srand                              
0000938d  strcspn                            
000093b1  memchr                             
000093d1  __aeabi_ui2d                       
0000940d  memccpy                            
00009429  copysign                           
00009429  copysignl                          
0000945b  strcmp                             
00009473  strchr                             
00009489  strcpy                             
0000949d  strlen                             
000094b1  wcslen                             
000094c3  __time32                           
000094c3  time                               
000094d1  __TI_decompress_none               
000094df  Reset_Handler                      
000094eb  AES256_IRQHandler                  
000094eb  BusFault_Handler                   
000094eb  COMP_E0_IRQHandler                 
000094eb  COMP_E1_IRQHandler                 
000094eb  CS_IRQHandler                      
000094eb  DMA_ERR_IRQHandler                 
000094eb  DMA_INT0_IRQHandler                
000094eb  DMA_INT1_IRQHandler                
000094eb  DMA_INT2_IRQHandler                
000094eb  DMA_INT3_IRQHandler                
000094eb  DebugMon_Handler                   
000094eb  Default_Handler                    
000094eb  EUSCIA1_IRQHandler                 
000094eb  EUSCIA2_IRQHandler                 
000094eb  EUSCIA3_IRQHandler                 
000094eb  EUSCIB0_IRQHandler                 
000094eb  EUSCIB1_IRQHandler                 
000094eb  EUSCIB2_IRQHandler                 
000094eb  EUSCIB3_IRQHandler                 
000094eb  FLCTL_IRQHandler                   
000094eb  FPU_IRQHandler                     
000094eb  HardFault_Handler                  
000094eb  MemManage_Handler                  
000094eb  NMI_Handler                        
000094eb  PCM_IRQHandler                     
000094eb  PORT1_IRQHandler                   
000094eb  PORT2_IRQHandler                   
000094eb  PORT3_IRQHandler                   
000094eb  PORT4_IRQHandler                   
000094eb  PORT5_IRQHandler                   
000094eb  PORT6_IRQHandler                   
000094eb  PSS_IRQHandler                     
000094eb  PendSV_Handler                     
000094eb  RTC_C_IRQHandler                   
000094eb  SVC_Handler                        
000094eb  SysTick_Handler                    
000094eb  T32_INT1_IRQHandler                
000094eb  T32_INT2_IRQHandler                
000094eb  T32_INTC_IRQHandler                
000094eb  TA0_0_IRQHandler                   
000094eb  TA0_N_IRQHandler                   
000094eb  TA1_0_IRQHandler                   
000094eb  TA1_N_IRQHandler                   
000094eb  TA2_0_IRQHandler                   
000094eb  TA2_N_IRQHandler                   
000094eb  TA3_0_IRQHandler                   
000094eb  TA3_N_IRQHandler                   
000094eb  UsageFault_Handler                 
000094eb  WDT_A_IRQHandler                   
000094ed  __TI_zero_init                     
00009505  __aeabi_errno_addr                 
0000950d  malloc                             
0000951d  _system_pre_init                   
00009521  C$$EXIT                            
00009521  abort                              
00009528  _ctypes_                           
00009629  blankScreenBitmaps                 
000096b8  ulMaxSyscallInterruptPriority      
000096c0  packman_WidthPixels                
000096c1  packman_HeightPixels               
000096c2  fruitWidthPixels                   
000096c3  fruitHeightPixels                  
000096c4  blankWidthPixels                   
000096c5  blankHeightPixels                  
00009870  __TI_Handler_Table_Base            
0000987c  __TI_Handler_Table_Limit           
00009888  __TI_CINIT_Base                    
00009898  __TI_CINIT_Limit                   
20000000  __start___llvm_prf_cnts            
20000000  __stop___llvm_prf_cnts             
20008000  __CIOBUF_                          
200081e8  __TI_tmpnams                       
20008314  RX_ARRAY                           
20008338  parmbuf                            
20008340  Queue_Music                        
20008344  Queue_Packman                      
20008348  Sem_Console                        
2000834c  Task_Accelerometer_Handle          
20008350  Task_Accelerometer_Timer_Handle    
20008354  Task_Buzzer_Handle                 
20008358  Task_Console_Handle                
2000835c  Task_Light_Sensor_Handle           
20008360  Task_Packman_Handle                
20008364  curr_music                         
20008368  Lcd_ScreenHeigth                   
2000836a  Lcd_ScreenWidth                    
2000836c  fruit_x                            
2000836d  fruit_y                            
20008370  _sys_memory                        
20008770  _ftable                            
20008860  _device                            
200088d8  _stream                            
20008928  packman_downBitmaps                
20008964  packman_leftBitmaps                
200089a0  packman_rightBitmaps               
200089dc  packman_upBitmaps                  
20008a18  pxCurrentTCB                       
20008a4c  appleBitmaps                       
20008a66  orangeBitmaps                      
20008a80  Eat                                
20008a98  bannanaBitmaps                     
20008ae0  __TI_ft_end                        
20008ae4  __aeabi_stdin                      
20008ae8  __aeabi_stdout                     
20008aec  __aeabi_stderr                     
20008af0  x                                  
20008af1  y                                  
20008af4  current_packman_Bitmap             
20008af8  current_fruit_Bitmap               
20008afc  current_fruit                      
20008afd  score                              
20008afe  RX_INDEX                           
20008b00  __TI_cleanup_ptr                   
20008b04  __TI_dtors_ptr                     
20008b08  __TI_enable_exit_profile_output    
20008b0c  ACC_X_DIR                          
20008b10  ACC_Y_DIR                          
20008b14  ACC_Z_DIR                          
20008b24  _lock                              
20008b28  _unlock                            
20008b34  errno                              
20008b40  SystemCoreClock                    
20008b44  Packman_Color                      
2000fe00  __stack                            
20010000  __STACK_END                        
4000480c  WDTCTL_SYM                         
ffffffff  __TI_pprof_out_hndl                
ffffffff  __TI_prof_data_size                
ffffffff  __TI_prof_data_start               
ffffffff  __binit__                          
ffffffff  __c_args__                         
ffffffff  binit                              
UNDEFED   __mpu_init                         
UNDEFED   _system_post_cinit                 

[396 symbols]
