******************************************************************************
                  TI ARM Linker PC v20.2.3                     
******************************************************************************
>> Linked Wed Dec  9 15:39:37 2020

OUTPUT FILE NAME:   <Project.out>
ENTRY POINT SYMBOL: "_c_int00_noargs"  address: 00009659


MEMORY CONFIGURATION

         name            origin    length      used     unused   attr    fill
----------------------  --------  ---------  --------  --------  ----  --------
  MAIN                  00000000   00040000  0000a776  0003588a  R  X
  INFO                  00200000   00004000  00000000  00004000  R  X
  SRAM_CODE             01000000   00010000  000090c2  00006f3e  RW X
  SRAM_DATA             20000000   00010000  000090c2  00006f3e  RW  


SEGMENT ALLOCATION MAP

run origin  load origin   length   init length attrs members
----------  ----------- ---------- ----------- ----- -------
00000000    00000000    0000a780   0000a780    r-x
  00000000    00000000    000000e4   000000e4    r-- .intvecs
  000000e4    000000e4    00009878   00009878    r-x .text
  00009960    00009960    00000a7a   00000a7a    r-- .const
  0000a3e0    0000a3e0    000003a0   000003a0    r-- .cinit
20000000    20000000    00008ec8   00000000    rw-
  20000000    20000000    00008376   00000000    rw- .bss
  20008378    20008378    0000074c   00000000    rw- .data
  20008ac8    20008ac8    00000400   00000000    rw- .sysmem
2000fe00    2000fe00    00000200   00000000    rw-
  2000fe00    2000fe00    00000200   00000000    rw- .stack


SECTION ALLOCATION MAP

 output                                  attributes/
section   page    origin      length       input sections
--------  ----  ----------  ----------   ----------------
.intvecs   0    00000000    000000e4     
                  00000000    000000e4     startup_msp432p401r_ccs.obj (.intvecs:retain)

.text      0    000000e4    00009878     
                  000000e4    000020c4     tasks.obj (.text)
                  000021a8    000010f0     queue.obj (.text)
                  00003298    00000a4e     rtsv7M4_T_le_v4SPD16_eabi.lib : _printfi.c.obj (.text:__TI_printfi)
                  00003ce6    00000002                                   : _lock.c.obj (.text:_nop)
                  00003ce8    000009c0                                   : e_pow.c.obj (.text:pow)
                  000046a8    000007a4     timers.obj (.text)
                  00004e4c    00000544     lcd.obj (.text)
                  00005390    000004e0     task_packman.obj (.text)
                  00005870    000004bc     task_screen.obj (.text)
                  00005d2c    00000438     port.obj (.text)
                  00006164    0000042c     heap_4.obj (.text)
                  00006590    00000354     system_msp432p401r.obj (.text)
                  000068e4    00000320     task_light_sensor.obj (.text)
                  00006c04    00000270     rtsv7M4_T_le_v4SPD16_eabi.lib : _printfi.c.obj (.text:_pconv_a)
                  00006e74    00000258     task_accelerometer.obj (.text)
                  000070cc    00000234     task_buzzer.obj (.text)
                  00007300    000001d4     main.obj (.text)
                  000074d4    000001d0     rtsv7M4_T_le_v4SPD16_eabi.lib : _printfi.c.obj (.text:_pconv_g)
                  000076a4    000001c0     i2c.obj (.text)
                  00007864    000001b6     rtsv7M4_T_le_v4SPD16_eabi.lib : fd_add_t2.asm.obj (.text)
                  00007a1a    00000002                                   : div0.asm.obj (.text)
                  00007a1c    00000158                                   : e_sqrt.c.obj (.text:sqrt)
                  00007b74    00000154     task_console.obj (.text)
                  00007cc8    0000013c     rtsv7M4_T_le_v4SPD16_eabi.lib : _printfi.c.obj (.text:_pconv_e)
                  00007e04    00000136                                   : fd_div_t2.asm.obj (.text)
                  00007f3a    0000012a     list.obj (.text)
                  00008064    00000124     rtsv7M4_T_le_v4SPD16_eabi.lib : _printfi.c.obj (.text:fcvt)
                  00008188    00000114                                   : fputs.c.obj (.text:fputs)
                  0000829c    00000110                                   : s_scalbn.c.obj (.text:scalbn)
                  000083ac    00000100                                   : memory.c.obj (.text:aligned_alloc)
                  000084ac    000000fc                                   : fd_mul_t2.asm.obj (.text)
                  000085a8    000000e4                                   : memory.c.obj (.text:free)
                  0000868c    000000dc                                   : setvbuf.c.obj (.text:setvbuf)
                  00008768    000000da     portasm.obj (.text)
                  00008842    00000002     --HOLE-- [fill = 0]
                  00008844    000000b1     rtsv7M4_T_le_v4SPD16_eabi.lib : _printfi.c.obj (.text:_ltostr)
                  000088f5    00000001     --HOLE-- [fill = 0]
                  000088f6    0000009c                                   : memcpy_t2.asm.obj (.text)
                  00008992    00000096                                   : ull_div_t2.asm.obj (.text)
                  00008a28    00000086                                   : fd_cmp_t2.asm.obj (.text:__aeabi_cdcmple)
                  00008aae    00000086                                   : fd_cmp_t2.asm.obj (.text:__aeabi_cdrcmple)
                  00008b34    0000007a                                   : memset_t2.asm.obj (.text)
                  00008bae    00000002     --HOLE-- [fill = 0]
                  00008bb0    00000074                                   : fclose.c.obj (.text:__TI_closefile)
                  00008c24    00000070                                   : memory.c.obj (.text:split)
                  00008c94    0000006e                                   : _printfi.c.obj (.text:_mcpy)
                  00008d02    00000002     --HOLE-- [fill = 0]
                  00008d04    0000006c                                   : hostrename.c.obj (.text:HOSTrename)
                  00008d70    00000068                                   : hostlseek.c.obj (.text:HOSTlseek)
                  00008dd8    00000068                                   : copy_decompress_lzss.c.obj (.text:decompress:lzss:__TI_decompress_lzss)
                  00008e40    00000068                                   : printf.c.obj (.text:printf)
                  00008ea8    00000064                                   : s_frexp.c.obj (.text:frexp)
                  00008f0c    00000064                                   : fseek.c.obj (.text:fseek)
                  00008f70    00000062                                   : _io_perm.c.obj (.text:__TI_wrt_ok)
                  00008fd2    00000002     --HOLE-- [fill = 0]
                  00008fd4    00000060                                   : hostopen.c.obj (.text:HOSTopen)
                  00009034    0000005c                                   : close.c.obj (.text:close)
                  00009090    00000058                                   : hostread.c.obj (.text:HOSTread)
                  000090e8    00000058                                   : hostwrite.c.obj (.text:HOSTwrite)
                  00009140    00000056                                   : _printfi.c.obj (.text:_pconv_f)
                  00009196    00000054                                   : _ltoa.c.obj (.text:__TI_ltoa)
                  000091ea    00000052                                   : _printfi.c.obj (.text:_ecpy)
                  0000923c    0000004c                                   : fflush.c.obj (.text:__TI_doflush)
                  00009288    0000004c                                   : atoi.c.obj (.text:atoi)
                  000092d4    00000048                                   : hosttime.c.obj (.text:HOSTtime)
                  0000931c    00000048                                   : exit.c.obj (.text:exit)
                  00009364    00000048                                   : fd_toi_t2.asm.obj (.text)
                  000093ac    00000044                                   : hostclose.c.obj (.text:HOSTclose)
                  000093f0    00000044                                   : hostunlink.c.obj (.text:HOSTunlink)
                  00009434    00000044                                   : autoinit.c.obj (.text:__TI_auto_init_nobinit_nopinit:__TI_auto_init_nobinit_nopinit)
                  00009478    00000044                                   : getdevice.c.obj (.text:getdevice)
                  000094bc    00000044                                   : fd_tou_t2.asm.obj (.text)
                  00009500    00000040                                   : sprintf.c.obj (.text:sprintf)
                  00009540    0000003e                                   : _printfi.c.obj (.text:_fcpy)
                  0000957e    00000002     --HOLE-- [fill = 0]
                  00009580    00000038                                   : trgmsg.c.obj (.text:__TI_writemsg)
                  000095b8    00000036                                   : strncpy.c.obj (.text:strncpy)
                  000095ee    00000002     --HOLE-- [fill = 0]
                  000095f0    00000034                                   : fopen.c.obj (.text:__TI_cleanup)
                  00009624    00000034                                   : trgmsg.c.obj (.text:__TI_readmsg)
                  00009658    00000034                                   : boot_cortex_m.c.obj (.text:_c_int00_noargs:_c_int00_noargs)
                  0000968c    00000034                                   : rand.c.obj (.text:rand)
                  000096c0    00000030                                   : getdevice.c.obj (.text:finddevice)
                  000096f0    0000002e                                   : i_tofd_t2.asm.obj (.text)
                  0000971e    00000002     --HOLE-- [fill = 0]
                  00009720    0000002c                                   : unlink.c.obj (.text:unlink)
                  0000974c    00000028                                   : memory.c.obj (.text:free_list_insert)
                  00009774    00000028                                   : lseek.c.obj (.text:lseek)
                  0000979c    00000028                                   : write.c.obj (.text:write)
                  000097c4    00000024                                   : rand.c.obj (.text:srand)
                  000097e8    00000020                                   : memchr.c.obj (.text:memchr)
                  00009808    00000020                                   : u_tofd_t2.asm.obj (.text)
                  00009828    0000001c                                   : memory.c.obj (.text:free_list_remove)
                  00009844    0000001c                                   : memccpy.c.obj (.text:memccpy)
                  00009860    0000001a                                   : s_copysign.c.obj (.text:copysign)
                  0000987a    00000018                                   : sprintf.c.obj (.text:_outs)
                  00009892    00000018                                   : strcmp.c.obj (.text:strcmp)
                  000098aa    00000016                                   : strchr.c.obj (.text:strchr)
                  000098c0    00000014                                   : strcpy.c.obj (.text:strcpy)
                  000098d4    00000014                                   : strlen.c.obj (.text:strlen)
                  000098e8    00000012                                   : wcslen.c.obj (.text:wcslen)
                  000098fa    0000000e                                   : time.c.obj (.text:__time32)
                  00009908    0000000e                                   : copy_decompress_none.c.obj (.text:decompress:none:__TI_decompress_none)
                  00009916    0000000e     startup_msp432p401r_ccs.obj (.text)
                  00009924    0000000c     rtsv7M4_T_le_v4SPD16_eabi.lib : copy_zero_init.c.obj (.text:decompress:ZI:__TI_zero_init)
                  00009930    0000000a                                   : sprintf.c.obj (.text:_outc)
                  0000993a    00000002     --HOLE-- [fill = 0]
                  0000993c    00000008                                   : errno.c.obj (.text:__aeabi_errno_addr)
                  00009944    00000008                                   : memory.c.obj (.text:malloc)
                  0000994c    00000004                                   : printf.c.obj (.text:_outc)
                  00009950    00000004                                   : printf.c.obj (.text:_outs)
                  00009954    00000004                                   : pre_init.c.obj (.text:_system_pre_init)
                  00009958    00000004                                   : exit.c.obj (.text:abort:abort)

.const     0    00009960    00000a7a     
                  00009960    000008c4     packman.obj (.const:.string:blankScreenBitmaps)
                  0000a224    00000101     rtsv7M4_T_le_v4SPD16_eabi.lib : ctype.c.obj (.const:.string:_ctypes_)
                  0000a325    00000003     --HOLE-- [fill = 0]
                  0000a328    00000030                                   : e_pow.c.obj (.const:$O1$$)
                  0000a358    0000001e     task_screen.obj (.const:$P$T7$8)
                  0000a376    0000000e     task_screen.obj (.const:$P$T0$1)
                  0000a384    0000000a     task_screen.obj (.const:$P$T2$3)
                  0000a38e    0000000a     task_screen.obj (.const:$P$T3$4)
                  0000a398    0000000a     task_screen.obj (.const:$P$T4$5)
                  0000a3a2    0000000a     task_screen.obj (.const:$P$T6$7)
                  0000a3ac    0000000a     task_screen.obj (.const:$P$T9$10)
                  0000a3b6    00000008     task_screen.obj (.const:$P$T8$9)
                  0000a3be    00000002     --HOLE-- [fill = 0]
                  0000a3c0    00000008     port.obj (.const)
                  0000a3c8    00000006     packman.obj (.const)
                  0000a3ce    00000004     task_screen.obj (.const:$P$T1$2)
                  0000a3d2    00000004     task_screen.obj (.const:$P$T10$11)
                  0000a3d6    00000004     task_screen.obj (.const:$P$T5$6)

.cinit     0    0000a3e0    000003a0     
                  0000a3e0    00000378     (.cinit..data.load) [load image, compression = lzss]
                  0000a758    0000000c     (__TI_handler_table)
                  0000a764    00000004     --HOLE-- [fill = 0]
                  0000a768    00000008     (.cinit..bss.load) [load image, compression = zero_init]
                  0000a770    00000010     (__TI_cinit_table)

.init_array 
*          0    00000000    00000000     UNINITIALIZED

.binit     0    00000000    00000000     

.bss       0    20000000    00008376     UNINITIALIZED
                  20000000    00008000     heap_4.obj (.bss:ucHeap)
                  20008000    00000120     rtsv7M4_T_le_v4SPD16_eabi.lib : trgmsg.c.obj (.bss:_CIOBUF_)
                  20008120    000000c8     tasks.obj (.bss:pxReadyTasksLists)
                  200081e8    000000a0     (.common:__TI_tmpnams)
                  20008288    00000014     timers.obj (.bss:xActiveTimerList1)
                  2000829c    00000014     timers.obj (.bss:xActiveTimerList2)
                  200082b0    00000014     tasks.obj (.bss:xDelayedTaskList1)
                  200082c4    00000014     tasks.obj (.bss:xDelayedTaskList2)
                  200082d8    00000014     tasks.obj (.bss:xPendingReadyList)
                  200082ec    00000014     tasks.obj (.bss:xSuspendedTaskList)
                  20008300    00000014     tasks.obj (.bss:xTasksWaitingTermination)
                  20008314    0000000c     (.common:RX_ARRAY)
                  20008320    00000008     tasks.obj (.bss)
                  20008328    00000008     timers.obj (.bss)
                  20008330    00000008     heap_4.obj (.bss:xStart)
                  20008338    00000008     (.common:parmbuf)
                  20008340    00000004     (.common:Queue_Music)
                  20008344    00000004     (.common:Queue_Packman)
                  20008348    00000004     (.common:Sem_Console)
                  2000834c    00000004     (.common:Task_Accelerometer_Bottom_Half_Handle)
                  20008350    00000004     (.common:Task_Accelerometer_Timer_Handle)
                  20008354    00000004     (.common:Task_Buzzer_Handle)
                  20008358    00000004     (.common:Task_Light_Sensor_Bottom_Half_Handle)
                  2000835c    00000004     (.common:Task_Packman_Handle)
                  20008360    00000004     (.common:Task_Screen_Handle)
                  20008364    00000004     (.common:char_x)
                  20008368    00000004     (.common:char_y)
                  2000836c    00000004     (.common:curr_music)
                  20008370    00000002     (.common:Lcd_ScreenHeigth)
                  20008372    00000002     (.common:Lcd_ScreenWidth)
                  20008374    00000001     (.common:fruit_x)
                  20008375    00000001     (.common:fruit_y)

.data      0    20008378    0000074c     UNINITIALIZED
                  20008378    00000156     text.obj (.data:microsoftSansSerif_8ptBitmaps)
                  200084ce    00000118     text.obj (.data:microsoftSansSerif_8ptDescriptors)
                  200085e6    00000002     task_light_sensor.obj (.data)
                  200085e8    000000f8     task_buzzer.obj (.data:end_Song)
                  200086e0    000000f0     rtsv7M4_T_le_v4SPD16_eabi.lib : defs.c.obj (.data:_ftable)
                  200087d0    00000078                                   : host_device.c.obj (.data:_device)
                  20008848    00000050                                   : host_device.c.obj (.data:_stream)
                  20008898    0000003c     packman.obj (.data:packman_downBitmaps)
                  200088d4    0000003c     packman.obj (.data:packman_leftBitmaps)
                  20008910    0000003c     packman.obj (.data:packman_rightBitmaps)
                  2000894c    0000003c     packman.obj (.data:packman_upBitmaps)
                  20008988    00000034     tasks.obj (.data)
                  200089bc    0000001e     packman.obj (.data:appleBitmaps)
                  200089da    0000001e     packman.obj (.data:bannanaBitmaps)
                  200089f8    0000001e     packman.obj (.data:orangeBitmaps)
                  20008a16    00000002     task_screen.obj (.data)
                  20008a18    00000018     task_buzzer.obj (.data:Eat)
                  20008a30    00000018     heap_4.obj (.data)
                  20008a48    00000018     port.obj (.data)
                  20008a60    00000014     task_packman.obj (.data)
                  20008a74    00000010     rtsv7M4_T_le_v4SPD16_eabi.lib : defs.c.obj (.data)
                  20008a84    0000000c                                   : exit.c.obj (.data:$O1$$)
                  20008a90    0000000c     task_accelerometer.obj (.data)
                  20008a9c    0000000c     timers.obj (.data)
                  20008aa8    00000008     rtsv7M4_T_le_v4SPD16_eabi.lib : _lock.c.obj (.data:$O1$$)
                  20008ab0    00000008                                   : memory.c.obj (.data:$O1$$)
                  20008ab8    00000004                                   : errno.c.obj (.data)
                  20008abc    00000004                                   : rand.c.obj (.data)
                  20008ac0    00000004     system_msp432p401r.obj (.data)

.sysmem    0    20008ac8    00000400     UNINITIALIZED
                  20008ac8    00000010     rtsv7M4_T_le_v4SPD16_eabi.lib : memory.c.obj (.sysmem)
                  20008ad8    000003f0     --HOLE--

.stack     0    2000fe00    00000200     UNINITIALIZED
                  2000fe00    00000004     rtsv7M4_T_le_v4SPD16_eabi.lib : boot_cortex_m.c.obj (.stack)
                  2000fe04    000001fc     --HOLE--

__llvm_prf_cnts 
*          0    20000000    00000000     UNINITIALIZED

MODULE SUMMARY

       Module                        code    ro data   rw data
       ------                        ----    -------   -------
    .\
       packman.obj                   0       2250      660    
       lcd.obj                       1348    0         8      
       task_screen.obj               1212    114       28     
       task_packman.obj              1248    0         60     
       text.obj                      0       0         1244   
       task_buzzer.obj               564     0         568    
       system_msp432p401r.obj        852     0         8      
       task_light_sensor.obj         800     0         12     
       task_accelerometer.obj        600     0         40     
       main.obj                      468     0         0      
       i2c.obj                       448     0         0      
       task_console.obj              340     0         32     
       startup_msp432p401r_ccs.obj   14      228       0      
    +--+-----------------------------+-------+---------+---------+
       Total:                        7894    2592      2660   
                                                              
    .\FreeRTOS\
       heap_4.obj                    1068    0         65600  
       tasks.obj                     8388    0         720    
       queue.obj                     4336    0         0      
       timers.obj                    1956    0         120    
       list.obj                      298     0         0      
    +--+-----------------------------+-------+---------+---------+
       Total:                        16046   0         66440  
                                                              
    .\FreeRTOS\portable\
       port.obj                      1080    8         48     
       portasm.obj                   218     0         0      
    +--+-----------------------------+-------+---------+---------+
       Total:                        1298    8         48     
                                                              
    C:\ti\ccs1010\ccs\tools\compiler\ti-cgt-arm_20.2.3.LTS\lib\rtsv7M4_T_le_v4SPD16_eabi.lib
       _printfi.c.obj                4851    0         0      
       e_pow.c.obj                   2496    48        0      
       defs.c.obj                    0       0         832    
       memory.c.obj                  672     0         16     
       trgmsg.c.obj                  108     0         576    
       fd_add_t2.asm.obj             438     0         0      
       host_device.c.obj             0       0         400    
       e_sqrt.c.obj                  344     0         0      
       fd_div_t2.asm.obj             310     0         0      
       fputs.c.obj                   276     0         0      
       s_scalbn.c.obj                272     0         0      
       fd_cmp_t2.asm.obj             268     0         0      
       ctype.c.obj                   0       257       0      
       fd_mul_t2.asm.obj             252     0         0      
       setvbuf.c.obj                 220     0         0      
       memcpy_t2.asm.obj             156     0         0      
       ull_div_t2.asm.obj            150     0         0      
       memset_t2.asm.obj             122     0         0      
       fclose.c.obj                  116     0         0      
       getdevice.c.obj               116     0         0      
       hostopen.c.obj                96      0         16     
       printf.c.obj                  112     0         0      
       hostrename.c.obj              108     0         0      
       copy_decompress_lzss.c.obj    104     0         0      
       hostlseek.c.obj               104     0         0      
       exit.c.obj                    76      0         24     
       fseek.c.obj                   100     0         0      
       s_frexp.c.obj                 100     0         0      
       _io_perm.c.obj                98      0         0      
       sprintf.c.obj                 98      0         0      
       rand.c.obj                    88      0         8      
       close.c.obj                   92      0         0      
       hostread.c.obj                88      0         0      
       hostwrite.c.obj               88      0         0      
       _ltoa.c.obj                   84      0         0      
       atoi.c.obj                    76      0         0      
       fflush.c.obj                  76      0         0      
       fd_toi_t2.asm.obj             72      0         0      
       hosttime.c.obj                72      0         0      
       autoinit.c.obj                68      0         0      
       fd_tou_t2.asm.obj             68      0         0      
       hostclose.c.obj               68      0         0      
       hostunlink.c.obj              68      0         0      
       strncpy.c.obj                 54      0         0      
       boot_cortex_m.c.obj           52      0         0      
       fopen.c.obj                   52      0         0      
       i_tofd_t2.asm.obj             46      0         0      
       unlink.c.obj                  44      0         0      
       lseek.c.obj                   40      0         0      
       write.c.obj                   40      0         0      
       memchr.c.obj                  32      0         0      
       u_tofd_t2.asm.obj             32      0         0      
       memccpy.c.obj                 28      0         0      
       s_copysign.c.obj              26      0         0      
       strcmp.c.obj                  24      0         0      
       strchr.c.obj                  22      0         0      
       strcpy.c.obj                  20      0         0      
       strlen.c.obj                  20      0         0      
       _lock.c.obj                   2       0         16     
       wcslen.c.obj                  18      0         0      
       errno.c.obj                   8       0         8      
       copy_decompress_none.c.obj    14      0         0      
       time.c.obj                    14      0         0      
       copy_zero_init.c.obj          12      0         0      
       pre_init.c.obj                4       0         0      
       div0.asm.obj                  2       0         0      
    +--+-----------------------------+-------+---------+---------+
       Total:                        13777   305       1896   
                                                              
       Heap:                         0       0         2048   
       Stack:                        0       0         1024   
       Linker Generated:             0       924       0      
    +--+-----------------------------+-------+---------+---------+
       Grand Total:                  39015   3829      74116  


LINKER GENERATED COPY TABLES

__TI_cinit_table @ 0000a770 records: 2, size/record: 8, table size: 16
	.data: load addr=0000a3e0, load size=00000378 bytes, run addr=20008378, run size=0000074c bytes, compression=lzss
	.bss: load addr=0000a768, load size=00000008 bytes, run addr=20000000, run size=00008376 bytes, compression=zero_init


LINKER GENERATED HANDLER TABLE

__TI_handler_table @ 0000a758 records: 3, size/record: 4, table size: 12
	index: 0, handler: __TI_decompress_lzss
	index: 1, handler: __TI_decompress_none
	index: 2, handler: __TI_zero_init


GLOBAL SYMBOLS: SORTED ALPHABETICALLY BY Name 

address   name                                 
-------   ----                                 
20008a90  ACC_X_DIR                            
20008a94  ACC_Y_DIR                            
20008a98  ACC_Z_DIR                            
0000702f  ADC14_IRQHandler                     
0000702f  ADC14_IRQHandler                     
00009923  AES256_IRQHandler                    
00009923  BusFault_Handler                     
00007237  Buzzer_Off                           
0000721d  Buzzer_On                            
00007245  Buzzer_Run_Status                    
00007125  Buzzer_Set_Period                    
00009959  C$$EXIT                              
000095af  C$$IO$$                              
00009923  COMP_E0_IRQHandler                   
00009923  COMP_E1_IRQHandler                   
00009923  CS_IRQHandler                        
00005541  Collision_Check                      
00004fbd  Crystalfontz128x128_Init             
00004f25  Crystalfontz128x128_SetDrawFrame     
00009923  DMA_ERR_IRQHandler                   
00009923  DMA_INT0_IRQHandler                  
00009923  DMA_INT1_IRQHandler                  
00009923  DMA_INT2_IRQHandler                  
00009923  DMA_INT3_IRQHandler                  
00009923  DebugMon_Handler                     
00009923  Default_Handler                      
0000551b  Draw_Black_Screen                    
000054bf  Draw_Fruit                           
000053af  Draw_Packman                         
20008a17  END                                  
00009923  EUSCIA0_IRQHandler                   
00009923  EUSCIA1_IRQHandler                   
00009923  EUSCIA2_IRQHandler                   
00009923  EUSCIA3_IRQHandler                   
00009923  EUSCIB0_IRQHandler                   
00009923  EUSCIB1_IRQHandler                   
00009923  EUSCIB2_IRQHandler                   
00009923  EUSCIB3_IRQHandler                   
20008a18  Eat                                  
00005a79  End_Screen                           
00009923  FLCTL_IRQHandler                     
00009923  FPU_IRQHandler                       
00004e4d  HAL_LCD_PortInit                     
00004e95  HAL_LCD_SpiInit                      
00004ec9  HAL_LCD_writeCommand                 
00004f01  HAL_LCD_writeData                    
000093ad  HOSTclose                            
00008d71  HOSTlseek                            
00008fd5  HOSTopen                             
00009091  HOSTread                             
00008d05  HOSTrename                           
000092d5  HOSTtime                             
000093f1  HOSTunlink                           
000090e9  HOSTwrite                            
00009923  HardFault_Handler                    
20008370  Lcd_ScreenHeigth                     
20008372  Lcd_ScreenWidth                      
00009923  MemManage_Handler                    
00009923  NMI_Handler                          
0000692b  OPT3001_get_lux                      
000068e5  OPT3001_init                         
00009923  PCM_IRQHandler                       
00009923  PORT1_IRQHandler                     
00009923  PORT2_IRQHandler                     
00009923  PORT3_IRQHandler                     
00009923  PORT4_IRQHandler                     
00009923  PORT5_IRQHandler                     
00009923  PORT6_IRQHandler                     
00009923  PSS_IRQHandler                       
200085e6  Packman_Color                        
00009923  PendSV_Handler                       
00005a01  Print_Numbers                        
00005873  Print_Words                          
20008340  Queue_Music                          
20008344  Queue_Packman                        
00009923  RTC_C_IRQHandler                     
20008314  RX_ARRAY                             
00009917  Reset_Handler                        
20008a16  START                                
00009923  SVC_Handler                          
20008348  Sem_Console                          
000058e3  Start_Screen                         
00009923  SysTick_Handler                      
20008ac0  SystemCoreClock                      
00006591  SystemCoreClockUpdate                
00006809  SystemInit                           
00007173  T32_1_wait                           
00009923  T32_INT1_IRQHandler                  
00009923  T32_INT2_IRQHandler                  
00009923  T32_INTC_IRQHandler                  
00009923  TA0_0_IRQHandler                     
00009923  TA0_N_IRQHandler                     
00009923  TA1_0_IRQHandler                     
00009923  TA1_N_IRQHandler                     
00009923  TA2_0_IRQHandler                     
00009923  TA2_N_IRQHandler                     
00009923  TA3_0_IRQHandler                     
00009923  TA3_N_IRQHandler                     
20008a6e  TOTAL_SCORE                          
00006f81  Task_Accelerometer_Bottom_Half       
2000834c  Task_Accelerometer_Bottom_Half_Handle
00006edf  Task_Accelerometer_Init              
00006f6b  Task_Accelerometer_Timer             
20008350  Task_Accelerometer_Timer_Handle      
00007259  Task_Buzzer                          
20008354  Task_Buzzer_Handle                   
000071e5  Task_Buzzer_Init                     
00007c45  Task_Console_Init                    
00006a47  Task_Light_Sensor_Bottom_Half        
20008358  Task_Light_Sensor_Bottom_Half_Handle 
0000691f  Task_Light_Sensor_Init               
00005601  Task_Packman                         
2000835c  Task_Packman_Handle                  
00005391  Task_Packman_Init                    
00005c85  Task_Screen                          
20008360  Task_Screen_Handle                   
00005871  Task_Screen_Init                     
000053d7  Update_Random_Fruit_Coordinates      
00009923  UsageFault_Handler                   
4000480c  WDTCTL_SYM                           
00009923  WDT_A_IRQHandler                     
20008000  __CIOBUF_                            
20010000  __STACK_END                          
00000200  __STACK_SIZE                         
00000400  __SYSMEM_SIZE                        
0000a770  __TI_CINIT_Base                      
0000a780  __TI_CINIT_Limit                     
0000a758  __TI_Handler_Table_Base              
0000a764  __TI_Handler_Table_Limit             
00009435  __TI_auto_init_nobinit_nopinit       
000095f1  __TI_cleanup                         
20008a84  __TI_cleanup_ptr                     
00008bb1  __TI_closefile                       
00008dd9  __TI_decompress_lzss                 
00009909  __TI_decompress_none                 
0000923d  __TI_doflush                         
20008a88  __TI_dtors_ptr                       
20008a8c  __TI_enable_exit_profile_output      
20008a74  __TI_ft_end                          
00009197  __TI_ltoa                            
ffffffff  __TI_pprof_out_hndl                  
00003299  __TI_printfi                         
ffffffff  __TI_prof_data_size                  
ffffffff  __TI_prof_data_start                 
00009625  __TI_readmsg                         
00000000  __TI_static_base__                   
200081e8  __TI_tmpnams                         
00009581  __TI_writemsg                        
00008f71  __TI_wrt_ok                          
00009925  __TI_zero_init                       
00008a29  __aeabi_cdcmpeq                      
00008a29  __aeabi_cdcmple                      
00008aaf  __aeabi_cdrcmple                     
00009365  __aeabi_d2iz                         
000094bd  __aeabi_d2uiz                        
0000786f  __aeabi_dadd                         
00007e05  __aeabi_ddiv                         
000084ad  __aeabi_dmul                         
00007865  __aeabi_dsub                         
0000993d  __aeabi_errno_addr                   
000096f1  __aeabi_i2d                          
00007a1b  __aeabi_idiv0                        
00007a1b  __aeabi_ldiv0                        
00008b35  __aeabi_memclr                       
00008b35  __aeabi_memclr4                      
00008b35  __aeabi_memclr8                      
000088f7  __aeabi_memcpy                       
000088f7  __aeabi_memcpy4                      
000088f7  __aeabi_memcpy8                      
00008b37  __aeabi_memset                       
00008b37  __aeabi_memset4                      
00008b37  __aeabi_memset8                      
20008a80  __aeabi_stderr                       
20008a78  __aeabi_stdin                        
20008a7c  __aeabi_stdout                       
00009809  __aeabi_ui2d                         
00008993  __aeabi_uldivmod                     
ffffffff  __binit__                            
ffffffff  __c_args__                           
UNDEFED   __mpu_init                           
2000fe00  __stack                              
20000000  __start___llvm_prf_cnts              
20000000  __stop___llvm_prf_cnts               
000098fb  __time32                             
00009659  _c_int00_noargs                      
0000a224  _ctypes_                             
200087d0  _device                              
200086e0  _ftable                              
20008aa8  _lock                                
00003ce7  _nop                                 
20008848  _stream                              
20008ac8  _sys_memory                          
UNDEFED   _system_post_cinit                   
00009955  _system_pre_init                     
20008aac  _unlock                              
00009959  abort                                
000083ad  aligned_alloc                        
200089bc  appleBitmaps                         
00009289  atoi                                 
200089da  bannanaBitmaps                       
ffffffff  binit                                
0000a3cd  blankHeightPixels                    
00009960  blankScreenBitmaps                   
0000a3cc  blankWidthPixels                     
000070cd  buzzer_get_time_delay                
20008364  char_x                               
20008368  char_y                               
00009035  close                                
00009861  copysign                             
00009861  copysignl                            
2000836c  curr_music                           
20008a6c  current_fruit                        
20008a68  current_fruit_Bitmap                 
20008a64  current_packman_Bitmap               
000013fd  eTaskConfirmSleepModeStatus          
00000539  eTaskGetState                        
200085e8  end_Song                             
20008ab8  errno                                
0000931d  exit                                 
000096c1  finddevice                           
00007c73  fputc                                
00008189  fputs                                
000085a9  free                                 
00008ea9  frexp                                
00008ea9  frexpl                               
0000a3cb  fruitHeightPixels                    
0000a3ca  fruitWidthPixels                     
20008374  fruit_x                              
20008375  fruit_y                              
00008f0d  fseek                                
00009479  getdevice                            
00007733  i2c_init                             
000077cf  i2c_read_16                          
00007773  i2c_write_16                         
00000000  interruptVectors                     
00005209  lcd_draw_image                       
000050eb  lcd_draw_rectangle                   
0000829d  ldexp                                
0000829d  ldexpl                               
00009775  lseek                                
00007301  main                                 
00009945  malloc                               
000083ad  memalign                             
00009845  memccpy                              
000097e9  memchr                               
000088f7  memcpy                               
00008b3d  memset                               
20008378  microsoftSansSerif_8ptBitmaps        
200084ce  microsoftSansSerif_8ptDescriptors    
200089f8  orangeBitmaps                        
0000a3c9  packman_HeightPixels                 
0000a3c8  packman_WidthPixels                  
20008898  packman_downBitmaps                  
200088d4  packman_leftBitmaps                  
20008910  packman_rightBitmaps                 
2000894c  packman_upBitmaps                    
20008338  parmbuf                              
000055b7  pause                                
00000bd5  pcTaskGetName                        
00004903  pcTimerGetName                       
00003ce9  pow                                  
00003ce9  powl                                 
000069a5  print_device_id                      
000069f3  print_manufacturer_id                
00008e41  printf                               
00006165  pvPortMalloc                         
000014a1  pvTaskGetThreadLocalStoragePointer   
00001a55  pvTaskIncrementMutexHeldCount        
00004dbd  pvTimerGetTimerID                    
20008988  pxCurrentTCB                         
00005d2d  pxPortInitialiseStack                
0000968d  rand                                 
00009721  remove                               
0000829d  scalbn                               
0000829d  scalbnl                              
0000868d  setvbuf                              
00009501  sprintf                              
00007a1d  sqrt                                 
00007a1d  sqrtl                                
000097c5  srand                                
000098ab  strchr                               
00009893  strcmp                               
000098c1  strcpy                               
000098d5  strlen                               
000095b9  strncpy                              
000098fb  time                                 
20008a70  total_time                           
00002faf  ucQueueGetQueueType                  
0000a3c0  ulMaxSyscallInterruptPriority        
00008779  ulPortGetIPSR                        
00001a75  ulTaskGenericNotifyTake              
000020a3  ulTaskGenericNotifyValueClear        
00009721  unlink                               
0000801d  uxListRemove                         
00002f8f  uxQueueGetQueueNumber                
00002edd  uxQueueMessagesWaiting               
00002f41  uxQueueMessagesWaitingFromISR        
00002f0d  uxQueueSpacesAvailable               
00000bcf  uxTaskGetNumberOfTasks               
00000c1d  uxTaskGetSystemState                 
00001361  uxTaskGetTaskNumber                  
00000611  uxTaskPriorityGet                    
00000639  uxTaskPriorityGetFromISR             
00001a33  uxTaskResetEventItemValue            
0000489d  uxTimerGetReloadMode                 
00004e19  uxTimerGetTimerNumber                
000073c9  vApplicationMallocFailedHook         
000073cb  vApplicationStackOverflowHook        
00007f3b  vListInitialise                      
00007f6b  vListInitialiseItem                  
00007fb7  vListInsert                          
00007f7b  vListInsertEnd                       
00008835  vPortEnableVFP                       
00005e71  vPortEndScheduler                    
00005e95  vPortEnterCritical                   
00005ed7  vPortExitCritical                    
000062cf  vPortFree                            
000064d1  vPortGetHeapStats                    
00006375  vPortInitialiseBlocks                
000087f1  vPortSVCHandler                      
00006089  vPortSetupTimerInterrupt             
00008811  vPortStartFirstTask                  
00005f31  vPortSuppressTicksAndSleep           
000060d1  vPortValidateInterruptPriority       
00002f6b  vQueueDelete                         
00002f9d  vQueueSetQueueNumber                 
0000323d  vQueueWaitForMessageRestricted       
000004d1  vTaskDelay                           
000003ed  vTaskDelayUntil                      
00000323  vTaskDelete                          
00000a25  vTaskEndScheduler                    
00001f35  vTaskGenericNotifyGiveFromISR        
00001575  vTaskGetInfo                         
0000128d  vTaskInternalSetTimeOutState         
00001359  vTaskMissedYield                     
00001059  vTaskPlaceOnEventList                
000010f5  vTaskPlaceOnEventListRestricted      
0000108d  vTaskPlaceOnUnorderedEventList       
00001939  vTaskPriorityDisinheritAfterTimeout  
0000067d  vTaskPrioritySet                     
000011c5  vTaskRemoveFromUnorderedEventList    
00000915  vTaskResume                          
00000eb1  vTaskSetApplicationTaskTag           
00001381  vTaskSetTaskNumber                   
00001459  vTaskSetThreadLocalStoragePointer    
0000125b  vTaskSetTimeOutState                 
000009a9  vTaskStartScheduler                  
00000cf9  vTaskStepTick                        
000007b1  vTaskSuspend                         
00000a41  vTaskSuspendAll                      
00000f89  vTaskSwitchContext                   
00004853  vTimerSetReloadMode                  
00004deb  vTimerSetTimerID                     
00004e27  vTimerSetTimerNumber                 
000098e9  wcslen                               
0000979d  write                                
20008a60  x                                    
00006369  xPortGetFreeHeapSize                 
0000636f  xPortGetMinimumEverFreeHeapSize      
00008791  xPortPendSVHandler                   
00005db9  xPortStartScheduler                  
00005f03  xPortSysTickHandler                  
00002427  xQueueCreateCountingSemaphore        
00002353  xQueueCreateMutex                    
0000225d  xQueueGenericCreate                  
000021a9  xQueueGenericReset                   
00002485  xQueueGenericSend                    
00002639  xQueueGenericSendFromISR             
00002765  xQueueGiveFromISR                    
0000237f  xQueueGiveMutexRecursive             
000031a9  xQueueIsQueueEmptyFromISR            
00003203  xQueueIsQueueFullFromISR             
00002bbd  xQueuePeek                           
00002e31  xQueuePeekFromISR                    
00002873  xQueueReceive                        
00002d3b  xQueueReceiveFromISR                 
000029eb  xQueueSemaphoreTake                  
000023cf  xQueueTakeMutexRecursive             
00000f49  xTaskCallApplicationTaskHook         
00000d33  xTaskCatchUpTicks                    
000012a7  xTaskCheckForTimeOut                 
000000e5  xTaskCreate                          
00001c11  xTaskGenericNotify                   
00001d87  xTaskGenericNotifyFromISR            
0000203f  xTaskGenericNotifyStateClear         
00001b2d  xTaskGenericNotifyWait               
00000ed7  xTaskGetApplicationTaskTag           
00000f05  xTaskGetApplicationTaskTagFromISR    
0000174b  xTaskGetCurrentTaskHandle            
0000175b  xTaskGetSchedulerState               
00000bab  xTaskGetTickCount                    
00000bbb  xTaskGetTickCountFromISR             
00000d85  xTaskIncrementTick                   
0000186d  xTaskPriorityDisinherit              
000017a5  xTaskPriorityInherit                 
00001135  xTaskRemoveFromEventList             
00000aa9  xTaskResumeAll                       
000046e9  xTimerCreate                         
000046a9  xTimerCreateTimerTask                
0000478b  xTimerGenericCommand                 
000048d9  xTimerGetExpiryTime                  
0000482d  xTimerGetPeriod                      
0000480b  xTimerGetTimerDaemonTaskHandle       
00004d81  xTimerIsTimerActive                  
20008a61  y                                    


GLOBAL SYMBOLS: SORTED BY Symbol Address 

address   name                                 
-------   ----                                 
00000000  __TI_static_base__                   
00000000  interruptVectors                     
000000e5  xTaskCreate                          
00000200  __STACK_SIZE                         
00000323  vTaskDelete                          
000003ed  vTaskDelayUntil                      
00000400  __SYSMEM_SIZE                        
000004d1  vTaskDelay                           
00000539  eTaskGetState                        
00000611  uxTaskPriorityGet                    
00000639  uxTaskPriorityGetFromISR             
0000067d  vTaskPrioritySet                     
000007b1  vTaskSuspend                         
00000915  vTaskResume                          
000009a9  vTaskStartScheduler                  
00000a25  vTaskEndScheduler                    
00000a41  vTaskSuspendAll                      
00000aa9  xTaskResumeAll                       
00000bab  xTaskGetTickCount                    
00000bbb  xTaskGetTickCountFromISR             
00000bcf  uxTaskGetNumberOfTasks               
00000bd5  pcTaskGetName                        
00000c1d  uxTaskGetSystemState                 
00000cf9  vTaskStepTick                        
00000d33  xTaskCatchUpTicks                    
00000d85  xTaskIncrementTick                   
00000eb1  vTaskSetApplicationTaskTag           
00000ed7  xTaskGetApplicationTaskTag           
00000f05  xTaskGetApplicationTaskTagFromISR    
00000f49  xTaskCallApplicationTaskHook         
00000f89  vTaskSwitchContext                   
00001059  vTaskPlaceOnEventList                
0000108d  vTaskPlaceOnUnorderedEventList       
000010f5  vTaskPlaceOnEventListRestricted      
00001135  xTaskRemoveFromEventList             
000011c5  vTaskRemoveFromUnorderedEventList    
0000125b  vTaskSetTimeOutState                 
0000128d  vTaskInternalSetTimeOutState         
000012a7  xTaskCheckForTimeOut                 
00001359  vTaskMissedYield                     
00001361  uxTaskGetTaskNumber                  
00001381  vTaskSetTaskNumber                   
000013fd  eTaskConfirmSleepModeStatus          
00001459  vTaskSetThreadLocalStoragePointer    
000014a1  pvTaskGetThreadLocalStoragePointer   
00001575  vTaskGetInfo                         
0000174b  xTaskGetCurrentTaskHandle            
0000175b  xTaskGetSchedulerState               
000017a5  xTaskPriorityInherit                 
0000186d  xTaskPriorityDisinherit              
00001939  vTaskPriorityDisinheritAfterTimeout  
00001a33  uxTaskResetEventItemValue            
00001a55  pvTaskIncrementMutexHeldCount        
00001a75  ulTaskGenericNotifyTake              
00001b2d  xTaskGenericNotifyWait               
00001c11  xTaskGenericNotify                   
00001d87  xTaskGenericNotifyFromISR            
00001f35  vTaskGenericNotifyGiveFromISR        
0000203f  xTaskGenericNotifyStateClear         
000020a3  ulTaskGenericNotifyValueClear        
000021a9  xQueueGenericReset                   
0000225d  xQueueGenericCreate                  
00002353  xQueueCreateMutex                    
0000237f  xQueueGiveMutexRecursive             
000023cf  xQueueTakeMutexRecursive             
00002427  xQueueCreateCountingSemaphore        
00002485  xQueueGenericSend                    
00002639  xQueueGenericSendFromISR             
00002765  xQueueGiveFromISR                    
00002873  xQueueReceive                        
000029eb  xQueueSemaphoreTake                  
00002bbd  xQueuePeek                           
00002d3b  xQueueReceiveFromISR                 
00002e31  xQueuePeekFromISR                    
00002edd  uxQueueMessagesWaiting               
00002f0d  uxQueueSpacesAvailable               
00002f41  uxQueueMessagesWaitingFromISR        
00002f6b  vQueueDelete                         
00002f8f  uxQueueGetQueueNumber                
00002f9d  vQueueSetQueueNumber                 
00002faf  ucQueueGetQueueType                  
000031a9  xQueueIsQueueEmptyFromISR            
00003203  xQueueIsQueueFullFromISR             
0000323d  vQueueWaitForMessageRestricted       
00003299  __TI_printfi                         
00003ce7  _nop                                 
00003ce9  pow                                  
00003ce9  powl                                 
000046a9  xTimerCreateTimerTask                
000046e9  xTimerCreate                         
0000478b  xTimerGenericCommand                 
0000480b  xTimerGetTimerDaemonTaskHandle       
0000482d  xTimerGetPeriod                      
00004853  vTimerSetReloadMode                  
0000489d  uxTimerGetReloadMode                 
000048d9  xTimerGetExpiryTime                  
00004903  pcTimerGetName                       
00004d81  xTimerIsTimerActive                  
00004dbd  pvTimerGetTimerID                    
00004deb  vTimerSetTimerID                     
00004e19  uxTimerGetTimerNumber                
00004e27  vTimerSetTimerNumber                 
00004e4d  HAL_LCD_PortInit                     
00004e95  HAL_LCD_SpiInit                      
00004ec9  HAL_LCD_writeCommand                 
00004f01  HAL_LCD_writeData                    
00004f25  Crystalfontz128x128_SetDrawFrame     
00004fbd  Crystalfontz128x128_Init             
000050eb  lcd_draw_rectangle                   
00005209  lcd_draw_image                       
00005391  Task_Packman_Init                    
000053af  Draw_Packman                         
000053d7  Update_Random_Fruit_Coordinates      
000054bf  Draw_Fruit                           
0000551b  Draw_Black_Screen                    
00005541  Collision_Check                      
000055b7  pause                                
00005601  Task_Packman                         
00005871  Task_Screen_Init                     
00005873  Print_Words                          
000058e3  Start_Screen                         
00005a01  Print_Numbers                        
00005a79  End_Screen                           
00005c85  Task_Screen                          
00005d2d  pxPortInitialiseStack                
00005db9  xPortStartScheduler                  
00005e71  vPortEndScheduler                    
00005e95  vPortEnterCritical                   
00005ed7  vPortExitCritical                    
00005f03  xPortSysTickHandler                  
00005f31  vPortSuppressTicksAndSleep           
00006089  vPortSetupTimerInterrupt             
000060d1  vPortValidateInterruptPriority       
00006165  pvPortMalloc                         
000062cf  vPortFree                            
00006369  xPortGetFreeHeapSize                 
0000636f  xPortGetMinimumEverFreeHeapSize      
00006375  vPortInitialiseBlocks                
000064d1  vPortGetHeapStats                    
00006591  SystemCoreClockUpdate                
00006809  SystemInit                           
000068e5  OPT3001_init                         
0000691f  Task_Light_Sensor_Init               
0000692b  OPT3001_get_lux                      
000069a5  print_device_id                      
000069f3  print_manufacturer_id                
00006a47  Task_Light_Sensor_Bottom_Half        
00006edf  Task_Accelerometer_Init              
00006f6b  Task_Accelerometer_Timer             
00006f81  Task_Accelerometer_Bottom_Half       
0000702f  ADC14_IRQHandler                     
0000702f  ADC14_IRQHandler                     
000070cd  buzzer_get_time_delay                
00007125  Buzzer_Set_Period                    
00007173  T32_1_wait                           
000071e5  Task_Buzzer_Init                     
0000721d  Buzzer_On                            
00007237  Buzzer_Off                           
00007245  Buzzer_Run_Status                    
00007259  Task_Buzzer                          
00007301  main                                 
000073c9  vApplicationMallocFailedHook         
000073cb  vApplicationStackOverflowHook        
00007733  i2c_init                             
00007773  i2c_write_16                         
000077cf  i2c_read_16                          
00007865  __aeabi_dsub                         
0000786f  __aeabi_dadd                         
00007a1b  __aeabi_idiv0                        
00007a1b  __aeabi_ldiv0                        
00007a1d  sqrt                                 
00007a1d  sqrtl                                
00007c45  Task_Console_Init                    
00007c73  fputc                                
00007e05  __aeabi_ddiv                         
00007f3b  vListInitialise                      
00007f6b  vListInitialiseItem                  
00007f7b  vListInsertEnd                       
00007fb7  vListInsert                          
0000801d  uxListRemove                         
00008189  fputs                                
0000829d  ldexp                                
0000829d  ldexpl                               
0000829d  scalbn                               
0000829d  scalbnl                              
000083ad  aligned_alloc                        
000083ad  memalign                             
000084ad  __aeabi_dmul                         
000085a9  free                                 
0000868d  setvbuf                              
00008779  ulPortGetIPSR                        
00008791  xPortPendSVHandler                   
000087f1  vPortSVCHandler                      
00008811  vPortStartFirstTask                  
00008835  vPortEnableVFP                       
000088f7  __aeabi_memcpy                       
000088f7  __aeabi_memcpy4                      
000088f7  __aeabi_memcpy8                      
000088f7  memcpy                               
00008993  __aeabi_uldivmod                     
00008a29  __aeabi_cdcmpeq                      
00008a29  __aeabi_cdcmple                      
00008aaf  __aeabi_cdrcmple                     
00008b35  __aeabi_memclr                       
00008b35  __aeabi_memclr4                      
00008b35  __aeabi_memclr8                      
00008b37  __aeabi_memset                       
00008b37  __aeabi_memset4                      
00008b37  __aeabi_memset8                      
00008b3d  memset                               
00008bb1  __TI_closefile                       
00008d05  HOSTrename                           
00008d71  HOSTlseek                            
00008dd9  __TI_decompress_lzss                 
00008e41  printf                               
00008ea9  frexp                                
00008ea9  frexpl                               
00008f0d  fseek                                
00008f71  __TI_wrt_ok                          
00008fd5  HOSTopen                             
00009035  close                                
00009091  HOSTread                             
000090e9  HOSTwrite                            
00009197  __TI_ltoa                            
0000923d  __TI_doflush                         
00009289  atoi                                 
000092d5  HOSTtime                             
0000931d  exit                                 
00009365  __aeabi_d2iz                         
000093ad  HOSTclose                            
000093f1  HOSTunlink                           
00009435  __TI_auto_init_nobinit_nopinit       
00009479  getdevice                            
000094bd  __aeabi_d2uiz                        
00009501  sprintf                              
00009581  __TI_writemsg                        
000095af  C$$IO$$                              
000095b9  strncpy                              
000095f1  __TI_cleanup                         
00009625  __TI_readmsg                         
00009659  _c_int00_noargs                      
0000968d  rand                                 
000096c1  finddevice                           
000096f1  __aeabi_i2d                          
00009721  remove                               
00009721  unlink                               
00009775  lseek                                
0000979d  write                                
000097c5  srand                                
000097e9  memchr                               
00009809  __aeabi_ui2d                         
00009845  memccpy                              
00009861  copysign                             
00009861  copysignl                            
00009893  strcmp                               
000098ab  strchr                               
000098c1  strcpy                               
000098d5  strlen                               
000098e9  wcslen                               
000098fb  __time32                             
000098fb  time                                 
00009909  __TI_decompress_none                 
00009917  Reset_Handler                        
00009923  AES256_IRQHandler                    
00009923  BusFault_Handler                     
00009923  COMP_E0_IRQHandler                   
00009923  COMP_E1_IRQHandler                   
00009923  CS_IRQHandler                        
00009923  DMA_ERR_IRQHandler                   
00009923  DMA_INT0_IRQHandler                  
00009923  DMA_INT1_IRQHandler                  
00009923  DMA_INT2_IRQHandler                  
00009923  DMA_INT3_IRQHandler                  
00009923  DebugMon_Handler                     
00009923  Default_Handler                      
00009923  EUSCIA0_IRQHandler                   
00009923  EUSCIA1_IRQHandler                   
00009923  EUSCIA2_IRQHandler                   
00009923  EUSCIA3_IRQHandler                   
00009923  EUSCIB0_IRQHandler                   
00009923  EUSCIB1_IRQHandler                   
00009923  EUSCIB2_IRQHandler                   
00009923  EUSCIB3_IRQHandler                   
00009923  FLCTL_IRQHandler                     
00009923  FPU_IRQHandler                       
00009923  HardFault_Handler                    
00009923  MemManage_Handler                    
00009923  NMI_Handler                          
00009923  PCM_IRQHandler                       
00009923  PORT1_IRQHandler                     
00009923  PORT2_IRQHandler                     
00009923  PORT3_IRQHandler                     
00009923  PORT4_IRQHandler                     
00009923  PORT5_IRQHandler                     
00009923  PORT6_IRQHandler                     
00009923  PSS_IRQHandler                       
00009923  PendSV_Handler                       
00009923  RTC_C_IRQHandler                     
00009923  SVC_Handler                          
00009923  SysTick_Handler                      
00009923  T32_INT1_IRQHandler                  
00009923  T32_INT2_IRQHandler                  
00009923  T32_INTC_IRQHandler                  
00009923  TA0_0_IRQHandler                     
00009923  TA0_N_IRQHandler                     
00009923  TA1_0_IRQHandler                     
00009923  TA1_N_IRQHandler                     
00009923  TA2_0_IRQHandler                     
00009923  TA2_N_IRQHandler                     
00009923  TA3_0_IRQHandler                     
00009923  TA3_N_IRQHandler                     
00009923  UsageFault_Handler                   
00009923  WDT_A_IRQHandler                     
00009925  __TI_zero_init                       
0000993d  __aeabi_errno_addr                   
00009945  malloc                               
00009955  _system_pre_init                     
00009959  C$$EXIT                              
00009959  abort                                
00009960  blankScreenBitmaps                   
0000a224  _ctypes_                             
0000a3c0  ulMaxSyscallInterruptPriority        
0000a3c8  packman_WidthPixels                  
0000a3c9  packman_HeightPixels                 
0000a3ca  fruitWidthPixels                     
0000a3cb  fruitHeightPixels                    
0000a3cc  blankWidthPixels                     
0000a3cd  blankHeightPixels                    
0000a758  __TI_Handler_Table_Base              
0000a764  __TI_Handler_Table_Limit             
0000a770  __TI_CINIT_Base                      
0000a780  __TI_CINIT_Limit                     
20000000  __start___llvm_prf_cnts              
20000000  __stop___llvm_prf_cnts               
20008000  __CIOBUF_                            
200081e8  __TI_tmpnams                         
20008314  RX_ARRAY                             
20008338  parmbuf                              
20008340  Queue_Music                          
20008344  Queue_Packman                        
20008348  Sem_Console                          
2000834c  Task_Accelerometer_Bottom_Half_Handle
20008350  Task_Accelerometer_Timer_Handle      
20008354  Task_Buzzer_Handle                   
20008358  Task_Light_Sensor_Bottom_Half_Handle 
2000835c  Task_Packman_Handle                  
20008360  Task_Screen_Handle                   
20008364  char_x                               
20008368  char_y                               
2000836c  curr_music                           
20008370  Lcd_ScreenHeigth                     
20008372  Lcd_ScreenWidth                      
20008374  fruit_x                              
20008375  fruit_y                              
20008378  microsoftSansSerif_8ptBitmaps        
200084ce  microsoftSansSerif_8ptDescriptors    
200085e6  Packman_Color                        
200085e8  end_Song                             
200086e0  _ftable                              
200087d0  _device                              
20008848  _stream                              
20008898  packman_downBitmaps                  
200088d4  packman_leftBitmaps                  
20008910  packman_rightBitmaps                 
2000894c  packman_upBitmaps                    
20008988  pxCurrentTCB                         
200089bc  appleBitmaps                         
200089da  bannanaBitmaps                       
200089f8  orangeBitmaps                        
20008a16  START                                
20008a17  END                                  
20008a18  Eat                                  
20008a60  x                                    
20008a61  y                                    
20008a64  current_packman_Bitmap               
20008a68  current_fruit_Bitmap                 
20008a6c  current_fruit                        
20008a6e  TOTAL_SCORE                          
20008a70  total_time                           
20008a74  __TI_ft_end                          
20008a78  __aeabi_stdin                        
20008a7c  __aeabi_stdout                       
20008a80  __aeabi_stderr                       
20008a84  __TI_cleanup_ptr                     
20008a88  __TI_dtors_ptr                       
20008a8c  __TI_enable_exit_profile_output      
20008a90  ACC_X_DIR                            
20008a94  ACC_Y_DIR                            
20008a98  ACC_Z_DIR                            
20008aa8  _lock                                
20008aac  _unlock                              
20008ab8  errno                                
20008ac0  SystemCoreClock                      
20008ac8  _sys_memory                          
2000fe00  __stack                              
20010000  __STACK_END                          
4000480c  WDTCTL_SYM                           
ffffffff  __TI_pprof_out_hndl                  
ffffffff  __TI_prof_data_size                  
ffffffff  __TI_prof_data_start                 
ffffffff  __binit__                            
ffffffff  __c_args__                           
ffffffff  binit                                
UNDEFED   __mpu_init                           
UNDEFED   _system_post_cinit                   

[405 symbols]
