<?xml version="1.0" encoding="ISO-8859-1" ?>
<link_info>
   <banner>TI ARM Linker PC v20.2.2.LTS</banner>
   <copyright>Copyright (c) 1996-2018 Texas Instruments Incorporated</copyright>
   <link_time>0x5fc7c667</link_time>
   <link_errors>0x0</link_errors>
   <output_file>Project.out</output_file>
   <entry_point>
      <name>_c_int00_noargs</name>
      <address>0x80c1</address>
   </entry_point>
   <input_file_list>
      <input_file id="fl-2">
         <path>.\</path>
         <kind>object</kind>
         <file>i2c.obj</file>
         <name>i2c.obj</name>
      </input_file>
      <input_file id="fl-3">
         <path>.\</path>
         <kind>object</kind>
         <file>lcd.obj</file>
         <name>lcd.obj</name>
      </input_file>
      <input_file id="fl-4">
         <path>.\</path>
         <kind>object</kind>
         <file>main.obj</file>
         <name>main.obj</name>
      </input_file>
      <input_file id="fl-5">
         <path>.\</path>
         <kind>object</kind>
         <file>packman.obj</file>
         <name>packman.obj</name>
      </input_file>
      <input_file id="fl-6">
         <path>.\</path>
         <kind>object</kind>
         <file>startup_msp432p401r_ccs.obj</file>
         <name>startup_msp432p401r_ccs.obj</name>
      </input_file>
      <input_file id="fl-7">
         <path>.\</path>
         <kind>object</kind>
         <file>system_msp432p401r.obj</file>
         <name>system_msp432p401r.obj</name>
      </input_file>
      <input_file id="fl-8">
         <path>.\</path>
         <kind>object</kind>
         <file>task_accelerometer.obj</file>
         <name>task_accelerometer.obj</name>
      </input_file>
      <input_file id="fl-9">
         <path>.\</path>
         <kind>object</kind>
         <file>task_console.obj</file>
         <name>task_console.obj</name>
      </input_file>
      <input_file id="fl-a">
         <path>.\</path>
         <kind>object</kind>
         <file>task_light_sensor.obj</file>
         <name>task_light_sensor.obj</name>
      </input_file>
      <input_file id="fl-b">
         <path>.\</path>
         <kind>object</kind>
         <file>task_packman.obj</file>
         <name>task_packman.obj</name>
      </input_file>
      <input_file id="fl-c">
         <path>.\FreeRTOS\</path>
         <kind>object</kind>
         <file>croutine.obj</file>
         <name>croutine.obj</name>
      </input_file>
      <input_file id="fl-d">
         <path>.\FreeRTOS\</path>
         <kind>object</kind>
         <file>event_groups.obj</file>
         <name>event_groups.obj</name>
      </input_file>
      <input_file id="fl-e">
         <path>.\FreeRTOS\</path>
         <kind>object</kind>
         <file>heap_4.obj</file>
         <name>heap_4.obj</name>
      </input_file>
      <input_file id="fl-f">
         <path>.\FreeRTOS\</path>
         <kind>object</kind>
         <file>list.obj</file>
         <name>list.obj</name>
      </input_file>
      <input_file id="fl-10">
         <path>.\FreeRTOS\</path>
         <kind>object</kind>
         <file>queue.obj</file>
         <name>queue.obj</name>
      </input_file>
      <input_file id="fl-11">
         <path>.\FreeRTOS\</path>
         <kind>object</kind>
         <file>stream_buffer.obj</file>
         <name>stream_buffer.obj</name>
      </input_file>
      <input_file id="fl-12">
         <path>.\FreeRTOS\</path>
         <kind>object</kind>
         <file>tasks.obj</file>
         <name>tasks.obj</name>
      </input_file>
      <input_file id="fl-13">
         <path>.\FreeRTOS\</path>
         <kind>object</kind>
         <file>timers.obj</file>
         <name>timers.obj</name>
      </input_file>
      <input_file id="fl-14">
         <path>.\FreeRTOS\portable\</path>
         <kind>object</kind>
         <file>port.obj</file>
         <name>port.obj</name>
      </input_file>
      <input_file id="fl-15">
         <path>.\FreeRTOS\portable\</path>
         <kind>object</kind>
         <file>portasm.obj</file>
         <name>portasm.obj</name>
      </input_file>
      <input_file id="fl-19">
         <kind>object</kind>
         <file>&lt;internal&gt;</file>
         <name>&lt;internal&gt;</name>
      </input_file>
      <input_file id="fl-cf">
         <path>C:\ti\ccs1010\ccs\tools\compiler\ti-cgt-arm_20.2.2.LTS\lib\</path>
         <kind>archive</kind>
         <file>rtsv7M4_T_le_v4SPD16_eabi.lib</file>
         <name>printf.c.obj</name>
      </input_file>
      <input_file id="fl-d0">
         <path>C:\ti\ccs1010\ccs\tools\compiler\ti-cgt-arm_20.2.2.LTS\lib\</path>
         <kind>archive</kind>
         <file>rtsv7M4_T_le_v4SPD16_eabi.lib</file>
         <name>_printfi.c.obj</name>
      </input_file>
      <input_file id="fl-d1">
         <path>C:\ti\ccs1010\ccs\tools\compiler\ti-cgt-arm_20.2.2.LTS\lib\</path>
         <kind>archive</kind>
         <file>rtsv7M4_T_le_v4SPD16_eabi.lib</file>
         <name>sprintf.c.obj</name>
      </input_file>
      <input_file id="fl-d2">
         <path>C:\ti\ccs1010\ccs\tools\compiler\ti-cgt-arm_20.2.2.LTS\lib\</path>
         <kind>archive</kind>
         <file>rtsv7M4_T_le_v4SPD16_eabi.lib</file>
         <name>fputs.c.obj</name>
      </input_file>
      <input_file id="fl-d3">
         <path>C:\ti\ccs1010\ccs\tools\compiler\ti-cgt-arm_20.2.2.LTS\lib\</path>
         <kind>archive</kind>
         <file>rtsv7M4_T_le_v4SPD16_eabi.lib</file>
         <name>_io_perm.c.obj</name>
      </input_file>
      <input_file id="fl-d4">
         <path>C:\ti\ccs1010\ccs\tools\compiler\ti-cgt-arm_20.2.2.LTS\lib\</path>
         <kind>archive</kind>
         <file>rtsv7M4_T_le_v4SPD16_eabi.lib</file>
         <name>setvbuf.c.obj</name>
      </input_file>
      <input_file id="fl-d5">
         <path>C:\ti\ccs1010\ccs\tools\compiler\ti-cgt-arm_20.2.2.LTS\lib\</path>
         <kind>archive</kind>
         <file>rtsv7M4_T_le_v4SPD16_eabi.lib</file>
         <name>fd_add_t2.asm.obj</name>
      </input_file>
      <input_file id="fl-d6">
         <path>C:\ti\ccs1010\ccs\tools\compiler\ti-cgt-arm_20.2.2.LTS\lib\</path>
         <kind>archive</kind>
         <file>rtsv7M4_T_le_v4SPD16_eabi.lib</file>
         <name>fd_cmp_t2.asm.obj</name>
      </input_file>
      <input_file id="fl-d7">
         <path>C:\ti\ccs1010\ccs\tools\compiler\ti-cgt-arm_20.2.2.LTS\lib\</path>
         <kind>archive</kind>
         <file>rtsv7M4_T_le_v4SPD16_eabi.lib</file>
         <name>fd_div_t2.asm.obj</name>
      </input_file>
      <input_file id="fl-d8">
         <path>C:\ti\ccs1010\ccs\tools\compiler\ti-cgt-arm_20.2.2.LTS\lib\</path>
         <kind>archive</kind>
         <file>rtsv7M4_T_le_v4SPD16_eabi.lib</file>
         <name>fd_mul_t2.asm.obj</name>
      </input_file>
      <input_file id="fl-d9">
         <path>C:\ti\ccs1010\ccs\tools\compiler\ti-cgt-arm_20.2.2.LTS\lib\</path>
         <kind>archive</kind>
         <file>rtsv7M4_T_le_v4SPD16_eabi.lib</file>
         <name>fd_toi_t2.asm.obj</name>
      </input_file>
      <input_file id="fl-da">
         <path>C:\ti\ccs1010\ccs\tools\compiler\ti-cgt-arm_20.2.2.LTS\lib\</path>
         <kind>archive</kind>
         <file>rtsv7M4_T_le_v4SPD16_eabi.lib</file>
         <name>fd_tou_t2.asm.obj</name>
      </input_file>
      <input_file id="fl-db">
         <path>C:\ti\ccs1010\ccs\tools\compiler\ti-cgt-arm_20.2.2.LTS\lib\</path>
         <kind>archive</kind>
         <file>rtsv7M4_T_le_v4SPD16_eabi.lib</file>
         <name>i_tofd_t2.asm.obj</name>
      </input_file>
      <input_file id="fl-dc">
         <path>C:\ti\ccs1010\ccs\tools\compiler\ti-cgt-arm_20.2.2.LTS\lib\</path>
         <kind>archive</kind>
         <file>rtsv7M4_T_le_v4SPD16_eabi.lib</file>
         <name>memcpy_t2.asm.obj</name>
      </input_file>
      <input_file id="fl-dd">
         <path>C:\ti\ccs1010\ccs\tools\compiler\ti-cgt-arm_20.2.2.LTS\lib\</path>
         <kind>archive</kind>
         <file>rtsv7M4_T_le_v4SPD16_eabi.lib</file>
         <name>u_tofd_t2.asm.obj</name>
      </input_file>
      <input_file id="fl-de">
         <path>C:\ti\ccs1010\ccs\tools\compiler\ti-cgt-arm_20.2.2.LTS\lib\</path>
         <kind>archive</kind>
         <file>rtsv7M4_T_le_v4SPD16_eabi.lib</file>
         <name>ull_div_t2.asm.obj</name>
      </input_file>
      <input_file id="fl-df">
         <path>C:\ti\ccs1010\ccs\tools\compiler\ti-cgt-arm_20.2.2.LTS\lib\</path>
         <kind>archive</kind>
         <file>rtsv7M4_T_le_v4SPD16_eabi.lib</file>
         <name>memset_t2.asm.obj</name>
      </input_file>
      <input_file id="fl-e0">
         <path>C:\ti\ccs1010\ccs\tools\compiler\ti-cgt-arm_20.2.2.LTS\lib\</path>
         <kind>archive</kind>
         <file>rtsv7M4_T_le_v4SPD16_eabi.lib</file>
         <name>copy_zero_init.c.obj</name>
      </input_file>
      <input_file id="fl-e1">
         <path>C:\ti\ccs1010\ccs\tools\compiler\ti-cgt-arm_20.2.2.LTS\lib\</path>
         <kind>archive</kind>
         <file>rtsv7M4_T_le_v4SPD16_eabi.lib</file>
         <name>copy_decompress_none.c.obj</name>
      </input_file>
      <input_file id="fl-e2">
         <path>C:\ti\ccs1010\ccs\tools\compiler\ti-cgt-arm_20.2.2.LTS\lib\</path>
         <kind>archive</kind>
         <file>rtsv7M4_T_le_v4SPD16_eabi.lib</file>
         <name>copy_decompress_lzss.c.obj</name>
      </input_file>
      <input_file id="fl-e3">
         <path>C:\ti\ccs1010\ccs\tools\compiler\ti-cgt-arm_20.2.2.LTS\lib\</path>
         <kind>archive</kind>
         <file>rtsv7M4_T_le_v4SPD16_eabi.lib</file>
         <name>exit.c.obj</name>
      </input_file>
      <input_file id="fl-e4">
         <path>C:\ti\ccs1010\ccs\tools\compiler\ti-cgt-arm_20.2.2.LTS\lib\</path>
         <kind>archive</kind>
         <file>rtsv7M4_T_le_v4SPD16_eabi.lib</file>
         <name>_lock.c.obj</name>
      </input_file>
      <input_file id="fl-e5">
         <path>C:\ti\ccs1010\ccs\tools\compiler\ti-cgt-arm_20.2.2.LTS\lib\</path>
         <kind>archive</kind>
         <file>rtsv7M4_T_le_v4SPD16_eabi.lib</file>
         <name>_ltoa.c.obj</name>
      </input_file>
      <input_file id="fl-e6">
         <path>C:\ti\ccs1010\ccs\tools\compiler\ti-cgt-arm_20.2.2.LTS\lib\</path>
         <kind>archive</kind>
         <file>rtsv7M4_T_le_v4SPD16_eabi.lib</file>
         <name>atoi.c.obj</name>
      </input_file>
      <input_file id="fl-e7">
         <path>C:\ti\ccs1010\ccs\tools\compiler\ti-cgt-arm_20.2.2.LTS\lib\</path>
         <kind>archive</kind>
         <file>rtsv7M4_T_le_v4SPD16_eabi.lib</file>
         <name>ctype.c.obj</name>
      </input_file>
      <input_file id="fl-e8">
         <path>C:\ti\ccs1010\ccs\tools\compiler\ti-cgt-arm_20.2.2.LTS\lib\</path>
         <kind>archive</kind>
         <file>rtsv7M4_T_le_v4SPD16_eabi.lib</file>
         <name>defs.c.obj</name>
      </input_file>
      <input_file id="fl-e9">
         <path>C:\ti\ccs1010\ccs\tools\compiler\ti-cgt-arm_20.2.2.LTS\lib\</path>
         <kind>archive</kind>
         <file>rtsv7M4_T_le_v4SPD16_eabi.lib</file>
         <name>memccpy.c.obj</name>
      </input_file>
      <input_file id="fl-ea">
         <path>C:\ti\ccs1010\ccs\tools\compiler\ti-cgt-arm_20.2.2.LTS\lib\</path>
         <kind>archive</kind>
         <file>rtsv7M4_T_le_v4SPD16_eabi.lib</file>
         <name>memchr.c.obj</name>
      </input_file>
      <input_file id="fl-eb">
         <path>C:\ti\ccs1010\ccs\tools\compiler\ti-cgt-arm_20.2.2.LTS\lib\</path>
         <kind>archive</kind>
         <file>rtsv7M4_T_le_v4SPD16_eabi.lib</file>
         <name>memory.c.obj</name>
      </input_file>
      <input_file id="fl-ec">
         <path>C:\ti\ccs1010\ccs\tools\compiler\ti-cgt-arm_20.2.2.LTS\lib\</path>
         <kind>archive</kind>
         <file>rtsv7M4_T_le_v4SPD16_eabi.lib</file>
         <name>strchr.c.obj</name>
      </input_file>
      <input_file id="fl-ed">
         <path>C:\ti\ccs1010\ccs\tools\compiler\ti-cgt-arm_20.2.2.LTS\lib\</path>
         <kind>archive</kind>
         <file>rtsv7M4_T_le_v4SPD16_eabi.lib</file>
         <name>strlen.c.obj</name>
      </input_file>
      <input_file id="fl-ee">
         <path>C:\ti\ccs1010\ccs\tools\compiler\ti-cgt-arm_20.2.2.LTS\lib\</path>
         <kind>archive</kind>
         <file>rtsv7M4_T_le_v4SPD16_eabi.lib</file>
         <name>strtok.c.obj</name>
      </input_file>
      <input_file id="fl-ef">
         <path>C:\ti\ccs1010\ccs\tools\compiler\ti-cgt-arm_20.2.2.LTS\lib\</path>
         <kind>archive</kind>
         <file>rtsv7M4_T_le_v4SPD16_eabi.lib</file>
         <name>write.c.obj</name>
      </input_file>
      <input_file id="fl-f0">
         <path>C:\ti\ccs1010\ccs\tools\compiler\ti-cgt-arm_20.2.2.LTS\lib\</path>
         <kind>archive</kind>
         <file>rtsv7M4_T_le_v4SPD16_eabi.lib</file>
         <name>host_device.c.obj</name>
      </input_file>
      <input_file id="fl-f1">
         <path>C:\ti\ccs1010\ccs\tools\compiler\ti-cgt-arm_20.2.2.LTS\lib\</path>
         <kind>archive</kind>
         <file>rtsv7M4_T_le_v4SPD16_eabi.lib</file>
         <name>boot_cortex_m.c.obj</name>
      </input_file>
      <input_file id="fl-f2">
         <path>C:\ti\ccs1010\ccs\tools\compiler\ti-cgt-arm_20.2.2.LTS\lib\</path>
         <kind>archive</kind>
         <file>rtsv7M4_T_le_v4SPD16_eabi.lib</file>
         <name>errno.c.obj</name>
      </input_file>
      <input_file id="fl-f3">
         <path>C:\ti\ccs1010\ccs\tools\compiler\ti-cgt-arm_20.2.2.LTS\lib\</path>
         <kind>archive</kind>
         <file>rtsv7M4_T_le_v4SPD16_eabi.lib</file>
         <name>s_frexp.c.obj</name>
      </input_file>
      <input_file id="fl-f4">
         <path>C:\ti\ccs1010\ccs\tools\compiler\ti-cgt-arm_20.2.2.LTS\lib\</path>
         <kind>archive</kind>
         <file>rtsv7M4_T_le_v4SPD16_eabi.lib</file>
         <name>s_scalbn.c.obj</name>
      </input_file>
      <input_file id="fl-f5">
         <path>C:\ti\ccs1010\ccs\tools\compiler\ti-cgt-arm_20.2.2.LTS\lib\</path>
         <kind>archive</kind>
         <file>rtsv7M4_T_le_v4SPD16_eabi.lib</file>
         <name>wcslen.c.obj</name>
      </input_file>
      <input_file id="fl-f6">
         <path>C:\ti\ccs1010\ccs\tools\compiler\ti-cgt-arm_20.2.2.LTS\lib\</path>
         <kind>archive</kind>
         <file>rtsv7M4_T_le_v4SPD16_eabi.lib</file>
         <name>s_copysign.c.obj</name>
      </input_file>
      <input_file id="fl-f7">
         <path>C:\ti\ccs1010\ccs\tools\compiler\ti-cgt-arm_20.2.2.LTS\lib\</path>
         <kind>archive</kind>
         <file>rtsv7M4_T_le_v4SPD16_eabi.lib</file>
         <name>fflush.c.obj</name>
      </input_file>
      <input_file id="fl-f8">
         <path>C:\ti\ccs1010\ccs\tools\compiler\ti-cgt-arm_20.2.2.LTS\lib\</path>
         <kind>archive</kind>
         <file>rtsv7M4_T_le_v4SPD16_eabi.lib</file>
         <name>fopen.c.obj</name>
      </input_file>
      <input_file id="fl-f9">
         <path>C:\ti\ccs1010\ccs\tools\compiler\ti-cgt-arm_20.2.2.LTS\lib\</path>
         <kind>archive</kind>
         <file>rtsv7M4_T_le_v4SPD16_eabi.lib</file>
         <name>fseek.c.obj</name>
      </input_file>
      <input_file id="fl-fa">
         <path>C:\ti\ccs1010\ccs\tools\compiler\ti-cgt-arm_20.2.2.LTS\lib\</path>
         <kind>archive</kind>
         <file>rtsv7M4_T_le_v4SPD16_eabi.lib</file>
         <name>div0.asm.obj</name>
      </input_file>
      <input_file id="fl-fb">
         <path>C:\ti\ccs1010\ccs\tools\compiler\ti-cgt-arm_20.2.2.LTS\lib\</path>
         <kind>archive</kind>
         <file>rtsv7M4_T_le_v4SPD16_eabi.lib</file>
         <name>autoinit.c.obj</name>
      </input_file>
      <input_file id="fl-fc">
         <path>C:\ti\ccs1010\ccs\tools\compiler\ti-cgt-arm_20.2.2.LTS\lib\</path>
         <kind>archive</kind>
         <file>rtsv7M4_T_le_v4SPD16_eabi.lib</file>
         <name>pre_init.c.obj</name>
      </input_file>
      <input_file id="fl-fd">
         <path>C:\ti\ccs1010\ccs\tools\compiler\ti-cgt-arm_20.2.2.LTS\lib\</path>
         <kind>archive</kind>
         <file>rtsv7M4_T_le_v4SPD16_eabi.lib</file>
         <name>cpy_tbl.c.obj</name>
      </input_file>
      <input_file id="fl-fe">
         <path>C:\ti\ccs1010\ccs\tools\compiler\ti-cgt-arm_20.2.2.LTS\lib\</path>
         <kind>archive</kind>
         <file>rtsv7M4_T_le_v4SPD16_eabi.lib</file>
         <name>args_main.c.obj</name>
      </input_file>
      <input_file id="fl-ff">
         <path>C:\ti\ccs1010\ccs\tools\compiler\ti-cgt-arm_20.2.2.LTS\lib\</path>
         <kind>archive</kind>
         <file>rtsv7M4_T_le_v4SPD16_eabi.lib</file>
         <name>strcspn.c.obj</name>
      </input_file>
      <input_file id="fl-100">
         <path>C:\ti\ccs1010\ccs\tools\compiler\ti-cgt-arm_20.2.2.LTS\lib\</path>
         <kind>archive</kind>
         <file>rtsv7M4_T_le_v4SPD16_eabi.lib</file>
         <name>strspn.c.obj</name>
      </input_file>
      <input_file id="fl-101">
         <path>C:\ti\ccs1010\ccs\tools\compiler\ti-cgt-arm_20.2.2.LTS\lib\</path>
         <kind>archive</kind>
         <file>rtsv7M4_T_le_v4SPD16_eabi.lib</file>
         <name>hostclose.c.obj</name>
      </input_file>
      <input_file id="fl-102">
         <path>C:\ti\ccs1010\ccs\tools\compiler\ti-cgt-arm_20.2.2.LTS\lib\</path>
         <kind>archive</kind>
         <file>rtsv7M4_T_le_v4SPD16_eabi.lib</file>
         <name>hostlseek.c.obj</name>
      </input_file>
      <input_file id="fl-103">
         <path>C:\ti\ccs1010\ccs\tools\compiler\ti-cgt-arm_20.2.2.LTS\lib\</path>
         <kind>archive</kind>
         <file>rtsv7M4_T_le_v4SPD16_eabi.lib</file>
         <name>hostopen.c.obj</name>
      </input_file>
      <input_file id="fl-104">
         <path>C:\ti\ccs1010\ccs\tools\compiler\ti-cgt-arm_20.2.2.LTS\lib\</path>
         <kind>archive</kind>
         <file>rtsv7M4_T_le_v4SPD16_eabi.lib</file>
         <name>hostread.c.obj</name>
      </input_file>
      <input_file id="fl-105">
         <path>C:\ti\ccs1010\ccs\tools\compiler\ti-cgt-arm_20.2.2.LTS\lib\</path>
         <kind>archive</kind>
         <file>rtsv7M4_T_le_v4SPD16_eabi.lib</file>
         <name>hostrename.c.obj</name>
      </input_file>
      <input_file id="fl-106">
         <path>C:\ti\ccs1010\ccs\tools\compiler\ti-cgt-arm_20.2.2.LTS\lib\</path>
         <kind>archive</kind>
         <file>rtsv7M4_T_le_v4SPD16_eabi.lib</file>
         <name>hostunlink.c.obj</name>
      </input_file>
      <input_file id="fl-107">
         <path>C:\ti\ccs1010\ccs\tools\compiler\ti-cgt-arm_20.2.2.LTS\lib\</path>
         <kind>archive</kind>
         <file>rtsv7M4_T_le_v4SPD16_eabi.lib</file>
         <name>hostwrite.c.obj</name>
      </input_file>
      <input_file id="fl-108">
         <path>C:\ti\ccs1010\ccs\tools\compiler\ti-cgt-arm_20.2.2.LTS\lib\</path>
         <kind>archive</kind>
         <file>rtsv7M4_T_le_v4SPD16_eabi.lib</file>
         <name>trgmsg.c.obj</name>
      </input_file>
      <input_file id="fl-109">
         <path>C:\ti\ccs1010\ccs\tools\compiler\ti-cgt-arm_20.2.2.LTS\lib\</path>
         <kind>archive</kind>
         <file>rtsv7M4_T_le_v4SPD16_eabi.lib</file>
         <name>open.c.obj</name>
      </input_file>
      <input_file id="fl-10a">
         <path>C:\ti\ccs1010\ccs\tools\compiler\ti-cgt-arm_20.2.2.LTS\lib\</path>
         <kind>archive</kind>
         <file>rtsv7M4_T_le_v4SPD16_eabi.lib</file>
         <name>lseek.c.obj</name>
      </input_file>
      <input_file id="fl-10b">
         <path>C:\ti\ccs1010\ccs\tools\compiler\ti-cgt-arm_20.2.2.LTS\lib\</path>
         <kind>archive</kind>
         <file>rtsv7M4_T_le_v4SPD16_eabi.lib</file>
         <name>fclose.c.obj</name>
      </input_file>
      <input_file id="fl-10c">
         <path>C:\ti\ccs1010\ccs\tools\compiler\ti-cgt-arm_20.2.2.LTS\lib\</path>
         <kind>archive</kind>
         <file>rtsv7M4_T_le_v4SPD16_eabi.lib</file>
         <name>getdevice.c.obj</name>
      </input_file>
      <input_file id="fl-10d">
         <path>C:\ti\ccs1010\ccs\tools\compiler\ti-cgt-arm_20.2.2.LTS\lib\</path>
         <kind>archive</kind>
         <file>rtsv7M4_T_le_v4SPD16_eabi.lib</file>
         <name>strcmp.c.obj</name>
      </input_file>
      <input_file id="fl-10e">
         <path>C:\ti\ccs1010\ccs\tools\compiler\ti-cgt-arm_20.2.2.LTS\lib\</path>
         <kind>archive</kind>
         <file>rtsv7M4_T_le_v4SPD16_eabi.lib</file>
         <name>strcpy.c.obj</name>
      </input_file>
      <input_file id="fl-10f">
         <path>C:\ti\ccs1010\ccs\tools\compiler\ti-cgt-arm_20.2.2.LTS\lib\</path>
         <kind>archive</kind>
         <file>rtsv7M4_T_le_v4SPD16_eabi.lib</file>
         <name>strncpy.c.obj</name>
      </input_file>
      <input_file id="fl-110">
         <path>C:\ti\ccs1010\ccs\tools\compiler\ti-cgt-arm_20.2.2.LTS\lib\</path>
         <kind>archive</kind>
         <file>rtsv7M4_T_le_v4SPD16_eabi.lib</file>
         <name>remove.c.obj</name>
      </input_file>
      <input_file id="fl-111">
         <path>C:\ti\ccs1010\ccs\tools\compiler\ti-cgt-arm_20.2.2.LTS\lib\</path>
         <kind>archive</kind>
         <file>rtsv7M4_T_le_v4SPD16_eabi.lib</file>
         <name>close.c.obj</name>
      </input_file>
      <input_file id="fl-112">
         <path>C:\ti\ccs1010\ccs\tools\compiler\ti-cgt-arm_20.2.2.LTS\lib\</path>
         <kind>archive</kind>
         <file>rtsv7M4_T_le_v4SPD16_eabi.lib</file>
         <name>unlink.c.obj</name>
      </input_file>
   </input_file_list>
   <object_component_list>
      <object_component id="oc-26">
         <name>.intvecs:retain</name>
         <load_address>0x0</load_address>
         <run_address>0x0</run_address>
         <size>0xe4</size>
         <input_file_ref idref="fl-6"/>
      </object_component>
      <object_component id="oc-d0">
         <name>.text</name>
         <load_address>0xe4</load_address>
         <run_address>0xe4</run_address>
         <size>0x20c4</size>
         <input_file_ref idref="fl-12"/>
      </object_component>
      <object_component id="oc-eb">
         <name>.text</name>
         <load_address>0x21a8</load_address>
         <run_address>0x21a8</run_address>
         <size>0x10f0</size>
         <input_file_ref idref="fl-10"/>
      </object_component>
      <object_component id="oc-1f3">
         <name>.text:__TI_printfi</name>
         <load_address>0x3298</load_address>
         <run_address>0x3298</run_address>
         <size>0xa4e</size>
         <input_file_ref idref="fl-d0"/>
      </object_component>
      <object_component id="oc-340">
         <name>.text:_nop</name>
         <load_address>0x3ce6</load_address>
         <run_address>0x3ce6</run_address>
         <size>0x2</size>
         <input_file_ref idref="fl-e4"/>
      </object_component>
      <object_component id="oc-1bf">
         <name>.text</name>
         <load_address>0x3ce8</load_address>
         <run_address>0x3ce8</run_address>
         <size>0x7a4</size>
         <input_file_ref idref="fl-13"/>
      </object_component>
      <object_component id="oc-270">
         <name>.text</name>
         <load_address>0x448c</load_address>
         <run_address>0x448c</run_address>
         <size>0x544</size>
         <input_file_ref idref="fl-3"/>
      </object_component>
      <object_component id="oc-75">
         <name>.text</name>
         <load_address>0x49d0</load_address>
         <run_address>0x49d0</run_address>
         <size>0x438</size>
         <input_file_ref idref="fl-14"/>
      </object_component>
      <object_component id="oc-1a7">
         <name>.text</name>
         <load_address>0x4e08</load_address>
         <run_address>0x4e08</run_address>
         <size>0x42c</size>
         <input_file_ref idref="fl-e"/>
      </object_component>
      <object_component id="oc-c3">
         <name>.text</name>
         <load_address>0x5234</load_address>
         <run_address>0x5234</run_address>
         <size>0x354</size>
         <input_file_ref idref="fl-7"/>
      </object_component>
      <object_component id="oc-7b">
         <name>.text</name>
         <load_address>0x5588</load_address>
         <run_address>0x5588</run_address>
         <size>0x294</size>
         <input_file_ref idref="fl-9"/>
      </object_component>
      <object_component id="oc-31c">
         <name>.text:_pconv_a</name>
         <load_address>0x581c</load_address>
         <run_address>0x581c</run_address>
         <size>0x270</size>
         <input_file_ref idref="fl-d0"/>
      </object_component>
      <object_component id="oc-143">
         <name>.text</name>
         <load_address>0x5a8c</load_address>
         <run_address>0x5a8c</run_address>
         <size>0x204</size>
         <input_file_ref idref="fl-a"/>
      </object_component>
      <object_component id="oc-81">
         <name>.text</name>
         <load_address>0x5c90</load_address>
         <run_address>0x5c90</run_address>
         <size>0x1f8</size>
         <input_file_ref idref="fl-8"/>
      </object_component>
      <object_component id="oc-30a">
         <name>.text:_pconv_g</name>
         <load_address>0x5e88</load_address>
         <run_address>0x5e88</run_address>
         <size>0x1d0</size>
         <input_file_ref idref="fl-d0"/>
      </object_component>
      <object_component id="oc-24c">
         <name>.text</name>
         <load_address>0x6058</load_address>
         <run_address>0x6058</run_address>
         <size>0x1c0</size>
         <input_file_ref idref="fl-2"/>
      </object_component>
      <object_component id="oc-149">
         <name>.text</name>
         <load_address>0x6218</load_address>
         <run_address>0x6218</run_address>
         <size>0x1bc</size>
         <input_file_ref idref="fl-b"/>
      </object_component>
      <object_component id="oc-3f9">
         <name>.text</name>
         <load_address>0x63d4</load_address>
         <run_address>0x63d4</run_address>
         <size>0x1b6</size>
         <input_file_ref idref="fl-d5"/>
      </object_component>
      <object_component id="oc-486">
         <name>.text</name>
         <load_address>0x658a</load_address>
         <run_address>0x658a</run_address>
         <size>0x2</size>
         <input_file_ref idref="fl-fa"/>
      </object_component>
      <object_component id="oc-b1">
         <name>.text</name>
         <load_address>0x658c</load_address>
         <run_address>0x658c</run_address>
         <size>0x1ac</size>
         <input_file_ref idref="fl-4"/>
      </object_component>
      <object_component id="oc-316">
         <name>.text:_pconv_e</name>
         <load_address>0x6738</load_address>
         <run_address>0x6738</run_address>
         <size>0x13c</size>
         <input_file_ref idref="fl-d0"/>
      </object_component>
      <object_component id="oc-3e4">
         <name>.text</name>
         <load_address>0x6874</load_address>
         <run_address>0x6874</run_address>
         <size>0x136</size>
         <input_file_ref idref="fl-d7"/>
      </object_component>
      <object_component id="oc-1ad">
         <name>.text</name>
         <load_address>0x69aa</load_address>
         <run_address>0x69aa</run_address>
         <size>0x12a</size>
         <input_file_ref idref="fl-f"/>
      </object_component>
      <object_component id="oc-40b">
         <name>.text:fcvt</name>
         <load_address>0x6ad4</load_address>
         <run_address>0x6ad4</run_address>
         <size>0x124</size>
         <input_file_ref idref="fl-d0"/>
      </object_component>
      <object_component id="oc-34e">
         <name>.text:fputs</name>
         <load_address>0x6bf8</load_address>
         <run_address>0x6bf8</run_address>
         <size>0x114</size>
         <input_file_ref idref="fl-d2"/>
      </object_component>
      <object_component id="oc-41f">
         <name>.text:scalbn</name>
         <load_address>0x6d0c</load_address>
         <run_address>0x6d0c</run_address>
         <size>0x110</size>
         <input_file_ref idref="fl-f4"/>
      </object_component>
      <object_component id="oc-52b">
         <name>.text:aligned_alloc</name>
         <load_address>0x6e1c</load_address>
         <run_address>0x6e1c</run_address>
         <size>0x100</size>
         <input_file_ref idref="fl-eb"/>
      </object_component>
      <object_component id="oc-257">
         <name>.text</name>
         <load_address>0x6f1c</load_address>
         <run_address>0x6f1c</run_address>
         <size>0xfc</size>
         <input_file_ref idref="fl-d8"/>
      </object_component>
      <object_component id="oc-4e9">
         <name>.text:free</name>
         <load_address>0x7018</load_address>
         <run_address>0x7018</run_address>
         <size>0xe4</size>
         <input_file_ref idref="fl-eb"/>
      </object_component>
      <object_component id="oc-4bf">
         <name>.text:setvbuf</name>
         <load_address>0x70fc</load_address>
         <run_address>0x70fc</run_address>
         <size>0xdc</size>
         <input_file_ref idref="fl-d4"/>
      </object_component>
      <object_component id="oc-70">
         <name>.text</name>
         <load_address>0x71d8</load_address>
         <run_address>0x71d8</run_address>
         <size>0xda</size>
         <input_file_ref idref="fl-15"/>
      </object_component>
      <object_component id="oc-2ff">
         <name>.text:_ltostr</name>
         <load_address>0x72b4</load_address>
         <run_address>0x72b4</run_address>
         <size>0xb1</size>
         <input_file_ref idref="fl-d0"/>
      </object_component>
      <object_component id="oc-3a">
         <name>.text</name>
         <load_address>0x7366</load_address>
         <run_address>0x7366</run_address>
         <size>0x9c</size>
         <input_file_ref idref="fl-dc"/>
      </object_component>
      <object_component id="oc-3dd">
         <name>.text</name>
         <load_address>0x7402</load_address>
         <run_address>0x7402</run_address>
         <size>0x96</size>
         <input_file_ref idref="fl-de"/>
      </object_component>
      <object_component id="oc-305">
         <name>.text:__aeabi_cdcmple</name>
         <load_address>0x7498</load_address>
         <run_address>0x7498</run_address>
         <size>0x86</size>
         <input_file_ref idref="fl-d6"/>
      </object_component>
      <object_component id="oc-3e9">
         <name>.text:__aeabi_cdrcmple</name>
         <load_address>0x751e</load_address>
         <run_address>0x751e</run_address>
         <size>0x86</size>
         <input_file_ref idref="fl-d6"/>
      </object_component>
      <object_component id="oc-a5">
         <name>.text</name>
         <load_address>0x75a4</load_address>
         <run_address>0x75a4</run_address>
         <size>0x7a</size>
         <input_file_ref idref="fl-df"/>
      </object_component>
      <object_component id="oc-532">
         <name>.text:__TI_closefile</name>
         <load_address>0x7620</load_address>
         <run_address>0x7620</run_address>
         <size>0x74</size>
         <input_file_ref idref="fl-10b"/>
      </object_component>
      <object_component id="oc-573">
         <name>.text:split</name>
         <load_address>0x7694</load_address>
         <run_address>0x7694</run_address>
         <size>0x70</size>
         <input_file_ref idref="fl-eb"/>
      </object_component>
      <object_component id="oc-404">
         <name>.text:_mcpy</name>
         <load_address>0x7704</load_address>
         <run_address>0x7704</run_address>
         <size>0x6e</size>
         <input_file_ref idref="fl-d0"/>
      </object_component>
      <object_component id="oc-562">
         <name>.text:HOSTrename</name>
         <load_address>0x7774</load_address>
         <run_address>0x7774</run_address>
         <size>0x6c</size>
         <input_file_ref idref="fl-105"/>
      </object_component>
      <object_component id="oc-556">
         <name>.text:HOSTlseek</name>
         <load_address>0x77e0</load_address>
         <run_address>0x77e0</run_address>
         <size>0x68</size>
         <input_file_ref idref="fl-102"/>
      </object_component>
      <object_component id="oc-17">
         <name>.text:decompress:lzss:__TI_decompress_lzss</name>
         <load_address>0x7848</load_address>
         <run_address>0x7848</run_address>
         <size>0x68</size>
         <input_file_ref idref="fl-e2"/>
      </object_component>
      <object_component id="oc-f1">
         <name>.text:printf</name>
         <load_address>0x78b0</load_address>
         <run_address>0x78b0</run_address>
         <size>0x68</size>
         <input_file_ref idref="fl-cf"/>
      </object_component>
      <object_component id="oc-419">
         <name>.text:frexp</name>
         <load_address>0x7918</load_address>
         <run_address>0x7918</run_address>
         <size>0x64</size>
         <input_file_ref idref="fl-f3"/>
      </object_component>
      <object_component id="oc-4b9">
         <name>.text:fseek</name>
         <load_address>0x797c</load_address>
         <run_address>0x797c</run_address>
         <size>0x64</size>
         <input_file_ref idref="fl-f9"/>
      </object_component>
      <object_component id="oc-450">
         <name>.text:__TI_wrt_ok</name>
         <load_address>0x79e0</load_address>
         <run_address>0x79e0</run_address>
         <size>0x62</size>
         <input_file_ref idref="fl-d3"/>
      </object_component>
      <object_component id="oc-53e">
         <name>.text:HOSTopen</name>
         <load_address>0x7a44</load_address>
         <run_address>0x7a44</run_address>
         <size>0x60</size>
         <input_file_ref idref="fl-103"/>
      </object_component>
      <object_component id="oc-57a">
         <name>.text:close</name>
         <load_address>0x7aa4</load_address>
         <run_address>0x7aa4</run_address>
         <size>0x5c</size>
         <input_file_ref idref="fl-111"/>
      </object_component>
      <object_component id="oc-54a">
         <name>.text:HOSTread</name>
         <load_address>0x7b00</load_address>
         <run_address>0x7b00</run_address>
         <size>0x58</size>
         <input_file_ref idref="fl-104"/>
      </object_component>
      <object_component id="oc-550">
         <name>.text:HOSTwrite</name>
         <load_address>0x7b58</load_address>
         <run_address>0x7b58</run_address>
         <size>0x58</size>
         <input_file_ref idref="fl-107"/>
      </object_component>
      <object_component id="oc-310">
         <name>.text:_pconv_f</name>
         <load_address>0x7bb0</load_address>
         <run_address>0x7bb0</run_address>
         <size>0x56</size>
         <input_file_ref idref="fl-d0"/>
      </object_component>
      <object_component id="oc-3f3">
         <name>.text:__TI_ltoa</name>
         <load_address>0x7c06</load_address>
         <run_address>0x7c06</run_address>
         <size>0x54</size>
         <input_file_ref idref="fl-e5"/>
      </object_component>
      <object_component id="oc-3fe">
         <name>.text:_ecpy</name>
         <load_address>0x7c5a</load_address>
         <run_address>0x7c5a</run_address>
         <size>0x52</size>
         <input_file_ref idref="fl-d0"/>
      </object_component>
      <object_component id="oc-45c">
         <name>.text:__TI_doflush</name>
         <load_address>0x7cac</load_address>
         <run_address>0x7cac</run_address>
         <size>0x4c</size>
         <input_file_ref idref="fl-f7"/>
      </object_component>
      <object_component id="oc-fd">
         <name>.text:atoi</name>
         <load_address>0x7cf8</load_address>
         <run_address>0x7cf8</run_address>
         <size>0x4c</size>
         <input_file_ref idref="fl-e6"/>
      </object_component>
      <object_component id="oc-161">
         <name>.text:exit</name>
         <load_address>0x7d44</load_address>
         <run_address>0x7d44</run_address>
         <size>0x48</size>
         <input_file_ref idref="fl-e3"/>
      </object_component>
      <object_component id="oc-3ee">
         <name>.text</name>
         <load_address>0x7d8c</load_address>
         <run_address>0x7d8c</run_address>
         <size>0x48</size>
         <input_file_ref idref="fl-d9"/>
      </object_component>
      <object_component id="oc-544">
         <name>.text:HOSTclose</name>
         <load_address>0x7dd4</load_address>
         <run_address>0x7dd4</run_address>
         <size>0x44</size>
         <input_file_ref idref="fl-101"/>
      </object_component>
      <object_component id="oc-55c">
         <name>.text:HOSTunlink</name>
         <load_address>0x7e18</load_address>
         <run_address>0x7e18</run_address>
         <size>0x44</size>
         <input_file_ref idref="fl-106"/>
      </object_component>
      <object_component id="oc-167">
         <name>.text:__TI_auto_init_nobinit_nopinit:__TI_auto_init_nobinit_nopinit</name>
         <load_address>0x7e5c</load_address>
         <run_address>0x7e5c</run_address>
         <size>0x44</size>
         <input_file_ref idref="fl-fb"/>
      </object_component>
      <object_component id="oc-5b2">
         <name>.text:getdevice</name>
         <load_address>0x7ea0</load_address>
         <run_address>0x7ea0</run_address>
         <size>0x44</size>
         <input_file_ref idref="fl-10c"/>
      </object_component>
      <object_component id="oc-261">
         <name>.text</name>
         <load_address>0x7ee4</load_address>
         <run_address>0x7ee4</run_address>
         <size>0x44</size>
         <input_file_ref idref="fl-da"/>
      </object_component>
      <object_component id="oc-266">
         <name>.text:sprintf</name>
         <load_address>0x7f28</load_address>
         <run_address>0x7f28</run_address>
         <size>0x40</size>
         <input_file_ref idref="fl-d1"/>
      </object_component>
      <object_component id="oc-f7">
         <name>.text:strtok</name>
         <load_address>0x7f68</load_address>
         <run_address>0x7f68</run_address>
         <size>0x40</size>
         <input_file_ref idref="fl-ee"/>
      </object_component>
      <object_component id="oc-411">
         <name>.text:_fcpy</name>
         <load_address>0x7fa8</load_address>
         <run_address>0x7fa8</run_address>
         <size>0x3e</size>
         <input_file_ref idref="fl-d0"/>
      </object_component>
      <object_component id="oc-58b">
         <name>.text:__TI_writemsg</name>
         <load_address>0x7fe8</load_address>
         <run_address>0x7fe8</run_address>
         <size>0x38</size>
         <input_file_ref idref="fl-108"/>
      </object_component>
      <object_component id="oc-5d4">
         <name>.text:strncpy</name>
         <load_address>0x8020</load_address>
         <run_address>0x8020</run_address>
         <size>0x36</size>
         <input_file_ref idref="fl-10f"/>
      </object_component>
      <object_component id="oc-4f5">
         <name>.text:__TI_cleanup</name>
         <load_address>0x8058</load_address>
         <run_address>0x8058</run_address>
         <size>0x34</size>
         <input_file_ref idref="fl-f8"/>
      </object_component>
      <object_component id="oc-591">
         <name>.text:__TI_readmsg</name>
         <load_address>0x808c</load_address>
         <run_address>0x808c</run_address>
         <size>0x34</size>
         <input_file_ref idref="fl-108"/>
      </object_component>
      <object_component id="oc-58">
         <name>.text:_c_int00_noargs:_c_int00_noargs</name>
         <load_address>0x80c0</load_address>
         <run_address>0x80c0</run_address>
         <size>0x34</size>
         <input_file_ref idref="fl-f1"/>
      </object_component>
      <object_component id="oc-5da">
         <name>.text:finddevice</name>
         <load_address>0x80f4</load_address>
         <run_address>0x80f4</run_address>
         <size>0x30</size>
         <input_file_ref idref="fl-10c"/>
      </object_component>
      <object_component id="oc-252">
         <name>.text</name>
         <load_address>0x8124</load_address>
         <run_address>0x8124</run_address>
         <size>0x2e</size>
         <input_file_ref idref="fl-db"/>
      </object_component>
      <object_component id="oc-580">
         <name>.text:unlink</name>
         <load_address>0x8154</load_address>
         <run_address>0x8154</run_address>
         <size>0x2c</size>
         <input_file_ref idref="fl-112"/>
      </object_component>
      <object_component id="oc-212">
         <name>.text:strspn</name>
         <load_address>0x8180</load_address>
         <run_address>0x8180</run_address>
         <size>0x2a</size>
         <input_file_ref idref="fl-100"/>
      </object_component>
      <object_component id="oc-524">
         <name>.text:free_list_insert</name>
         <load_address>0x81ac</load_address>
         <run_address>0x81ac</run_address>
         <size>0x28</size>
         <input_file_ref idref="fl-eb"/>
      </object_component>
      <object_component id="oc-4e1">
         <name>.text:lseek</name>
         <load_address>0x81d4</load_address>
         <run_address>0x81d4</run_address>
         <size>0x28</size>
         <input_file_ref idref="fl-10a"/>
      </object_component>
      <object_component id="oc-462">
         <name>.text:write</name>
         <load_address>0x81fc</load_address>
         <run_address>0x81fc</run_address>
         <size>0x28</size>
         <input_file_ref idref="fl-ef"/>
      </object_component>
      <object_component id="oc-218">
         <name>.text:strcspn</name>
         <load_address>0x8224</load_address>
         <run_address>0x8224</run_address>
         <size>0x24</size>
         <input_file_ref idref="fl-ff"/>
      </object_component>
      <object_component id="oc-456">
         <name>.text:memchr</name>
         <load_address>0x8248</load_address>
         <run_address>0x8248</run_address>
         <size>0x20</size>
         <input_file_ref idref="fl-ea"/>
      </object_component>
      <object_component id="oc-25c">
         <name>.text</name>
         <load_address>0x8268</load_address>
         <run_address>0x8268</run_address>
         <size>0x20</size>
         <input_file_ref idref="fl-dd"/>
      </object_component>
      <object_component id="oc-51e">
         <name>.text:free_list_remove</name>
         <load_address>0x8288</load_address>
         <run_address>0x8288</run_address>
         <size>0x1c</size>
         <input_file_ref idref="fl-eb"/>
      </object_component>
      <object_component id="oc-322">
         <name>.text:memccpy</name>
         <load_address>0x82a4</load_address>
         <run_address>0x82a4</run_address>
         <size>0x1c</size>
         <input_file_ref idref="fl-e9"/>
      </object_component>
      <object_component id="oc-49d">
         <name>.text:copysign</name>
         <load_address>0x82c0</load_address>
         <run_address>0x82c0</run_address>
         <size>0x1a</size>
         <input_file_ref idref="fl-f6"/>
      </object_component>
      <object_component id="oc-371">
         <name>.text:_outs</name>
         <load_address>0x82da</load_address>
         <run_address>0x82da</run_address>
         <size>0x18</size>
         <input_file_ref idref="fl-d1"/>
      </object_component>
      <object_component id="oc-5f1">
         <name>.text:strcmp</name>
         <load_address>0x82f2</load_address>
         <run_address>0x82f2</run_address>
         <size>0x18</size>
         <input_file_ref idref="fl-10d"/>
      </object_component>
      <object_component id="oc-425">
         <name>.text:strchr</name>
         <load_address>0x830a</load_address>
         <run_address>0x830a</run_address>
         <size>0x16</size>
         <input_file_ref idref="fl-ec"/>
      </object_component>
      <object_component id="oc-5a5">
         <name>.text:strcpy</name>
         <load_address>0x8320</load_address>
         <run_address>0x8320</run_address>
         <size>0x14</size>
         <input_file_ref idref="fl-10e"/>
      </object_component>
      <object_component id="oc-2f9">
         <name>.text:strlen</name>
         <load_address>0x8334</load_address>
         <run_address>0x8334</run_address>
         <size>0x14</size>
         <input_file_ref idref="fl-ed"/>
      </object_component>
      <object_component id="oc-328">
         <name>.text:wcslen</name>
         <load_address>0x8348</load_address>
         <run_address>0x8348</run_address>
         <size>0x12</size>
         <input_file_ref idref="fl-f5"/>
      </object_component>
      <object_component id="oc-1d">
         <name>.text:decompress:none:__TI_decompress_none</name>
         <load_address>0x835a</load_address>
         <run_address>0x835a</run_address>
         <size>0xe</size>
         <input_file_ref idref="fl-e1"/>
      </object_component>
      <object_component id="oc-6a">
         <name>.text</name>
         <load_address>0x8368</load_address>
         <run_address>0x8368</run_address>
         <size>0xe</size>
         <input_file_ref idref="fl-6"/>
      </object_component>
      <object_component id="oc-4c">
         <name>.text:decompress:ZI:__TI_zero_init</name>
         <load_address>0x8376</load_address>
         <run_address>0x8376</run_address>
         <size>0xc</size>
         <input_file_ref idref="fl-e0"/>
      </object_component>
      <object_component id="oc-377">
         <name>.text:_outc</name>
         <load_address>0x8382</load_address>
         <run_address>0x8382</run_address>
         <size>0xa</size>
         <input_file_ref idref="fl-d1"/>
      </object_component>
      <object_component id="oc-32e">
         <name>.text:__aeabi_errno_addr</name>
         <load_address>0x838c</load_address>
         <run_address>0x838c</run_address>
         <size>0x8</size>
         <input_file_ref idref="fl-f2"/>
      </object_component>
      <object_component id="oc-4ef">
         <name>.text:malloc</name>
         <load_address>0x8394</load_address>
         <run_address>0x8394</run_address>
         <size>0x8</size>
         <input_file_ref idref="fl-eb"/>
      </object_component>
      <object_component id="oc-205">
         <name>.text:_outc</name>
         <load_address>0x839c</load_address>
         <run_address>0x839c</run_address>
         <size>0x4</size>
         <input_file_ref idref="fl-cf"/>
      </object_component>
      <object_component id="oc-1ff">
         <name>.text:_outs</name>
         <load_address>0x83a0</load_address>
         <run_address>0x83a0</run_address>
         <size>0x4</size>
         <input_file_ref idref="fl-cf"/>
      </object_component>
      <object_component id="oc-ab">
         <name>.text:_system_pre_init</name>
         <load_address>0x83a4</load_address>
         <run_address>0x83a4</run_address>
         <size>0x4</size>
         <input_file_ref idref="fl-fc"/>
      </object_component>
      <object_component id="oc-15b">
         <name>.text:abort:abort</name>
         <load_address>0x83a8</load_address>
         <run_address>0x83a8</run_address>
         <size>0x4</size>
         <input_file_ref idref="fl-e3"/>
      </object_component>
      <object_component id="oc-223">
         <name>.const:.string:_ctypes_</name>
         <load_address>0x83ac</load_address>
         <run_address>0x83ac</run_address>
         <size>0x101</size>
         <input_file_ref idref="fl-e7"/>
      </object_component>
      <object_component id="oc-279">
         <name>.const</name>
         <load_address>0x84ad</load_address>
         <run_address>0x84ad</run_address>
         <size>0x2</size>
         <input_file_ref idref="fl-5"/>
      </object_component>
      <object_component id="oc-cd">
         <name>.const</name>
         <load_address>0x84b0</load_address>
         <run_address>0x84b0</run_address>
         <size>0x8</size>
         <input_file_ref idref="fl-14"/>
      </object_component>
      <object_component id="oc-631">
         <name>.cinit..data.load</name>
         <load_address>0x84b8</load_address>
         <run_address>0x84b8</run_address>
         <size>0x13c</size>
      </object_component>
      <object_component id="oc-62f">
         <name>__TI_handler_table</name>
         <load_address>0x85f4</load_address>
         <run_address>0x85f4</run_address>
         <size>0xc</size>
      </object_component>
      <object_component id="oc-632">
         <name>.cinit..bss.load</name>
         <load_address>0x8600</load_address>
         <run_address>0x8600</run_address>
         <size>0x8</size>
      </object_component>
      <object_component id="oc-630">
         <name>__TI_cinit_table</name>
         <load_address>0x8608</load_address>
         <run_address>0x8608</run_address>
         <size>0x10</size>
      </object_component>
      <object_component id="oc-603">
         <name>.binit</name>
         <load_address>0x0</load_address>
         <run_address>0x0</run_address>
         <size>0x0</size>
      </object_component>
      <object_component id="oc-282">
         <name>.data:packman_upBitmaps</name>
         <load_address>0x200089cc</load_address>
         <run_address>0x200089cc</run_address>
         <size>0x3c</size>
         <input_file_ref idref="fl-5"/>
      </object_component>
      <object_component id="oc-285">
         <name>.data:packman_downBitmaps</name>
         <load_address>0x20008918</load_address>
         <run_address>0x20008918</run_address>
         <size>0x3c</size>
         <input_file_ref idref="fl-5"/>
      </object_component>
      <object_component id="oc-27c">
         <name>.data:packman_leftBitmaps</name>
         <load_address>0x20008954</load_address>
         <run_address>0x20008954</run_address>
         <size>0x3c</size>
         <input_file_ref idref="fl-5"/>
      </object_component>
      <object_component id="oc-27f">
         <name>.data:packman_rightBitmaps</name>
         <load_address>0x20008990</load_address>
         <run_address>0x20008990</run_address>
         <size>0x3c</size>
         <input_file_ref idref="fl-5"/>
      </object_component>
      <object_component id="oc-199">
         <name>.data</name>
         <load_address>0x20008abc</load_address>
         <run_address>0x20008abc</run_address>
         <size>0x4</size>
         <input_file_ref idref="fl-7"/>
      </object_component>
      <object_component id="oc-119">
         <name>.data</name>
         <load_address>0x20008aa4</load_address>
         <run_address>0x20008aa4</run_address>
         <size>0x8</size>
         <input_file_ref idref="fl-8"/>
      </object_component>
      <object_component id="oc-107">
         <name>.data</name>
         <load_address>0x20008ac0</load_address>
         <run_address>0x20008ac0</run_address>
         <size>0x2</size>
         <input_file_ref idref="fl-9"/>
      </object_component>
      <object_component id="oc-26c">
         <name>.data</name>
         <load_address>0x20008ac2</load_address>
         <run_address>0x20008ac2</run_address>
         <size>0x2</size>
         <input_file_ref idref="fl-a"/>
      </object_component>
      <object_component id="oc-276">
         <name>.data</name>
         <load_address>0x20008aac</load_address>
         <run_address>0x20008aac</run_address>
         <size>0x8</size>
         <input_file_ref idref="fl-b"/>
      </object_component>
      <object_component id="oc-2bd">
         <name>.data</name>
         <load_address>0x20008a3c</load_address>
         <run_address>0x20008a3c</run_address>
         <size>0x18</size>
         <input_file_ref idref="fl-e"/>
      </object_component>
      <object_component id="oc-ca">
         <name>.data</name>
         <load_address>0x20008a08</load_address>
         <run_address>0x20008a08</run_address>
         <size>0x34</size>
         <input_file_ref idref="fl-12"/>
      </object_component>
      <object_component id="oc-2d2">
         <name>.data</name>
         <load_address>0x20008a88</load_address>
         <run_address>0x20008a88</run_address>
         <size>0xc</size>
         <input_file_ref idref="fl-13"/>
      </object_component>
      <object_component id="oc-d7">
         <name>.data</name>
         <load_address>0x20008a54</load_address>
         <run_address>0x20008a54</run_address>
         <size>0x18</size>
         <input_file_ref idref="fl-14"/>
      </object_component>
      <object_component id="oc-28e">
         <name>.data:$O1$$</name>
         <load_address>0x20008a7c</load_address>
         <run_address>0x20008a7c</run_address>
         <size>0xc</size>
         <input_file_ref idref="fl-e3"/>
      </object_component>
      <object_component id="oc-1f9">
         <name>.data:$O1$$</name>
         <load_address>0x20008a94</load_address>
         <run_address>0x20008a94</run_address>
         <size>0x8</size>
         <input_file_ref idref="fl-e4"/>
      </object_component>
      <object_component id="oc-1fc">
         <name>.data:_ftable</name>
         <load_address>0x20008760</load_address>
         <run_address>0x20008760</run_address>
         <size>0xf0</size>
         <input_file_ref idref="fl-e8"/>
      </object_component>
      <object_component id="oc-538">
         <name>.data</name>
         <load_address>0x20008a6c</load_address>
         <run_address>0x20008a6c</run_address>
         <size>0x10</size>
         <input_file_ref idref="fl-e8"/>
      </object_component>
      <object_component id="oc-56e">
         <name>.data:$O1$$</name>
         <load_address>0x20008a9c</load_address>
         <run_address>0x20008a9c</run_address>
         <size>0x8</size>
         <input_file_ref idref="fl-eb"/>
      </object_component>
      <object_component id="oc-21e">
         <name>.data</name>
         <load_address>0x20008ab8</load_address>
         <run_address>0x20008ab8</run_address>
         <size>0x4</size>
         <input_file_ref idref="fl-ee"/>
      </object_component>
      <object_component id="oc-508">
         <name>.data:_device</name>
         <load_address>0x20008850</load_address>
         <run_address>0x20008850</run_address>
         <size>0x78</size>
         <input_file_ref idref="fl-f0"/>
      </object_component>
      <object_component id="oc-4cb">
         <name>.data:_stream</name>
         <load_address>0x200088c8</load_address>
         <run_address>0x200088c8</run_address>
         <size>0x50</size>
         <input_file_ref idref="fl-f0"/>
      </object_component>
      <object_component id="oc-435">
         <name>.data</name>
         <load_address>0x20008ab4</load_address>
         <run_address>0x20008ab4</run_address>
         <size>0x4</size>
         <input_file_ref idref="fl-f2"/>
      </object_component>
      <object_component id="oc-2c3">
         <name>.bss:ucHeap</name>
         <uninitialized>true</uninitialized>
         <run_address>0x20000000</run_address>
         <size>0x8000</size>
         <input_file_ref idref="fl-e"/>
      </object_component>
      <object_component id="oc-2c0">
         <name>.bss:xStart</name>
         <uninitialized>true</uninitialized>
         <run_address>0x20008330</run_address>
         <size>0x8</size>
         <input_file_ref idref="fl-e"/>
      </object_component>
      <object_component id="oc-1b3">
         <name>.bss:pxReadyTasksLists</name>
         <uninitialized>true</uninitialized>
         <run_address>0x20008120</run_address>
         <size>0xc8</size>
         <input_file_ref idref="fl-12"/>
      </object_component>
      <object_component id="oc-1c8">
         <name>.bss:xDelayedTaskList1</name>
         <uninitialized>true</uninitialized>
         <run_address>0x200082b0</run_address>
         <size>0x14</size>
         <input_file_ref idref="fl-12"/>
      </object_component>
      <object_component id="oc-1cb">
         <name>.bss:xDelayedTaskList2</name>
         <uninitialized>true</uninitialized>
         <run_address>0x200082c4</run_address>
         <size>0x14</size>
         <input_file_ref idref="fl-12"/>
      </object_component>
      <object_component id="oc-1b9">
         <name>.bss</name>
         <uninitialized>true</uninitialized>
         <run_address>0x20008320</run_address>
         <size>0x8</size>
         <input_file_ref idref="fl-12"/>
      </object_component>
      <object_component id="oc-1c5">
         <name>.bss:xPendingReadyList</name>
         <uninitialized>true</uninitialized>
         <run_address>0x200082d8</run_address>
         <size>0x14</size>
         <input_file_ref idref="fl-12"/>
      </object_component>
      <object_component id="oc-1b6">
         <name>.bss:xTasksWaitingTermination</name>
         <uninitialized>true</uninitialized>
         <run_address>0x20008300</run_address>
         <size>0x14</size>
         <input_file_ref idref="fl-12"/>
      </object_component>
      <object_component id="oc-1bc">
         <name>.bss:xSuspendedTaskList</name>
         <uninitialized>true</uninitialized>
         <run_address>0x200082ec</run_address>
         <size>0x14</size>
         <input_file_ref idref="fl-12"/>
      </object_component>
      <object_component id="oc-2d8">
         <name>.bss:xActiveTimerList1</name>
         <uninitialized>true</uninitialized>
         <run_address>0x20008288</run_address>
         <size>0x14</size>
         <input_file_ref idref="fl-13"/>
      </object_component>
      <object_component id="oc-2db">
         <name>.bss:xActiveTimerList2</name>
         <uninitialized>true</uninitialized>
         <run_address>0x2000829c</run_address>
         <size>0x14</size>
         <input_file_ref idref="fl-13"/>
      </object_component>
      <object_component id="oc-2d5">
         <name>.bss</name>
         <uninitialized>true</uninitialized>
         <run_address>0x20008328</run_address>
         <size>0x8</size>
         <input_file_ref idref="fl-13"/>
      </object_component>
      <object_component id="oc-5bc">
         <name>.bss:_CIOBUF_</name>
         <uninitialized>true</uninitialized>
         <run_address>0x20008000</run_address>
         <size>0x120</size>
         <input_file_ref idref="fl-108"/>
      </object_component>
      <object_component id="oc-381">
         <name>.common:Lcd_ScreenWidth</name>
         <uninitialized>true</uninitialized>
         <run_address>0x2000835e</run_address>
         <size>0x2</size>
      </object_component>
      <object_component id="oc-384">
         <name>.common:Lcd_ScreenHeigth</name>
         <uninitialized>true</uninitialized>
         <run_address>0x2000835c</run_address>
         <size>0x2</size>
      </object_component>
      <object_component id="oc-11c">
         <name>.common:Task_Accelerometer_Handle</name>
         <uninitialized>true</uninitialized>
         <run_address>0x20008348</run_address>
         <size>0x4</size>
      </object_component>
      <object_component id="oc-153">
         <name>.common:Task_Accelerometer_Timer_Handle</name>
         <uninitialized>true</uninitialized>
         <run_address>0x2000834c</run_address>
         <size>0x4</size>
      </object_component>
      <object_component id="oc-10a">
         <name>.common:Task_Console_Handle</name>
         <uninitialized>true</uninitialized>
         <run_address>0x20008350</run_address>
         <size>0x4</size>
      </object_component>
      <object_component id="oc-106">
         <name>.common:Sem_Console</name>
         <uninitialized>true</uninitialized>
         <run_address>0x20008344</run_address>
         <size>0x4</size>
      </object_component>
      <object_component id="oc-103">
         <name>.common:RX_ARRAY</name>
         <uninitialized>true</uninitialized>
         <run_address>0x20008314</run_address>
         <size>0xc</size>
      </object_component>
      <object_component id="oc-14f">
         <name>.common:Task_Light_Sensor_Handle</name>
         <uninitialized>true</uninitialized>
         <run_address>0x20008354</run_address>
         <size>0x4</size>
      </object_component>
      <object_component id="oc-152">
         <name>.common:Task_Packman_Handle</name>
         <uninitialized>true</uninitialized>
         <run_address>0x20008358</run_address>
         <size>0x4</size>
      </object_component>
      <object_component id="oc-10b">
         <name>.common:Queue_Packman</name>
         <uninitialized>true</uninitialized>
         <run_address>0x20008340</run_address>
         <size>0x4</size>
      </object_component>
      <object_component id="oc-586">
         <name>.common:__TI_tmpnams</name>
         <uninitialized>true</uninitialized>
         <run_address>0x200081e8</run_address>
         <size>0xa0</size>
      </object_component>
      <object_component id="oc-597">
         <name>.common:parmbuf</name>
         <uninitialized>true</uninitialized>
         <run_address>0x20008338</run_address>
         <size>0x8</size>
      </object_component>
      <object_component id="oc-29">
         <name>.sysmem</name>
         <uninitialized>true</uninitialized>
         <run_address>0x20008360</run_address>
         <size>0x10</size>
         <input_file_ref idref="fl-eb"/>
      </object_component>
      <object_component id="oc-635">
         <name>.sysmem</name>
         <uninitialized>true</uninitialized>
         <run_address>0x20008360</run_address>
         <size>0x0</size>
      </object_component>
      <object_component id="oc-2c">
         <name>.stack</name>
         <uninitialized>true</uninitialized>
         <run_address>0x2000fe00</run_address>
         <size>0x4</size>
         <input_file_ref idref="fl-f1"/>
      </object_component>
      <object_component id="oc-634">
         <name>.stack</name>
         <uninitialized>true</uninitialized>
         <run_address>0x2000fe00</run_address>
         <size>0x0</size>
      </object_component>
      <object_component id="oc-247">
         <name>.debug_info</name>
         <load_address>0x0</load_address>
         <run_address>0x0</run_address>
         <size>0x5a4</size>
         <input_file_ref idref="fl-2"/>
      </object_component>
      <object_component id="oc-24d">
         <name>.debug_info</name>
         <load_address>0x5a4</load_address>
         <run_address>0x5a4</run_address>
         <size>0x9ad</size>
         <input_file_ref idref="fl-2"/>
      </object_component>
      <object_component id="oc-114">
         <name>.debug_info</name>
         <load_address>0xf51</load_address>
         <run_address>0xf51</run_address>
         <size>0x37e2</size>
         <input_file_ref idref="fl-2"/>
      </object_component>
      <object_component id="oc-122">
         <name>.debug_info</name>
         <load_address>0x4733</load_address>
         <run_address>0x4733</run_address>
         <size>0x26b</size>
         <input_file_ref idref="fl-2"/>
      </object_component>
      <object_component id="oc-22a">
         <name>.debug_info</name>
         <load_address>0x499e</load_address>
         <run_address>0x499e</run_address>
         <size>0x1055</size>
         <input_file_ref idref="fl-2"/>
      </object_component>
      <object_component id="oc-35">
         <name>.debug_info</name>
         <load_address>0x59f3</load_address>
         <run_address>0x59f3</run_address>
         <size>0x84</size>
         <input_file_ref idref="fl-2"/>
      </object_component>
      <object_component id="oc-1e2">
         <name>.debug_info</name>
         <load_address>0x5a77</load_address>
         <run_address>0x5a77</run_address>
         <size>0x2a4</size>
         <input_file_ref idref="fl-2"/>
      </object_component>
      <object_component id="oc-e6">
         <name>.debug_info</name>
         <load_address>0x5d1b</load_address>
         <run_address>0x5d1b</run_address>
         <size>0xbb</size>
         <input_file_ref idref="fl-2"/>
      </object_component>
      <object_component id="oc-382">
         <name>.debug_info</name>
         <load_address>0x5dd6</load_address>
         <run_address>0x5dd6</run_address>
         <size>0x5e5</size>
         <input_file_ref idref="fl-3"/>
      </object_component>
      <object_component id="oc-271">
         <name>.debug_info</name>
         <load_address>0x63bb</load_address>
         <run_address>0x63bb</run_address>
         <size>0xc19</size>
         <input_file_ref idref="fl-3"/>
      </object_component>
      <object_component id="oc-15a">
         <name>.debug_info</name>
         <load_address>0x6fd4</load_address>
         <run_address>0x6fd4</run_address>
         <size>0xa82</size>
         <input_file_ref idref="fl-4"/>
      </object_component>
      <object_component id="oc-b3">
         <name>.debug_info</name>
         <load_address>0x7a56</load_address>
         <run_address>0x7a56</run_address>
         <size>0x391</size>
         <input_file_ref idref="fl-4"/>
      </object_component>
      <object_component id="oc-10f">
         <name>.debug_info</name>
         <load_address>0x7de7</load_address>
         <run_address>0x7de7</run_address>
         <size>0xab</size>
         <input_file_ref idref="fl-4"/>
      </object_component>
      <object_component id="oc-155">
         <name>.debug_info</name>
         <load_address>0x7e92</load_address>
         <run_address>0x7e92</run_address>
         <size>0x315</size>
         <input_file_ref idref="fl-4"/>
      </object_component>
      <object_component id="oc-239">
         <name>.debug_info</name>
         <load_address>0x81a7</load_address>
         <run_address>0x81a7</run_address>
         <size>0x48b</size>
         <input_file_ref idref="fl-4"/>
      </object_component>
      <object_component id="oc-22f">
         <name>.debug_info</name>
         <load_address>0x8632</load_address>
         <run_address>0x8632</run_address>
         <size>0x4f</size>
         <input_file_ref idref="fl-4"/>
      </object_component>
      <object_component id="oc-23e">
         <name>.debug_info</name>
         <load_address>0x8681</load_address>
         <run_address>0x8681</run_address>
         <size>0x2c</size>
         <input_file_ref idref="fl-4"/>
      </object_component>
      <object_component id="oc-dc">
         <name>.debug_info</name>
         <load_address>0x86ad</load_address>
         <run_address>0x86ad</run_address>
         <size>0x2c</size>
         <input_file_ref idref="fl-4"/>
      </object_component>
      <object_component id="oc-e1">
         <name>.debug_info</name>
         <load_address>0x86d9</load_address>
         <run_address>0x86d9</run_address>
         <size>0x53</size>
         <input_file_ref idref="fl-4"/>
      </object_component>
      <object_component id="oc-234">
         <name>.debug_info</name>
         <load_address>0x872c</load_address>
         <run_address>0x872c</run_address>
         <size>0xcc</size>
         <input_file_ref idref="fl-4"/>
      </object_component>
      <object_component id="oc-20d">
         <name>.debug_info</name>
         <load_address>0x87f8</load_address>
         <run_address>0x87f8</run_address>
         <size>0x2c</size>
         <input_file_ref idref="fl-4"/>
      </object_component>
      <object_component id="oc-1d8">
         <name>.debug_info</name>
         <load_address>0x8824</load_address>
         <run_address>0x8824</run_address>
         <size>0x14c</size>
         <input_file_ref idref="fl-4"/>
      </object_component>
      <object_component id="oc-38a">
         <name>.debug_info</name>
         <load_address>0x8970</load_address>
         <run_address>0x8970</run_address>
         <size>0x12b</size>
         <input_file_ref idref="fl-5"/>
      </object_component>
      <object_component id="oc-283">
         <name>.debug_info</name>
         <load_address>0x8a9b</load_address>
         <run_address>0x8a9b</run_address>
         <size>0x139</size>
         <input_file_ref idref="fl-5"/>
      </object_component>
      <object_component id="oc-27a">
         <name>.debug_info</name>
         <load_address>0x8bd4</load_address>
         <run_address>0x8bd4</run_address>
         <size>0x176</size>
         <input_file_ref idref="fl-5"/>
      </object_component>
      <object_component id="oc-286">
         <name>.debug_info</name>
         <load_address>0x8d4a</load_address>
         <run_address>0x8d4a</run_address>
         <size>0x13d</size>
         <input_file_ref idref="fl-5"/>
      </object_component>
      <object_component id="oc-27d">
         <name>.debug_info</name>
         <load_address>0x8e87</load_address>
         <run_address>0x8e87</run_address>
         <size>0x13d</size>
         <input_file_ref idref="fl-5"/>
      </object_component>
      <object_component id="oc-280">
         <name>.debug_info</name>
         <load_address>0x8fc4</load_address>
         <run_address>0x8fc4</run_address>
         <size>0x13f</size>
         <input_file_ref idref="fl-5"/>
      </object_component>
      <object_component id="oc-89">
         <name>.debug_info</name>
         <load_address>0x9103</load_address>
         <run_address>0x9103</run_address>
         <size>0x39b</size>
         <input_file_ref idref="fl-6"/>
      </object_component>
      <object_component id="oc-27">
         <name>.debug_info</name>
         <load_address>0x949e</load_address>
         <run_address>0x949e</run_address>
         <size>0x147</size>
         <input_file_ref idref="fl-6"/>
      </object_component>
      <object_component id="oc-6d">
         <name>.debug_info</name>
         <load_address>0x95e5</load_address>
         <run_address>0x95e5</run_address>
         <size>0x20e</size>
         <input_file_ref idref="fl-6"/>
      </object_component>
      <object_component id="oc-19a">
         <name>.debug_info</name>
         <load_address>0x97f3</load_address>
         <run_address>0x97f3</run_address>
         <size>0x140</size>
         <input_file_ref idref="fl-7"/>
      </object_component>
      <object_component id="oc-c4">
         <name>.debug_info</name>
         <load_address>0x9933</load_address>
         <run_address>0x9933</run_address>
         <size>0x2b2</size>
         <input_file_ref idref="fl-7"/>
      </object_component>
      <object_component id="oc-11d">
         <name>.debug_info</name>
         <load_address>0x9be5</load_address>
         <run_address>0x9be5</run_address>
         <size>0x8bc</size>
         <input_file_ref idref="fl-8"/>
      </object_component>
      <object_component id="oc-11a">
         <name>.debug_info</name>
         <load_address>0xa4a1</load_address>
         <run_address>0xa4a1</run_address>
         <size>0x16b</size>
         <input_file_ref idref="fl-8"/>
      </object_component>
      <object_component id="oc-82">
         <name>.debug_info</name>
         <load_address>0xa60c</load_address>
         <run_address>0xa60c</run_address>
         <size>0x67b</size>
         <input_file_ref idref="fl-8"/>
      </object_component>
      <object_component id="oc-104">
         <name>.debug_info</name>
         <load_address>0xac87</load_address>
         <run_address>0xac87</run_address>
         <size>0x9b0</size>
         <input_file_ref idref="fl-9"/>
      </object_component>
      <object_component id="oc-108">
         <name>.debug_info</name>
         <load_address>0xb637</load_address>
         <run_address>0xb637</run_address>
         <size>0x12c</size>
         <input_file_ref idref="fl-9"/>
      </object_component>
      <object_component id="oc-7c">
         <name>.debug_info</name>
         <load_address>0xb763</load_address>
         <run_address>0xb763</run_address>
         <size>0x729</size>
         <input_file_ref idref="fl-9"/>
      </object_component>
      <object_component id="oc-150">
         <name>.debug_info</name>
         <load_address>0xbe8c</load_address>
         <run_address>0xbe8c</run_address>
         <size>0x904</size>
         <input_file_ref idref="fl-a"/>
      </object_component>
      <object_component id="oc-26d">
         <name>.debug_info</name>
         <load_address>0xc790</load_address>
         <run_address>0xc790</run_address>
         <size>0x13b</size>
         <input_file_ref idref="fl-a"/>
      </object_component>
      <object_component id="oc-144">
         <name>.debug_info</name>
         <load_address>0xc8cb</load_address>
         <run_address>0xc8cb</run_address>
         <size>0x70a</size>
         <input_file_ref idref="fl-a"/>
      </object_component>
      <object_component id="oc-10c">
         <name>.debug_info</name>
         <load_address>0xcfd5</load_address>
         <run_address>0xcfd5</run_address>
         <size>0xa51</size>
         <input_file_ref idref="fl-b"/>
      </object_component>
      <object_component id="oc-277">
         <name>.debug_info</name>
         <load_address>0xda26</load_address>
         <run_address>0xda26</run_address>
         <size>0x16e</size>
         <input_file_ref idref="fl-b"/>
      </object_component>
      <object_component id="oc-14b">
         <name>.debug_info</name>
         <load_address>0xdb94</load_address>
         <run_address>0xdb94</run_address>
         <size>0x3a0</size>
         <input_file_ref idref="fl-b"/>
      </object_component>
      <object_component id="oc-2f0">
         <name>.debug_info</name>
         <load_address>0xdf34</load_address>
         <run_address>0xdf34</run_address>
         <size>0x317</size>
         <input_file_ref idref="fl-c"/>
      </object_component>
      <object_component id="oc-1dd">
         <name>.debug_info</name>
         <load_address>0xe24b</load_address>
         <run_address>0xe24b</run_address>
         <size>0x48b</size>
         <input_file_ref idref="fl-c"/>
      </object_component>
      <object_component id="oc-3ca">
         <name>.debug_info</name>
         <load_address>0xe6d6</load_address>
         <run_address>0xe6d6</run_address>
         <size>0xcc</size>
         <input_file_ref idref="fl-c"/>
      </object_component>
      <object_component id="oc-1d3">
         <name>.debug_info</name>
         <load_address>0xe7a2</load_address>
         <run_address>0xe7a2</run_address>
         <size>0x53</size>
         <input_file_ref idref="fl-c"/>
      </object_component>
      <object_component id="oc-2f8">
         <name>.debug_info</name>
         <load_address>0xe7f5</load_address>
         <run_address>0xe7f5</run_address>
         <size>0x772</size>
         <input_file_ref idref="fl-d"/>
      </object_component>
      <object_component id="oc-1ee">
         <name>.debug_info</name>
         <load_address>0xef67</load_address>
         <run_address>0xef67</run_address>
         <size>0x110</size>
         <input_file_ref idref="fl-d"/>
      </object_component>
      <object_component id="oc-2b8">
         <name>.debug_info</name>
         <load_address>0xf077</load_address>
         <run_address>0xf077</run_address>
         <size>0x48b</size>
         <input_file_ref idref="fl-d"/>
      </object_component>
      <object_component id="oc-3d1">
         <name>.debug_info</name>
         <load_address>0xf502</load_address>
         <run_address>0xf502</run_address>
         <size>0x76</size>
         <input_file_ref idref="fl-d"/>
      </object_component>
      <object_component id="oc-3d6">
         <name>.debug_info</name>
         <load_address>0xf578</load_address>
         <run_address>0xf578</run_address>
         <size>0x39</size>
         <input_file_ref idref="fl-d"/>
      </object_component>
      <object_component id="oc-3b7">
         <name>.debug_info</name>
         <load_address>0xf5b1</load_address>
         <run_address>0xf5b1</run_address>
         <size>0x109</size>
         <input_file_ref idref="fl-d"/>
      </object_component>
      <object_component id="oc-2ae">
         <name>.debug_info</name>
         <load_address>0xf6ba</load_address>
         <run_address>0xf6ba</run_address>
         <size>0x4f</size>
         <input_file_ref idref="fl-d"/>
      </object_component>
      <object_component id="oc-2c7">
         <name>.debug_info</name>
         <load_address>0xf709</load_address>
         <run_address>0xf709</run_address>
         <size>0x5b1</size>
         <input_file_ref idref="fl-e"/>
      </object_component>
      <object_component id="oc-2c4">
         <name>.debug_info</name>
         <load_address>0xfcba</load_address>
         <run_address>0xfcba</run_address>
         <size>0x1c6</size>
         <input_file_ref idref="fl-e"/>
      </object_component>
      <object_component id="oc-2c1">
         <name>.debug_info</name>
         <load_address>0xfe80</load_address>
         <run_address>0xfe80</run_address>
         <size>0x1c6</size>
         <input_file_ref idref="fl-e"/>
      </object_component>
      <object_component id="oc-2be">
         <name>.debug_info</name>
         <load_address>0x10046</load_address>
         <run_address>0x10046</run_address>
         <size>0x306</size>
         <input_file_ref idref="fl-e"/>
      </object_component>
      <object_component id="oc-1aa">
         <name>.debug_info</name>
         <load_address>0x1034c</load_address>
         <run_address>0x1034c</run_address>
         <size>0x12db</size>
         <input_file_ref idref="fl-e"/>
      </object_component>
      <object_component id="oc-3ae">
         <name>.debug_info</name>
         <load_address>0x11627</load_address>
         <run_address>0x11627</run_address>
         <size>0x62</size>
         <input_file_ref idref="fl-e"/>
      </object_component>
      <object_component id="oc-2c9">
         <name>.debug_info</name>
         <load_address>0x11689</load_address>
         <run_address>0x11689</run_address>
         <size>0x46b</size>
         <input_file_ref idref="fl-f"/>
      </object_component>
      <object_component id="oc-1af">
         <name>.debug_info</name>
         <load_address>0x11af4</load_address>
         <run_address>0x11af4</run_address>
         <size>0xaf5</size>
         <input_file_ref idref="fl-f"/>
      </object_component>
      <object_component id="oc-1ed">
         <name>.debug_info</name>
         <load_address>0x125e9</load_address>
         <run_address>0x125e9</run_address>
         <size>0x9d6</size>
         <input_file_ref idref="fl-10"/>
      </object_component>
      <object_component id="oc-ec">
         <name>.debug_info</name>
         <load_address>0x12fbf</load_address>
         <run_address>0x12fbf</run_address>
         <size>0x58af</size>
         <input_file_ref idref="fl-10"/>
      </object_component>
      <object_component id="oc-2f3">
         <name>.debug_info</name>
         <load_address>0x1886e</load_address>
         <run_address>0x1886e</run_address>
         <size>0x1ef</size>
         <input_file_ref idref="fl-10"/>
      </object_component>
      <object_component id="oc-1e8">
         <name>.debug_info</name>
         <load_address>0x18a5d</load_address>
         <run_address>0x18a5d</run_address>
         <size>0x46</size>
         <input_file_ref idref="fl-10"/>
      </object_component>
      <object_component id="oc-13a">
         <name>.debug_info</name>
         <load_address>0x18aa3</load_address>
         <run_address>0x18aa3</run_address>
         <size>0x2c</size>
         <input_file_ref idref="fl-11"/>
      </object_component>
      <object_component id="oc-19f">
         <name>.debug_info</name>
         <load_address>0x18acf</load_address>
         <run_address>0x18acf</run_address>
         <size>0x976</size>
         <input_file_ref idref="fl-12"/>
      </object_component>
      <object_component id="oc-cb">
         <name>.debug_info</name>
         <load_address>0x19445</load_address>
         <run_address>0x19445</run_address>
         <size>0x422</size>
         <input_file_ref idref="fl-12"/>
      </object_component>
      <object_component id="oc-1b4">
         <name>.debug_info</name>
         <load_address>0x19867</load_address>
         <run_address>0x19867</run_address>
         <size>0x1cb</size>
         <input_file_ref idref="fl-12"/>
      </object_component>
      <object_component id="oc-1c9">
         <name>.debug_info</name>
         <load_address>0x19a32</load_address>
         <run_address>0x19a32</run_address>
         <size>0x1cb</size>
         <input_file_ref idref="fl-12"/>
      </object_component>
      <object_component id="oc-1cc">
[...]
      </symbol>
      <symbol id="sm-b83">
         <name>__aeabi_memcpy</name>
         <value>0x7367</value>
         <object_component_ref idref="oc-3a"/>
      </symbol>
      <symbol id="sm-b84">
         <name>__aeabi_memcpy8</name>
         <value>0x7367</value>
         <object_component_ref idref="oc-3a"/>
      </symbol>
      <symbol id="sm-b85">
         <name>__aeabi_memcpy4</name>
         <value>0x7367</value>
         <object_component_ref idref="oc-3a"/>
      </symbol>
      <symbol id="sm-b8f">
         <name>__aeabi_ui2d</name>
         <value>0x8269</value>
         <object_component_ref idref="oc-25c"/>
      </symbol>
      <symbol id="sm-b9c">
         <name>__aeabi_uldivmod</name>
         <value>0x7403</value>
         <object_component_ref idref="oc-3dd"/>
      </symbol>
      <symbol id="sm-bab">
         <name>__aeabi_memset</name>
         <value>0x75a7</value>
         <object_component_ref idref="oc-a5"/>
      </symbol>
      <symbol id="sm-bac">
         <name>memset</name>
         <value>0x75ad</value>
         <object_component_ref idref="oc-a5"/>
      </symbol>
      <symbol id="sm-bad">
         <name>__aeabi_memset8</name>
         <value>0x75a7</value>
         <object_component_ref idref="oc-a5"/>
      </symbol>
      <symbol id="sm-bae">
         <name>__aeabi_memset4</name>
         <value>0x75a7</value>
         <object_component_ref idref="oc-a5"/>
      </symbol>
      <symbol id="sm-baf">
         <name>__aeabi_memclr8</name>
         <value>0x75a5</value>
         <object_component_ref idref="oc-a5"/>
      </symbol>
      <symbol id="sm-bb0">
         <name>__aeabi_memclr4</name>
         <value>0x75a5</value>
         <object_component_ref idref="oc-a5"/>
      </symbol>
      <symbol id="sm-bb1">
         <name>__aeabi_memclr</name>
         <value>0x75a5</value>
         <object_component_ref idref="oc-a5"/>
      </symbol>
      <symbol id="sm-bc3">
         <name>__TI_zero_init</name>
         <value>0x8377</value>
         <object_component_ref idref="oc-4c"/>
      </symbol>
      <symbol id="sm-bda">
         <name>__TI_decompress_none</name>
         <value>0x835b</value>
         <object_component_ref idref="oc-1d"/>
      </symbol>
      <symbol id="sm-bfd">
         <name>__TI_decompress_lzss</name>
         <value>0x7849</value>
         <object_component_ref idref="oc-17"/>
      </symbol>
      <symbol id="sm-c23">
         <name>C$$EXIT</name>
         <value>0x83a9</value>
         <object_component_ref idref="oc-15b"/>
      </symbol>
      <symbol id="sm-c24">
         <name>abort</name>
         <value>0x83a9</value>
         <object_component_ref idref="oc-15b"/>
      </symbol>
      <symbol id="sm-c25">
         <name>__TI_dtors_ptr</name>
         <value>0x20008a80</value>
         <object_component_ref idref="oc-28e"/>
      </symbol>
      <symbol id="sm-c26">
         <name>__TI_cleanup_ptr</name>
         <value>0x20008a7c</value>
         <object_component_ref idref="oc-28e"/>
      </symbol>
      <symbol id="sm-c27">
         <name>__TI_enable_exit_profile_output</name>
         <value>0x20008a84</value>
         <object_component_ref idref="oc-28e"/>
      </symbol>
      <symbol id="sm-c28">
         <name>exit</name>
         <value>0x7d45</value>
         <object_component_ref idref="oc-161"/>
      </symbol>
      <symbol id="sm-c3d">
         <name>_nop</name>
         <value>0x3ce7</value>
         <object_component_ref idref="oc-340"/>
      </symbol>
      <symbol id="sm-c3e">
         <name>_lock</name>
         <value>0x20008a94</value>
         <object_component_ref idref="oc-1f9"/>
      </symbol>
      <symbol id="sm-c3f">
         <name>_unlock</name>
         <value>0x20008a98</value>
         <object_component_ref idref="oc-1f9"/>
      </symbol>
      <symbol id="sm-c4e">
         <name>__TI_ltoa</name>
         <value>0x7c07</value>
         <object_component_ref idref="oc-3f3"/>
      </symbol>
      <symbol id="sm-c64">
         <name>atoi</name>
         <value>0x7cf9</value>
         <object_component_ref idref="oc-fd"/>
      </symbol>
      <symbol id="sm-c6f">
         <name>_ctypes_</name>
         <value>0x83ac</value>
         <object_component_ref idref="oc-223"/>
      </symbol>
      <symbol id="sm-c84">
         <name>__TI_tmpnams</name>
         <value>0x200081e8</value>
      </symbol>
      <symbol id="sm-c85">
         <name>__aeabi_stdout</name>
         <value>0x20008a74</value>
         <object_component_ref idref="oc-538"/>
      </symbol>
      <symbol id="sm-c86">
         <name>__aeabi_stderr</name>
         <value>0x20008a78</value>
         <object_component_ref idref="oc-538"/>
      </symbol>
      <symbol id="sm-c87">
         <name>__aeabi_stdin</name>
         <value>0x20008a70</value>
         <object_component_ref idref="oc-538"/>
      </symbol>
      <symbol id="sm-c88">
         <name>_ftable</name>
         <value>0x20008760</value>
         <object_component_ref idref="oc-1fc"/>
      </symbol>
      <symbol id="sm-c89">
         <name>__TI_ft_end</name>
         <value>0x20008a6c</value>
         <object_component_ref idref="oc-538"/>
      </symbol>
      <symbol id="sm-c99">
         <name>memccpy</name>
         <value>0x82a5</value>
         <object_component_ref idref="oc-322"/>
      </symbol>
      <symbol id="sm-ca9">
         <name>memchr</name>
         <value>0x8249</value>
         <object_component_ref idref="oc-456"/>
      </symbol>
      <symbol id="sm-d32">
         <name>_sys_memory</name>
         <value>0x20008360</value>
         <object_component_ref idref="oc-29"/>
      </symbol>
      <symbol id="sm-d33">
         <name>free</name>
         <value>0x7019</value>
         <object_component_ref idref="oc-4e9"/>
      </symbol>
      <symbol id="sm-d34">
         <name>memalign</name>
         <value>0x6e1d</value>
         <object_component_ref idref="oc-52b"/>
      </symbol>
      <symbol id="sm-d35">
         <name>malloc</name>
         <value>0x8395</value>
         <object_component_ref idref="oc-4ef"/>
      </symbol>
      <symbol id="sm-d36">
         <name>aligned_alloc</name>
         <value>0x6e1d</value>
         <object_component_ref idref="oc-52b"/>
      </symbol>
      <symbol id="sm-d46">
         <name>strchr</name>
         <value>0x830b</value>
         <object_component_ref idref="oc-425"/>
      </symbol>
      <symbol id="sm-d54">
         <name>strlen</name>
         <value>0x8335</value>
         <object_component_ref idref="oc-2f9"/>
      </symbol>
      <symbol id="sm-d6c">
         <name>strtok</name>
         <value>0x7f69</value>
         <object_component_ref idref="oc-f7"/>
      </symbol>
      <symbol id="sm-d86">
         <name>write</name>
         <value>0x81fd</value>
         <object_component_ref idref="oc-462"/>
      </symbol>
      <symbol id="sm-d97">
         <name>_stream</name>
         <value>0x200088c8</value>
         <object_component_ref idref="oc-4cb"/>
      </symbol>
      <symbol id="sm-d98">
         <name>_device</name>
         <value>0x20008850</value>
         <object_component_ref idref="oc-508"/>
      </symbol>
      <symbol id="sm-dab">
         <name>__stack</name>
         <value>0x2000fe00</value>
         <object_component_ref idref="oc-2c"/>
      </symbol>
      <symbol id="sm-dac">
         <name>_c_int00_noargs</name>
         <value>0x80c1</value>
         <object_component_ref idref="oc-58"/>
      </symbol>
      <symbol id="sm-dc2">
         <name>__aeabi_errno_addr</name>
         <value>0x838d</value>
         <object_component_ref idref="oc-32e"/>
      </symbol>
      <symbol id="sm-dc3">
         <name>errno</name>
         <value>0x20008ab4</value>
         <object_component_ref idref="oc-435"/>
      </symbol>
      <symbol id="sm-de3">
         <name>frexpl</name>
         <value>0x7919</value>
         <object_component_ref idref="oc-419"/>
      </symbol>
      <symbol id="sm-de4">
         <name>frexp</name>
         <value>0x7919</value>
         <object_component_ref idref="oc-419"/>
      </symbol>
      <symbol id="sm-e01">
         <name>scalbn</name>
         <value>0x6d0d</value>
         <object_component_ref idref="oc-41f"/>
      </symbol>
      <symbol id="sm-e02">
         <name>scalbnl</name>
         <value>0x6d0d</value>
         <object_component_ref idref="oc-41f"/>
      </symbol>
      <symbol id="sm-e03">
         <name>ldexpl</name>
         <value>0x6d0d</value>
         <object_component_ref idref="oc-41f"/>
      </symbol>
      <symbol id="sm-e04">
         <name>ldexp</name>
         <value>0x6d0d</value>
         <object_component_ref idref="oc-41f"/>
      </symbol>
      <symbol id="sm-e1d">
         <name>wcslen</name>
         <value>0x8349</value>
         <object_component_ref idref="oc-328"/>
      </symbol>
      <symbol id="sm-e27">
         <name>copysign</name>
         <value>0x82c1</value>
         <object_component_ref idref="oc-49d"/>
      </symbol>
      <symbol id="sm-e28">
         <name>copysignl</name>
         <value>0x82c1</value>
         <object_component_ref idref="oc-49d"/>
      </symbol>
      <symbol id="sm-e38">
         <name>__TI_doflush</name>
         <value>0x7cad</value>
         <object_component_ref idref="oc-45c"/>
      </symbol>
      <symbol id="sm-e48">
         <name>__TI_cleanup</name>
         <value>0x8059</value>
         <object_component_ref idref="oc-4f5"/>
      </symbol>
      <symbol id="sm-e5a">
         <name>fseek</name>
         <value>0x797d</value>
         <object_component_ref idref="oc-4b9"/>
      </symbol>
      <symbol id="sm-e64">
         <name>__aeabi_idiv0</name>
         <value>0x658b</value>
         <object_component_ref idref="oc-486"/>
      </symbol>
      <symbol id="sm-e65">
         <name>__aeabi_ldiv0</name>
         <value>0x658b</value>
         <object_component_ref idref="oc-486"/>
      </symbol>
      <symbol id="sm-e8d">
         <name>__TI_auto_init_nobinit_nopinit</name>
         <value>0x7e5d</value>
         <object_component_ref idref="oc-167"/>
      </symbol>
      <symbol id="sm-e97">
         <name>_system_pre_init</name>
         <value>0x83a5</value>
         <object_component_ref idref="oc-ab"/>
      </symbol>
      <symbol id="sm-eaa">
         <name>strcspn</name>
         <value>0x8225</value>
         <object_component_ref idref="oc-218"/>
      </symbol>
      <symbol id="sm-ebc">
         <name>strspn</name>
         <value>0x8181</value>
         <object_component_ref idref="oc-212"/>
      </symbol>
      <symbol id="sm-ecd">
         <name>HOSTclose</name>
         <value>0x7dd5</value>
         <object_component_ref idref="oc-544"/>
      </symbol>
      <symbol id="sm-ede">
         <name>HOSTlseek</name>
         <value>0x77e1</value>
         <object_component_ref idref="oc-556"/>
      </symbol>
      <symbol id="sm-ef0">
         <name>parmbuf</name>
         <value>0x20008338</value>
      </symbol>
      <symbol id="sm-ef1">
         <name>HOSTopen</name>
         <value>0x7a45</value>
         <object_component_ref idref="oc-53e"/>
      </symbol>
      <symbol id="sm-f02">
         <name>HOSTread</name>
         <value>0x7b01</value>
         <object_component_ref idref="oc-54a"/>
      </symbol>
      <symbol id="sm-f13">
         <name>HOSTrename</name>
         <value>0x7775</value>
         <object_component_ref idref="oc-562"/>
      </symbol>
      <symbol id="sm-f24">
         <name>HOSTunlink</name>
         <value>0x7e19</value>
         <object_component_ref idref="oc-55c"/>
      </symbol>
      <symbol id="sm-f35">
         <name>HOSTwrite</name>
         <value>0x7b59</value>
         <object_component_ref idref="oc-550"/>
      </symbol>
      <symbol id="sm-f59">
         <name>__TI_readmsg</name>
         <value>0x808d</value>
         <object_component_ref idref="oc-591"/>
      </symbol>
      <symbol id="sm-f5a">
         <name>C$$IO$$</name>
         <value>0x8017</value>
         <object_component_ref idref="oc-58b"/>
      </symbol>
      <symbol id="sm-f5b">
         <name>__CIOBUF_</name>
         <value>0x20008000</value>
         <object_component_ref idref="oc-5bc"/>
      </symbol>
      <symbol id="sm-f5c">
         <name>__TI_writemsg</name>
         <value>0x7fe9</value>
         <object_component_ref idref="oc-58b"/>
      </symbol>
      <symbol id="sm-f6d">
         <name>lseek</name>
         <value>0x81d5</value>
         <object_component_ref idref="oc-4e1"/>
      </symbol>
      <symbol id="sm-f82">
         <name>__TI_closefile</name>
         <value>0x7621</value>
         <object_component_ref idref="oc-532"/>
      </symbol>
      <symbol id="sm-fa5">
         <name>finddevice</name>
         <value>0x80f5</value>
         <object_component_ref idref="oc-5da"/>
      </symbol>
      <symbol id="sm-fa6">
         <name>getdevice</name>
         <value>0x7ea1</value>
         <object_component_ref idref="oc-5b2"/>
      </symbol>
      <symbol id="sm-fb5">
         <name>strcmp</name>
         <value>0x82f3</value>
         <object_component_ref idref="oc-5f1"/>
      </symbol>
      <symbol id="sm-fc3">
         <name>strcpy</name>
         <value>0x8321</value>
         <object_component_ref idref="oc-5a5"/>
      </symbol>
      <symbol id="sm-fd3">
         <name>strncpy</name>
         <value>0x8021</value>
         <object_component_ref idref="oc-5d4"/>
      </symbol>
      <symbol id="sm-fe8">
         <name>close</name>
         <value>0x7aa5</value>
         <object_component_ref idref="oc-57a"/>
      </symbol>
      <symbol id="sm-ff8">
         <name>unlink</name>
         <value>0x8155</value>
         <object_component_ref idref="oc-580"/>
      </symbol>
      <symbol id="sm-ff9">
         <name>__TI_static_base__</name>
         <value>0x0</value>
      </symbol>
      <symbol id="sm-ffc">
         <name>__mpu_init</name>
         <value>0x0</value>
      </symbol>
      <symbol id="sm-ffd">
         <name>_system_post_cinit</name>
         <value>0x0</value>
      </symbol>
      <symbol id="sm-ffe">
         <name>NMI_Handler</name>
         <value>0x8375</value>
      </symbol>
      <symbol id="sm-fff">
         <name>HardFault_Handler</name>
         <value>0x8375</value>
      </symbol>
      <symbol id="sm-1000">
         <name>MemManage_Handler</name>
         <value>0x8375</value>
      </symbol>
      <symbol id="sm-1001">
         <name>BusFault_Handler</name>
         <value>0x8375</value>
      </symbol>
      <symbol id="sm-1002">
         <name>UsageFault_Handler</name>
         <value>0x8375</value>
      </symbol>
      <symbol id="sm-1003">
         <name>SVC_Handler</name>
         <value>0x8375</value>
      </symbol>
      <symbol id="sm-1004">
         <name>DebugMon_Handler</name>
         <value>0x8375</value>
      </symbol>
      <symbol id="sm-1005">
         <name>PendSV_Handler</name>
         <value>0x8375</value>
      </symbol>
      <symbol id="sm-1006">
         <name>SysTick_Handler</name>
         <value>0x8375</value>
      </symbol>
      <symbol id="sm-1007">
         <name>PSS_IRQHandler</name>
         <value>0x8375</value>
      </symbol>
      <symbol id="sm-1008">
         <name>CS_IRQHandler</name>
         <value>0x8375</value>
      </symbol>
      <symbol id="sm-1009">
         <name>PCM_IRQHandler</name>
         <value>0x8375</value>
      </symbol>
      <symbol id="sm-100a">
         <name>WDT_A_IRQHandler</name>
         <value>0x8375</value>
      </symbol>
      <symbol id="sm-100b">
         <name>FPU_IRQHandler</name>
         <value>0x8375</value>
      </symbol>
      <symbol id="sm-100c">
         <name>FLCTL_IRQHandler</name>
         <value>0x8375</value>
      </symbol>
      <symbol id="sm-100d">
         <name>COMP_E0_IRQHandler</name>
         <value>0x8375</value>
      </symbol>
      <symbol id="sm-100e">
         <name>COMP_E1_IRQHandler</name>
         <value>0x8375</value>
      </symbol>
      <symbol id="sm-100f">
         <name>TA0_0_IRQHandler</name>
         <value>0x8375</value>
      </symbol>
      <symbol id="sm-1010">
         <name>TA0_N_IRQHandler</name>
         <value>0x8375</value>
      </symbol>
      <symbol id="sm-1011">
         <name>TA1_0_IRQHandler</name>
         <value>0x8375</value>
      </symbol>
      <symbol id="sm-1012">
         <name>TA1_N_IRQHandler</name>
         <value>0x8375</value>
      </symbol>
      <symbol id="sm-1013">
         <name>TA2_0_IRQHandler</name>
         <value>0x8375</value>
      </symbol>
      <symbol id="sm-1014">
         <name>TA2_N_IRQHandler</name>
         <value>0x8375</value>
      </symbol>
      <symbol id="sm-1015">
         <name>TA3_0_IRQHandler</name>
         <value>0x8375</value>
      </symbol>
      <symbol id="sm-1016">
         <name>TA3_N_IRQHandler</name>
         <value>0x8375</value>
      </symbol>
      <symbol id="sm-1017">
         <name>EUSCIA0_IRQHandler</name>
         <value>0x56a5</value>
      </symbol>
      <symbol id="sm-1018">
         <name>EUSCIA1_IRQHandler</name>
         <value>0x8375</value>
      </symbol>
      <symbol id="sm-1019">
         <name>EUSCIA2_IRQHandler</name>
         <value>0x8375</value>
      </symbol>
      <symbol id="sm-101a">
         <name>EUSCIA3_IRQHandler</name>
         <value>0x8375</value>
      </symbol>
      <symbol id="sm-101b">
         <name>EUSCIB0_IRQHandler</name>
         <value>0x8375</value>
      </symbol>
      <symbol id="sm-101c">
         <name>EUSCIB1_IRQHandler</name>
         <value>0x8375</value>
      </symbol>
      <symbol id="sm-101d">
         <name>EUSCIB2_IRQHandler</name>
         <value>0x8375</value>
      </symbol>
      <symbol id="sm-101e">
         <name>EUSCIB3_IRQHandler</name>
         <value>0x8375</value>
      </symbol>
      <symbol id="sm-101f">
         <name>ADC14_IRQHandler</name>
         <value>0x5e05</value>
      </symbol>
      <symbol id="sm-1020">
         <name>T32_INT1_IRQHandler</name>
         <value>0x8375</value>
      </symbol>
      <symbol id="sm-1021">
         <name>T32_INT2_IRQHandler</name>
         <value>0x8375</value>
      </symbol>
      <symbol id="sm-1022">
         <name>T32_INTC_IRQHandler</name>
         <value>0x8375</value>
      </symbol>
      <symbol id="sm-1023">
         <name>AES256_IRQHandler</name>
         <value>0x8375</value>
      </symbol>
      <symbol id="sm-1024">
         <name>RTC_C_IRQHandler</name>
         <value>0x8375</value>
      </symbol>
      <symbol id="sm-1025">
         <name>DMA_ERR_IRQHandler</name>
         <value>0x8375</value>
      </symbol>
      <symbol id="sm-1026">
         <name>DMA_INT3_IRQHandler</name>
         <value>0x8375</value>
      </symbol>
      <symbol id="sm-1027">
         <name>DMA_INT2_IRQHandler</name>
         <value>0x8375</value>
      </symbol>
      <symbol id="sm-1028">
         <name>DMA_INT1_IRQHandler</name>
         <value>0x8375</value>
      </symbol>
      <symbol id="sm-1029">
         <name>DMA_INT0_IRQHandler</name>
         <value>0x8375</value>
      </symbol>
      <symbol id="sm-102a">
         <name>PORT1_IRQHandler</name>
         <value>0x8375</value>
      </symbol>
      <symbol id="sm-102b">
         <name>PORT2_IRQHandler</name>
         <value>0x8375</value>
      </symbol>
      <symbol id="sm-102c">
         <name>PORT3_IRQHandler</name>
         <value>0x8375</value>
      </symbol>
      <symbol id="sm-102d">
         <name>PORT4_IRQHandler</name>
         <value>0x8375</value>
      </symbol>
      <symbol id="sm-102e">
         <name>PORT5_IRQHandler</name>
         <value>0x8375</value>
      </symbol>
      <symbol id="sm-102f">
         <name>PORT6_IRQHandler</name>
         <value>0x8375</value>
      </symbol>
      <symbol id="sm-1030">
         <name>remove</name>
         <value>0x8155</value>
      </symbol>
   </symbol_table>
   <title>Link successful</title>
</link_info>
