******************************************************************************
                  TI ARM Linker PC v20.2.2                     
******************************************************************************
>> Linked Mon Dec  7 11:36:08 2020

OUTPUT FILE NAME:   <Project.out>
ENTRY POINT SYMBOL: "_c_int00_noargs"  address: 00009571


MEMORY CONFIGURATION

         name            origin    length      used     unused   attr    fill
----------------------  --------  ---------  --------  --------  ----  --------
  MAIN                  00000000   00040000  0000a612  000359ee  R  X
  INFO                  00200000   00004000  00000000  00004000  R  X
  SRAM_CODE             01000000   00010000  00009050  00006fb0  RW X
  SRAM_DATA             20000000   00010000  00009050  00006fb0  RW  


SEGMENT ALLOCATION MAP

run origin  load origin   length   init length attrs members
----------  ----------- ---------- ----------- ----- -------
00000000    00000000    0000a618   0000a618    r-x
  00000000    00000000    000000e4   000000e4    r-- .intvecs
  000000e4    000000e4    000097e0   000097e0    r-x .text
  000098c8    000098c8    00000a2e   00000a2e    r-- .const
  0000a2f8    0000a2f8    00000320   00000320    r-- .cinit
20000000    20000000    00008e58   00000000    rw-
  20000000    20000000    00008372   00000000    rw- .bss
  20008374    20008374    000006de   00000000    rw- .data
  20008a58    20008a58    00000400   00000000    rw- .sysmem
2000fe00    2000fe00    00000200   00000000    rw-
  2000fe00    2000fe00    00000200   00000000    rw- .stack


SECTION ALLOCATION MAP

 output                                  attributes/
section   page    origin      length       input sections
--------  ----  ----------  ----------   ----------------
.intvecs   0    00000000    000000e4     
                  00000000    000000e4     startup_msp432p401r_ccs.obj (.intvecs:retain)

.text      0    000000e4    000097e0     
                  000000e4    000020c4     tasks.obj (.text)
                  000021a8    000010f0     queue.obj (.text)
                  00003298    00000a4e     rtsv7M4_T_le_v4SPD16_eabi.lib : _printfi.c.obj (.text:__TI_printfi)
                  00003ce6    00000002                                   : _lock.c.obj (.text:_nop)
                  00003ce8    000009c0                                   : e_pow.c.obj (.text:pow)
                  000046a8    000007a4     timers.obj (.text)
                  00004e4c    00000544     lcd.obj (.text)
                  00005390    00000470     task_packman.obj (.text)
                  00005800    00000438     port.obj (.text)
                  00005c38    0000042c     heap_4.obj (.text)
                  00006064    00000354     system_msp432p401r.obj (.text)
                  000063b8    00000330     task_light_sensor.obj (.text)
                  000066e8    00000294     task_console.obj (.text)
                  0000697c    00000288     task_screen.obj (.text)
                  00006c04    00000270     rtsv7M4_T_le_v4SPD16_eabi.lib : _printfi.c.obj (.text:_pconv_a)
                  00006e74    0000025c     task_accelerometer.obj (.text)
                  000070d0    0000022c     task_buzzer.obj (.text)
                  000072fc    00000204     main.obj (.text)
                  00007500    000001d0     rtsv7M4_T_le_v4SPD16_eabi.lib : _printfi.c.obj (.text:_pconv_g)
                  000076d0    000001c0     i2c.obj (.text)
                  00007890    000001b6     rtsv7M4_T_le_v4SPD16_eabi.lib : fd_add_t2.asm.obj (.text)
                  00007a46    00000002                                   : div0.asm.obj (.text)
                  00007a48    00000158                                   : e_sqrt.c.obj (.text:sqrt)
                  00007ba0    0000013c                                   : _printfi.c.obj (.text:_pconv_e)
                  00007cdc    00000136                                   : fd_div_t2.asm.obj (.text)
                  00007e12    0000012a     list.obj (.text)
                  00007f3c    00000124     rtsv7M4_T_le_v4SPD16_eabi.lib : _printfi.c.obj (.text:fcvt)
                  00008060    00000114                                   : fputs.c.obj (.text:fputs)
                  00008174    00000110                                   : s_scalbn.c.obj (.text:scalbn)
                  00008284    00000100                                   : memory.c.obj (.text:aligned_alloc)
                  00008384    000000fc                                   : fd_mul_t2.asm.obj (.text)
                  00008480    000000e4                                   : memory.c.obj (.text:free)
                  00008564    000000dc                                   : setvbuf.c.obj (.text:setvbuf)
                  00008640    000000da     portasm.obj (.text)
                  0000871a    00000002     --HOLE-- [fill = 0]
                  0000871c    000000b1     rtsv7M4_T_le_v4SPD16_eabi.lib : _printfi.c.obj (.text:_ltostr)
                  000087cd    00000001     --HOLE-- [fill = 0]
                  000087ce    0000009c                                   : memcpy_t2.asm.obj (.text)
                  0000886a    00000096                                   : ull_div_t2.asm.obj (.text)
                  00008900    00000086                                   : fd_cmp_t2.asm.obj (.text:__aeabi_cdcmple)
                  00008986    00000086                                   : fd_cmp_t2.asm.obj (.text:__aeabi_cdrcmple)
                  00008a0c    0000007a                                   : memset_t2.asm.obj (.text)
                  00008a86    00000002     --HOLE-- [fill = 0]
                  00008a88    00000074                                   : fclose.c.obj (.text:__TI_closefile)
                  00008afc    00000070                                   : memory.c.obj (.text:split)
                  00008b6c    0000006e                                   : _printfi.c.obj (.text:_mcpy)
                  00008bda    00000002     --HOLE-- [fill = 0]
                  00008bdc    0000006c                                   : hostrename.c.obj (.text:HOSTrename)
                  00008c48    00000068                                   : hostlseek.c.obj (.text:HOSTlseek)
                  00008cb0    00000068                                   : copy_decompress_lzss.c.obj (.text:decompress:lzss:__TI_decompress_lzss)
                  00008d18    00000068                                   : printf.c.obj (.text:printf)
                  00008d80    00000064                                   : s_frexp.c.obj (.text:frexp)
                  00008de4    00000064                                   : fseek.c.obj (.text:fseek)
                  00008e48    00000062                                   : _io_perm.c.obj (.text:__TI_wrt_ok)
                  00008eaa    00000002     --HOLE-- [fill = 0]
                  00008eac    00000060                                   : hostopen.c.obj (.text:HOSTopen)
                  00008f0c    0000005c                                   : close.c.obj (.text:close)
                  00008f68    00000058                                   : hostread.c.obj (.text:HOSTread)
                  00008fc0    00000058                                   : hostwrite.c.obj (.text:HOSTwrite)
                  00009018    00000056                                   : _printfi.c.obj (.text:_pconv_f)
                  0000906e    00000054                                   : _ltoa.c.obj (.text:__TI_ltoa)
                  000090c2    00000052                                   : _printfi.c.obj (.text:_ecpy)
                  00009114    0000004c                                   : fflush.c.obj (.text:__TI_doflush)
                  00009160    0000004c                                   : atoi.c.obj (.text:atoi)
                  000091ac    00000048                                   : hosttime.c.obj (.text:HOSTtime)
                  000091f4    00000048                                   : exit.c.obj (.text:exit)
                  0000923c    00000048                                   : fd_toi_t2.asm.obj (.text)
                  00009284    00000044                                   : hostclose.c.obj (.text:HOSTclose)
                  000092c8    00000044                                   : hostunlink.c.obj (.text:HOSTunlink)
                  0000930c    00000044                                   : autoinit.c.obj (.text:__TI_auto_init_nobinit_nopinit:__TI_auto_init_nobinit_nopinit)
                  00009350    00000044                                   : getdevice.c.obj (.text:getdevice)
                  00009394    00000044                                   : fd_tou_t2.asm.obj (.text)
                  000093d8    00000040                                   : sprintf.c.obj (.text:sprintf)
                  00009418    00000040                                   : strtok.c.obj (.text:strtok)
                  00009458    0000003e                                   : _printfi.c.obj (.text:_fcpy)
                  00009496    00000002     --HOLE-- [fill = 0]
                  00009498    00000038                                   : trgmsg.c.obj (.text:__TI_writemsg)
                  000094d0    00000036                                   : strncpy.c.obj (.text:strncpy)
                  00009506    00000002     --HOLE-- [fill = 0]
                  00009508    00000034                                   : fopen.c.obj (.text:__TI_cleanup)
                  0000953c    00000034                                   : trgmsg.c.obj (.text:__TI_readmsg)
                  00009570    00000034                                   : boot_cortex_m.c.obj (.text:_c_int00_noargs:_c_int00_noargs)
                  000095a4    00000034                                   : rand.c.obj (.text:rand)
                  000095d8    00000030                                   : getdevice.c.obj (.text:finddevice)
                  00009608    0000002e                                   : i_tofd_t2.asm.obj (.text)
                  00009636    00000002     --HOLE-- [fill = 0]
                  00009638    0000002c                                   : unlink.c.obj (.text:unlink)
                  00009664    0000002a                                   : strspn.c.obj (.text:strspn)
                  0000968e    00000002     --HOLE-- [fill = 0]
                  00009690    00000028                                   : memory.c.obj (.text:free_list_insert)
                  000096b8    00000028                                   : lseek.c.obj (.text:lseek)
                  000096e0    00000028                                   : write.c.obj (.text:write)
                  00009708    00000024                                   : rand.c.obj (.text:srand)
                  0000972c    00000024                                   : strcspn.c.obj (.text:strcspn)
                  00009750    00000020                                   : memchr.c.obj (.text:memchr)
                  00009770    00000020                                   : u_tofd_t2.asm.obj (.text)
                  00009790    0000001c                                   : memory.c.obj (.text:free_list_remove)
                  000097ac    0000001c                                   : memccpy.c.obj (.text:memccpy)
                  000097c8    0000001a                                   : s_copysign.c.obj (.text:copysign)
                  000097e2    00000018                                   : sprintf.c.obj (.text:_outs)
                  000097fa    00000018                                   : strcmp.c.obj (.text:strcmp)
                  00009812    00000016                                   : strchr.c.obj (.text:strchr)
                  00009828    00000014                                   : strcpy.c.obj (.text:strcpy)
                  0000983c    00000014                                   : strlen.c.obj (.text:strlen)
                  00009850    00000012                                   : wcslen.c.obj (.text:wcslen)
                  00009862    0000000e                                   : time.c.obj (.text:__time32)
                  00009870    0000000e                                   : copy_decompress_none.c.obj (.text:decompress:none:__TI_decompress_none)
                  0000987e    0000000e     startup_msp432p401r_ccs.obj (.text)
                  0000988c    0000000c     rtsv7M4_T_le_v4SPD16_eabi.lib : copy_zero_init.c.obj (.text:decompress:ZI:__TI_zero_init)
                  00009898    0000000a                                   : sprintf.c.obj (.text:_outc)
                  000098a2    00000002     --HOLE-- [fill = 0]
                  000098a4    00000008                                   : errno.c.obj (.text:__aeabi_errno_addr)
                  000098ac    00000008                                   : memory.c.obj (.text:malloc)
                  000098b4    00000004                                   : printf.c.obj (.text:_outc)
                  000098b8    00000004                                   : printf.c.obj (.text:_outs)
                  000098bc    00000004                                   : pre_init.c.obj (.text:_system_pre_init)
                  000098c0    00000004                                   : exit.c.obj (.text:abort:abort)

.const     0    000098c8    00000a2e     
                  000098c8    000008c4     packman.obj (.const:.string:blankScreenBitmaps)
                  0000a18c    00000101     rtsv7M4_T_le_v4SPD16_eabi.lib : ctype.c.obj (.const:.string:_ctypes_)
                  0000a28d    00000003     --HOLE-- [fill = 0]
                  0000a290    00000030                                   : e_pow.c.obj (.const:$O1$$)
                  0000a2c0    0000000e     task_screen.obj (.const:$P$T0$1)
                  0000a2ce    0000000a     task_screen.obj (.const:$P$T2$3)
                  0000a2d8    0000000a     task_screen.obj (.const:$P$T3$4)
                  0000a2e2    00000002     --HOLE-- [fill = 0]
                  0000a2e4    00000008     port.obj (.const)
                  0000a2ec    00000006     packman.obj (.const)
                  0000a2f2    00000004     task_screen.obj (.const:$P$T1$2)

.cinit     0    0000a2f8    00000320     
                  0000a2f8    000002f5     (.cinit..data.load) [load image, compression = lzss]
                  0000a5ed    00000003     --HOLE-- [fill = 0]
                  0000a5f0    0000000c     (__TI_handler_table)
                  0000a5fc    00000004     --HOLE-- [fill = 0]
                  0000a600    00000008     (.cinit..bss.load) [load image, compression = zero_init]
                  0000a608    00000010     (__TI_cinit_table)

.init_array 
*          0    00000000    00000000     UNINITIALIZED

.binit     0    00000000    00000000     

.bss       0    20000000    00008372     UNINITIALIZED
                  20000000    00008000     heap_4.obj (.bss:ucHeap)
                  20008000    00000120     rtsv7M4_T_le_v4SPD16_eabi.lib : trgmsg.c.obj (.bss:_CIOBUF_)
                  20008120    000000c8     tasks.obj (.bss:pxReadyTasksLists)
                  200081e8    000000a0     (.common:__TI_tmpnams)
                  20008288    00000014     timers.obj (.bss:xActiveTimerList1)
                  2000829c    00000014     timers.obj (.bss:xActiveTimerList2)
                  200082b0    00000014     tasks.obj (.bss:xDelayedTaskList1)
                  200082c4    00000014     tasks.obj (.bss:xDelayedTaskList2)
                  200082d8    00000014     tasks.obj (.bss:xPendingReadyList)
                  200082ec    00000014     tasks.obj (.bss:xSuspendedTaskList)
                  20008300    00000014     tasks.obj (.bss:xTasksWaitingTermination)
                  20008314    0000000c     (.common:RX_ARRAY)
                  20008320    00000008     tasks.obj (.bss)
                  20008328    00000008     timers.obj (.bss)
                  20008330    00000008     heap_4.obj (.bss:xStart)
                  20008338    00000008     (.common:parmbuf)
                  20008340    00000004     (.common:Queue_Music)
                  20008344    00000004     (.common:Queue_Packman)
                  20008348    00000004     (.common:Sem_Console)
                  2000834c    00000004     (.common:Task_Accelerometer_Handle)
                  20008350    00000004     (.common:Task_Accelerometer_Timer_Handle)
                  20008354    00000004     (.common:Task_Buzzer_Handle)
                  20008358    00000004     (.common:Task_Console_Handle)
                  2000835c    00000004     (.common:Task_Light_Sensor_Handle)
                  20008360    00000004     (.common:Task_Packman_Handle)
                  20008364    00000004     (.common:Task_Screen_Handle)
                  20008368    00000004     (.common:curr_music)
                  2000836c    00000002     (.common:Lcd_ScreenHeigth)
                  2000836e    00000002     (.common:Lcd_ScreenWidth)
                  20008370    00000001     (.common:fruit_x)
                  20008371    00000001     (.common:fruit_y)

.data      0    20008374    000006de     UNINITIALIZED
                  20008374    00000118     text.obj (.data:microsoftSansSerif_8ptDescriptors)
                  2000848c    000000f8     task_buzzer.obj (.data:Jeopardy)
                  20008584    000000f3     text.obj (.data:microsoftSansSerif_8ptBitmaps)
                  20008677    00000001     --HOLE--
                  20008678    000000f0     rtsv7M4_T_le_v4SPD16_eabi.lib : defs.c.obj (.data:_ftable)
                  20008768    00000078                                   : host_device.c.obj (.data:_device)
                  200087e0    00000050                                   : host_device.c.obj (.data:_stream)
                  20008830    0000003c     packman.obj (.data:packman_downBitmaps)
                  2000886c    0000003c     packman.obj (.data:packman_leftBitmaps)
                  200088a8    0000003c     packman.obj (.data:packman_rightBitmaps)
                  200088e4    0000003c     packman.obj (.data:packman_upBitmaps)
                  20008920    00000034     tasks.obj (.data)
                  20008954    0000001a     packman.obj (.data:appleBitmaps)
                  2000896e    0000001a     packman.obj (.data:bannanaBitmaps)
                  20008988    0000001a     packman.obj (.data:orangeBitmaps)
                  200089a2    00000002     task_console.obj (.data)
                  200089a4    00000018     task_buzzer.obj (.data:Eat)
                  200089bc    00000018     heap_4.obj (.data)
                  200089d4    00000018     port.obj (.data)
                  200089ec    00000010     rtsv7M4_T_le_v4SPD16_eabi.lib : defs.c.obj (.data)
                  200089fc    0000000e     task_packman.obj (.data)
                  20008a0a    00000002     task_light_sensor.obj (.data)
                  20008a0c    0000000c     rtsv7M4_T_le_v4SPD16_eabi.lib : exit.c.obj (.data:$O1$$)
                  20008a18    0000000c     task_accelerometer.obj (.data)
                  20008a24    0000000c     timers.obj (.data)
                  20008a30    00000008     rtsv7M4_T_le_v4SPD16_eabi.lib : _lock.c.obj (.data:$O1$$)
                  20008a38    00000008                                   : memory.c.obj (.data:$O1$$)
                  20008a40    00000004                                   : errno.c.obj (.data)
                  20008a44    00000004                                   : rand.c.obj (.data)
                  20008a48    00000004                                   : strtok.c.obj (.data)
                  20008a4c    00000004     system_msp432p401r.obj (.data)
                  20008a50    00000002     task_screen.obj (.data)

.sysmem    0    20008a58    00000400     UNINITIALIZED
                  20008a58    00000010     rtsv7M4_T_le_v4SPD16_eabi.lib : memory.c.obj (.sysmem)
                  20008a68    000003f0     --HOLE--

.stack     0    2000fe00    00000200     UNINITIALIZED
                  2000fe00    00000004     rtsv7M4_T_le_v4SPD16_eabi.lib : boot_cortex_m.c.obj (.stack)
                  2000fe04    000001fc     --HOLE--

__llvm_prf_cnts 
*          0    20000000    00000000     UNINITIALIZED

MODULE SUMMARY

       Module                        code    ro data   rw data
       ------                        ----    -------   -------
    .\
       packman.obj                   0       2250      636    
       lcd.obj                       1348    0         8      
       task_packman.obj              1136    0         48     
       task_buzzer.obj               556     0         568    
       text.obj                      0       0         1046   
       system_msp432p401r.obj        852     0         8      
       task_light_sensor.obj         816     0         12     
       task_console.obj              660     0         44     
       task_screen.obj               648     38        12     
       task_accelerometer.obj        604     0         40     
       main.obj                      516     0         0      
       i2c.obj                       448     0         0      
       startup_msp432p401r_ccs.obj   14      228       0      
    +--+-----------------------------+-------+---------+---------+
       Total:                        7598    2516      2422   
                                                              
    .\FreeRTOS\
       heap_4.obj                    1068    0         65600  
       tasks.obj                     8388    0         720    
       queue.obj                     4336    0         0      
       timers.obj                    1956    0         120    
       list.obj                      298     0         0      
    +--+-----------------------------+-------+---------+---------+
       Total:                        16046   0         66440  
                                                              
    .\FreeRTOS\portable\
       port.obj                      1080    8         48     
       portasm.obj                   218     0         0      
    +--+-----------------------------+-------+---------+---------+
       Total:                        1298    8         48     
                                                              
    C:\ti\ccs1010\ccs\tools\compiler\ti-cgt-arm_20.2.2.LTS\lib\rtsv7M4_T_le_v4SPD16_eabi.lib
       _printfi.c.obj                4851    0         0      
       e_pow.c.obj                   2496    48        0      
       defs.c.obj                    0       0         832    
       memory.c.obj                  672     0         16     
       trgmsg.c.obj                  108     0         576    
       fd_add_t2.asm.obj             438     0         0      
       host_device.c.obj             0       0         400    
       e_sqrt.c.obj                  344     0         0      
       fd_div_t2.asm.obj             310     0         0      
       fputs.c.obj                   276     0         0      
       s_scalbn.c.obj                272     0         0      
       fd_cmp_t2.asm.obj             268     0         0      
       ctype.c.obj                   0       257       0      
       fd_mul_t2.asm.obj             252     0         0      
       setvbuf.c.obj                 220     0         0      
       memcpy_t2.asm.obj             156     0         0      
       ull_div_t2.asm.obj            150     0         0      
       memset_t2.asm.obj             122     0         0      
       fclose.c.obj                  116     0         0      
       getdevice.c.obj               116     0         0      
       hostopen.c.obj                96      0         16     
       printf.c.obj                  112     0         0      
       hostrename.c.obj              108     0         0      
       copy_decompress_lzss.c.obj    104     0         0      
       hostlseek.c.obj               104     0         0      
       exit.c.obj                    76      0         24     
       fseek.c.obj                   100     0         0      
       s_frexp.c.obj                 100     0         0      
       _io_perm.c.obj                98      0         0      
       sprintf.c.obj                 98      0         0      
       rand.c.obj                    88      0         8      
       close.c.obj                   92      0         0      
       hostread.c.obj                88      0         0      
       hostwrite.c.obj               88      0         0      
       _ltoa.c.obj                   84      0         0      
       atoi.c.obj                    76      0         0      
       fflush.c.obj                  76      0         0      
       fd_toi_t2.asm.obj             72      0         0      
       hosttime.c.obj                72      0         0      
       strtok.c.obj                  64      0         8      
       autoinit.c.obj                68      0         0      
       fd_tou_t2.asm.obj             68      0         0      
       hostclose.c.obj               68      0         0      
       hostunlink.c.obj              68      0         0      
       strncpy.c.obj                 54      0         0      
       boot_cortex_m.c.obj           52      0         0      
       fopen.c.obj                   52      0         0      
       i_tofd_t2.asm.obj             46      0         0      
       unlink.c.obj                  44      0         0      
       strspn.c.obj                  42      0         0      
       lseek.c.obj                   40      0         0      
       write.c.obj                   40      0         0      
       strcspn.c.obj                 36      0         0      
       memchr.c.obj                  32      0         0      
       u_tofd_t2.asm.obj             32      0         0      
       memccpy.c.obj                 28      0         0      
       s_copysign.c.obj              26      0         0      
       strcmp.c.obj                  24      0         0      
       strchr.c.obj                  22      0         0      
       strcpy.c.obj                  20      0         0      
       strlen.c.obj                  20      0         0      
       _lock.c.obj                   2       0         16     
       wcslen.c.obj                  18      0         0      
       errno.c.obj                   8       0         8      
       copy_decompress_none.c.obj    14      0         0      
       time.c.obj                    14      0         0      
       copy_zero_init.c.obj          12      0         0      
       pre_init.c.obj                4       0         0      
       div0.asm.obj                  2       0         0      
    +--+-----------------------------+-------+---------+---------+
       Total:                        13919   305       1904   
                                                              
       Heap:                         0       0         2048   
       Stack:                        0       0         1024   
       Linker Generated:             0       793       0      
    +--+-----------------------------+-------+---------+---------+
       Grand Total:                  38861   3622      73886  


LINKER GENERATED COPY TABLES

__TI_cinit_table @ 0000a608 records: 2, size/record: 8, table size: 16
	.data: load addr=0000a2f8, load size=000002f5 bytes, run addr=20008374, run size=000006de bytes, compression=lzss
	.bss: load addr=0000a600, load size=00000008 bytes, run addr=20000000, run size=00008372 bytes, compression=zero_init


LINKER GENERATED HANDLER TABLE

__TI_handler_table @ 0000a5f0 records: 3, size/record: 4, table size: 12
	index: 0, handler: __TI_decompress_lzss
	index: 1, handler: __TI_decompress_none
	index: 2, handler: __TI_zero_init


GLOBAL SYMBOLS: SORTED ALPHABETICALLY BY Name 

address   name                               
-------   ----                               
20008a18  ACC_X_DIR                          
20008a1c  ACC_Y_DIR                          
20008a20  ACC_Z_DIR                          
00007033  ADC14_IRQHandler                   
00007033  ADC14_IRQHandler                   
0000988b  AES256_IRQHandler                  
0000988b  BusFault_Handler                   
0000723b  Buzzer_Off                         
00007221  Buzzer_On                          
00007249  Buzzer_Run_Status                  
00007129  Buzzer_Set_Period                  
000098c1  C$$EXIT                            
000094c7  C$$IO$$                            
0000988b  COMP_E0_IRQHandler                 
0000988b  COMP_E1_IRQHandler                 
0000988b  CS_IRQHandler                      
0000553b  Collision_Check                    
00004fbd  Crystalfontz128x128_Init           
00004f25  Crystalfontz128x128_SetDrawFrame   
0000988b  DMA_ERR_IRQHandler                 
0000988b  DMA_INT0_IRQHandler                
0000988b  DMA_INT1_IRQHandler                
0000988b  DMA_INT2_IRQHandler                
0000988b  DMA_INT3_IRQHandler                
0000988b  DebugMon_Handler                   
0000988b  Default_Handler                    
0000551b  Draw_Black_Screen                  
000054bf  Draw_Fruit                         
000053af  Draw_Packman                       
00006805  EUSCIA0_IRQHandler                 
00006805  EUSCIA0_IRQHandler                 
0000988b  EUSCIA1_IRQHandler                 
0000988b  EUSCIA2_IRQHandler                 
0000988b  EUSCIA3_IRQHandler                 
0000988b  EUSCIB0_IRQHandler                 
0000988b  EUSCIB1_IRQHandler                 
0000988b  EUSCIB2_IRQHandler                 
0000988b  EUSCIB3_IRQHandler                 
200089a4  Eat                                
0000988b  FLCTL_IRQHandler                   
0000988b  FPU_IRQHandler                     
00004e4d  HAL_LCD_PortInit                   
00004e95  HAL_LCD_SpiInit                    
00004ec9  HAL_LCD_writeCommand               
00004f01  HAL_LCD_writeData                  
00009285  HOSTclose                          
00008c49  HOSTlseek                          
00008ead  HOSTopen                           
00008f69  HOSTread                           
00008bdd  HOSTrename                         
000091ad  HOSTtime                           
000092c9  HOSTunlink                         
00008fc1  HOSTwrite                          
0000988b  HardFault_Handler                  
2000848c  Jeopardy                           
2000836c  Lcd_ScreenHeigth                   
2000836e  Lcd_ScreenWidth                    
0000988b  MemManage_Handler                  
0000988b  NMI_Handler                        
000063ff  OPT3001_get_lux                    
000063b9  OPT3001_init                       
0000988b  PCM_IRQHandler                     
0000988b  PORT1_IRQHandler                   
0000988b  PORT2_IRQHandler                   
0000988b  PORT3_IRQHandler                   
0000988b  PORT4_IRQHandler                   
0000988b  PORT5_IRQHandler                   
0000988b  PORT6_IRQHandler                   
0000988b  PSS_IRQHandler                     
20008a0a  Packman_Color                      
0000988b  PendSV_Handler                     
20008340  Queue_Music                        
20008344  Queue_Packman                      
0000988b  RTC_C_IRQHandler                   
20008314  RX_ARRAY                           
200089a2  RX_INDEX                           
0000987f  Reset_Handler                      
0000697d  S1_Init                            
0000988b  SVC_Handler                        
20008348  Sem_Console                        
0000698f  Start_Screen                       
0000988b  SysTick_Handler                    
20008a4c  SystemCoreClock                    
00006065  SystemCoreClockUpdate              
000062dd  SystemInit                         
00007177  T32_1_wait                         
0000988b  T32_INT1_IRQHandler                
0000988b  T32_INT2_IRQHandler                
0000988b  T32_INTC_IRQHandler                
0000988b  TA0_0_IRQHandler                   
0000988b  TA0_N_IRQHandler                   
0000988b  TA1_0_IRQHandler                   
0000988b  TA1_N_IRQHandler                   
0000988b  TA2_0_IRQHandler                   
0000988b  TA2_N_IRQHandler                   
0000988b  TA3_0_IRQHandler                   
0000988b  TA3_N_IRQHandler                   
00006f81  Task_Accelerometer                 
2000834c  Task_Accelerometer_Handle          
00006edf  Task_Accelerometer_Init            
00006f6b  Task_Accelerometer_Timer           
20008350  Task_Accelerometer_Timer_Handle    
0000725d  Task_Buzzer                        
20008354  Task_Buzzer_Handle                 
000071e9  Task_Buzzer_Init                   
0000687d  Task_Console_Bottom_Half           
20008358  Task_Console_Handle                
000067b9  Task_Console_Init                  
0000651b  Task_Light_Sensor                  
2000835c  Task_Light_Sensor_Handle           
000063f3  Task_Light_Sensor_Init             
000055d9  Task_Packman                       
20008360  Task_Packman_Handle                
00005391  Task_Packman_Init                  
00006b71  Task_Screen                        
20008364  Task_Screen_Handle                 
00006987  Task_Screen_Init                   
000053d7  Update_Random_Fruit_Coordinates    
0000988b  UsageFault_Handler                 
4000480c  WDTCTL_SYM                         
0000988b  WDT_A_IRQHandler                   
20008000  __CIOBUF_                          
20010000  __STACK_END                        
00000200  __STACK_SIZE                       
00000400  __SYSMEM_SIZE                      
0000a608  __TI_CINIT_Base                    
0000a618  __TI_CINIT_Limit                   
0000a5f0  __TI_Handler_Table_Base            
0000a5fc  __TI_Handler_Table_Limit           
0000930d  __TI_auto_init_nobinit_nopinit     
00009509  __TI_cleanup                       
20008a0c  __TI_cleanup_ptr                   
00008a89  __TI_closefile                     
00008cb1  __TI_decompress_lzss               
00009871  __TI_decompress_none               
00009115  __TI_doflush                       
20008a10  __TI_dtors_ptr                     
20008a14  __TI_enable_exit_profile_output    
200089ec  __TI_ft_end                        
0000906f  __TI_ltoa                          
ffffffff  __TI_pprof_out_hndl                
00003299  __TI_printfi                       
ffffffff  __TI_prof_data_size                
ffffffff  __TI_prof_data_start               
0000953d  __TI_readmsg                       
00000000  __TI_static_base__                 
200081e8  __TI_tmpnams                       
00009499  __TI_writemsg                      
00008e49  __TI_wrt_ok                        
0000988d  __TI_zero_init                     
00008901  __aeabi_cdcmpeq                    
00008901  __aeabi_cdcmple                    
00008987  __aeabi_cdrcmple                   
0000923d  __aeabi_d2iz                       
00009395  __aeabi_d2uiz                      
0000789b  __aeabi_dadd                       
00007cdd  __aeabi_ddiv                       
00008385  __aeabi_dmul                       
00007891  __aeabi_dsub                       
000098a5  __aeabi_errno_addr                 
00009609  __aeabi_i2d                        
00007a47  __aeabi_idiv0                      
00007a47  __aeabi_ldiv0                      
00008a0d  __aeabi_memclr                     
00008a0d  __aeabi_memclr4                    
00008a0d  __aeabi_memclr8                    
000087cf  __aeabi_memcpy                     
000087cf  __aeabi_memcpy4                    
000087cf  __aeabi_memcpy8                    
00008a0f  __aeabi_memset                     
00008a0f  __aeabi_memset4                    
00008a0f  __aeabi_memset8                    
200089f8  __aeabi_stderr                     
200089f0  __aeabi_stdin                      
200089f4  __aeabi_stdout                     
00009771  __aeabi_ui2d                       
0000886b  __aeabi_uldivmod                   
ffffffff  __binit__                          
ffffffff  __c_args__                         
UNDEFED   __mpu_init                         
2000fe00  __stack                            
20000000  __start___llvm_prf_cnts            
20000000  __stop___llvm_prf_cnts             
00009863  __time32                           
00009571  _c_int00_noargs                    
0000a18c  _ctypes_                           
20008768  _device                            
20008678  _ftable                            
20008a30  _lock                              
00003ce7  _nop                               
200087e0  _stream                            
20008a58  _sys_memory                        
UNDEFED   _system_post_cinit                 
000098bd  _system_pre_init                   
20008a34  _unlock                            
000098c1  abort                              
00008285  aligned_alloc                      
20008954  appleBitmaps                       
00009161  atoi                               
2000896e  bannanaBitmaps                     
ffffffff  binit                              
0000a2f1  blankHeightPixels                  
000098c8  blankScreenBitmaps                 
0000a2f0  blankWidthPixels                   
000070d1  buzzer_get_time_delay              
00008f0d  close                              
000097c9  copysign                           
000097c9  copysignl                          
20008368  curr_music                         
20008a08  current_fruit                      
20008a04  current_fruit_Bitmap               
20008a00  current_packman_Bitmap             
000013fd  eTaskConfirmSleepModeStatus        
00000539  eTaskGetState                      
20008a51  end                                
20008a40  errno                              
000091f5  exit                               
000095d9  finddevice                         
000067e7  fputc                              
00008061  fputs                              
00008481  free                               
00008d81  frexp                              
00008d81  frexpl                             
0000a2ef  fruitHeightPixels                  
0000a2ee  fruitWidthPixels                   
20008370  fruit_x                            
20008371  fruit_y                            
00008de5  fseek                              
00009351  getdevice                          
0000775f  i2c_init                           
000077fb  i2c_read_16                        
0000779f  i2c_write_16                       
00000000  interruptVectors                   
00005209  lcd_draw_image                     
000050eb  lcd_draw_rectangle                 
00008175  ldexp                              
00008175  ldexpl                             
000096b9  lseek                              
000072fd  main                               
000098ad  malloc                             
00008285  memalign                           
000097ad  memccpy                            
00009751  memchr                             
000087cf  memcpy                             
00008a15  memset                             
20008584  microsoftSansSerif_8ptBitmaps      
20008374  microsoftSansSerif_8ptDescriptors  
20008988  orangeBitmaps                      
0000a2ed  packman_HeightPixels               
0000a2ec  packman_WidthPixels                
20008830  packman_downBitmaps                
2000886c  packman_leftBitmaps                
200088a8  packman_rightBitmaps               
200088e4  packman_upBitmaps                  
20008338  parmbuf                            
00000bd5  pcTaskGetName                      
00004903  pcTimerGetName                     
00003ce9  pow                                
00003ce9  powl                               
00006479  print_device_id                    
000064c7  print_manufacturer_id              
00008d19  printf                             
00005c39  pvPortMalloc                       
000014a1  pvTaskGetThreadLocalStoragePointer 
00001a55  pvTaskIncrementMutexHeldCount      
00004dbd  pvTimerGetTimerID                  
20008920  pxCurrentTCB                       
00005801  pxPortInitialiseStack              
000095a5  rand                               
00009639  remove                             
00008175  scalbn                             
00008175  scalbnl                            
20008a09  score                              
00008565  setvbuf                            
000093d9  sprintf                            
00007a49  sqrt                               
00007a49  sqrtl                              
00009709  srand                              
20008a50  start                              
00009813  strchr                             
000097fb  strcmp                             
00009829  strcpy                             
0000972d  strcspn                            
0000983d  strlen                             
000094d1  strncpy                            
00009665  strspn                             
00009419  strtok                             
00009863  time                               
00002faf  ucQueueGetQueueType                
0000a2e4  ulMaxSyscallInterruptPriority      
00008651  ulPortGetIPSR                      
00001a75  ulTaskGenericNotifyTake            
000020a3  ulTaskGenericNotifyValueClear      
00009639  unlink                             
00007ef5  uxListRemove                       
00002f8f  uxQueueGetQueueNumber              
00002edd  uxQueueMessagesWaiting             
00002f41  uxQueueMessagesWaitingFromISR      
00002f0d  uxQueueSpacesAvailable             
00000bcf  uxTaskGetNumberOfTasks             
00000c1d  uxTaskGetSystemState               
00001361  uxTaskGetTaskNumber                
00000611  uxTaskPriorityGet                  
00000639  uxTaskPriorityGetFromISR           
00001a33  uxTaskResetEventItemValue          
0000489d  uxTimerGetReloadMode               
00004e19  uxTimerGetTimerNumber              
000073db  vApplicationMallocFailedHook       
000073dd  vApplicationStackOverflowHook      
00007e13  vListInitialise                    
00007e43  vListInitialiseItem                
00007e8f  vListInsert                        
00007e53  vListInsertEnd                     
0000870d  vPortEnableVFP                     
00005945  vPortEndScheduler                  
00005969  vPortEnterCritical                 
000059ab  vPortExitCritical                  
00005da3  vPortFree                          
00005fa5  vPortGetHeapStats                  
00005e49  vPortInitialiseBlocks              
000086c9  vPortSVCHandler                    
00005b5d  vPortSetupTimerInterrupt           
000086e9  vPortStartFirstTask                
00005a05  vPortSuppressTicksAndSleep         
00005ba5  vPortValidateInterruptPriority     
00002f6b  vQueueDelete                       
00002f9d  vQueueSetQueueNumber               
0000323d  vQueueWaitForMessageRestricted     
000004d1  vTaskDelay                         
000003ed  vTaskDelayUntil                    
00000323  vTaskDelete                        
00000a25  vTaskEndScheduler                  
00001f35  vTaskGenericNotifyGiveFromISR      
00001575  vTaskGetInfo                       
0000128d  vTaskInternalSetTimeOutState       
00001359  vTaskMissedYield                   
00001059  vTaskPlaceOnEventList              
000010f5  vTaskPlaceOnEventListRestricted    
0000108d  vTaskPlaceOnUnorderedEventList     
00001939  vTaskPriorityDisinheritAfterTimeout
0000067d  vTaskPrioritySet                   
000011c5  vTaskRemoveFromUnorderedEventList  
00000915  vTaskResume                        
00000eb1  vTaskSetApplicationTaskTag         
00001381  vTaskSetTaskNumber                 
00001459  vTaskSetThreadLocalStoragePointer  
0000125b  vTaskSetTimeOutState               
000009a9  vTaskStartScheduler                
00000cf9  vTaskStepTick                      
000007b1  vTaskSuspend                       
00000a41  vTaskSuspendAll                    
00000f89  vTaskSwitchContext                 
00004853  vTimerSetReloadMode                
00004deb  vTimerSetTimerID                   
00004e27  vTimerSetTimerNumber               
00009851  wcslen                             
000096e1  write                              
200089fc  x                                  
00005e3d  xPortGetFreeHeapSize               
00005e43  xPortGetMinimumEverFreeHeapSize    
00008669  xPortPendSVHandler                 
0000588d  xPortStartScheduler                
000059d7  xPortSysTickHandler                
00002427  xQueueCreateCountingSemaphore      
00002353  xQueueCreateMutex                  
0000225d  xQueueGenericCreate                
000021a9  xQueueGenericReset                 
00002485  xQueueGenericSend                  
00002639  xQueueGenericSendFromISR           
00002765  xQueueGiveFromISR                  
0000237f  xQueueGiveMutexRecursive           
000031a9  xQueueIsQueueEmptyFromISR          
00003203  xQueueIsQueueFullFromISR           
00002bbd  xQueuePeek                         
00002e31  xQueuePeekFromISR                  
00002873  xQueueReceive                      
00002d3b  xQueueReceiveFromISR               
000029eb  xQueueSemaphoreTake                
000023cf  xQueueTakeMutexRecursive           
00000f49  xTaskCallApplicationTaskHook       
00000d33  xTaskCatchUpTicks                  
000012a7  xTaskCheckForTimeOut               
000000e5  xTaskCreate                        
00001c11  xTaskGenericNotify                 
00001d87  xTaskGenericNotifyFromISR          
0000203f  xTaskGenericNotifyStateClear       
00001b2d  xTaskGenericNotifyWait             
00000ed7  xTaskGetApplicationTaskTag         
00000f05  xTaskGetApplicationTaskTagFromISR  
0000174b  xTaskGetCurrentTaskHandle          
0000175b  xTaskGetSchedulerState             
00000bab  xTaskGetTickCount                  
00000bbb  xTaskGetTickCountFromISR           
00000d85  xTaskIncrementTick                 
0000186d  xTaskPriorityDisinherit            
000017a5  xTaskPriorityInherit               
00001135  xTaskRemoveFromEventList           
00000aa9  xTaskResumeAll                     
000046e9  xTimerCreate                       
000046a9  xTimerCreateTimerTask              
0000478b  xTimerGenericCommand               
000048d9  xTimerGetExpiryTime                
0000482d  xTimerGetPeriod                    
0000480b  xTimerGetTimerDaemonTaskHandle     
00004d81  xTimerIsTimerActive                
200089fd  y                                  


GLOBAL SYMBOLS: SORTED BY Symbol Address 

address   name                               
-------   ----                               
00000000  __TI_static_base__                 
00000000  interruptVectors                   
000000e5  xTaskCreate                        
00000200  __STACK_SIZE                       
00000323  vTaskDelete                        
000003ed  vTaskDelayUntil                    
00000400  __SYSMEM_SIZE                      
000004d1  vTaskDelay                         
00000539  eTaskGetState                      
00000611  uxTaskPriorityGet                  
00000639  uxTaskPriorityGetFromISR           
0000067d  vTaskPrioritySet                   
000007b1  vTaskSuspend                       
00000915  vTaskResume                        
000009a9  vTaskStartScheduler                
00000a25  vTaskEndScheduler                  
00000a41  vTaskSuspendAll                    
00000aa9  xTaskResumeAll                     
00000bab  xTaskGetTickCount                  
00000bbb  xTaskGetTickCountFromISR           
00000bcf  uxTaskGetNumberOfTasks             
00000bd5  pcTaskGetName                      
00000c1d  uxTaskGetSystemState               
00000cf9  vTaskStepTick                      
00000d33  xTaskCatchUpTicks                  
00000d85  xTaskIncrementTick                 
00000eb1  vTaskSetApplicationTaskTag         
00000ed7  xTaskGetApplicationTaskTag         
00000f05  xTaskGetApplicationTaskTagFromISR  
00000f49  xTaskCallApplicationTaskHook       
00000f89  vTaskSwitchContext                 
00001059  vTaskPlaceOnEventList              
0000108d  vTaskPlaceOnUnorderedEventList     
000010f5  vTaskPlaceOnEventListRestricted    
00001135  xTaskRemoveFromEventList           
000011c5  vTaskRemoveFromUnorderedEventList  
0000125b  vTaskSetTimeOutState               
0000128d  vTaskInternalSetTimeOutState       
000012a7  xTaskCheckForTimeOut               
00001359  vTaskMissedYield                   
00001361  uxTaskGetTaskNumber                
00001381  vTaskSetTaskNumber                 
000013fd  eTaskConfirmSleepModeStatus        
00001459  vTaskSetThreadLocalStoragePointer  
000014a1  pvTaskGetThreadLocalStoragePointer 
00001575  vTaskGetInfo                       
0000174b  xTaskGetCurrentTaskHandle          
0000175b  xTaskGetSchedulerState             
000017a5  xTaskPriorityInherit               
0000186d  xTaskPriorityDisinherit            
00001939  vTaskPriorityDisinheritAfterTimeout
00001a33  uxTaskResetEventItemValue          
00001a55  pvTaskIncrementMutexHeldCount      
00001a75  ulTaskGenericNotifyTake            
00001b2d  xTaskGenericNotifyWait             
00001c11  xTaskGenericNotify                 
00001d87  xTaskGenericNotifyFromISR          
00001f35  vTaskGenericNotifyGiveFromISR      
0000203f  xTaskGenericNotifyStateClear       
000020a3  ulTaskGenericNotifyValueClear      
000021a9  xQueueGenericReset                 
0000225d  xQueueGenericCreate                
00002353  xQueueCreateMutex                  
0000237f  xQueueGiveMutexRecursive           
000023cf  xQueueTakeMutexRecursive           
00002427  xQueueCreateCountingSemaphore      
00002485  xQueueGenericSend                  
00002639  xQueueGenericSendFromISR           
00002765  xQueueGiveFromISR                  
00002873  xQueueReceive                      
000029eb  xQueueSemaphoreTake                
00002bbd  xQueuePeek                         
00002d3b  xQueueReceiveFromISR               
00002e31  xQueuePeekFromISR                  
00002edd  uxQueueMessagesWaiting             
00002f0d  uxQueueSpacesAvailable             
00002f41  uxQueueMessagesWaitingFromISR      
00002f6b  vQueueDelete                       
00002f8f  uxQueueGetQueueNumber              
00002f9d  vQueueSetQueueNumber               
00002faf  ucQueueGetQueueType                
000031a9  xQueueIsQueueEmptyFromISR          
00003203  xQueueIsQueueFullFromISR           
0000323d  vQueueWaitForMessageRestricted     
00003299  __TI_printfi                       
00003ce7  _nop                               
00003ce9  pow                                
00003ce9  powl                               
000046a9  xTimerCreateTimerTask              
000046e9  xTimerCreate                       
0000478b  xTimerGenericCommand               
0000480b  xTimerGetTimerDaemonTaskHandle     
0000482d  xTimerGetPeriod                    
00004853  vTimerSetReloadMode                
0000489d  uxTimerGetReloadMode               
000048d9  xTimerGetExpiryTime                
00004903  pcTimerGetName                     
00004d81  xTimerIsTimerActive                
00004dbd  pvTimerGetTimerID                  
00004deb  vTimerSetTimerID                   
00004e19  uxTimerGetTimerNumber              
00004e27  vTimerSetTimerNumber               
00004e4d  HAL_LCD_PortInit                   
00004e95  HAL_LCD_SpiInit                    
00004ec9  HAL_LCD_writeCommand               
00004f01  HAL_LCD_writeData                  
00004f25  Crystalfontz128x128_SetDrawFrame   
00004fbd  Crystalfontz128x128_Init           
000050eb  lcd_draw_rectangle                 
00005209  lcd_draw_image                     
00005391  Task_Packman_Init                  
000053af  Draw_Packman                       
000053d7  Update_Random_Fruit_Coordinates    
000054bf  Draw_Fruit                         
0000551b  Draw_Black_Screen                  
0000553b  Collision_Check                    
000055d9  Task_Packman                       
00005801  pxPortInitialiseStack              
0000588d  xPortStartScheduler                
00005945  vPortEndScheduler                  
00005969  vPortEnterCritical                 
000059ab  vPortExitCritical                  
000059d7  xPortSysTickHandler                
00005a05  vPortSuppressTicksAndSleep         
00005b5d  vPortSetupTimerInterrupt           
00005ba5  vPortValidateInterruptPriority     
00005c39  pvPortMalloc                       
00005da3  vPortFree                          
00005e3d  xPortGetFreeHeapSize               
00005e43  xPortGetMinimumEverFreeHeapSize    
00005e49  vPortInitialiseBlocks              
00005fa5  vPortGetHeapStats                  
00006065  SystemCoreClockUpdate              
000062dd  SystemInit                         
000063b9  OPT3001_init                       
000063f3  Task_Light_Sensor_Init             
000063ff  OPT3001_get_lux                    
00006479  print_device_id                    
000064c7  print_manufacturer_id              
0000651b  Task_Light_Sensor                  
000067b9  Task_Console_Init                  
000067e7  fputc                              
00006805  EUSCIA0_IRQHandler                 
00006805  EUSCIA0_IRQHandler                 
0000687d  Task_Console_Bottom_Half           
0000697d  S1_Init                            
00006987  Task_Screen_Init                   
0000698f  Start_Screen                       
00006b71  Task_Screen                        
00006edf  Task_Accelerometer_Init            
00006f6b  Task_Accelerometer_Timer           
00006f81  Task_Accelerometer                 
00007033  ADC14_IRQHandler                   
00007033  ADC14_IRQHandler                   
000070d1  buzzer_get_time_delay              
00007129  Buzzer_Set_Period                  
00007177  T32_1_wait                         
000071e9  Task_Buzzer_Init                   
00007221  Buzzer_On                          
0000723b  Buzzer_Off                         
00007249  Buzzer_Run_Status                  
0000725d  Task_Buzzer                        
000072fd  main                               
000073db  vApplicationMallocFailedHook       
000073dd  vApplicationStackOverflowHook      
0000775f  i2c_init                           
0000779f  i2c_write_16                       
000077fb  i2c_read_16                        
00007891  __aeabi_dsub                       
0000789b  __aeabi_dadd                       
00007a47  __aeabi_idiv0                      
00007a47  __aeabi_ldiv0                      
00007a49  sqrt                               
00007a49  sqrtl                              
00007cdd  __aeabi_ddiv                       
00007e13  vListInitialise                    
00007e43  vListInitialiseItem                
00007e53  vListInsertEnd                     
00007e8f  vListInsert                        
00007ef5  uxListRemove                       
00008061  fputs                              
00008175  ldexp                              
00008175  ldexpl                             
00008175  scalbn                             
00008175  scalbnl                            
00008285  aligned_alloc                      
00008285  memalign                           
00008385  __aeabi_dmul                       
00008481  free                               
00008565  setvbuf                            
00008651  ulPortGetIPSR                      
00008669  xPortPendSVHandler                 
000086c9  vPortSVCHandler                    
000086e9  vPortStartFirstTask                
0000870d  vPortEnableVFP                     
000087cf  __aeabi_memcpy                     
000087cf  __aeabi_memcpy4                    
000087cf  __aeabi_memcpy8                    
000087cf  memcpy                             
0000886b  __aeabi_uldivmod                   
00008901  __aeabi_cdcmpeq                    
00008901  __aeabi_cdcmple                    
00008987  __aeabi_cdrcmple                   
00008a0d  __aeabi_memclr                     
00008a0d  __aeabi_memclr4                    
00008a0d  __aeabi_memclr8                    
00008a0f  __aeabi_memset                     
00008a0f  __aeabi_memset4                    
00008a0f  __aeabi_memset8                    
00008a15  memset                             
00008a89  __TI_closefile                     
00008bdd  HOSTrename                         
00008c49  HOSTlseek                          
00008cb1  __TI_decompress_lzss               
00008d19  printf                             
00008d81  frexp                              
00008d81  frexpl                             
00008de5  fseek                              
00008e49  __TI_wrt_ok                        
00008ead  HOSTopen                           
00008f0d  close                              
00008f69  HOSTread                           
00008fc1  HOSTwrite                          
0000906f  __TI_ltoa                          
00009115  __TI_doflush                       
00009161  atoi                               
000091ad  HOSTtime                           
000091f5  exit                               
0000923d  __aeabi_d2iz                       
00009285  HOSTclose                          
000092c9  HOSTunlink                         
0000930d  __TI_auto_init_nobinit_nopinit     
00009351  getdevice                          
00009395  __aeabi_d2uiz                      
000093d9  sprintf                            
00009419  strtok                             
00009499  __TI_writemsg                      
000094c7  C$$IO$$                            
000094d1  strncpy                            
00009509  __TI_cleanup                       
0000953d  __TI_readmsg                       
00009571  _c_int00_noargs                    
000095a5  rand                               
000095d9  finddevice                         
00009609  __aeabi_i2d                        
00009639  remove                             
00009639  unlink                             
00009665  strspn                             
000096b9  lseek                              
000096e1  write                              
00009709  srand                              
0000972d  strcspn                            
00009751  memchr                             
00009771  __aeabi_ui2d                       
000097ad  memccpy                            
000097c9  copysign                           
000097c9  copysignl                          
000097fb  strcmp                             
00009813  strchr                             
00009829  strcpy                             
0000983d  strlen                             
00009851  wcslen                             
00009863  __time32                           
00009863  time                               
00009871  __TI_decompress_none               
0000987f  Reset_Handler                      
0000988b  AES256_IRQHandler                  
0000988b  BusFault_Handler                   
0000988b  COMP_E0_IRQHandler                 
0000988b  COMP_E1_IRQHandler                 
0000988b  CS_IRQHandler                      
0000988b  DMA_ERR_IRQHandler                 
0000988b  DMA_INT0_IRQHandler                
0000988b  DMA_INT1_IRQHandler                
0000988b  DMA_INT2_IRQHandler                
0000988b  DMA_INT3_IRQHandler                
0000988b  DebugMon_Handler                   
0000988b  Default_Handler                    
0000988b  EUSCIA1_IRQHandler                 
0000988b  EUSCIA2_IRQHandler                 
0000988b  EUSCIA3_IRQHandler                 
0000988b  EUSCIB0_IRQHandler                 
0000988b  EUSCIB1_IRQHandler                 
0000988b  EUSCIB2_IRQHandler                 
0000988b  EUSCIB3_IRQHandler                 
0000988b  FLCTL_IRQHandler                   
0000988b  FPU_IRQHandler                     
0000988b  HardFault_Handler                  
0000988b  MemManage_Handler                  
0000988b  NMI_Handler                        
0000988b  PCM_IRQHandler                     
0000988b  PORT1_IRQHandler                   
0000988b  PORT2_IRQHandler                   
0000988b  PORT3_IRQHandler                   
0000988b  PORT4_IRQHandler                   
0000988b  PORT5_IRQHandler                   
0000988b  PORT6_IRQHandler                   
0000988b  PSS_IRQHandler                     
0000988b  PendSV_Handler                     
0000988b  RTC_C_IRQHandler                   
0000988b  SVC_Handler                        
0000988b  SysTick_Handler                    
0000988b  T32_INT1_IRQHandler                
0000988b  T32_INT2_IRQHandler                
0000988b  T32_INTC_IRQHandler                
0000988b  TA0_0_IRQHandler                   
0000988b  TA0_N_IRQHandler                   
0000988b  TA1_0_IRQHandler                   
0000988b  TA1_N_IRQHandler                   
0000988b  TA2_0_IRQHandler                   
0000988b  TA2_N_IRQHandler                   
0000988b  TA3_0_IRQHandler                   
0000988b  TA3_N_IRQHandler                   
0000988b  UsageFault_Handler                 
0000988b  WDT_A_IRQHandler                   
0000988d  __TI_zero_init                     
000098a5  __aeabi_errno_addr                 
000098ad  malloc                             
000098bd  _system_pre_init                   
000098c1  C$$EXIT                            
000098c1  abort                              
000098c8  blankScreenBitmaps                 
0000a18c  _ctypes_                           
0000a2e4  ulMaxSyscallInterruptPriority      
0000a2ec  packman_WidthPixels                
0000a2ed  packman_HeightPixels               
0000a2ee  fruitWidthPixels                   
0000a2ef  fruitHeightPixels                  
0000a2f0  blankWidthPixels                   
0000a2f1  blankHeightPixels                  
0000a5f0  __TI_Handler_Table_Base            
0000a5fc  __TI_Handler_Table_Limit           
0000a608  __TI_CINIT_Base                    
0000a618  __TI_CINIT_Limit                   
20000000  __start___llvm_prf_cnts            
20000000  __stop___llvm_prf_cnts             
20008000  __CIOBUF_                          
200081e8  __TI_tmpnams                       
20008314  RX_ARRAY                           
20008338  parmbuf                            
20008340  Queue_Music                        
20008344  Queue_Packman                      
20008348  Sem_Console                        
2000834c  Task_Accelerometer_Handle          
20008350  Task_Accelerometer_Timer_Handle    
20008354  Task_Buzzer_Handle                 
20008358  Task_Console_Handle                
2000835c  Task_Light_Sensor_Handle           
20008360  Task_Packman_Handle                
20008364  Task_Screen_Handle                 
20008368  curr_music                         
2000836c  Lcd_ScreenHeigth                   
2000836e  Lcd_ScreenWidth                    
20008370  fruit_x                            
20008371  fruit_y                            
20008374  microsoftSansSerif_8ptDescriptors  
2000848c  Jeopardy                           
20008584  microsoftSansSerif_8ptBitmaps      
20008678  _ftable                            
20008768  _device                            
200087e0  _stream                            
20008830  packman_downBitmaps                
2000886c  packman_leftBitmaps                
200088a8  packman_rightBitmaps               
200088e4  packman_upBitmaps                  
20008920  pxCurrentTCB                       
20008954  appleBitmaps                       
2000896e  bannanaBitmaps                     
20008988  orangeBitmaps                      
200089a2  RX_INDEX                           
200089a4  Eat                                
200089ec  __TI_ft_end                        
200089f0  __aeabi_stdin                      
200089f4  __aeabi_stdout                     
200089f8  __aeabi_stderr                     
200089fc  x                                  
200089fd  y                                  
20008a00  current_packman_Bitmap             
20008a04  current_fruit_Bitmap               
20008a08  current_fruit                      
20008a09  score                              
20008a0a  Packman_Color                      
20008a0c  __TI_cleanup_ptr                   
20008a10  __TI_dtors_ptr                     
20008a14  __TI_enable_exit_profile_output    
20008a18  ACC_X_DIR                          
20008a1c  ACC_Y_DIR                          
20008a20  ACC_Z_DIR                          
20008a30  _lock                              
20008a34  _unlock                            
20008a40  errno                              
20008a4c  SystemCoreClock                    
20008a50  start                              
20008a51  end                                
20008a58  _sys_memory                        
2000fe00  __stack                            
20010000  __STACK_END                        
4000480c  WDTCTL_SYM                         
ffffffff  __TI_pprof_out_hndl                
ffffffff  __TI_prof_data_size                
ffffffff  __TI_prof_data_start               
ffffffff  __binit__                          
ffffffff  __c_args__                         
ffffffff  binit                              
UNDEFED   __mpu_init                         
UNDEFED   _system_post_cinit                 

[406 symbols]
