******************************************************************************
                  TI ARM Linker PC v20.2.2                     
******************************************************************************
>> Linked Wed Dec  2 11:59:58 2020

OUTPUT FILE NAME:   <Project.out>
ENTRY POINT SYMBOL: "_c_int00_noargs"  address: 000083a9


MEMORY CONFIGURATION

         name            origin    length      used     unused   attr    fill
----------------------  --------  ---------  --------  --------  ----  --------
  MAIN                  00000000   00040000  00008948  000376b8  R  X
  INFO                  00200000   00004000  00000000  00004000  R  X
  SRAM_CODE             01000000   00010000  00008da8  00007258  RW X
  SRAM_DATA             20000000   00010000  00008da8  00007258  RW  


SEGMENT ALLOCATION MAP

run origin  load origin   length   init length attrs members
----------  ----------- ---------- ----------- ----- -------
00000000    00000000    00008948   00008948    r-x
  00000000    00000000    000000e4   000000e4    r-- .intvecs
  000000e4    000000e4    000085b0   000085b0    r-x .text
  00008694    00008694    0000010c   0000010c    r-- .const
  000087a0    000087a0    000001a8   000001a8    r-- .cinit
20000000    20000000    00008ba8   00000000    rw-
  20000000    20000000    00008364   00000000    rw- .bss
  20008364    20008364    00000444   00000000    rw- .data
  200087a8    200087a8    00000400   00000000    rw- .sysmem
2000fe00    2000fe00    00000200   00000000    rw-
  2000fe00    2000fe00    00000200   00000000    rw- .stack


SECTION ALLOCATION MAP

 output                                  attributes/
section   page    origin      length       input sections
--------  ----  ----------  ----------   ----------------
.intvecs   0    00000000    000000e4     
                  00000000    000000e4     startup_msp432p401r_ccs.obj (.intvecs:retain)

.text      0    000000e4    000085b0     
                  000000e4    000020c4     tasks.obj (.text)
                  000021a8    000010f0     queue.obj (.text)
                  00003298    00000a4e     rtsv7M4_T_le_v4SPD16_eabi.lib : _printfi.c.obj (.text:__TI_printfi)
                  00003ce6    00000002                                   : _lock.c.obj (.text:_nop)
                  00003ce8    000007a4     timers.obj (.text)
                  0000448c    00000544     lcd.obj (.text)
                  000049d0    00000438     port.obj (.text)
                  00004e08    0000042c     heap_4.obj (.text)
                  00005234    00000354     system_msp432p401r.obj (.text)
                  00005588    000002f0     task_light_sensor.obj (.text)
                  00005878    00000294     task_console.obj (.text)
                  00005b0c    00000270     rtsv7M4_T_le_v4SPD16_eabi.lib : _printfi.c.obj (.text:_pconv_a)
                  00005d7c    000001f8     task_accelerometer.obj (.text)
                  00005f74    000001d8     main.obj (.text)
                  0000614c    000001d0     rtsv7M4_T_le_v4SPD16_eabi.lib : _printfi.c.obj (.text:_pconv_g)
                  0000631c    000001d0     task_buzzer.obj (.text)
                  000064ec    000001c0     i2c.obj (.text)
                  000066ac    000001bc     task_packman.obj (.text)
                  00006868    000001b6     rtsv7M4_T_le_v4SPD16_eabi.lib : fd_add_t2.asm.obj (.text)
                  00006a1e    00000002                                   : div0.asm.obj (.text)
                  00006a20    0000013c                                   : _printfi.c.obj (.text:_pconv_e)
                  00006b5c    00000136                                   : fd_div_t2.asm.obj (.text)
                  00006c92    0000012a     list.obj (.text)
                  00006dbc    00000124     rtsv7M4_T_le_v4SPD16_eabi.lib : _printfi.c.obj (.text:fcvt)
                  00006ee0    00000114                                   : fputs.c.obj (.text:fputs)
                  00006ff4    00000110                                   : s_scalbn.c.obj (.text:scalbn)
                  00007104    00000100                                   : memory.c.obj (.text:aligned_alloc)
                  00007204    000000fc                                   : fd_mul_t2.asm.obj (.text)
                  00007300    000000e4                                   : memory.c.obj (.text:free)
                  000073e4    000000dc                                   : setvbuf.c.obj (.text:setvbuf)
                  000074c0    000000da     portasm.obj (.text)
                  0000759a    00000002     --HOLE-- [fill = 0]
                  0000759c    000000b1     rtsv7M4_T_le_v4SPD16_eabi.lib : _printfi.c.obj (.text:_ltostr)
                  0000764d    00000001     --HOLE-- [fill = 0]
                  0000764e    0000009c                                   : memcpy_t2.asm.obj (.text)
                  000076ea    00000096                                   : ull_div_t2.asm.obj (.text)
                  00007780    00000086                                   : fd_cmp_t2.asm.obj (.text:__aeabi_cdcmple)
                  00007806    00000086                                   : fd_cmp_t2.asm.obj (.text:__aeabi_cdrcmple)
                  0000788c    0000007a                                   : memset_t2.asm.obj (.text)
                  00007906    00000002     --HOLE-- [fill = 0]
                  00007908    00000074                                   : fclose.c.obj (.text:__TI_closefile)
                  0000797c    00000070                                   : memory.c.obj (.text:split)
                  000079ec    0000006e                                   : _printfi.c.obj (.text:_mcpy)
                  00007a5a    00000002     --HOLE-- [fill = 0]
                  00007a5c    0000006c                                   : hostrename.c.obj (.text:HOSTrename)
                  00007ac8    00000068                                   : hostlseek.c.obj (.text:HOSTlseek)
                  00007b30    00000068                                   : copy_decompress_lzss.c.obj (.text:decompress:lzss:__TI_decompress_lzss)
                  00007b98    00000068                                   : printf.c.obj (.text:printf)
                  00007c00    00000064                                   : s_frexp.c.obj (.text:frexp)
                  00007c64    00000064                                   : fseek.c.obj (.text:fseek)
                  00007cc8    00000062                                   : _io_perm.c.obj (.text:__TI_wrt_ok)
                  00007d2a    00000002     --HOLE-- [fill = 0]
                  00007d2c    00000060                                   : hostopen.c.obj (.text:HOSTopen)
                  00007d8c    0000005c                                   : close.c.obj (.text:close)
                  00007de8    00000058                                   : hostread.c.obj (.text:HOSTread)
                  00007e40    00000058                                   : hostwrite.c.obj (.text:HOSTwrite)
                  00007e98    00000056                                   : _printfi.c.obj (.text:_pconv_f)
                  00007eee    00000054                                   : _ltoa.c.obj (.text:__TI_ltoa)
                  00007f42    00000052                                   : _printfi.c.obj (.text:_ecpy)
                  00007f94    0000004c                                   : fflush.c.obj (.text:__TI_doflush)
                  00007fe0    0000004c                                   : atoi.c.obj (.text:atoi)
                  0000802c    00000048                                   : exit.c.obj (.text:exit)
                  00008074    00000048                                   : fd_toi_t2.asm.obj (.text)
                  000080bc    00000044                                   : hostclose.c.obj (.text:HOSTclose)
                  00008100    00000044                                   : hostunlink.c.obj (.text:HOSTunlink)
                  00008144    00000044                                   : autoinit.c.obj (.text:__TI_auto_init_nobinit_nopinit:__TI_auto_init_nobinit_nopinit)
                  00008188    00000044                                   : getdevice.c.obj (.text:getdevice)
                  000081cc    00000044                                   : fd_tou_t2.asm.obj (.text)
                  00008210    00000040                                   : sprintf.c.obj (.text:sprintf)
                  00008250    00000040                                   : strtok.c.obj (.text:strtok)
                  00008290    0000003e                                   : _printfi.c.obj (.text:_fcpy)
                  000082ce    00000002     --HOLE-- [fill = 0]
                  000082d0    00000038                                   : trgmsg.c.obj (.text:__TI_writemsg)
                  00008308    00000036                                   : strncpy.c.obj (.text:strncpy)
                  0000833e    00000002     --HOLE-- [fill = 0]
                  00008340    00000034                                   : fopen.c.obj (.text:__TI_cleanup)
                  00008374    00000034                                   : trgmsg.c.obj (.text:__TI_readmsg)
                  000083a8    00000034                                   : boot_cortex_m.c.obj (.text:_c_int00_noargs:_c_int00_noargs)
                  000083dc    00000030                                   : getdevice.c.obj (.text:finddevice)
                  0000840c    0000002e                                   : i_tofd_t2.asm.obj (.text)
                  0000843a    00000002     --HOLE-- [fill = 0]
                  0000843c    0000002c                                   : unlink.c.obj (.text:unlink)
                  00008468    0000002a                                   : strspn.c.obj (.text:strspn)
                  00008492    00000002     --HOLE-- [fill = 0]
                  00008494    00000028                                   : memory.c.obj (.text:free_list_insert)
                  000084bc    00000028                                   : lseek.c.obj (.text:lseek)
                  000084e4    00000028                                   : write.c.obj (.text:write)
                  0000850c    00000024                                   : strcspn.c.obj (.text:strcspn)
                  00008530    00000020                                   : memchr.c.obj (.text:memchr)
                  00008550    00000020                                   : u_tofd_t2.asm.obj (.text)
                  00008570    0000001c                                   : memory.c.obj (.text:free_list_remove)
                  0000858c    0000001c                                   : memccpy.c.obj (.text:memccpy)
                  000085a8    0000001a                                   : s_copysign.c.obj (.text:copysign)
                  000085c2    00000018                                   : sprintf.c.obj (.text:_outs)
                  000085da    00000018                                   : strcmp.c.obj (.text:strcmp)
                  000085f2    00000016                                   : strchr.c.obj (.text:strchr)
                  00008608    00000014                                   : strcpy.c.obj (.text:strcpy)
                  0000861c    00000014                                   : strlen.c.obj (.text:strlen)
                  00008630    00000012                                   : wcslen.c.obj (.text:wcslen)
                  00008642    0000000e                                   : copy_decompress_none.c.obj (.text:decompress:none:__TI_decompress_none)
                  00008650    0000000e     startup_msp432p401r_ccs.obj (.text)
                  0000865e    0000000c     rtsv7M4_T_le_v4SPD16_eabi.lib : copy_zero_init.c.obj (.text:decompress:ZI:__TI_zero_init)
                  0000866a    0000000a                                   : sprintf.c.obj (.text:_outc)
                  00008674    00000008                                   : errno.c.obj (.text:__aeabi_errno_addr)
                  0000867c    00000008                                   : memory.c.obj (.text:malloc)
                  00008684    00000004                                   : printf.c.obj (.text:_outc)
                  00008688    00000004                                   : printf.c.obj (.text:_outs)
                  0000868c    00000004                                   : pre_init.c.obj (.text:_system_pre_init)
                  00008690    00000004                                   : exit.c.obj (.text:abort:abort)

.const     0    00008694    0000010c     
                  00008694    00000101     rtsv7M4_T_le_v4SPD16_eabi.lib : ctype.c.obj (.const:.string:_ctypes_)
                  00008795    00000002     packman.obj (.const)
                  00008797    00000001     --HOLE-- [fill = 0]
                  00008798    00000008     port.obj (.const)

.cinit     0    000087a0    000001a8     
                  000087a0    0000017d     (.cinit..data.load) [load image, compression = lzss]
                  0000891d    00000003     --HOLE-- [fill = 0]
                  00008920    0000000c     (__TI_handler_table)
                  0000892c    00000004     --HOLE-- [fill = 0]
                  00008930    00000008     (.cinit..bss.load) [load image, compression = zero_init]
                  00008938    00000010     (__TI_cinit_table)

.init_array 
*          0    00000000    00000000     UNINITIALIZED

.binit     0    00000000    00000000     

.bss       0    20000000    00008364     UNINITIALIZED
                  20000000    00008000     heap_4.obj (.bss:ucHeap)
                  20008000    00000120     rtsv7M4_T_le_v4SPD16_eabi.lib : trgmsg.c.obj (.bss:_CIOBUF_)
                  20008120    000000c8     tasks.obj (.bss:pxReadyTasksLists)
                  200081e8    000000a0     (.common:__TI_tmpnams)
                  20008288    00000014     timers.obj (.bss:xActiveTimerList1)
                  2000829c    00000014     timers.obj (.bss:xActiveTimerList2)
                  200082b0    00000014     tasks.obj (.bss:xDelayedTaskList1)
                  200082c4    00000014     tasks.obj (.bss:xDelayedTaskList2)
                  200082d8    00000014     tasks.obj (.bss:xPendingReadyList)
                  200082ec    00000014     tasks.obj (.bss:xSuspendedTaskList)
                  20008300    00000014     tasks.obj (.bss:xTasksWaitingTermination)
                  20008314    0000000c     (.common:RX_ARRAY)
                  20008320    00000008     tasks.obj (.bss)
                  20008328    00000008     timers.obj (.bss)
                  20008330    00000008     heap_4.obj (.bss:xStart)
                  20008338    00000008     (.common:parmbuf)
                  20008340    00000004     (.common:Queue_Packman)
                  20008344    00000004     (.common:Sem_Console)
                  20008348    00000004     (.common:Task_Accelerometer_Handle)
                  2000834c    00000004     (.common:Task_Accelerometer_Timer_Handle)
                  20008350    00000004     (.common:Task_Buzzer_Handle)
                  20008354    00000004     (.common:Task_Console_Handle)
                  20008358    00000004     (.common:Task_Light_Sensor_Handle)
                  2000835c    00000004     (.common:Task_Packman_Handle)
                  20008360    00000002     (.common:Lcd_ScreenHeigth)
                  20008362    00000002     (.common:Lcd_ScreenWidth)

.data      0    20008364    00000444     UNINITIALIZED
                  20008364    000000f0     rtsv7M4_T_le_v4SPD16_eabi.lib : defs.c.obj (.data:_ftable)
                  20008454    000000e0     task_buzzer.obj (.data:Song)
                  20008534    00000078     rtsv7M4_T_le_v4SPD16_eabi.lib : host_device.c.obj (.data:_device)
                  200085ac    00000050                                   : host_device.c.obj (.data:_stream)
                  200085fc    0000003c     packman.obj (.data:packman_downBitmaps)
                  20008638    0000003c     packman.obj (.data:packman_leftBitmaps)
                  20008674    0000003c     packman.obj (.data:packman_rightBitmaps)
                  200086b0    0000003c     packman.obj (.data:packman_upBitmaps)
                  200086ec    00000034     tasks.obj (.data)
                  20008720    00000018     heap_4.obj (.data)
                  20008738    00000018     port.obj (.data)
                  20008750    00000010     rtsv7M4_T_le_v4SPD16_eabi.lib : defs.c.obj (.data)
                  20008760    0000000c                                   : exit.c.obj (.data:$O1$$)
                  2000876c    0000000c     timers.obj (.data)
                  20008778    00000008     rtsv7M4_T_le_v4SPD16_eabi.lib : _lock.c.obj (.data:$O1$$)
                  20008780    00000008                                   : memory.c.obj (.data:$O1$$)
                  20008788    00000008     task_accelerometer.obj (.data)
                  20008790    00000008     task_packman.obj (.data)
                  20008798    00000004     rtsv7M4_T_le_v4SPD16_eabi.lib : errno.c.obj (.data)
                  2000879c    00000004                                   : strtok.c.obj (.data)
                  200087a0    00000004     system_msp432p401r.obj (.data)
                  200087a4    00000002     task_console.obj (.data)
                  200087a6    00000002     task_light_sensor.obj (.data)

.sysmem    0    200087a8    00000400     UNINITIALIZED
                  200087a8    00000010     rtsv7M4_T_le_v4SPD16_eabi.lib : memory.c.obj (.sysmem)
                  200087b8    000003f0     --HOLE--

.stack     0    2000fe00    00000200     UNINITIALIZED
                  2000fe00    00000004     rtsv7M4_T_le_v4SPD16_eabi.lib : boot_cortex_m.c.obj (.stack)
                  2000fe04    000001fc     --HOLE--

__llvm_prf_cnts 
*          0    20000000    00000000     UNINITIALIZED

MODULE SUMMARY

       Module                        code    ro data   rw data
       ------                        ----    -------   -------
    .\
       lcd.obj                       1348    0         8      
       task_buzzer.obj               464     0         456    
       system_msp432p401r.obj        852     0         8      
       task_light_sensor.obj         752     0         12     
       task_console.obj              660     0         44     
       task_accelerometer.obj        504     0         32     
       packman.obj                   0       2         480    
       task_packman.obj              444     0         32     
       main.obj                      472     0         0      
       i2c.obj                       448     0         0      
       startup_msp432p401r_ccs.obj   14      228       0      
    +--+-----------------------------+-------+---------+---------+
       Total:                        5958    230       1072   
                                                              
    .\FreeRTOS\
       heap_4.obj                    1068    0         65600  
       tasks.obj                     8388    0         720    
       queue.obj                     4336    0         0      
       timers.obj                    1956    0         120    
       list.obj                      298     0         0      
    +--+-----------------------------+-------+---------+---------+
       Total:                        16046   0         66440  
                                                              
    .\FreeRTOS\portable\
       port.obj                      1080    8         48     
       portasm.obj                   218     0         0      
    +--+-----------------------------+-------+---------+---------+
       Total:                        1298    8         48     
                                                              
    C:\ti\ccs1010\ccs\tools\compiler\ti-cgt-arm_20.2.2.LTS\lib\rtsv7M4_T_le_v4SPD16_eabi.lib
       _printfi.c.obj                4851    0         0      
       defs.c.obj                    0       0         832    
       memory.c.obj                  672     0         16     
       trgmsg.c.obj                  108     0         576    
       fd_add_t2.asm.obj             438     0         0      
       host_device.c.obj             0       0         400    
       fd_div_t2.asm.obj             310     0         0      
       fputs.c.obj                   276     0         0      
       s_scalbn.c.obj                272     0         0      
       fd_cmp_t2.asm.obj             268     0         0      
       ctype.c.obj                   0       257       0      
       fd_mul_t2.asm.obj             252     0         0      
       setvbuf.c.obj                 220     0         0      
       memcpy_t2.asm.obj             156     0         0      
       ull_div_t2.asm.obj            150     0         0      
       memset_t2.asm.obj             122     0         0      
       fclose.c.obj                  116     0         0      
       getdevice.c.obj               116     0         0      
       hostopen.c.obj                96      0         16     
       printf.c.obj                  112     0         0      
       hostrename.c.obj              108     0         0      
       copy_decompress_lzss.c.obj    104     0         0      
       hostlseek.c.obj               104     0         0      
       exit.c.obj                    76      0         24     
       fseek.c.obj                   100     0         0      
       s_frexp.c.obj                 100     0         0      
       _io_perm.c.obj                98      0         0      
       sprintf.c.obj                 98      0         0      
       close.c.obj                   92      0         0      
       hostread.c.obj                88      0         0      
       hostwrite.c.obj               88      0         0      
       _ltoa.c.obj                   84      0         0      
       atoi.c.obj                    76      0         0      
       fflush.c.obj                  76      0         0      
       fd_toi_t2.asm.obj             72      0         0      
       strtok.c.obj                  64      0         8      
       autoinit.c.obj                68      0         0      
       fd_tou_t2.asm.obj             68      0         0      
       hostclose.c.obj               68      0         0      
       hostunlink.c.obj              68      0         0      
       strncpy.c.obj                 54      0         0      
       boot_cortex_m.c.obj           52      0         0      
       fopen.c.obj                   52      0         0      
       i_tofd_t2.asm.obj             46      0         0      
       unlink.c.obj                  44      0         0      
       strspn.c.obj                  42      0         0      
       lseek.c.obj                   40      0         0      
       write.c.obj                   40      0         0      
       strcspn.c.obj                 36      0         0      
       memchr.c.obj                  32      0         0      
       u_tofd_t2.asm.obj             32      0         0      
       memccpy.c.obj                 28      0         0      
       s_copysign.c.obj              26      0         0      
       strcmp.c.obj                  24      0         0      
       strchr.c.obj                  22      0         0      
       strcpy.c.obj                  20      0         0      
       strlen.c.obj                  20      0         0      
       _lock.c.obj                   2       0         16     
       wcslen.c.obj                  18      0         0      
       errno.c.obj                   8       0         8      
       copy_decompress_none.c.obj    14      0         0      
       copy_zero_init.c.obj          12      0         0      
       pre_init.c.obj                4       0         0      
       div0.asm.obj                  2       0         0      
    +--+-----------------------------+-------+---------+---------+
       Total:                        10905   257       1896   
                                                              
       Heap:                         0       0         2048   
       Stack:                        0       0         1024   
       Linker Generated:             0       417       0      
    +--+-----------------------------+-------+---------+---------+
       Grand Total:                  34207   912       72528  


LINKER GENERATED COPY TABLES

__TI_cinit_table @ 00008938 records: 2, size/record: 8, table size: 16
	.data: load addr=000087a0, load size=0000017d bytes, run addr=20008364, run size=00000444 bytes, compression=lzss
	.bss: load addr=00008930, load size=00000008 bytes, run addr=20000000, run size=00008364 bytes, compression=zero_init


LINKER GENERATED HANDLER TABLE

__TI_handler_table @ 00008920 records: 3, size/record: 4, table size: 12
	index: 0, handler: __TI_decompress_lzss
	index: 1, handler: __TI_decompress_none
	index: 2, handler: __TI_zero_init


GLOBAL SYMBOLS: SORTED ALPHABETICALLY BY Name 

address   name                               
-------   ----                               
00005ef1  ADC14_IRQHandler                   
00005ef1  ADC14_IRQHandler                   
0000865d  AES256_IRQHandler                  
0000865d  BusFault_Handler                   
0000646d  Buzzer_Off                         
00006453  Buzzer_On                          
0000647b  Buzzer_Run_Status                  
00006375  Buzzer_Set_Period                  
00008691  C$$EXIT                            
000082ff  C$$IO$$                            
0000865d  COMP_E0_IRQHandler                 
0000865d  COMP_E1_IRQHandler                 
0000865d  CS_IRQHandler                      
000045fd  Crystalfontz128x128_Init           
00004565  Crystalfontz128x128_SetDrawFrame   
0000865d  DMA_ERR_IRQHandler                 
0000865d  DMA_INT0_IRQHandler                
0000865d  DMA_INT1_IRQHandler                
0000865d  DMA_INT2_IRQHandler                
0000865d  DMA_INT3_IRQHandler                
0000865d  DebugMon_Handler                   
0000865d  Default_Handler                    
000066cb  Draw_Packman                       
00005995  EUSCIA0_IRQHandler                 
00005995  EUSCIA0_IRQHandler                 
0000865d  EUSCIA1_IRQHandler                 
0000865d  EUSCIA2_IRQHandler                 
0000865d  EUSCIA3_IRQHandler                 
0000865d  EUSCIB0_IRQHandler                 
0000865d  EUSCIB1_IRQHandler                 
0000865d  EUSCIB2_IRQHandler                 
0000865d  EUSCIB3_IRQHandler                 
0000865d  FLCTL_IRQHandler                   
0000865d  FPU_IRQHandler                     
0000448d  HAL_LCD_PortInit                   
000044d5  HAL_LCD_SpiInit                    
00004509  HAL_LCD_writeCommand               
00004541  HAL_LCD_writeData                  
000080bd  HOSTclose                          
00007ac9  HOSTlseek                          
00007d2d  HOSTopen                           
00007de9  HOSTread                           
00007a5d  HOSTrename                         
00008101  HOSTunlink                         
00007e41  HOSTwrite                          
0000865d  HardFault_Handler                  
20008788  JOYSTICK_X_DIR                     
2000878c  JOYSTICK_Y_DIR                     
20008360  Lcd_ScreenHeigth                   
20008362  Lcd_ScreenWidth                    
0000865d  MemManage_Handler                  
0000865d  NMI_Handler                        
000055cf  OPT3001_get_lux                    
00005589  OPT3001_init                       
0000865d  PCM_IRQHandler                     
0000865d  PORT1_IRQHandler                   
0000865d  PORT2_IRQHandler                   
0000865d  PORT3_IRQHandler                   
0000865d  PORT4_IRQHandler                   
0000865d  PORT5_IRQHandler                   
0000865d  PORT6_IRQHandler                   
0000865d  PSS_IRQHandler                     
200087a6  Packman_Color                      
0000865d  PendSV_Handler                     
20008340  Queue_Packman                      
0000865d  RTC_C_IRQHandler                   
20008314  RX_ARRAY                           
200087a4  RX_INDEX                           
00008651  Reset_Handler                      
0000865d  SVC_Handler                        
20008344  Sem_Console                        
20008454  Song                               
0000865d  SysTick_Handler                    
200087a0  SystemCoreClock                    
00005235  SystemCoreClockUpdate              
000054ad  SystemInit                         
000063c3  T32_1_wait                         
0000865d  T32_INT1_IRQHandler                
0000865d  T32_INT2_IRQHandler                
0000865d  T32_INTC_IRQHandler                
0000865d  TA0_0_IRQHandler                   
0000865d  TA0_N_IRQHandler                   
0000865d  TA1_0_IRQHandler                   
0000865d  TA1_N_IRQHandler                   
0000865d  TA2_0_IRQHandler                   
0000865d  TA2_N_IRQHandler                   
0000865d  TA3_0_IRQHandler                   
0000865d  TA3_N_IRQHandler                   
00005e6b  Task_Accelerometer                 
20008348  Task_Accelerometer_Handle          
00005de7  Task_Accelerometer_Init            
00005e55  Task_Accelerometer_Timer           
2000834c  Task_Accelerometer_Timer_Handle    
0000648f  Task_Buzzer                        
20008350  Task_Buzzer_Handle                 
0000642b  Task_Buzzer_Init                   
00005a0d  Task_Console_Bottom_Half           
20008354  Task_Console_Handle                
00005949  Task_Console_Init                  
000056eb  Task_Light_Sensor                  
20008358  Task_Light_Sensor_Handle           
000055c3  Task_Light_Sensor_Init             
000066f3  Task_Packman                       
2000835c  Task_Packman_Handle                
000066ad  Task_Packman_Init                  
0000865d  UsageFault_Handler                 
4000480c  WDTCTL_SYM                         
0000865d  WDT_A_IRQHandler                   
20008000  __CIOBUF_                          
20010000  __STACK_END                        
00000200  __STACK_SIZE                       
00000400  __SYSMEM_SIZE                      
00008938  __TI_CINIT_Base                    
00008948  __TI_CINIT_Limit                   
00008920  __TI_Handler_Table_Base            
0000892c  __TI_Handler_Table_Limit           
00008145  __TI_auto_init_nobinit_nopinit     
00008341  __TI_cleanup                       
20008760  __TI_cleanup_ptr                   
00007909  __TI_closefile                     
00007b31  __TI_decompress_lzss               
00008643  __TI_decompress_none               
00007f95  __TI_doflush                       
20008764  __TI_dtors_ptr                     
20008768  __TI_enable_exit_profile_output    
20008750  __TI_ft_end                        
00007eef  __TI_ltoa                          
ffffffff  __TI_pprof_out_hndl                
00003299  __TI_printfi                       
ffffffff  __TI_prof_data_size                
ffffffff  __TI_prof_data_start               
00008375  __TI_readmsg                       
00000000  __TI_static_base__                 
200081e8  __TI_tmpnams                       
000082d1  __TI_writemsg                      
00007cc9  __TI_wrt_ok                        
0000865f  __TI_zero_init                     
00007781  __aeabi_cdcmpeq                    
00007781  __aeabi_cdcmple                    
00007807  __aeabi_cdrcmple                   
00008075  __aeabi_d2iz                       
000081cd  __aeabi_d2uiz                      
00006873  __aeabi_dadd                       
00006b5d  __aeabi_ddiv                       
00007205  __aeabi_dmul                       
00006869  __aeabi_dsub                       
00008675  __aeabi_errno_addr                 
0000840d  __aeabi_i2d                        
00006a1f  __aeabi_idiv0                      
00006a1f  __aeabi_ldiv0                      
0000788d  __aeabi_memclr                     
0000788d  __aeabi_memclr4                    
0000788d  __aeabi_memclr8                    
0000764f  __aeabi_memcpy                     
0000764f  __aeabi_memcpy4                    
0000764f  __aeabi_memcpy8                    
0000788f  __aeabi_memset                     
0000788f  __aeabi_memset4                    
0000788f  __aeabi_memset8                    
2000875c  __aeabi_stderr                     
20008754  __aeabi_stdin                      
20008758  __aeabi_stdout                     
00008551  __aeabi_ui2d                       
000076eb  __aeabi_uldivmod                   
ffffffff  __binit__                          
ffffffff  __c_args__                         
UNDEFED   __mpu_init                         
2000fe00  __stack                            
20000000  __start___llvm_prf_cnts            
20000000  __stop___llvm_prf_cnts             
000083a9  _c_int00_noargs                    
00008694  _ctypes_                           
20008534  _device                            
20008364  _ftable                            
20008778  _lock                              
00003ce7  _nop                               
200085ac  _stream                            
200087a8  _sys_memory                        
UNDEFED   _system_post_cinit                 
0000868d  _system_pre_init                   
2000877c  _unlock                            
00008691  abort                              
00007105  aligned_alloc                      
00007fe1  atoi                               
ffffffff  binit                              
0000631d  buzzer_get_time_delay              
00007d8d  close                              
000085a9  copysign                           
000085a9  copysignl                          
20008794  current_packman_Bitmap             
000013fd  eTaskConfirmSleepModeStatus        
00000539  eTaskGetState                      
20008798  errno                              
0000802d  exit                               
000083dd  finddevice                         
00005977  fputc                              
00006ee1  fputs                              
00007301  free                               
00007c01  frexp                              
00007c01  frexpl                             
00007c65  fseek                              
00008189  getdevice                          
0000657b  i2c_init                           
00006617  i2c_read_16                        
000065bb  i2c_write_16                       
00000000  interruptVectors                   
00004849  lcd_draw_image                     
0000472b  lcd_draw_rectangle                 
00006ff5  ldexp                              
00006ff5  ldexpl                             
000084bd  lseek                              
00005f75  main                               
0000867d  malloc                             
00007105  memalign                           
0000858d  memccpy                            
00008531  memchr                             
0000764f  memcpy                             
00007895  memset                             
00008796  packman_HeightPixels               
00008795  packman_WidthPixels                
200085fc  packman_downBitmaps                
20008638  packman_leftBitmaps                
20008674  packman_rightBitmaps               
200086b0  packman_upBitmaps                  
20008338  parmbuf                            
00000bd5  pcTaskGetName                      
00003f43  pcTimerGetName                     
00005649  print_device_id                    
00005697  print_manufacturer_id              
00007b99  printf                             
00004e09  pvPortMalloc                       
000014a1  pvTaskGetThreadLocalStoragePointer 
00001a55  pvTaskIncrementMutexHeldCount      
000043fd  pvTimerGetTimerID                  
200086ec  pxCurrentTCB                       
000049d1  pxPortInitialiseStack              
0000843d  remove                             
00006ff5  scalbn                             
00006ff5  scalbnl                            
000073e5  setvbuf                            
00008211  sprintf                            
000085f3  strchr                             
000085db  strcmp                             
00008609  strcpy                             
0000850d  strcspn                            
0000861d  strlen                             
00008309  strncpy                            
00008469  strspn                             
00008251  strtok                             
00002faf  ucQueueGetQueueType                
00008798  ulMaxSyscallInterruptPriority      
000074d1  ulPortGetIPSR                      
00001a75  ulTaskGenericNotifyTake            
000020a3  ulTaskGenericNotifyValueClear      
0000843d  unlink                             
00006d75  uxListRemove                       
00002f8f  uxQueueGetQueueNumber              
00002edd  uxQueueMessagesWaiting             
00002f41  uxQueueMessagesWaitingFromISR      
00002f0d  uxQueueSpacesAvailable             
00000bcf  uxTaskGetNumberOfTasks             
00000c1d  uxTaskGetSystemState               
00001361  uxTaskGetTaskNumber                
00000611  uxTaskPriorityGet                  
00000639  uxTaskPriorityGetFromISR           
00001a33  uxTaskResetEventItemValue          
00003edd  uxTimerGetReloadMode               
00004459  uxTimerGetTimerNumber              
0000603d  vApplicationMallocFailedHook       
0000603f  vApplicationStackOverflowHook      
00006c93  vListInitialise                    
00006cc3  vListInitialiseItem                
00006d0f  vListInsert                        
00006cd3  vListInsertEnd                     
0000758d  vPortEnableVFP                     
00004b15  vPortEndScheduler                  
00004b39  vPortEnterCritical                 
00004b7b  vPortExitCritical                  
00004f73  vPortFree                          
00005175  vPortGetHeapStats                  
00005019  vPortInitialiseBlocks              
00007549  vPortSVCHandler                    
00004d2d  vPortSetupTimerInterrupt           
00007569  vPortStartFirstTask                
00004bd5  vPortSuppressTicksAndSleep         
00004d75  vPortValidateInterruptPriority     
00002f6b  vQueueDelete                       
00002f9d  vQueueSetQueueNumber               
0000323d  vQueueWaitForMessageRestricted     
000004d1  vTaskDelay                         
000003ed  vTaskDelayUntil                    
00000323  vTaskDelete                        
00000a25  vTaskEndScheduler                  
00001f35  vTaskGenericNotifyGiveFromISR      
00001575  vTaskGetInfo                       
0000128d  vTaskInternalSetTimeOutState       
00001359  vTaskMissedYield                   
00001059  vTaskPlaceOnEventList              
000010f5  vTaskPlaceOnEventListRestricted    
0000108d  vTaskPlaceOnUnorderedEventList     
00001939  vTaskPriorityDisinheritAfterTimeout
0000067d  vTaskPrioritySet                   
000011c5  vTaskRemoveFromUnorderedEventList  
00000915  vTaskResume                        
00000eb1  vTaskSetApplicationTaskTag         
00001381  vTaskSetTaskNumber                 
00001459  vTaskSetThreadLocalStoragePointer  
0000125b  vTaskSetTimeOutState               
000009a9  vTaskStartScheduler                
00000cf9  vTaskStepTick                      
000007b1  vTaskSuspend                       
00000a41  vTaskSuspendAll                    
00000f89  vTaskSwitchContext                 
00003e93  vTimerSetReloadMode                
0000442b  vTimerSetTimerID                   
00004467  vTimerSetTimerNumber               
00008631  wcslen                             
000084e5  write                              
20008790  x                                  
0000500d  xPortGetFreeHeapSize               
00005013  xPortGetMinimumEverFreeHeapSize    
000074e9  xPortPendSVHandler                 
00004a5d  xPortStartScheduler                
00004ba7  xPortSysTickHandler                
00002427  xQueueCreateCountingSemaphore      
00002353  xQueueCreateMutex                  
0000225d  xQueueGenericCreate                
000021a9  xQueueGenericReset                 
00002485  xQueueGenericSend                  
00002639  xQueueGenericSendFromISR           
00002765  xQueueGiveFromISR                  
0000237f  xQueueGiveMutexRecursive           
000031a9  xQueueIsQueueEmptyFromISR          
00003203  xQueueIsQueueFullFromISR           
00002bbd  xQueuePeek                         
00002e31  xQueuePeekFromISR                  
00002873  xQueueReceive                      
00002d3b  xQueueReceiveFromISR               
000029eb  xQueueSemaphoreTake                
000023cf  xQueueTakeMutexRecursive           
00000f49  xTaskCallApplicationTaskHook       
00000d33  xTaskCatchUpTicks                  
000012a7  xTaskCheckForTimeOut               
000000e5  xTaskCreate                        
00001c11  xTaskGenericNotify                 
00001d87  xTaskGenericNotifyFromISR          
0000203f  xTaskGenericNotifyStateClear       
00001b2d  xTaskGenericNotifyWait             
00000ed7  xTaskGetApplicationTaskTag         
00000f05  xTaskGetApplicationTaskTagFromISR  
0000174b  xTaskGetCurrentTaskHandle          
0000175b  xTaskGetSchedulerState             
00000bab  xTaskGetTickCount                  
00000bbb  xTaskGetTickCountFromISR           
00000d85  xTaskIncrementTick                 
0000186d  xTaskPriorityDisinherit            
000017a5  xTaskPriorityInherit               
00001135  xTaskRemoveFromEventList           
00000aa9  xTaskResumeAll                     
00003d29  xTimerCreate                       
00003ce9  xTimerCreateTimerTask              
00003dcb  xTimerGenericCommand               
00003f19  xTimerGetExpiryTime                
00003e6d  xTimerGetPeriod                    
00003e4b  xTimerGetTimerDaemonTaskHandle     
000043c1  xTimerIsTimerActive                
20008791  y                                  


GLOBAL SYMBOLS: SORTED BY Symbol Address 

address   name                               
-------   ----                               
00000000  __TI_static_base__                 
00000000  interruptVectors                   
000000e5  xTaskCreate                        
00000200  __STACK_SIZE                       
00000323  vTaskDelete                        
000003ed  vTaskDelayUntil                    
00000400  __SYSMEM_SIZE                      
000004d1  vTaskDelay                         
00000539  eTaskGetState                      
00000611  uxTaskPriorityGet                  
00000639  uxTaskPriorityGetFromISR           
0000067d  vTaskPrioritySet                   
000007b1  vTaskSuspend                       
00000915  vTaskResume                        
000009a9  vTaskStartScheduler                
00000a25  vTaskEndScheduler                  
00000a41  vTaskSuspendAll                    
00000aa9  xTaskResumeAll                     
00000bab  xTaskGetTickCount                  
00000bbb  xTaskGetTickCountFromISR           
00000bcf  uxTaskGetNumberOfTasks             
00000bd5  pcTaskGetName                      
00000c1d  uxTaskGetSystemState               
00000cf9  vTaskStepTick                      
00000d33  xTaskCatchUpTicks                  
00000d85  xTaskIncrementTick                 
00000eb1  vTaskSetApplicationTaskTag         
00000ed7  xTaskGetApplicationTaskTag         
00000f05  xTaskGetApplicationTaskTagFromISR  
00000f49  xTaskCallApplicationTaskHook       
00000f89  vTaskSwitchContext                 
00001059  vTaskPlaceOnEventList              
0000108d  vTaskPlaceOnUnorderedEventList     
000010f5  vTaskPlaceOnEventListRestricted    
00001135  xTaskRemoveFromEventList           
000011c5  vTaskRemoveFromUnorderedEventList  
0000125b  vTaskSetTimeOutState               
0000128d  vTaskInternalSetTimeOutState       
000012a7  xTaskCheckForTimeOut               
00001359  vTaskMissedYield                   
00001361  uxTaskGetTaskNumber                
00001381  vTaskSetTaskNumber                 
000013fd  eTaskConfirmSleepModeStatus        
00001459  vTaskSetThreadLocalStoragePointer  
000014a1  pvTaskGetThreadLocalStoragePointer 
00001575  vTaskGetInfo                       
0000174b  xTaskGetCurrentTaskHandle          
0000175b  xTaskGetSchedulerState             
000017a5  xTaskPriorityInherit               
0000186d  xTaskPriorityDisinherit            
00001939  vTaskPriorityDisinheritAfterTimeout
00001a33  uxTaskResetEventItemValue          
00001a55  pvTaskIncrementMutexHeldCount      
00001a75  ulTaskGenericNotifyTake            
00001b2d  xTaskGenericNotifyWait             
00001c11  xTaskGenericNotify                 
00001d87  xTaskGenericNotifyFromISR          
00001f35  vTaskGenericNotifyGiveFromISR      
0000203f  xTaskGenericNotifyStateClear       
000020a3  ulTaskGenericNotifyValueClear      
000021a9  xQueueGenericReset                 
0000225d  xQueueGenericCreate                
00002353  xQueueCreateMutex                  
0000237f  xQueueGiveMutexRecursive           
000023cf  xQueueTakeMutexRecursive           
00002427  xQueueCreateCountingSemaphore      
00002485  xQueueGenericSend                  
00002639  xQueueGenericSendFromISR           
00002765  xQueueGiveFromISR                  
00002873  xQueueReceive                      
000029eb  xQueueSemaphoreTake                
00002bbd  xQueuePeek                         
00002d3b  xQueueReceiveFromISR               
00002e31  xQueuePeekFromISR                  
00002edd  uxQueueMessagesWaiting             
00002f0d  uxQueueSpacesAvailable             
00002f41  uxQueueMessagesWaitingFromISR      
00002f6b  vQueueDelete                       
00002f8f  uxQueueGetQueueNumber              
00002f9d  vQueueSetQueueNumber               
00002faf  ucQueueGetQueueType                
000031a9  xQueueIsQueueEmptyFromISR          
00003203  xQueueIsQueueFullFromISR           
0000323d  vQueueWaitForMessageRestricted     
00003299  __TI_printfi                       
00003ce7  _nop                               
00003ce9  xTimerCreateTimerTask              
00003d29  xTimerCreate                       
00003dcb  xTimerGenericCommand               
00003e4b  xTimerGetTimerDaemonTaskHandle     
00003e6d  xTimerGetPeriod                    
00003e93  vTimerSetReloadMode                
00003edd  uxTimerGetReloadMode               
00003f19  xTimerGetExpiryTime                
00003f43  pcTimerGetName                     
000043c1  xTimerIsTimerActive                
000043fd  pvTimerGetTimerID                  
0000442b  vTimerSetTimerID                   
00004459  uxTimerGetTimerNumber              
00004467  vTimerSetTimerNumber               
0000448d  HAL_LCD_PortInit                   
000044d5  HAL_LCD_SpiInit                    
00004509  HAL_LCD_writeCommand               
00004541  HAL_LCD_writeData                  
00004565  Crystalfontz128x128_SetDrawFrame   
000045fd  Crystalfontz128x128_Init           
0000472b  lcd_draw_rectangle                 
00004849  lcd_draw_image                     
000049d1  pxPortInitialiseStack              
00004a5d  xPortStartScheduler                
00004b15  vPortEndScheduler                  
00004b39  vPortEnterCritical                 
00004b7b  vPortExitCritical                  
00004ba7  xPortSysTickHandler                
00004bd5  vPortSuppressTicksAndSleep         
00004d2d  vPortSetupTimerInterrupt           
00004d75  vPortValidateInterruptPriority     
00004e09  pvPortMalloc                       
00004f73  vPortFree                          
0000500d  xPortGetFreeHeapSize               
00005013  xPortGetMinimumEverFreeHeapSize    
00005019  vPortInitialiseBlocks              
00005175  vPortGetHeapStats                  
00005235  SystemCoreClockUpdate              
000054ad  SystemInit                         
00005589  OPT3001_init                       
000055c3  Task_Light_Sensor_Init             
000055cf  OPT3001_get_lux                    
00005649  print_device_id                    
00005697  print_manufacturer_id              
000056eb  Task_Light_Sensor                  
00005949  Task_Console_Init                  
00005977  fputc                              
00005995  EUSCIA0_IRQHandler                 
00005995  EUSCIA0_IRQHandler                 
00005a0d  Task_Console_Bottom_Half           
00005de7  Task_Accelerometer_Init            
00005e55  Task_Accelerometer_Timer           
00005e6b  Task_Accelerometer                 
00005ef1  ADC14_IRQHandler                   
00005ef1  ADC14_IRQHandler                   
00005f75  main                               
0000603d  vApplicationMallocFailedHook       
0000603f  vApplicationStackOverflowHook      
0000631d  buzzer_get_time_delay              
00006375  Buzzer_Set_Period                  
000063c3  T32_1_wait                         
0000642b  Task_Buzzer_Init                   
00006453  Buzzer_On                          
0000646d  Buzzer_Off                         
0000647b  Buzzer_Run_Status                  
0000648f  Task_Buzzer                        
0000657b  i2c_init                           
000065bb  i2c_write_16                       
00006617  i2c_read_16                        
000066ad  Task_Packman_Init                  
000066cb  Draw_Packman                       
000066f3  Task_Packman                       
00006869  __aeabi_dsub                       
00006873  __aeabi_dadd                       
00006a1f  __aeabi_idiv0                      
00006a1f  __aeabi_ldiv0                      
00006b5d  __aeabi_ddiv                       
00006c93  vListInitialise                    
00006cc3  vListInitialiseItem                
00006cd3  vListInsertEnd                     
00006d0f  vListInsert                        
00006d75  uxListRemove                       
00006ee1  fputs                              
00006ff5  ldexp                              
00006ff5  ldexpl                             
00006ff5  scalbn                             
00006ff5  scalbnl                            
00007105  aligned_alloc                      
00007105  memalign                           
00007205  __aeabi_dmul                       
00007301  free                               
000073e5  setvbuf                            
000074d1  ulPortGetIPSR                      
000074e9  xPortPendSVHandler                 
00007549  vPortSVCHandler                    
00007569  vPortStartFirstTask                
0000758d  vPortEnableVFP                     
0000764f  __aeabi_memcpy                     
0000764f  __aeabi_memcpy4                    
0000764f  __aeabi_memcpy8                    
0000764f  memcpy                             
000076eb  __aeabi_uldivmod                   
00007781  __aeabi_cdcmpeq                    
00007781  __aeabi_cdcmple                    
00007807  __aeabi_cdrcmple                   
0000788d  __aeabi_memclr                     
0000788d  __aeabi_memclr4                    
0000788d  __aeabi_memclr8                    
0000788f  __aeabi_memset                     
0000788f  __aeabi_memset4                    
0000788f  __aeabi_memset8                    
00007895  memset                             
00007909  __TI_closefile                     
00007a5d  HOSTrename                         
00007ac9  HOSTlseek                          
00007b31  __TI_decompress_lzss               
00007b99  printf                             
00007c01  frexp                              
00007c01  frexpl                             
00007c65  fseek                              
00007cc9  __TI_wrt_ok                        
00007d2d  HOSTopen                           
00007d8d  close                              
00007de9  HOSTread                           
00007e41  HOSTwrite                          
00007eef  __TI_ltoa                          
00007f95  __TI_doflush                       
00007fe1  atoi                               
0000802d  exit                               
00008075  __aeabi_d2iz                       
000080bd  HOSTclose                          
00008101  HOSTunlink                         
00008145  __TI_auto_init_nobinit_nopinit     
00008189  getdevice                          
000081cd  __aeabi_d2uiz                      
00008211  sprintf                            
00008251  strtok                             
000082d1  __TI_writemsg                      
000082ff  C$$IO$$                            
00008309  strncpy                            
00008341  __TI_cleanup                       
00008375  __TI_readmsg                       
000083a9  _c_int00_noargs                    
000083dd  finddevice                         
0000840d  __aeabi_i2d                        
0000843d  remove                             
0000843d  unlink                             
00008469  strspn                             
000084bd  lseek                              
000084e5  write                              
0000850d  strcspn                            
00008531  memchr                             
00008551  __aeabi_ui2d                       
0000858d  memccpy                            
000085a9  copysign                           
000085a9  copysignl                          
000085db  strcmp                             
000085f3  strchr                             
00008609  strcpy                             
0000861d  strlen                             
00008631  wcslen                             
00008643  __TI_decompress_none               
00008651  Reset_Handler                      
0000865d  AES256_IRQHandler                  
0000865d  BusFault_Handler                   
0000865d  COMP_E0_IRQHandler                 
0000865d  COMP_E1_IRQHandler                 
0000865d  CS_IRQHandler                      
0000865d  DMA_ERR_IRQHandler                 
0000865d  DMA_INT0_IRQHandler                
0000865d  DMA_INT1_IRQHandler                
0000865d  DMA_INT2_IRQHandler                
0000865d  DMA_INT3_IRQHandler                
0000865d  DebugMon_Handler                   
0000865d  Default_Handler                    
0000865d  EUSCIA1_IRQHandler                 
0000865d  EUSCIA2_IRQHandler                 
0000865d  EUSCIA3_IRQHandler                 
0000865d  EUSCIB0_IRQHandler                 
0000865d  EUSCIB1_IRQHandler                 
0000865d  EUSCIB2_IRQHandler                 
0000865d  EUSCIB3_IRQHandler                 
0000865d  FLCTL_IRQHandler                   
0000865d  FPU_IRQHandler                     
0000865d  HardFault_Handler                  
0000865d  MemManage_Handler                  
0000865d  NMI_Handler                        
0000865d  PCM_IRQHandler                     
0000865d  PORT1_IRQHandler                   
0000865d  PORT2_IRQHandler                   
0000865d  PORT3_IRQHandler                   
0000865d  PORT4_IRQHandler                   
0000865d  PORT5_IRQHandler                   
0000865d  PORT6_IRQHandler                   
0000865d  PSS_IRQHandler                     
0000865d  PendSV_Handler                     
0000865d  RTC_C_IRQHandler                   
0000865d  SVC_Handler                        
0000865d  SysTick_Handler                    
0000865d  T32_INT1_IRQHandler                
0000865d  T32_INT2_IRQHandler                
0000865d  T32_INTC_IRQHandler                
0000865d  TA0_0_IRQHandler                   
0000865d  TA0_N_IRQHandler                   
0000865d  TA1_0_IRQHandler                   
0000865d  TA1_N_IRQHandler                   
0000865d  TA2_0_IRQHandler                   
0000865d  TA2_N_IRQHandler                   
0000865d  TA3_0_IRQHandler                   
0000865d  TA3_N_IRQHandler                   
0000865d  UsageFault_Handler                 
0000865d  WDT_A_IRQHandler                   
0000865f  __TI_zero_init                     
00008675  __aeabi_errno_addr                 
0000867d  malloc                             
0000868d  _system_pre_init                   
00008691  C$$EXIT                            
00008691  abort                              
00008694  _ctypes_                           
00008795  packman_WidthPixels                
00008796  packman_HeightPixels               
00008798  ulMaxSyscallInterruptPriority      
00008920  __TI_Handler_Table_Base            
0000892c  __TI_Handler_Table_Limit           
00008938  __TI_CINIT_Base                    
00008948  __TI_CINIT_Limit                   
20000000  __start___llvm_prf_cnts            
20000000  __stop___llvm_prf_cnts             
20008000  __CIOBUF_                          
200081e8  __TI_tmpnams                       
20008314  RX_ARRAY                           
20008338  parmbuf                            
20008340  Queue_Packman                      
20008344  Sem_Console                        
20008348  Task_Accelerometer_Handle          
2000834c  Task_Accelerometer_Timer_Handle    
20008350  Task_Buzzer_Handle                 
20008354  Task_Console_Handle                
20008358  Task_Light_Sensor_Handle           
2000835c  Task_Packman_Handle                
20008360  Lcd_ScreenHeigth                   
20008362  Lcd_ScreenWidth                    
20008364  _ftable                            
20008454  Song                               
20008534  _device                            
200085ac  _stream                            
200085fc  packman_downBitmaps                
20008638  packman_leftBitmaps                
20008674  packman_rightBitmaps               
200086b0  packman_upBitmaps                  
200086ec  pxCurrentTCB                       
20008750  __TI_ft_end                        
20008754  __aeabi_stdin                      
20008758  __aeabi_stdout                     
2000875c  __aeabi_stderr                     
20008760  __TI_cleanup_ptr                   
20008764  __TI_dtors_ptr                     
20008768  __TI_enable_exit_profile_output    
20008778  _lock                              
2000877c  _unlock                            
20008788  JOYSTICK_X_DIR                     
2000878c  JOYSTICK_Y_DIR                     
20008790  x                                  
20008791  y                                  
20008794  current_packman_Bitmap             
20008798  errno                              
200087a0  SystemCoreClock                    
200087a4  RX_INDEX                           
200087a6  Packman_Color                      
200087a8  _sys_memory                        
2000fe00  __stack                            
20010000  __STACK_END                        
4000480c  WDTCTL_SYM                         
ffffffff  __TI_pprof_out_hndl                
ffffffff  __TI_prof_data_size                
ffffffff  __TI_prof_data_start               
ffffffff  __binit__                          
ffffffff  __c_args__                         
ffffffff  binit                              
UNDEFED   __mpu_init                         
UNDEFED   _system_post_cinit                 

[367 symbols]
