******************************************************************************
                  TI ARM Linker PC v20.2.2                     
******************************************************************************
>> Linked Sat Dec  5 02:14:14 2020

OUTPUT FILE NAME:   <Project.out>
ENTRY POINT SYMBOL: "_c_int00_noargs"  address: 000092c5


MEMORY CONFIGURATION

         name            origin    length      used     unused   attr    fill
----------------------  --------  ---------  --------  --------  ----  --------
  MAIN                  00000000   00040000  000099c6  0003663a  R  X
  INFO                  00200000   00004000  00000000  00004000  R  X
  SRAM_CODE             01000000   00010000  00008e3c  000071c4  RW X
  SRAM_DATA             20000000   00010000  00008e3c  000071c4  RW  


SEGMENT ALLOCATION MAP

run origin  load origin   length   init length attrs members
----------  ----------- ---------- ----------- ----- -------
00000000    00000000    000099c8   000099c8    r-x
  00000000    00000000    000000e4   000000e4    r-- .intvecs
  000000e4    000000e4    00009534   00009534    r-x .text
  00009618    00009618    0000019e   0000019e    r-- .const
  000097b8    000097b8    00000210   00000210    r-- .cinit
20000000    20000000    00008c40   00000000    rw-
  20000000    20000000    0000836e   00000000    rw- .bss
  20008370    20008370    000004ce   00000000    rw- .data
  20008840    20008840    00000400   00000000    rw- .sysmem
2000fe00    2000fe00    00000200   00000000    rw-
  2000fe00    2000fe00    00000200   00000000    rw- .stack


SECTION ALLOCATION MAP

 output                                  attributes/
section   page    origin      length       input sections
--------  ----  ----------  ----------   ----------------
.intvecs   0    00000000    000000e4     
                  00000000    000000e4     startup_msp432p401r_ccs.obj (.intvecs:retain)

.text      0    000000e4    00009534     
                  000000e4    000020c4     tasks.obj (.text)
                  000021a8    000010f0     queue.obj (.text)
                  00003298    00000a4e     rtsv7M4_T_le_v4SPD16_eabi.lib : _printfi.c.obj (.text:__TI_printfi)
                  00003ce6    00000002                                   : _lock.c.obj (.text:_nop)
                  00003ce8    000009c0                                   : e_pow.c.obj (.text:pow)
                  000046a8    000007a4     timers.obj (.text)
                  00004e4c    00000544     lcd.obj (.text)
                  00005390    00000478     task_packman.obj (.text)
                  00005808    00000438     port.obj (.text)
                  00005c40    0000042c     heap_4.obj (.text)
                  0000606c    00000354     system_msp432p401r.obj (.text)
                  000063c0    00000330     task_light_sensor.obj (.text)
                  000066f0    00000294     task_console.obj (.text)
                  00006984    00000270     rtsv7M4_T_le_v4SPD16_eabi.lib : _printfi.c.obj (.text:_pconv_a)
                  00006bf4    0000025c     task_accelerometer.obj (.text)
                  00006e50    0000022c     task_buzzer.obj (.text)
                  0000707c    000001d8     main.obj (.text)
                  00007254    000001d0     rtsv7M4_T_le_v4SPD16_eabi.lib : _printfi.c.obj (.text:_pconv_g)
                  00007424    000001c0     i2c.obj (.text)
                  000075e4    000001b6     rtsv7M4_T_le_v4SPD16_eabi.lib : fd_add_t2.asm.obj (.text)
                  0000779a    00000002                                   : div0.asm.obj (.text)
                  0000779c    00000158                                   : e_sqrt.c.obj (.text:sqrt)
                  000078f4    0000013c                                   : _printfi.c.obj (.text:_pconv_e)
                  00007a30    00000136                                   : fd_div_t2.asm.obj (.text)
                  00007b66    0000012a     list.obj (.text)
                  00007c90    00000124     rtsv7M4_T_le_v4SPD16_eabi.lib : _printfi.c.obj (.text:fcvt)
                  00007db4    00000114                                   : fputs.c.obj (.text:fputs)
                  00007ec8    00000110                                   : s_scalbn.c.obj (.text:scalbn)
                  00007fd8    00000100                                   : memory.c.obj (.text:aligned_alloc)
                  000080d8    000000fc                                   : fd_mul_t2.asm.obj (.text)
                  000081d4    000000e4                                   : memory.c.obj (.text:free)
                  000082b8    000000dc                                   : setvbuf.c.obj (.text:setvbuf)
                  00008394    000000da     portasm.obj (.text)
                  0000846e    00000002     --HOLE-- [fill = 0]
                  00008470    000000b1     rtsv7M4_T_le_v4SPD16_eabi.lib : _printfi.c.obj (.text:_ltostr)
                  00008521    00000001     --HOLE-- [fill = 0]
                  00008522    0000009c                                   : memcpy_t2.asm.obj (.text)
                  000085be    00000096                                   : ull_div_t2.asm.obj (.text)
                  00008654    00000086                                   : fd_cmp_t2.asm.obj (.text:__aeabi_cdcmple)
                  000086da    00000086                                   : fd_cmp_t2.asm.obj (.text:__aeabi_cdrcmple)
                  00008760    0000007a                                   : memset_t2.asm.obj (.text)
                  000087da    00000002     --HOLE-- [fill = 0]
                  000087dc    00000074                                   : fclose.c.obj (.text:__TI_closefile)
                  00008850    00000070                                   : memory.c.obj (.text:split)
                  000088c0    0000006e                                   : _printfi.c.obj (.text:_mcpy)
                  0000892e    00000002     --HOLE-- [fill = 0]
                  00008930    0000006c                                   : hostrename.c.obj (.text:HOSTrename)
                  0000899c    00000068                                   : hostlseek.c.obj (.text:HOSTlseek)
                  00008a04    00000068                                   : copy_decompress_lzss.c.obj (.text:decompress:lzss:__TI_decompress_lzss)
                  00008a6c    00000068                                   : printf.c.obj (.text:printf)
                  00008ad4    00000064                                   : s_frexp.c.obj (.text:frexp)
                  00008b38    00000064                                   : fseek.c.obj (.text:fseek)
                  00008b9c    00000062                                   : _io_perm.c.obj (.text:__TI_wrt_ok)
                  00008bfe    00000002     --HOLE-- [fill = 0]
                  00008c00    00000060                                   : hostopen.c.obj (.text:HOSTopen)
                  00008c60    0000005c                                   : close.c.obj (.text:close)
                  00008cbc    00000058                                   : hostread.c.obj (.text:HOSTread)
                  00008d14    00000058                                   : hostwrite.c.obj (.text:HOSTwrite)
                  00008d6c    00000056                                   : _printfi.c.obj (.text:_pconv_f)
                  00008dc2    00000054                                   : _ltoa.c.obj (.text:__TI_ltoa)
                  00008e16    00000052                                   : _printfi.c.obj (.text:_ecpy)
                  00008e68    0000004c                                   : fflush.c.obj (.text:__TI_doflush)
                  00008eb4    0000004c                                   : atoi.c.obj (.text:atoi)
                  00008f00    00000048                                   : hosttime.c.obj (.text:HOSTtime)
                  00008f48    00000048                                   : exit.c.obj (.text:exit)
                  00008f90    00000048                                   : fd_toi_t2.asm.obj (.text)
                  00008fd8    00000044                                   : hostclose.c.obj (.text:HOSTclose)
                  0000901c    00000044                                   : hostunlink.c.obj (.text:HOSTunlink)
                  00009060    00000044                                   : autoinit.c.obj (.text:__TI_auto_init_nobinit_nopinit:__TI_auto_init_nobinit_nopinit)
                  000090a4    00000044                                   : getdevice.c.obj (.text:getdevice)
                  000090e8    00000044                                   : fd_tou_t2.asm.obj (.text)
                  0000912c    00000040                                   : sprintf.c.obj (.text:sprintf)
                  0000916c    00000040                                   : strtok.c.obj (.text:strtok)
                  000091ac    0000003e                                   : _printfi.c.obj (.text:_fcpy)
                  000091ea    00000002     --HOLE-- [fill = 0]
                  000091ec    00000038                                   : trgmsg.c.obj (.text:__TI_writemsg)
                  00009224    00000036                                   : strncpy.c.obj (.text:strncpy)
                  0000925a    00000002     --HOLE-- [fill = 0]
                  0000925c    00000034                                   : fopen.c.obj (.text:__TI_cleanup)
                  00009290    00000034                                   : trgmsg.c.obj (.text:__TI_readmsg)
                  000092c4    00000034                                   : boot_cortex_m.c.obj (.text:_c_int00_noargs:_c_int00_noargs)
                  000092f8    00000034                                   : rand.c.obj (.text:rand)
                  0000932c    00000030                                   : getdevice.c.obj (.text:finddevice)
                  0000935c    0000002e                                   : i_tofd_t2.asm.obj (.text)
                  0000938a    00000002     --HOLE-- [fill = 0]
                  0000938c    0000002c                                   : unlink.c.obj (.text:unlink)
                  000093b8    0000002a                                   : strspn.c.obj (.text:strspn)
                  000093e2    00000002     --HOLE-- [fill = 0]
                  000093e4    00000028                                   : memory.c.obj (.text:free_list_insert)
                  0000940c    00000028                                   : lseek.c.obj (.text:lseek)
                  00009434    00000028                                   : write.c.obj (.text:write)
                  0000945c    00000024                                   : rand.c.obj (.text:srand)
                  00009480    00000024                                   : strcspn.c.obj (.text:strcspn)
                  000094a4    00000020                                   : memchr.c.obj (.text:memchr)
                  000094c4    00000020                                   : u_tofd_t2.asm.obj (.text)
                  000094e4    0000001c                                   : memory.c.obj (.text:free_list_remove)
                  00009500    0000001c                                   : memccpy.c.obj (.text:memccpy)
                  0000951c    0000001a                                   : s_copysign.c.obj (.text:copysign)
                  00009536    00000018                                   : sprintf.c.obj (.text:_outs)
                  0000954e    00000018                                   : strcmp.c.obj (.text:strcmp)
                  00009566    00000016                                   : strchr.c.obj (.text:strchr)
                  0000957c    00000014                                   : strcpy.c.obj (.text:strcpy)
                  00009590    00000014                                   : strlen.c.obj (.text:strlen)
                  000095a4    00000012                                   : wcslen.c.obj (.text:wcslen)
                  000095b6    0000000e                                   : time.c.obj (.text:__time32)
                  000095c4    0000000e                                   : copy_decompress_none.c.obj (.text:decompress:none:__TI_decompress_none)
                  000095d2    0000000e     startup_msp432p401r_ccs.obj (.text)
                  000095e0    0000000c     rtsv7M4_T_le_v4SPD16_eabi.lib : copy_zero_init.c.obj (.text:decompress:ZI:__TI_zero_init)
                  000095ec    0000000a                                   : sprintf.c.obj (.text:_outc)
                  000095f6    00000002     --HOLE-- [fill = 0]
                  000095f8    00000008                                   : errno.c.obj (.text:__aeabi_errno_addr)
                  00009600    00000008                                   : memory.c.obj (.text:malloc)
                  00009608    00000004                                   : printf.c.obj (.text:_outc)
                  0000960c    00000004                                   : printf.c.obj (.text:_outs)
                  00009610    00000004                                   : pre_init.c.obj (.text:_system_pre_init)
                  00009614    00000004                                   : exit.c.obj (.text:abort:abort)

.const     0    00009618    0000019e     
                  00009618    00000101     rtsv7M4_T_le_v4SPD16_eabi.lib : ctype.c.obj (.const:.string:_ctypes_)
                  00009719    0000005a     packman.obj (.const:.string:blankScreenBitmaps)
                  00009773    00000005     --HOLE-- [fill = 0]
                  00009778    00000030     rtsv7M4_T_le_v4SPD16_eabi.lib : e_pow.c.obj (.const:$O1$$)
                  000097a8    00000008     port.obj (.const)
                  000097b0    00000006     packman.obj (.const)

.cinit     0    000097b8    00000210     
                  000097b8    000001ec     (.cinit..data.load) [load image, compression = lzss]
                  000099a4    0000000c     (__TI_handler_table)
                  000099b0    00000008     (.cinit..bss.load) [load image, compression = zero_init]
                  000099b8    00000010     (__TI_cinit_table)

.init_array 
*          0    00000000    00000000     UNINITIALIZED

.binit     0    00000000    00000000     

.bss       0    20000000    0000836e     UNINITIALIZED
                  20000000    00008000     heap_4.obj (.bss:ucHeap)
                  20008000    00000120     rtsv7M4_T_le_v4SPD16_eabi.lib : trgmsg.c.obj (.bss:_CIOBUF_)
                  20008120    000000c8     tasks.obj (.bss:pxReadyTasksLists)
                  200081e8    000000a0     (.common:__TI_tmpnams)
                  20008288    00000014     timers.obj (.bss:xActiveTimerList1)
                  2000829c    00000014     timers.obj (.bss:xActiveTimerList2)
                  200082b0    00000014     tasks.obj (.bss:xDelayedTaskList1)
                  200082c4    00000014     tasks.obj (.bss:xDelayedTaskList2)
                  200082d8    00000014     tasks.obj (.bss:xPendingReadyList)
                  200082ec    00000014     tasks.obj (.bss:xSuspendedTaskList)
                  20008300    00000014     tasks.obj (.bss:xTasksWaitingTermination)
                  20008314    0000000c     (.common:RX_ARRAY)
                  20008320    00000008     tasks.obj (.bss)
                  20008328    00000008     timers.obj (.bss)
                  20008330    00000008     heap_4.obj (.bss:xStart)
                  20008338    00000008     (.common:parmbuf)
                  20008340    00000004     (.common:Queue_Music)
                  20008344    00000004     (.common:Queue_Packman)
                  20008348    00000004     (.common:Sem_Console)
                  2000834c    00000004     (.common:Task_Accelerometer_Handle)
                  20008350    00000004     (.common:Task_Accelerometer_Timer_Handle)
                  20008354    00000004     (.common:Task_Buzzer_Handle)
                  20008358    00000004     (.common:Task_Console_Handle)
                  2000835c    00000004     (.common:Task_Light_Sensor_Handle)
                  20008360    00000004     (.common:Task_Packman_Handle)
                  20008364    00000004     (.common:curr_music)
                  20008368    00000002     (.common:Lcd_ScreenHeigth)
                  2000836a    00000002     (.common:Lcd_ScreenWidth)
                  2000836c    00000001     (.common:fruit_x)
                  2000836d    00000001     (.common:fruit_y)

.data      0    20008370    000004ce     UNINITIALIZED
                  20008370    000000f8     task_buzzer.obj (.data:Jeopardy)
                  20008468    000000f0     rtsv7M4_T_le_v4SPD16_eabi.lib : defs.c.obj (.data:_ftable)
                  20008558    00000078                                   : host_device.c.obj (.data:_device)
                  200085d0    00000050                                   : host_device.c.obj (.data:_stream)
                  20008620    0000003c     packman.obj (.data:packman_downBitmaps)
                  2000865c    0000003c     packman.obj (.data:packman_leftBitmaps)
                  20008698    0000003c     packman.obj (.data:packman_rightBitmaps)
                  200086d4    0000003c     packman.obj (.data:packman_upBitmaps)
                  20008710    00000034     tasks.obj (.data)
                  20008744    0000001a     packman.obj (.data:appleBitmaps)
                  2000875e    0000001a     packman.obj (.data:orangeBitmaps)
                  20008778    00000018     task_buzzer.obj (.data:Eat)
                  20008790    00000018     packman.obj (.data:bannanaBitmaps)
                  200087a8    00000018     heap_4.obj (.data)
                  200087c0    00000018     port.obj (.data)
                  200087d8    00000010     rtsv7M4_T_le_v4SPD16_eabi.lib : defs.c.obj (.data)
                  200087e8    0000000e     task_packman.obj (.data)
                  200087f6    00000002     task_console.obj (.data)
                  200087f8    0000000c     rtsv7M4_T_le_v4SPD16_eabi.lib : exit.c.obj (.data:$O1$$)
                  20008804    0000000c     task_accelerometer.obj (.data)
                  20008810    0000000c     timers.obj (.data)
                  2000881c    00000008     rtsv7M4_T_le_v4SPD16_eabi.lib : _lock.c.obj (.data:$O1$$)
                  20008824    00000008                                   : memory.c.obj (.data:$O1$$)
                  2000882c    00000004                                   : errno.c.obj (.data)
                  20008830    00000004                                   : rand.c.obj (.data)
                  20008834    00000004                                   : strtok.c.obj (.data)
                  20008838    00000004     system_msp432p401r.obj (.data)
                  2000883c    00000002     task_light_sensor.obj (.data)

.sysmem    0    20008840    00000400     UNINITIALIZED
                  20008840    00000010     rtsv7M4_T_le_v4SPD16_eabi.lib : memory.c.obj (.sysmem)
                  20008850    000003f0     --HOLE--

.stack     0    2000fe00    00000200     UNINITIALIZED
                  2000fe00    00000004     rtsv7M4_T_le_v4SPD16_eabi.lib : boot_cortex_m.c.obj (.stack)
                  2000fe04    000001fc     --HOLE--

__llvm_prf_cnts 
*          0    20000000    00000000     UNINITIALIZED

MODULE SUMMARY

       Module                        code    ro data   rw data
       ------                        ----    -------   -------
    .\
       lcd.obj                       1348    0         8      
       task_packman.obj              1144    0         48     
       task_buzzer.obj               556     0         568    
       system_msp432p401r.obj        852     0         8      
       task_light_sensor.obj         816     0         12     
       packman.obj                   0       96        632    
       task_console.obj              660     0         44     
       task_accelerometer.obj        604     0         40     
       main.obj                      472     0         0      
       i2c.obj                       448     0         0      
       startup_msp432p401r_ccs.obj   14      228       0      
    +--+-----------------------------+-------+---------+---------+
       Total:                        6914    324       1360   
                                                              
    .\FreeRTOS\
       heap_4.obj                    1068    0         65600  
       tasks.obj                     8388    0         720    
       queue.obj                     4336    0         0      
       timers.obj                    1956    0         120    
       list.obj                      298     0         0      
    +--+-----------------------------+-------+---------+---------+
       Total:                        16046   0         66440  
                                                              
    .\FreeRTOS\portable\
       port.obj                      1080    8         48     
       portasm.obj                   218     0         0      
    +--+-----------------------------+-------+---------+---------+
       Total:                        1298    8         48     
                                                              
    C:\ti\ccs1010\ccs\tools\compiler\ti-cgt-arm_20.2.2.LTS\lib\rtsv7M4_T_le_v4SPD16_eabi.lib
       _printfi.c.obj                4851    0         0      
       e_pow.c.obj                   2496    48        0      
       defs.c.obj                    0       0         832    
       memory.c.obj                  672     0         16     
       trgmsg.c.obj                  108     0         576    
       fd_add_t2.asm.obj             438     0         0      
       host_device.c.obj             0       0         400    
       e_sqrt.c.obj                  344     0         0      
       fd_div_t2.asm.obj             310     0         0      
       fputs.c.obj                   276     0         0      
       s_scalbn.c.obj                272     0         0      
       fd_cmp_t2.asm.obj             268     0         0      
       ctype.c.obj                   0       257       0      
       fd_mul_t2.asm.obj             252     0         0      
       setvbuf.c.obj                 220     0         0      
       memcpy_t2.asm.obj             156     0         0      
       ull_div_t2.asm.obj            150     0         0      
       memset_t2.asm.obj             122     0         0      
       fclose.c.obj                  116     0         0      
       getdevice.c.obj               116     0         0      
       hostopen.c.obj                96      0         16     
       printf.c.obj                  112     0         0      
       hostrename.c.obj              108     0         0      
       copy_decompress_lzss.c.obj    104     0         0      
       hostlseek.c.obj               104     0         0      
       exit.c.obj                    76      0         24     
       fseek.c.obj                   100     0         0      
       s_frexp.c.obj                 100     0         0      
       _io_perm.c.obj                98      0         0      
       sprintf.c.obj                 98      0         0      
       rand.c.obj                    88      0         8      
       close.c.obj                   92      0         0      
       hostread.c.obj                88      0         0      
       hostwrite.c.obj               88      0         0      
       _ltoa.c.obj                   84      0         0      
       atoi.c.obj                    76      0         0      
       fflush.c.obj                  76      0         0      
       fd_toi_t2.asm.obj             72      0         0      
       hosttime.c.obj                72      0         0      
       strtok.c.obj                  64      0         8      
       autoinit.c.obj                68      0         0      
       fd_tou_t2.asm.obj             68      0         0      
       hostclose.c.obj               68      0         0      
       hostunlink.c.obj              68      0         0      
       strncpy.c.obj                 54      0         0      
       boot_cortex_m.c.obj           52      0         0      
       fopen.c.obj                   52      0         0      
       i_tofd_t2.asm.obj             46      0         0      
       unlink.c.obj                  44      0         0      
       strspn.c.obj                  42      0         0      
       lseek.c.obj                   40      0         0      
       write.c.obj                   40      0         0      
       strcspn.c.obj                 36      0         0      
       memchr.c.obj                  32      0         0      
       u_tofd_t2.asm.obj             32      0         0      
       memccpy.c.obj                 28      0         0      
       s_copysign.c.obj              26      0         0      
       strcmp.c.obj                  24      0         0      
       strchr.c.obj                  22      0         0      
       strcpy.c.obj                  20      0         0      
       strlen.c.obj                  20      0         0      
       _lock.c.obj                   2       0         16     
       wcslen.c.obj                  18      0         0      
       errno.c.obj                   8       0         8      
       copy_decompress_none.c.obj    14      0         0      
       time.c.obj                    14      0         0      
       copy_zero_init.c.obj          12      0         0      
       pre_init.c.obj                4       0         0      
       div0.asm.obj                  2       0         0      
    +--+-----------------------------+-------+---------+---------+
       Total:                        13919   305       1904   
                                                              
       Heap:                         0       0         2048   
       Stack:                        0       0         1024   
       Linker Generated:             0       528       0      
    +--+-----------------------------+-------+---------+---------+
       Grand Total:                  38177   1165      72824  


LINKER GENERATED COPY TABLES

__TI_cinit_table @ 000099b8 records: 2, size/record: 8, table size: 16
	.data: load addr=000097b8, load size=000001ec bytes, run addr=20008370, run size=000004ce bytes, compression=lzss
	.bss: load addr=000099b0, load size=00000008 bytes, run addr=20000000, run size=0000836e bytes, compression=zero_init


LINKER GENERATED HANDLER TABLE

__TI_handler_table @ 000099a4 records: 3, size/record: 4, table size: 12
	index: 0, handler: __TI_decompress_lzss
	index: 1, handler: __TI_decompress_none
	index: 2, handler: __TI_zero_init


GLOBAL SYMBOLS: SORTED ALPHABETICALLY BY Name 

address   name                               
-------   ----                               
20008804  ACC_X_DIR                          
20008808  ACC_Y_DIR                          
2000880c  ACC_Z_DIR                          
00006db3  ADC14_IRQHandler                   
00006db3  ADC14_IRQHandler                   
000095df  AES256_IRQHandler                  
000095df  BusFault_Handler                   
00006fbb  Buzzer_Off                         
00006fa1  Buzzer_On                          
00006fc9  Buzzer_Run_Status                  
00006ea9  Buzzer_Set_Period                  
00009615  C$$EXIT                            
0000921b  C$$IO$$                            
000095df  COMP_E0_IRQHandler                 
000095df  COMP_E1_IRQHandler                 
000095df  CS_IRQHandler                      
00005541  Collision_Check                    
00004fbd  Crystalfontz128x128_Init           
00004f25  Crystalfontz128x128_SetDrawFrame   
000095df  DMA_ERR_IRQHandler                 
000095df  DMA_INT0_IRQHandler                
000095df  DMA_INT1_IRQHandler                
000095df  DMA_INT2_IRQHandler                
000095df  DMA_INT3_IRQHandler                
000095df  DebugMon_Handler                   
000095df  Default_Handler                    
0000551b  Draw_Black_Screen                  
000054bf  Draw_Fruit                         
000053af  Draw_Packman                       
0000680d  EUSCIA0_IRQHandler                 
0000680d  EUSCIA0_IRQHandler                 
000095df  EUSCIA1_IRQHandler                 
000095df  EUSCIA2_IRQHandler                 
000095df  EUSCIA3_IRQHandler                 
000095df  EUSCIB0_IRQHandler                 
000095df  EUSCIB1_IRQHandler                 
000095df  EUSCIB2_IRQHandler                 
000095df  EUSCIB3_IRQHandler                 
20008778  Eat                                
000095df  FLCTL_IRQHandler                   
000095df  FPU_IRQHandler                     
00004e4d  HAL_LCD_PortInit                   
00004e95  HAL_LCD_SpiInit                    
00004ec9  HAL_LCD_writeCommand               
00004f01  HAL_LCD_writeData                  
00008fd9  HOSTclose                          
0000899d  HOSTlseek                          
00008c01  HOSTopen                           
00008cbd  HOSTread                           
00008931  HOSTrename                         
00008f01  HOSTtime                           
0000901d  HOSTunlink                         
00008d15  HOSTwrite                          
000095df  HardFault_Handler                  
20008370  Jeopardy                           
20008368  Lcd_ScreenHeigth                   
2000836a  Lcd_ScreenWidth                    
000095df  MemManage_Handler                  
000095df  NMI_Handler                        
00006407  OPT3001_get_lux                    
000063c1  OPT3001_init                       
000095df  PCM_IRQHandler                     
000095df  PORT1_IRQHandler                   
000095df  PORT2_IRQHandler                   
000095df  PORT3_IRQHandler                   
000095df  PORT4_IRQHandler                   
000095df  PORT5_IRQHandler                   
000095df  PORT6_IRQHandler                   
000095df  PSS_IRQHandler                     
2000883c  Packman_Color                      
000095df  PendSV_Handler                     
20008340  Queue_Music                        
20008344  Queue_Packman                      
000095df  RTC_C_IRQHandler                   
20008314  RX_ARRAY                           
200087f6  RX_INDEX                           
000095d3  Reset_Handler                      
000095df  SVC_Handler                        
20008348  Sem_Console                        
000095df  SysTick_Handler                    
20008838  SystemCoreClock                    
0000606d  SystemCoreClockUpdate              
000062e5  SystemInit                         
00006ef7  T32_1_wait                         
000095df  T32_INT1_IRQHandler                
000095df  T32_INT2_IRQHandler                
000095df  T32_INTC_IRQHandler                
000095df  TA0_0_IRQHandler                   
000095df  TA0_N_IRQHandler                   
000095df  TA1_0_IRQHandler                   
000095df  TA1_N_IRQHandler                   
000095df  TA2_0_IRQHandler                   
000095df  TA2_N_IRQHandler                   
000095df  TA3_0_IRQHandler                   
000095df  TA3_N_IRQHandler                   
00006d01  Task_Accelerometer                 
2000834c  Task_Accelerometer_Handle          
00006c5f  Task_Accelerometer_Init            
00006ceb  Task_Accelerometer_Timer           
20008350  Task_Accelerometer_Timer_Handle    
00006fdd  Task_Buzzer                        
20008354  Task_Buzzer_Handle                 
00006f69  Task_Buzzer_Init                   
00006885  Task_Console_Bottom_Half           
20008358  Task_Console_Handle                
000067c1  Task_Console_Init                  
00006523  Task_Light_Sensor                  
2000835c  Task_Light_Sensor_Handle           
000063fb  Task_Light_Sensor_Init             
000055e5  Task_Packman                       
20008360  Task_Packman_Handle                
00005391  Task_Packman_Init                  
000053d7  Update_Random_Fruit_Coordinates    
000095df  UsageFault_Handler                 
4000480c  WDTCTL_SYM                         
000095df  WDT_A_IRQHandler                   
20008000  __CIOBUF_                          
20010000  __STACK_END                        
00000200  __STACK_SIZE                       
00000400  __SYSMEM_SIZE                      
000099b8  __TI_CINIT_Base                    
000099c8  __TI_CINIT_Limit                   
000099a4  __TI_Handler_Table_Base            
000099b0  __TI_Handler_Table_Limit           
00009061  __TI_auto_init_nobinit_nopinit     
0000925d  __TI_cleanup                       
200087f8  __TI_cleanup_ptr                   
000087dd  __TI_closefile                     
00008a05  __TI_decompress_lzss               
000095c5  __TI_decompress_none               
00008e69  __TI_doflush                       
200087fc  __TI_dtors_ptr                     
20008800  __TI_enable_exit_profile_output    
200087d8  __TI_ft_end                        
00008dc3  __TI_ltoa                          
ffffffff  __TI_pprof_out_hndl                
00003299  __TI_printfi                       
ffffffff  __TI_prof_data_size                
ffffffff  __TI_prof_data_start               
00009291  __TI_readmsg                       
00000000  __TI_static_base__                 
200081e8  __TI_tmpnams                       
000091ed  __TI_writemsg                      
00008b9d  __TI_wrt_ok                        
000095e1  __TI_zero_init                     
00008655  __aeabi_cdcmpeq                    
00008655  __aeabi_cdcmple                    
000086db  __aeabi_cdrcmple                   
00008f91  __aeabi_d2iz                       
000090e9  __aeabi_d2uiz                      
000075ef  __aeabi_dadd                       
00007a31  __aeabi_ddiv                       
000080d9  __aeabi_dmul                       
000075e5  __aeabi_dsub                       
000095f9  __aeabi_errno_addr                 
0000935d  __aeabi_i2d                        
0000779b  __aeabi_idiv0                      
0000779b  __aeabi_ldiv0                      
00008761  __aeabi_memclr                     
00008761  __aeabi_memclr4                    
00008761  __aeabi_memclr8                    
00008523  __aeabi_memcpy                     
00008523  __aeabi_memcpy4                    
00008523  __aeabi_memcpy8                    
00008763  __aeabi_memset                     
00008763  __aeabi_memset4                    
00008763  __aeabi_memset8                    
200087e4  __aeabi_stderr                     
200087dc  __aeabi_stdin                      
200087e0  __aeabi_stdout                     
000094c5  __aeabi_ui2d                       
000085bf  __aeabi_uldivmod                   
ffffffff  __binit__                          
ffffffff  __c_args__                         
UNDEFED   __mpu_init                         
2000fe00  __stack                            
20000000  __start___llvm_prf_cnts            
20000000  __stop___llvm_prf_cnts             
000095b7  __time32                           
000092c5  _c_int00_noargs                    
00009618  _ctypes_                           
20008558  _device                            
20008468  _ftable                            
2000881c  _lock                              
00003ce7  _nop                               
200085d0  _stream                            
20008840  _sys_memory                        
UNDEFED   _system_post_cinit                 
00009611  _system_pre_init                   
20008820  _unlock                            
00009615  abort                              
00007fd9  aligned_alloc                      
20008744  appleBitmaps                       
00008eb5  atoi                               
20008790  bannanaBitmaps                     
ffffffff  binit                              
000097b5  blankHeightPixels                  
00009719  blankScreenBitmaps                 
000097b4  blankWidthPixels                   
00006e51  buzzer_get_time_delay              
00008c61  close                              
0000951d  copysign                           
0000951d  copysignl                          
20008364  curr_music                         
200087f4  current_fruit                      
200087f0  current_fruit_Bitmap               
200087ec  current_packman_Bitmap             
000013fd  eTaskConfirmSleepModeStatus        
00000539  eTaskGetState                      
2000882c  errno                              
00008f49  exit                               
0000932d  finddevice                         
000067ef  fputc                              
00007db5  fputs                              
000081d5  free                               
00008ad5  frexp                              
00008ad5  frexpl                             
000097b3  fruitHeightPixels                  
000097b2  fruitWidthPixels                   
2000836c  fruit_x                            
2000836d  fruit_y                            
00008b39  fseek                              
000090a5  getdevice                          
000074b3  i2c_init                           
0000754f  i2c_read_16                        
000074f3  i2c_write_16                       
00000000  interruptVectors                   
00005209  lcd_draw_image                     
000050eb  lcd_draw_rectangle                 
00007ec9  ldexp                              
00007ec9  ldexpl                             
0000940d  lseek                              
0000707d  main                               
00009601  malloc                             
00007fd9  memalign                           
00009501  memccpy                            
000094a5  memchr                             
00008523  memcpy                             
00008769  memset                             
2000875e  orangeBitmaps                      
000097b1  packman_HeightPixels               
000097b0  packman_WidthPixels                
20008620  packman_downBitmaps                
2000865c  packman_leftBitmaps                
20008698  packman_rightBitmaps               
200086d4  packman_upBitmaps                  
20008338  parmbuf                            
00000bd5  pcTaskGetName                      
00004903  pcTimerGetName                     
00003ce9  pow                                
00003ce9  powl                               
00006481  print_device_id                    
000064cf  print_manufacturer_id              
00008a6d  printf                             
00005c41  pvPortMalloc                       
000014a1  pvTaskGetThreadLocalStoragePointer 
00001a55  pvTaskIncrementMutexHeldCount      
00004dbd  pvTimerGetTimerID                  
20008710  pxCurrentTCB                       
00005809  pxPortInitialiseStack              
000092f9  rand                               
0000938d  remove                             
00007ec9  scalbn                             
00007ec9  scalbnl                            
200087f5  score                              
000082b9  setvbuf                            
0000912d  sprintf                            
0000779d  sqrt                               
0000779d  sqrtl                              
0000945d  srand                              
00009567  strchr                             
0000954f  strcmp                             
0000957d  strcpy                             
00009481  strcspn                            
00009591  strlen                             
00009225  strncpy                            
000093b9  strspn                             
0000916d  strtok                             
000095b7  time                               
00002faf  ucQueueGetQueueType                
000097a8  ulMaxSyscallInterruptPriority      
000083a5  ulPortGetIPSR                      
00001a75  ulTaskGenericNotifyTake            
000020a3  ulTaskGenericNotifyValueClear      
0000938d  unlink                             
00007c49  uxListRemove                       
00002f8f  uxQueueGetQueueNumber              
00002edd  uxQueueMessagesWaiting             
00002f41  uxQueueMessagesWaitingFromISR      
00002f0d  uxQueueSpacesAvailable             
00000bcf  uxTaskGetNumberOfTasks             
00000c1d  uxTaskGetSystemState               
00001361  uxTaskGetTaskNumber                
00000611  uxTaskPriorityGet                  
00000639  uxTaskPriorityGetFromISR           
00001a33  uxTaskResetEventItemValue          
0000489d  uxTimerGetReloadMode               
00004e19  uxTimerGetTimerNumber              
00007145  vApplicationMallocFailedHook       
00007147  vApplicationStackOverflowHook      
00007b67  vListInitialise                    
00007b97  vListInitialiseItem                
00007be3  vListInsert                        
00007ba7  vListInsertEnd                     
00008461  vPortEnableVFP                     
0000594d  vPortEndScheduler                  
00005971  vPortEnterCritical                 
000059b3  vPortExitCritical                  
00005dab  vPortFree                          
00005fad  vPortGetHeapStats                  
00005e51  vPortInitialiseBlocks              
0000841d  vPortSVCHandler                    
00005b65  vPortSetupTimerInterrupt           
0000843d  vPortStartFirstTask                
00005a0d  vPortSuppressTicksAndSleep         
00005bad  vPortValidateInterruptPriority     
00002f6b  vQueueDelete                       
00002f9d  vQueueSetQueueNumber               
0000323d  vQueueWaitForMessageRestricted     
000004d1  vTaskDelay                         
000003ed  vTaskDelayUntil                    
00000323  vTaskDelete                        
00000a25  vTaskEndScheduler                  
00001f35  vTaskGenericNotifyGiveFromISR      
00001575  vTaskGetInfo                       
0000128d  vTaskInternalSetTimeOutState       
00001359  vTaskMissedYield                   
00001059  vTaskPlaceOnEventList              
000010f5  vTaskPlaceOnEventListRestricted    
0000108d  vTaskPlaceOnUnorderedEventList     
00001939  vTaskPriorityDisinheritAfterTimeout
0000067d  vTaskPrioritySet                   
000011c5  vTaskRemoveFromUnorderedEventList  
00000915  vTaskResume                        
00000eb1  vTaskSetApplicationTaskTag         
00001381  vTaskSetTaskNumber                 
00001459  vTaskSetThreadLocalStoragePointer  
0000125b  vTaskSetTimeOutState               
000009a9  vTaskStartScheduler                
00000cf9  vTaskStepTick                      
000007b1  vTaskSuspend                       
00000a41  vTaskSuspendAll                    
00000f89  vTaskSwitchContext                 
00004853  vTimerSetReloadMode                
00004deb  vTimerSetTimerID                   
00004e27  vTimerSetTimerNumber               
000095a5  wcslen                             
00009435  write                              
200087e8  x                                  
00005e45  xPortGetFreeHeapSize               
00005e4b  xPortGetMinimumEverFreeHeapSize    
000083bd  xPortPendSVHandler                 
00005895  xPortStartScheduler                
000059df  xPortSysTickHandler                
00002427  xQueueCreateCountingSemaphore      
00002353  xQueueCreateMutex                  
0000225d  xQueueGenericCreate                
000021a9  xQueueGenericReset                 
00002485  xQueueGenericSend                  
00002639  xQueueGenericSendFromISR           
00002765  xQueueGiveFromISR                  
0000237f  xQueueGiveMutexRecursive           
000031a9  xQueueIsQueueEmptyFromISR          
00003203  xQueueIsQueueFullFromISR           
00002bbd  xQueuePeek                         
00002e31  xQueuePeekFromISR                  
00002873  xQueueReceive                      
00002d3b  xQueueReceiveFromISR               
000029eb  xQueueSemaphoreTake                
000023cf  xQueueTakeMutexRecursive           
00000f49  xTaskCallApplicationTaskHook       
00000d33  xTaskCatchUpTicks                  
000012a7  xTaskCheckForTimeOut               
000000e5  xTaskCreate                        
00001c11  xTaskGenericNotify                 
00001d87  xTaskGenericNotifyFromISR          
0000203f  xTaskGenericNotifyStateClear       
00001b2d  xTaskGenericNotifyWait             
00000ed7  xTaskGetApplicationTaskTag         
00000f05  xTaskGetApplicationTaskTagFromISR  
0000174b  xTaskGetCurrentTaskHandle          
0000175b  xTaskGetSchedulerState             
00000bab  xTaskGetTickCount                  
00000bbb  xTaskGetTickCountFromISR           
00000d85  xTaskIncrementTick                 
0000186d  xTaskPriorityDisinherit            
000017a5  xTaskPriorityInherit               
00001135  xTaskRemoveFromEventList           
00000aa9  xTaskResumeAll                     
000046e9  xTimerCreate                       
000046a9  xTimerCreateTimerTask              
0000478b  xTimerGenericCommand               
000048d9  xTimerGetExpiryTime                
0000482d  xTimerGetPeriod                    
0000480b  xTimerGetTimerDaemonTaskHandle     
00004d81  xTimerIsTimerActive                
200087e9  y                                  


GLOBAL SYMBOLS: SORTED BY Symbol Address 

address   name                               
-------   ----                               
00000000  __TI_static_base__                 
00000000  interruptVectors                   
000000e5  xTaskCreate                        
00000200  __STACK_SIZE                       
00000323  vTaskDelete                        
000003ed  vTaskDelayUntil                    
00000400  __SYSMEM_SIZE                      
000004d1  vTaskDelay                         
00000539  eTaskGetState                      
00000611  uxTaskPriorityGet                  
00000639  uxTaskPriorityGetFromISR           
0000067d  vTaskPrioritySet                   
000007b1  vTaskSuspend                       
00000915  vTaskResume                        
000009a9  vTaskStartScheduler                
00000a25  vTaskEndScheduler                  
00000a41  vTaskSuspendAll                    
00000aa9  xTaskResumeAll                     
00000bab  xTaskGetTickCount                  
00000bbb  xTaskGetTickCountFromISR           
00000bcf  uxTaskGetNumberOfTasks             
00000bd5  pcTaskGetName                      
00000c1d  uxTaskGetSystemState               
00000cf9  vTaskStepTick                      
00000d33  xTaskCatchUpTicks                  
00000d85  xTaskIncrementTick                 
00000eb1  vTaskSetApplicationTaskTag         
00000ed7  xTaskGetApplicationTaskTag         
00000f05  xTaskGetApplicationTaskTagFromISR  
00000f49  xTaskCallApplicationTaskHook       
00000f89  vTaskSwitchContext                 
00001059  vTaskPlaceOnEventList              
0000108d  vTaskPlaceOnUnorderedEventList     
000010f5  vTaskPlaceOnEventListRestricted    
00001135  xTaskRemoveFromEventList           
000011c5  vTaskRemoveFromUnorderedEventList  
0000125b  vTaskSetTimeOutState               
0000128d  vTaskInternalSetTimeOutState       
000012a7  xTaskCheckForTimeOut               
00001359  vTaskMissedYield                   
00001361  uxTaskGetTaskNumber                
00001381  vTaskSetTaskNumber                 
000013fd  eTaskConfirmSleepModeStatus        
00001459  vTaskSetThreadLocalStoragePointer  
000014a1  pvTaskGetThreadLocalStoragePointer 
00001575  vTaskGetInfo                       
0000174b  xTaskGetCurrentTaskHandle          
0000175b  xTaskGetSchedulerState             
000017a5  xTaskPriorityInherit               
0000186d  xTaskPriorityDisinherit            
00001939  vTaskPriorityDisinheritAfterTimeout
00001a33  uxTaskResetEventItemValue          
00001a55  pvTaskIncrementMutexHeldCount      
00001a75  ulTaskGenericNotifyTake            
00001b2d  xTaskGenericNotifyWait             
00001c11  xTaskGenericNotify                 
00001d87  xTaskGenericNotifyFromISR          
00001f35  vTaskGenericNotifyGiveFromISR      
0000203f  xTaskGenericNotifyStateClear       
000020a3  ulTaskGenericNotifyValueClear      
000021a9  xQueueGenericReset                 
0000225d  xQueueGenericCreate                
00002353  xQueueCreateMutex                  
0000237f  xQueueGiveMutexRecursive           
000023cf  xQueueTakeMutexRecursive           
00002427  xQueueCreateCountingSemaphore      
00002485  xQueueGenericSend                  
00002639  xQueueGenericSendFromISR           
00002765  xQueueGiveFromISR                  
00002873  xQueueReceive                      
000029eb  xQueueSemaphoreTake                
00002bbd  xQueuePeek                         
00002d3b  xQueueReceiveFromISR               
00002e31  xQueuePeekFromISR                  
00002edd  uxQueueMessagesWaiting             
00002f0d  uxQueueSpacesAvailable             
00002f41  uxQueueMessagesWaitingFromISR      
00002f6b  vQueueDelete                       
00002f8f  uxQueueGetQueueNumber              
00002f9d  vQueueSetQueueNumber               
00002faf  ucQueueGetQueueType                
000031a9  xQueueIsQueueEmptyFromISR          
00003203  xQueueIsQueueFullFromISR           
0000323d  vQueueWaitForMessageRestricted     
00003299  __TI_printfi                       
00003ce7  _nop                               
00003ce9  pow                                
00003ce9  powl                               
000046a9  xTimerCreateTimerTask              
000046e9  xTimerCreate                       
0000478b  xTimerGenericCommand               
0000480b  xTimerGetTimerDaemonTaskHandle     
0000482d  xTimerGetPeriod                    
00004853  vTimerSetReloadMode                
0000489d  uxTimerGetReloadMode               
000048d9  xTimerGetExpiryTime                
00004903  pcTimerGetName                     
00004d81  xTimerIsTimerActive                
00004dbd  pvTimerGetTimerID                  
00004deb  vTimerSetTimerID                   
00004e19  uxTimerGetTimerNumber              
00004e27  vTimerSetTimerNumber               
00004e4d  HAL_LCD_PortInit                   
00004e95  HAL_LCD_SpiInit                    
00004ec9  HAL_LCD_writeCommand               
00004f01  HAL_LCD_writeData                  
00004f25  Crystalfontz128x128_SetDrawFrame   
00004fbd  Crystalfontz128x128_Init           
000050eb  lcd_draw_rectangle                 
00005209  lcd_draw_image                     
00005391  Task_Packman_Init                  
000053af  Draw_Packman                       
000053d7  Update_Random_Fruit_Coordinates    
000054bf  Draw_Fruit                         
0000551b  Draw_Black_Screen                  
00005541  Collision_Check                    
000055e5  Task_Packman                       
00005809  pxPortInitialiseStack              
00005895  xPortStartScheduler                
0000594d  vPortEndScheduler                  
00005971  vPortEnterCritical                 
000059b3  vPortExitCritical                  
000059df  xPortSysTickHandler                
00005a0d  vPortSuppressTicksAndSleep         
00005b65  vPortSetupTimerInterrupt           
00005bad  vPortValidateInterruptPriority     
00005c41  pvPortMalloc                       
00005dab  vPortFree                          
00005e45  xPortGetFreeHeapSize               
00005e4b  xPortGetMinimumEverFreeHeapSize    
00005e51  vPortInitialiseBlocks              
00005fad  vPortGetHeapStats                  
0000606d  SystemCoreClockUpdate              
000062e5  SystemInit                         
000063c1  OPT3001_init                       
000063fb  Task_Light_Sensor_Init             
00006407  OPT3001_get_lux                    
00006481  print_device_id                    
000064cf  print_manufacturer_id              
00006523  Task_Light_Sensor                  
000067c1  Task_Console_Init                  
000067ef  fputc                              
0000680d  EUSCIA0_IRQHandler                 
0000680d  EUSCIA0_IRQHandler                 
00006885  Task_Console_Bottom_Half           
00006c5f  Task_Accelerometer_Init            
00006ceb  Task_Accelerometer_Timer           
00006d01  Task_Accelerometer                 
00006db3  ADC14_IRQHandler                   
00006db3  ADC14_IRQHandler                   
00006e51  buzzer_get_time_delay              
00006ea9  Buzzer_Set_Period                  
00006ef7  T32_1_wait                         
00006f69  Task_Buzzer_Init                   
00006fa1  Buzzer_On                          
00006fbb  Buzzer_Off                         
00006fc9  Buzzer_Run_Status                  
00006fdd  Task_Buzzer                        
0000707d  main                               
00007145  vApplicationMallocFailedHook       
00007147  vApplicationStackOverflowHook      
000074b3  i2c_init                           
000074f3  i2c_write_16                       
0000754f  i2c_read_16                        
000075e5  __aeabi_dsub                       
000075ef  __aeabi_dadd                       
0000779b  __aeabi_idiv0                      
0000779b  __aeabi_ldiv0                      
0000779d  sqrt                               
0000779d  sqrtl                              
00007a31  __aeabi_ddiv                       
00007b67  vListInitialise                    
00007b97  vListInitialiseItem                
00007ba7  vListInsertEnd                     
00007be3  vListInsert                        
00007c49  uxListRemove                       
00007db5  fputs                              
00007ec9  ldexp                              
00007ec9  ldexpl                             
00007ec9  scalbn                             
00007ec9  scalbnl                            
00007fd9  aligned_alloc                      
00007fd9  memalign                           
000080d9  __aeabi_dmul                       
000081d5  free                               
000082b9  setvbuf                            
000083a5  ulPortGetIPSR                      
000083bd  xPortPendSVHandler                 
0000841d  vPortSVCHandler                    
0000843d  vPortStartFirstTask                
00008461  vPortEnableVFP                     
00008523  __aeabi_memcpy                     
00008523  __aeabi_memcpy4                    
00008523  __aeabi_memcpy8                    
00008523  memcpy                             
000085bf  __aeabi_uldivmod                   
00008655  __aeabi_cdcmpeq                    
00008655  __aeabi_cdcmple                    
000086db  __aeabi_cdrcmple                   
00008761  __aeabi_memclr                     
00008761  __aeabi_memclr4                    
00008761  __aeabi_memclr8                    
00008763  __aeabi_memset                     
00008763  __aeabi_memset4                    
00008763  __aeabi_memset8                    
00008769  memset                             
000087dd  __TI_closefile                     
00008931  HOSTrename                         
0000899d  HOSTlseek                          
00008a05  __TI_decompress_lzss               
00008a6d  printf                             
00008ad5  frexp                              
00008ad5  frexpl                             
00008b39  fseek                              
00008b9d  __TI_wrt_ok                        
00008c01  HOSTopen                           
00008c61  close                              
00008cbd  HOSTread                           
00008d15  HOSTwrite                          
00008dc3  __TI_ltoa                          
00008e69  __TI_doflush                       
00008eb5  atoi                               
00008f01  HOSTtime                           
00008f49  exit                               
00008f91  __aeabi_d2iz                       
00008fd9  HOSTclose                          
0000901d  HOSTunlink                         
00009061  __TI_auto_init_nobinit_nopinit     
000090a5  getdevice                          
000090e9  __aeabi_d2uiz                      
0000912d  sprintf                            
0000916d  strtok                             
000091ed  __TI_writemsg                      
0000921b  C$$IO$$                            
00009225  strncpy                            
0000925d  __TI_cleanup                       
00009291  __TI_readmsg                       
000092c5  _c_int00_noargs                    
000092f9  rand                               
0000932d  finddevice                         
0000935d  __aeabi_i2d                        
0000938d  remove                             
0000938d  unlink                             
000093b9  strspn                             
0000940d  lseek                              
00009435  write                              
0000945d  srand                              
00009481  strcspn                            
000094a5  memchr                             
000094c5  __aeabi_ui2d                       
00009501  memccpy                            
0000951d  copysign                           
0000951d  copysignl                          
0000954f  strcmp                             
00009567  strchr                             
0000957d  strcpy                             
00009591  strlen                             
000095a5  wcslen                             
000095b7  __time32                           
000095b7  time                               
000095c5  __TI_decompress_none               
000095d3  Reset_Handler                      
000095df  AES256_IRQHandler                  
000095df  BusFault_Handler                   
000095df  COMP_E0_IRQHandler                 
000095df  COMP_E1_IRQHandler                 
000095df  CS_IRQHandler                      
000095df  DMA_ERR_IRQHandler                 
000095df  DMA_INT0_IRQHandler                
000095df  DMA_INT1_IRQHandler                
000095df  DMA_INT2_IRQHandler                
000095df  DMA_INT3_IRQHandler                
000095df  DebugMon_Handler                   
000095df  Default_Handler                    
000095df  EUSCIA1_IRQHandler                 
000095df  EUSCIA2_IRQHandler                 
000095df  EUSCIA3_IRQHandler                 
000095df  EUSCIB0_IRQHandler                 
000095df  EUSCIB1_IRQHandler                 
000095df  EUSCIB2_IRQHandler                 
000095df  EUSCIB3_IRQHandler                 
000095df  FLCTL_IRQHandler                   
000095df  FPU_IRQHandler                     
000095df  HardFault_Handler                  
000095df  MemManage_Handler                  
000095df  NMI_Handler                        
000095df  PCM_IRQHandler                     
000095df  PORT1_IRQHandler                   
000095df  PORT2_IRQHandler                   
000095df  PORT3_IRQHandler                   
000095df  PORT4_IRQHandler                   
000095df  PORT5_IRQHandler                   
000095df  PORT6_IRQHandler                   
000095df  PSS_IRQHandler                     
000095df  PendSV_Handler                     
000095df  RTC_C_IRQHandler                   
000095df  SVC_Handler                        
000095df  SysTick_Handler                    
000095df  T32_INT1_IRQHandler                
000095df  T32_INT2_IRQHandler                
000095df  T32_INTC_IRQHandler                
000095df  TA0_0_IRQHandler                   
000095df  TA0_N_IRQHandler                   
000095df  TA1_0_IRQHandler                   
000095df  TA1_N_IRQHandler                   
000095df  TA2_0_IRQHandler                   
000095df  TA2_N_IRQHandler                   
000095df  TA3_0_IRQHandler                   
000095df  TA3_N_IRQHandler                   
000095df  UsageFault_Handler                 
000095df  WDT_A_IRQHandler                   
000095e1  __TI_zero_init                     
000095f9  __aeabi_errno_addr                 
00009601  malloc                             
00009611  _system_pre_init                   
00009615  C$$EXIT                            
00009615  abort                              
00009618  _ctypes_                           
00009719  blankScreenBitmaps                 
000097a8  ulMaxSyscallInterruptPriority      
000097b0  packman_WidthPixels                
000097b1  packman_HeightPixels               
000097b2  fruitWidthPixels                   
000097b3  fruitHeightPixels                  
000097b4  blankWidthPixels                   
000097b5  blankHeightPixels                  
000099a4  __TI_Handler_Table_Base            
000099b0  __TI_Handler_Table_Limit           
000099b8  __TI_CINIT_Base                    
000099c8  __TI_CINIT_Limit                   
20000000  __start___llvm_prf_cnts            
20000000  __stop___llvm_prf_cnts             
20008000  __CIOBUF_                          
200081e8  __TI_tmpnams                       
20008314  RX_ARRAY                           
20008338  parmbuf                            
20008340  Queue_Music                        
20008344  Queue_Packman                      
20008348  Sem_Console                        
2000834c  Task_Accelerometer_Handle          
20008350  Task_Accelerometer_Timer_Handle    
20008354  Task_Buzzer_Handle                 
20008358  Task_Console_Handle                
2000835c  Task_Light_Sensor_Handle           
20008360  Task_Packman_Handle                
20008364  curr_music                         
20008368  Lcd_ScreenHeigth                   
2000836a  Lcd_ScreenWidth                    
2000836c  fruit_x                            
2000836d  fruit_y                            
20008370  Jeopardy                           
20008468  _ftable                            
20008558  _device                            
200085d0  _stream                            
20008620  packman_downBitmaps                
2000865c  packman_leftBitmaps                
20008698  packman_rightBitmaps               
200086d4  packman_upBitmaps                  
20008710  pxCurrentTCB                       
20008744  appleBitmaps                       
2000875e  orangeBitmaps                      
20008778  Eat                                
20008790  bannanaBitmaps                     
200087d8  __TI_ft_end                        
200087dc  __aeabi_stdin                      
200087e0  __aeabi_stdout                     
200087e4  __aeabi_stderr                     
200087e8  x                                  
200087e9  y                                  
200087ec  current_packman_Bitmap             
200087f0  current_fruit_Bitmap               
200087f4  current_fruit                      
200087f5  score                              
200087f6  RX_INDEX                           
200087f8  __TI_cleanup_ptr                   
200087fc  __TI_dtors_ptr                     
20008800  __TI_enable_exit_profile_output    
20008804  ACC_X_DIR                          
20008808  ACC_Y_DIR                          
2000880c  ACC_Z_DIR                          
2000881c  _lock                              
20008820  _unlock                            
2000882c  errno                              
20008838  SystemCoreClock                    
2000883c  Packman_Color                      
20008840  _sys_memory                        
2000fe00  __stack                            
20010000  __STACK_END                        
4000480c  WDTCTL_SYM                         
ffffffff  __TI_pprof_out_hndl                
ffffffff  __TI_prof_data_size                
ffffffff  __TI_prof_data_start               
ffffffff  __binit__                          
ffffffff  __c_args__                         
ffffffff  binit                              
UNDEFED   __mpu_init                         
UNDEFED   _system_post_cinit                 

[397 symbols]
