******************************************************************************
                  TI ARM Linker PC v20.2.3                     
******************************************************************************
>> Linked Tue Dec  8 00:26:00 2020

OUTPUT FILE NAME:   <Project.out>
ENTRY POINT SYMBOL: "_c_int00_noargs"  address: 00009961


MEMORY CONFIGURATION

         name            origin    length      used     unused   attr    fill
----------------------  --------  ---------  --------  --------  ----  --------
  MAIN                  00000000   00040000  0000aacc  00035534  R  X
  INFO                  00200000   00004000  00000000  00004000  R  X
  SRAM_CODE             01000000   00010000  000090c0  00006f40  RW X
  SRAM_DATA             20000000   00010000  000090c0  00006f40  RW  


SEGMENT ALLOCATION MAP

run origin  load origin   length   init length attrs members
----------  ----------- ---------- ----------- ----- -------
00000000    00000000    0000aad0   0000aad0    r-x
  00000000    00000000    000000e4   000000e4    r-- .intvecs
  000000e4    000000e4    00009bd0   00009bd0    r-x .text
  00009cb8    00009cb8    00000a80   00000a80    r-- .const
  0000a738    0000a738    00000398   00000398    r-- .cinit
20000000    20000000    00008ec8   00000000    rw-
  20000000    20000000    0000837a   00000000    rw- .bss
  2000837c    2000837c    00000746   00000000    rw- .data
  20008ac8    20008ac8    00000400   00000000    rw- .sysmem
2000fe00    2000fe00    00000200   00000000    rw-
  2000fe00    2000fe00    00000200   00000000    rw- .stack


SECTION ALLOCATION MAP

 output                                  attributes/
section   page    origin      length       input sections
--------  ----  ----------  ----------   ----------------
.intvecs   0    00000000    000000e4     
                  00000000    000000e4     startup_msp432p401r_ccs.obj (.intvecs:retain)

.text      0    000000e4    00009bd0     
                  000000e4    000020c4     tasks.obj (.text)
                  000021a8    000010f0     queue.obj (.text)
                  00003298    00000a4e     rtsv7M4_T_le_v4SPD16_eabi.lib : _printfi.c.obj (.text:__TI_printfi)
                  00003ce6    00000002                                   : _lock.c.obj (.text:_nop)
                  00003ce8    000009c0                                   : e_pow.c.obj (.text:pow)
                  000046a8    000007a4     timers.obj (.text)
                  00004e4c    00000608     task_screen.obj (.text)
                  00005454    00000544     lcd.obj (.text)
                  00005998    000004e0     task_packman.obj (.text)
                  00005e78    00000438     port.obj (.text)
                  000062b0    0000042c     heap_4.obj (.text)
                  000066dc    00000354     system_msp432p401r.obj (.text)
                  00006a30    00000330     task_light_sensor.obj (.text)
                  00006d60    00000294     task_console.obj (.text)
                  00006ff4    00000270     rtsv7M4_T_le_v4SPD16_eabi.lib : _printfi.c.obj (.text:_pconv_a)
                  00007264    0000025c     task_accelerometer.obj (.text)
                  000074c0    0000022c     task_buzzer.obj (.text)
                  000076ec    00000204     main.obj (.text)
                  000078f0    000001d0     rtsv7M4_T_le_v4SPD16_eabi.lib : _printfi.c.obj (.text:_pconv_g)
                  00007ac0    000001c0     i2c.obj (.text)
                  00007c80    000001b6     rtsv7M4_T_le_v4SPD16_eabi.lib : fd_add_t2.asm.obj (.text)
                  00007e36    00000002                                   : div0.asm.obj (.text)
                  00007e38    00000158                                   : e_sqrt.c.obj (.text:sqrt)
                  00007f90    0000013c                                   : _printfi.c.obj (.text:_pconv_e)
                  000080cc    00000136                                   : fd_div_t2.asm.obj (.text)
                  00008202    0000012a     list.obj (.text)
                  0000832c    00000124     rtsv7M4_T_le_v4SPD16_eabi.lib : _printfi.c.obj (.text:fcvt)
                  00008450    00000114                                   : fputs.c.obj (.text:fputs)
                  00008564    00000110                                   : s_scalbn.c.obj (.text:scalbn)
                  00008674    00000100                                   : memory.c.obj (.text:aligned_alloc)
                  00008774    000000fc                                   : fd_mul_t2.asm.obj (.text)
                  00008870    000000e4                                   : memory.c.obj (.text:free)
                  00008954    000000dc                                   : setvbuf.c.obj (.text:setvbuf)
                  00008a30    000000da     portasm.obj (.text)
                  00008b0a    00000002     --HOLE-- [fill = 0]
                  00008b0c    000000b1     rtsv7M4_T_le_v4SPD16_eabi.lib : _printfi.c.obj (.text:_ltostr)
                  00008bbd    00000001     --HOLE-- [fill = 0]
                  00008bbe    0000009c                                   : memcpy_t2.asm.obj (.text)
                  00008c5a    00000096                                   : ull_div_t2.asm.obj (.text)
                  00008cf0    00000086                                   : fd_cmp_t2.asm.obj (.text:__aeabi_cdcmple)
                  00008d76    00000086                                   : fd_cmp_t2.asm.obj (.text:__aeabi_cdrcmple)
                  00008dfc    0000007a                                   : memset_t2.asm.obj (.text)
                  00008e76    00000002     --HOLE-- [fill = 0]
                  00008e78    00000074                                   : fclose.c.obj (.text:__TI_closefile)
                  00008eec    00000070                                   : memory.c.obj (.text:split)
                  00008f5c    0000006e                                   : _printfi.c.obj (.text:_mcpy)
                  00008fca    00000002     --HOLE-- [fill = 0]
                  00008fcc    0000006c                                   : hostrename.c.obj (.text:HOSTrename)
                  00009038    00000068                                   : hostlseek.c.obj (.text:HOSTlseek)
                  000090a0    00000068                                   : copy_decompress_lzss.c.obj (.text:decompress:lzss:__TI_decompress_lzss)
                  00009108    00000068                                   : printf.c.obj (.text:printf)
                  00009170    00000064                                   : s_frexp.c.obj (.text:frexp)
                  000091d4    00000064                                   : fseek.c.obj (.text:fseek)
                  00009238    00000062                                   : _io_perm.c.obj (.text:__TI_wrt_ok)
                  0000929a    00000002     --HOLE-- [fill = 0]
                  0000929c    00000060                                   : hostopen.c.obj (.text:HOSTopen)
                  000092fc    0000005c                                   : close.c.obj (.text:close)
                  00009358    00000058                                   : hostread.c.obj (.text:HOSTread)
                  000093b0    00000058                                   : hostwrite.c.obj (.text:HOSTwrite)
                  00009408    00000056                                   : _printfi.c.obj (.text:_pconv_f)
                  0000945e    00000054                                   : _ltoa.c.obj (.text:__TI_ltoa)
                  000094b2    00000052                                   : _printfi.c.obj (.text:_ecpy)
                  00009504    0000004c                                   : fflush.c.obj (.text:__TI_doflush)
                  00009550    0000004c                                   : atoi.c.obj (.text:atoi)
                  0000959c    00000048                                   : hosttime.c.obj (.text:HOSTtime)
                  000095e4    00000048                                   : exit.c.obj (.text:exit)
                  0000962c    00000048                                   : fd_toi_t2.asm.obj (.text)
                  00009674    00000044                                   : hostclose.c.obj (.text:HOSTclose)
                  000096b8    00000044                                   : hostunlink.c.obj (.text:HOSTunlink)
                  000096fc    00000044                                   : autoinit.c.obj (.text:__TI_auto_init_nobinit_nopinit:__TI_auto_init_nobinit_nopinit)
                  00009740    00000044                                   : getdevice.c.obj (.text:getdevice)
                  00009784    00000044                                   : fd_tou_t2.asm.obj (.text)
                  000097c8    00000040                                   : sprintf.c.obj (.text:sprintf)
                  00009808    00000040                                   : strtok.c.obj (.text:strtok)
                  00009848    0000003e                                   : _printfi.c.obj (.text:_fcpy)
                  00009886    00000002     --HOLE-- [fill = 0]
                  00009888    00000038                                   : trgmsg.c.obj (.text:__TI_writemsg)
                  000098c0    00000036                                   : strncpy.c.obj (.text:strncpy)
                  000098f6    00000002     --HOLE-- [fill = 0]
                  000098f8    00000034                                   : fopen.c.obj (.text:__TI_cleanup)
                  0000992c    00000034                                   : trgmsg.c.obj (.text:__TI_readmsg)
                  00009960    00000034                                   : boot_cortex_m.c.obj (.text:_c_int00_noargs:_c_int00_noargs)
                  00009994    00000034                                   : rand.c.obj (.text:rand)
                  000099c8    00000030                                   : getdevice.c.obj (.text:finddevice)
                  000099f8    0000002e                                   : i_tofd_t2.asm.obj (.text)
                  00009a26    00000002     --HOLE-- [fill = 0]
                  00009a28    0000002c                                   : unlink.c.obj (.text:unlink)
                  00009a54    0000002a                                   : strspn.c.obj (.text:strspn)
                  00009a7e    00000002     --HOLE-- [fill = 0]
                  00009a80    00000028                                   : memory.c.obj (.text:free_list_insert)
                  00009aa8    00000028                                   : lseek.c.obj (.text:lseek)
                  00009ad0    00000028                                   : write.c.obj (.text:write)
                  00009af8    00000024                                   : rand.c.obj (.text:srand)
                  00009b1c    00000024                                   : strcspn.c.obj (.text:strcspn)
                  00009b40    00000020                                   : memchr.c.obj (.text:memchr)
                  00009b60    00000020                                   : u_tofd_t2.asm.obj (.text)
                  00009b80    0000001c                                   : memory.c.obj (.text:free_list_remove)
                  00009b9c    0000001c                                   : memccpy.c.obj (.text:memccpy)
                  00009bb8    0000001a                                   : s_copysign.c.obj (.text:copysign)
                  00009bd2    00000018                                   : sprintf.c.obj (.text:_outs)
                  00009bea    00000018                                   : strcmp.c.obj (.text:strcmp)
                  00009c02    00000016                                   : strchr.c.obj (.text:strchr)
                  00009c18    00000014                                   : strcpy.c.obj (.text:strcpy)
                  00009c2c    00000014                                   : strlen.c.obj (.text:strlen)
                  00009c40    00000012                                   : wcslen.c.obj (.text:wcslen)
                  00009c52    0000000e                                   : time.c.obj (.text:__time32)
                  00009c60    0000000e                                   : copy_decompress_none.c.obj (.text:decompress:none:__TI_decompress_none)
                  00009c6e    0000000e     startup_msp432p401r_ccs.obj (.text)
                  00009c7c    0000000c     rtsv7M4_T_le_v4SPD16_eabi.lib : copy_zero_init.c.obj (.text:decompress:ZI:__TI_zero_init)
                  00009c88    0000000a                                   : sprintf.c.obj (.text:_outc)
                  00009c92    00000002     --HOLE-- [fill = 0]
                  00009c94    00000008                                   : errno.c.obj (.text:__aeabi_errno_addr)
                  00009c9c    00000008                                   : memory.c.obj (.text:malloc)
                  00009ca4    00000004                                   : printf.c.obj (.text:_outc)
                  00009ca8    00000004                                   : printf.c.obj (.text:_outs)
                  00009cac    00000004                                   : pre_init.c.obj (.text:_system_pre_init)
                  00009cb0    00000004                                   : exit.c.obj (.text:abort:abort)

.const     0    00009cb8    00000a80     
                  00009cb8    000008c4     packman.obj (.const:.string:blankScreenBitmaps)
                  0000a57c    00000101     rtsv7M4_T_le_v4SPD16_eabi.lib : ctype.c.obj (.const:.string:_ctypes_)
                  0000a67d    00000003     --HOLE-- [fill = 0]
                  0000a680    00000030                                   : e_pow.c.obj (.const:$O1$$)
                  0000a6b0    0000001e     task_screen.obj (.const:$P$T8$9)
                  0000a6ce    0000000e     task_screen.obj (.const:$P$T0$1)
                  0000a6dc    0000000a     task_screen.obj (.const:$P$T10$11)
                  0000a6e6    0000000a     task_screen.obj (.const:$P$T2$3)
                  0000a6f0    0000000a     task_screen.obj (.const:$P$T3$4)
                  0000a6fa    0000000a     task_screen.obj (.const:$P$T4$5)
                  0000a704    0000000a     task_screen.obj (.const:$P$T6$7)
                  0000a70e    00000008     task_screen.obj (.const:$P$T9$10)
                  0000a716    00000002     --HOLE-- [fill = 0]
                  0000a718    00000008     port.obj (.const)
                  0000a720    00000006     task_screen.obj (.const:$P$T7$8)
                  0000a726    00000006     packman.obj (.const)
                  0000a72c    00000004     task_screen.obj (.const:$P$T1$2)
                  0000a730    00000004     task_screen.obj (.const:$P$T11$12)
                  0000a734    00000004     task_screen.obj (.const:$P$T5$6)

.cinit     0    0000a738    00000398     
                  0000a738    00000373     (.cinit..data.load) [load image, compression = lzss]
                  0000aaab    00000001     --HOLE-- [fill = 0]
                  0000aaac    0000000c     (__TI_handler_table)
                  0000aab8    00000008     (.cinit..bss.load) [load image, compression = zero_init]
                  0000aac0    00000010     (__TI_cinit_table)

.init_array 
*          0    00000000    00000000     UNINITIALIZED

.binit     0    00000000    00000000     

.bss       0    20000000    0000837a     UNINITIALIZED
                  20000000    00008000     heap_4.obj (.bss:ucHeap)
                  20008000    00000120     rtsv7M4_T_le_v4SPD16_eabi.lib : trgmsg.c.obj (.bss:_CIOBUF_)
                  20008120    000000c8     tasks.obj (.bss:pxReadyTasksLists)
                  200081e8    000000a0     (.common:__TI_tmpnams)
                  20008288    00000014     timers.obj (.bss:xActiveTimerList1)
                  2000829c    00000014     timers.obj (.bss:xActiveTimerList2)
                  200082b0    00000014     tasks.obj (.bss:xDelayedTaskList1)
                  200082c4    00000014     tasks.obj (.bss:xDelayedTaskList2)
                  200082d8    00000014     tasks.obj (.bss:xPendingReadyList)
                  200082ec    00000014     tasks.obj (.bss:xSuspendedTaskList)
                  20008300    00000014     tasks.obj (.bss:xTasksWaitingTermination)
                  20008314    0000000c     (.common:RX_ARRAY)
                  20008320    00000008     tasks.obj (.bss)
                  20008328    00000008     timers.obj (.bss)
                  20008330    00000008     heap_4.obj (.bss:xStart)
                  20008338    00000008     (.common:parmbuf)
                  20008340    00000004     (.common:Queue_Music)
                  20008344    00000004     (.common:Queue_Packman)
                  20008348    00000004     (.common:Sem_Console)
                  2000834c    00000004     (.common:Task_Accelerometer_Handle)
                  20008350    00000004     (.common:Task_Accelerometer_Timer_Handle)
                  20008354    00000004     (.common:Task_Buzzer_Handle)
                  20008358    00000004     (.common:Task_Console_Handle)
                  2000835c    00000004     (.common:Task_Light_Sensor_Handle)
                  20008360    00000004     (.common:Task_Packman_Handle)
                  20008364    00000004     (.common:Task_Screen_Handle)
                  20008368    00000004     (.common:char_x)
                  2000836c    00000004     (.common:char_y)
                  20008370    00000004     (.common:curr_music)
                  20008374    00000002     (.common:Lcd_ScreenHeigth)
                  20008376    00000002     (.common:Lcd_ScreenWidth)
                  20008378    00000001     (.common:fruit_x)
                  20008379    00000001     (.common:fruit_y)

.data      0    2000837c    00000746     UNINITIALIZED
                  2000837c    00000156     text.obj (.data:microsoftSansSerif_8ptBitmaps)
                  200084d2    00000118     text.obj (.data:microsoftSansSerif_8ptDescriptors)
                  200085ea    00000002     task_console.obj (.data)
                  200085ec    000000f8     task_buzzer.obj (.data:Jeopardy)
                  200086e4    000000f0     rtsv7M4_T_le_v4SPD16_eabi.lib : defs.c.obj (.data:_ftable)
                  200087d4    00000078                                   : host_device.c.obj (.data:_device)
                  2000884c    00000050                                   : host_device.c.obj (.data:_stream)
                  2000889c    0000003c     packman.obj (.data:packman_downBitmaps)
                  200088d8    0000003c     packman.obj (.data:packman_leftBitmaps)
                  20008914    0000003c     packman.obj (.data:packman_rightBitmaps)
                  20008950    0000003c     packman.obj (.data:packman_upBitmaps)
                  2000898c    00000034     tasks.obj (.data)
                  200089c0    0000001a     packman.obj (.data:appleBitmaps)
                  200089da    0000001a     packman.obj (.data:bannanaBitmaps)
                  200089f4    0000001a     packman.obj (.data:orangeBitmaps)
                  20008a0e    00000002     task_light_sensor.obj (.data)
                  20008a10    00000018     task_buzzer.obj (.data:Eat)
                  20008a28    00000018     heap_4.obj (.data)
                  20008a40    00000018     port.obj (.data)
                  20008a58    00000014     task_packman.obj (.data)
                  20008a6c    00000010     rtsv7M4_T_le_v4SPD16_eabi.lib : defs.c.obj (.data)
                  20008a7c    0000000c                                   : exit.c.obj (.data:$O1$$)
                  20008a88    0000000c     task_accelerometer.obj (.data)
                  20008a94    0000000c     timers.obj (.data)
                  20008aa0    00000008     rtsv7M4_T_le_v4SPD16_eabi.lib : _lock.c.obj (.data:$O1$$)
                  20008aa8    00000008                                   : memory.c.obj (.data:$O1$$)
                  20008ab0    00000004                                   : errno.c.obj (.data)
                  20008ab4    00000004                                   : rand.c.obj (.data)
                  20008ab8    00000004                                   : strtok.c.obj (.data)
                  20008abc    00000004     system_msp432p401r.obj (.data)
                  20008ac0    00000002     task_screen.obj (.data)

.sysmem    0    20008ac8    00000400     UNINITIALIZED
                  20008ac8    00000010     rtsv7M4_T_le_v4SPD16_eabi.lib : memory.c.obj (.sysmem)
                  20008ad8    000003f0     --HOLE--

.stack     0    2000fe00    00000200     UNINITIALIZED
                  2000fe00    00000004     rtsv7M4_T_le_v4SPD16_eabi.lib : boot_cortex_m.c.obj (.stack)
                  2000fe04    000001fc     --HOLE--

__llvm_prf_cnts 
*          0    20000000    00000000     UNINITIALIZED

MODULE SUMMARY

       Module                        code    ro data   rw data
       ------                        ----    -------   -------
    .\
       packman.obj                   0       2250      636    
       task_screen.obj               1544    120       28     
       lcd.obj                       1348    0         8      
       task_packman.obj              1248    0         60     
       text.obj                      0       0         1244   
       task_buzzer.obj               556     0         568    
       system_msp432p401r.obj        852     0         8      
       task_light_sensor.obj         816     0         12     
       task_console.obj              660     0         44     
       task_accelerometer.obj        604     0         40     
       main.obj                      516     0         0      
       i2c.obj                       448     0         0      
       startup_msp432p401r_ccs.obj   14      228       0      
    +--+-----------------------------+-------+---------+---------+
       Total:                        8606    2598      2648   
                                                              
    .\FreeRTOS\
       heap_4.obj                    1068    0         65600  
       tasks.obj                     8388    0         720    
       queue.obj                     4336    0         0      
       timers.obj                    1956    0         120    
       list.obj                      298     0         0      
    +--+-----------------------------+-------+---------+---------+
       Total:                        16046   0         66440  
                                                              
    .\FreeRTOS\portable\
       port.obj                      1080    8         48     
       portasm.obj                   218     0         0      
    +--+-----------------------------+-------+---------+---------+
       Total:                        1298    8         48     
                                                              
    C:\ti\ccs1010\ccs\tools\compiler\ti-cgt-arm_20.2.3.LTS\lib\rtsv7M4_T_le_v4SPD16_eabi.lib
       _printfi.c.obj                4851    0         0      
       e_pow.c.obj                   2496    48        0      
       defs.c.obj                    0       0         832    
       memory.c.obj                  672     0         16     
       trgmsg.c.obj                  108     0         576    
       fd_add_t2.asm.obj             438     0         0      
       host_device.c.obj             0       0         400    
       e_sqrt.c.obj                  344     0         0      
       fd_div_t2.asm.obj             310     0         0      
       fputs.c.obj                   276     0         0      
       s_scalbn.c.obj                272     0         0      
       fd_cmp_t2.asm.obj             268     0         0      
       ctype.c.obj                   0       257       0      
       fd_mul_t2.asm.obj             252     0         0      
       setvbuf.c.obj                 220     0         0      
       memcpy_t2.asm.obj             156     0         0      
       ull_div_t2.asm.obj            150     0         0      
       memset_t2.asm.obj             122     0         0      
       fclose.c.obj                  116     0         0      
       getdevice.c.obj               116     0         0      
       hostopen.c.obj                96      0         16     
       printf.c.obj                  112     0         0      
       hostrename.c.obj              108     0         0      
       copy_decompress_lzss.c.obj    104     0         0      
       hostlseek.c.obj               104     0         0      
       exit.c.obj                    76      0         24     
       fseek.c.obj                   100     0         0      
       s_frexp.c.obj                 100     0         0      
       _io_perm.c.obj                98      0         0      
       sprintf.c.obj                 98      0         0      
       rand.c.obj                    88      0         8      
       close.c.obj                   92      0         0      
       hostread.c.obj                88      0         0      
       hostwrite.c.obj               88      0         0      
       _ltoa.c.obj                   84      0         0      
       atoi.c.obj                    76      0         0      
       fflush.c.obj                  76      0         0      
       fd_toi_t2.asm.obj             72      0         0      
       hosttime.c.obj                72      0         0      
       strtok.c.obj                  64      0         8      
       autoinit.c.obj                68      0         0      
       fd_tou_t2.asm.obj             68      0         0      
       hostclose.c.obj               68      0         0      
       hostunlink.c.obj              68      0         0      
       strncpy.c.obj                 54      0         0      
       boot_cortex_m.c.obj           52      0         0      
       fopen.c.obj                   52      0         0      
       i_tofd_t2.asm.obj             46      0         0      
       unlink.c.obj                  44      0         0      
       strspn.c.obj                  42      0         0      
       lseek.c.obj                   40      0         0      
       write.c.obj                   40      0         0      
       strcspn.c.obj                 36      0         0      
       memchr.c.obj                  32      0         0      
       u_tofd_t2.asm.obj             32      0         0      
       memccpy.c.obj                 28      0         0      
       s_copysign.c.obj              26      0         0      
       strcmp.c.obj                  24      0         0      
       strchr.c.obj                  22      0         0      
       strcpy.c.obj                  20      0         0      
       strlen.c.obj                  20      0         0      
       _lock.c.obj                   2       0         16     
       wcslen.c.obj                  18      0         0      
       errno.c.obj                   8       0         8      
       copy_decompress_none.c.obj    14      0         0      
       time.c.obj                    14      0         0      
       copy_zero_init.c.obj          12      0         0      
       pre_init.c.obj                4       0         0      
       div0.asm.obj                  2       0         0      
    +--+-----------------------------+-------+---------+---------+
       Total:                        13919   305       1904   
                                                              
       Heap:                         0       0         2048   
       Stack:                        0       0         1024   
       Linker Generated:             0       919       0      
    +--+-----------------------------+-------+---------+---------+
       Grand Total:                  39869   3830      74112  


LINKER GENERATED COPY TABLES

__TI_cinit_table @ 0000aac0 records: 2, size/record: 8, table size: 16
	.data: load addr=0000a738, load size=00000373 bytes, run addr=2000837c, run size=00000746 bytes, compression=lzss
	.bss: load addr=0000aab8, load size=00000008 bytes, run addr=20000000, run size=0000837a bytes, compression=zero_init


LINKER GENERATED HANDLER TABLE

__TI_handler_table @ 0000aaac records: 3, size/record: 4, table size: 12
	index: 0, handler: __TI_decompress_lzss
	index: 1, handler: __TI_decompress_none
	index: 2, handler: __TI_zero_init


GLOBAL SYMBOLS: SORTED ALPHABETICALLY BY Name 

address   name                               
-------   ----                               
20008a88  ACC_X_DIR                          
20008a8c  ACC_Y_DIR                          
20008a90  ACC_Z_DIR                          
00007423  ADC14_IRQHandler                   
00007423  ADC14_IRQHandler                   
00009c7b  AES256_IRQHandler                  
00009c7b  BusFault_Handler                   
0000762b  Buzzer_Off                         
00007611  Buzzer_On                          
00007639  Buzzer_Run_Status                  
00007519  Buzzer_Set_Period                  
00009cb1  C$$EXIT                            
000098b7  C$$IO$$                            
00009c7b  COMP_E0_IRQHandler                 
00009c7b  COMP_E1_IRQHandler                 
00009c7b  CS_IRQHandler                      
00005b49  Collision_Check                    
000055c5  Crystalfontz128x128_Init           
0000552d  Crystalfontz128x128_SetDrawFrame   
00009c7b  DMA_ERR_IRQHandler                 
00009c7b  DMA_INT0_IRQHandler                
00009c7b  DMA_INT1_IRQHandler                
00009c7b  DMA_INT2_IRQHandler                
00009c7b  DMA_INT3_IRQHandler                
00009c7b  DebugMon_Handler                   
00009c7b  Default_Handler                    
00005b23  Draw_Black_Screen                  
00005ac7  Draw_Fruit                         
000059b7  Draw_Packman                       
20008ac1  END                                
00006e7d  EUSCIA0_IRQHandler                 
00006e7d  EUSCIA0_IRQHandler                 
00009c7b  EUSCIA1_IRQHandler                 
00009c7b  EUSCIA2_IRQHandler                 
00009c7b  EUSCIA3_IRQHandler                 
00009c7b  EUSCIB0_IRQHandler                 
00009c7b  EUSCIB1_IRQHandler                 
00009c7b  EUSCIB2_IRQHandler                 
00009c7b  EUSCIB3_IRQHandler                 
20008a10  Eat                                
0000512d  End_Screen                         
00009c7b  FLCTL_IRQHandler                   
00009c7b  FPU_IRQHandler                     
00005455  HAL_LCD_PortInit                   
0000549d  HAL_LCD_SpiInit                    
000054d1  HAL_LCD_writeCommand               
00005509  HAL_LCD_writeData                  
00009675  HOSTclose                          
00009039  HOSTlseek                          
0000929d  HOSTopen                           
00009359  HOSTread                           
00008fcd  HOSTrename                         
0000959d  HOSTtime                           
000096b9  HOSTunlink                         
000093b1  HOSTwrite                          
00009c7b  HardFault_Handler                  
200085ec  Jeopardy                           
20008374  Lcd_ScreenHeigth                   
20008376  Lcd_ScreenWidth                    
00009c7b  MemManage_Handler                  
00009c7b  NMI_Handler                        
00006a77  OPT3001_get_lux                    
00006a31  OPT3001_init                       
00009c7b  PCM_IRQHandler                     
00009c7b  PORT1_IRQHandler                   
00009c7b  PORT2_IRQHandler                   
00009c7b  PORT3_IRQHandler                   
00009c7b  PORT4_IRQHandler                   
00009c7b  PORT5_IRQHandler                   
00009c7b  PORT6_IRQHandler                   
00009c7b  PSS_IRQHandler                     
20008a0e  Packman_Color                      
00009c7b  PendSV_Handler                     
00005093  Print_Numbers                      
00004ef9  Print_Words                        
20008340  Queue_Music                        
20008344  Queue_Packman                      
00009c7b  RTC_C_IRQHandler                   
20008314  RX_ARRAY                           
200085ea  RX_INDEX                           
00009c6f  Reset_Handler                      
20008ac0  START                              
00009c7b  SVC_Handler                        
20008348  Sem_Console                        
00004f69  Start_Screen                       
00009c7b  SysTick_Handler                    
20008abc  SystemCoreClock                    
000066dd  SystemCoreClockUpdate              
00006955  SystemInit                         
00007567  T32_1_wait                         
000053b7  T32_INT1_IRQHandler                
000053b7  T32_INT1_IRQHandler                
00009c7b  T32_INT2_IRQHandler                
00009c7b  T32_INTC_IRQHandler                
00009c7b  TA0_0_IRQHandler                   
00009c7b  TA0_N_IRQHandler                   
00009c7b  TA1_0_IRQHandler                   
00009c7b  TA1_N_IRQHandler                   
00009c7b  TA2_0_IRQHandler                   
00009c7b  TA2_N_IRQHandler                   
00009c7b  TA3_0_IRQHandler                   
00009c7b  TA3_N_IRQHandler                   
20008a66  TOTAL_SCORE                        
00007371  Task_Accelerometer                 
2000834c  Task_Accelerometer_Handle          
000072cf  Task_Accelerometer_Init            
0000735b  Task_Accelerometer_Timer           
20008350  Task_Accelerometer_Timer_Handle    
0000764d  Task_Buzzer                        
20008354  Task_Buzzer_Handle                 
000075d9  Task_Buzzer_Init                   
00006ef5  Task_Console_Bottom_Half           
20008358  Task_Console_Handle                
00006e31  Task_Console_Init                  
00006b93  Task_Light_Sensor                  
2000835c  Task_Light_Sensor_Handle           
00006a6b  Task_Light_Sensor_Init             
00005c09  Task_Packman                       
20008360  Task_Packman_Handle                
00005999  Task_Packman_Init                  
0000536f  Task_Screen                        
20008364  Task_Screen_Handle                 
00004eb7  Task_Screen_Init                   
000059df  Update_Random_Fruit_Coordinates    
00009c7b  UsageFault_Handler                 
4000480c  WDTCTL_SYM                         
00009c7b  WDT_A_IRQHandler                   
20008000  __CIOBUF_                          
20010000  __STACK_END                        
00000200  __STACK_SIZE                       
00000400  __SYSMEM_SIZE                      
0000aac0  __TI_CINIT_Base                    
0000aad0  __TI_CINIT_Limit                   
0000aaac  __TI_Handler_Table_Base            
0000aab8  __TI_Handler_Table_Limit           
000096fd  __TI_auto_init_nobinit_nopinit     
000098f9  __TI_cleanup                       
20008a7c  __TI_cleanup_ptr                   
00008e79  __TI_closefile                     
000090a1  __TI_decompress_lzss               
00009c61  __TI_decompress_none               
00009505  __TI_doflush                       
20008a80  __TI_dtors_ptr                     
20008a84  __TI_enable_exit_profile_output    
20008a6c  __TI_ft_end                        
0000945f  __TI_ltoa                          
ffffffff  __TI_pprof_out_hndl                
00003299  __TI_printfi                       
ffffffff  __TI_prof_data_size                
ffffffff  __TI_prof_data_start               
0000992d  __TI_readmsg                       
00000000  __TI_static_base__                 
200081e8  __TI_tmpnams                       
00009889  __TI_writemsg                      
00009239  __TI_wrt_ok                        
00009c7d  __TI_zero_init                     
00008cf1  __aeabi_cdcmpeq                    
00008cf1  __aeabi_cdcmple                    
00008d77  __aeabi_cdrcmple                   
0000962d  __aeabi_d2iz                       
00009785  __aeabi_d2uiz                      
00007c8b  __aeabi_dadd                       
000080cd  __aeabi_ddiv                       
00008775  __aeabi_dmul                       
00007c81  __aeabi_dsub                       
00009c95  __aeabi_errno_addr                 
000099f9  __aeabi_i2d                        
00007e37  __aeabi_idiv0                      
00007e37  __aeabi_ldiv0                      
00008dfd  __aeabi_memclr                     
00008dfd  __aeabi_memclr4                    
00008dfd  __aeabi_memclr8                    
00008bbf  __aeabi_memcpy                     
00008bbf  __aeabi_memcpy4                    
00008bbf  __aeabi_memcpy8                    
00008dff  __aeabi_memset                     
00008dff  __aeabi_memset4                    
00008dff  __aeabi_memset8                    
20008a78  __aeabi_stderr                     
20008a70  __aeabi_stdin                      
20008a74  __aeabi_stdout                     
00009b61  __aeabi_ui2d                       
00008c5b  __aeabi_uldivmod                   
ffffffff  __binit__                          
ffffffff  __c_args__                         
UNDEFED   __mpu_init                         
2000fe00  __stack                            
20000000  __start___llvm_prf_cnts            
20000000  __stop___llvm_prf_cnts             
00009c53  __time32                           
00009961  _c_int00_noargs                    
0000a57c  _ctypes_                           
200087d4  _device                            
200086e4  _ftable                            
20008aa0  _lock                              
00003ce7  _nop                               
2000884c  _stream                            
20008ac8  _sys_memory                        
UNDEFED   _system_post_cinit                 
00009cad  _system_pre_init                   
20008aa4  _unlock                            
00009cb1  abort                              
00008675  aligned_alloc                      
200089c0  appleBitmaps                       
00009551  atoi                               
200089da  bannanaBitmaps                     
ffffffff  binit                              
0000a72b  blankHeightPixels                  
00009cb8  blankScreenBitmaps                 
0000a72a  blankWidthPixels                   
000074c1  buzzer_get_time_delay              
20008368  char_x                             
2000836c  char_y                             
000092fd  close                              
00009bb9  copysign                           
00009bb9  copysignl                          
20008370  curr_music                         
20008a64  current_fruit                      
20008a60  current_fruit_Bitmap               
20008a5c  current_packman_Bitmap             
000013fd  eTaskConfirmSleepModeStatus        
00000539  eTaskGetState                      
20008ab0  errno                              
000095e5  exit                               
000099c9  finddevice                         
00006e5f  fputc                              
00008451  fputs                              
00008871  free                               
00009171  frexp                              
00009171  frexpl                             
0000a729  fruitHeightPixels                  
0000a728  fruitWidthPixels                   
20008378  fruit_x                            
20008379  fruit_y                            
000091d5  fseek                              
00009741  getdevice                          
00007b4f  i2c_init                           
00007beb  i2c_read_16                        
00007b8f  i2c_write_16                       
00000000  interruptVectors                   
00005811  lcd_draw_image                     
000056f3  lcd_draw_rectangle                 
00008565  ldexp                              
00008565  ldexpl                             
00009aa9  lseek                              
000076ed  main                               
00009c9d  malloc                             
00008675  memalign                           
00009b9d  memccpy                            
00009b41  memchr                             
00008bbf  memcpy                             
00008e05  memset                             
2000837c  microsoftSansSerif_8ptBitmaps      
200084d2  microsoftSansSerif_8ptDescriptors  
200089f4  orangeBitmaps                      
0000a727  packman_HeightPixels               
0000a726  packman_WidthPixels                
2000889c  packman_downBitmaps                
200088d8  packman_leftBitmaps                
20008914  packman_rightBitmaps               
20008950  packman_upBitmaps                  
20008338  parmbuf                            
00000bd5  pcTaskGetName                      
00004903  pcTimerGetName                     
00003ce9  pow                                
00003ce9  powl                               
00006af1  print_device_id                    
00006b3f  print_manufacturer_id              
00009109  printf                             
000062b1  pvPortMalloc                       
000014a1  pvTaskGetThreadLocalStoragePointer 
00001a55  pvTaskIncrementMutexHeldCount      
00004dbd  pvTimerGetTimerID                  
2000898c  pxCurrentTCB                       
00005e79  pxPortInitialiseStack              
00009995  rand                               
00009a29  remove                             
00008565  scalbn                             
00008565  scalbnl                            
00008955  setvbuf                            
000097c9  sprintf                            
00007e39  sqrt                               
00007e39  sqrtl                              
00009af9  srand                              
00009c03  strchr                             
00009beb  strcmp                             
00009c19  strcpy                             
00009b1d  strcspn                            
00009c2d  strlen                             
000098c1  strncpy                            
00009a55  strspn                             
00009809  strtok                             
00009c53  time                               
20008a68  total_time                         
00002faf  ucQueueGetQueueType                
0000a718  ulMaxSyscallInterruptPriority      
00008a41  ulPortGetIPSR                      
00001a75  ulTaskGenericNotifyTake            
000020a3  ulTaskGenericNotifyValueClear      
00009a29  unlink                             
000082e5  uxListRemove                       
00002f8f  uxQueueGetQueueNumber              
00002edd  uxQueueMessagesWaiting             
00002f41  uxQueueMessagesWaitingFromISR      
00002f0d  uxQueueSpacesAvailable             
00000bcf  uxTaskGetNumberOfTasks             
00000c1d  uxTaskGetSystemState               
00001361  uxTaskGetTaskNumber                
00000611  uxTaskPriorityGet                  
00000639  uxTaskPriorityGetFromISR           
00001a33  uxTaskResetEventItemValue          
0000489d  uxTimerGetReloadMode               
00004e19  uxTimerGetTimerNumber              
000077cb  vApplicationMallocFailedHook       
000077cd  vApplicationStackOverflowHook      
00008203  vListInitialise                    
00008233  vListInitialiseItem                
0000827f  vListInsert                        
00008243  vListInsertEnd                     
00008afd  vPortEnableVFP                     
00005fbd  vPortEndScheduler                  
00005fe1  vPortEnterCritical                 
00006023  vPortExitCritical                  
0000641b  vPortFree                          
0000661d  vPortGetHeapStats                  
000064c1  vPortInitialiseBlocks              
00008ab9  vPortSVCHandler                    
000061d5  vPortSetupTimerInterrupt           
00008ad9  vPortStartFirstTask                
0000607d  vPortSuppressTicksAndSleep         
0000621d  vPortValidateInterruptPriority     
00002f6b  vQueueDelete                       
00002f9d  vQueueSetQueueNumber               
0000323d  vQueueWaitForMessageRestricted     
000004d1  vTaskDelay                         
000003ed  vTaskDelayUntil                    
00000323  vTaskDelete                        
00000a25  vTaskEndScheduler                  
00001f35  vTaskGenericNotifyGiveFromISR      
00001575  vTaskGetInfo                       
0000128d  vTaskInternalSetTimeOutState       
00001359  vTaskMissedYield                   
00001059  vTaskPlaceOnEventList              
000010f5  vTaskPlaceOnEventListRestricted    
0000108d  vTaskPlaceOnUnorderedEventList     
00001939  vTaskPriorityDisinheritAfterTimeout
0000067d  vTaskPrioritySet                   
000011c5  vTaskRemoveFromUnorderedEventList  
00000915  vTaskResume                        
00000eb1  vTaskSetApplicationTaskTag         
00001381  vTaskSetTaskNumber                 
00001459  vTaskSetThreadLocalStoragePointer  
0000125b  vTaskSetTimeOutState               
000009a9  vTaskStartScheduler                
00000cf9  vTaskStepTick                      
000007b1  vTaskSuspend                       
00000a41  vTaskSuspendAll                    
00000f89  vTaskSwitchContext                 
00004853  vTimerSetReloadMode                
00004deb  vTimerSetTimerID                   
00004e27  vTimerSetTimerNumber               
00009c41  wcslen                             
00009ad1  write                              
20008a58  x                                  
000064b5  xPortGetFreeHeapSize               
000064bb  xPortGetMinimumEverFreeHeapSize    
00008a59  xPortPendSVHandler                 
00005f05  xPortStartScheduler                
0000604f  xPortSysTickHandler                
00002427  xQueueCreateCountingSemaphore      
00002353  xQueueCreateMutex                  
0000225d  xQueueGenericCreate                
000021a9  xQueueGenericReset                 
00002485  xQueueGenericSend                  
00002639  xQueueGenericSendFromISR           
00002765  xQueueGiveFromISR                  
0000237f  xQueueGiveMutexRecursive           
000031a9  xQueueIsQueueEmptyFromISR          
00003203  xQueueIsQueueFullFromISR           
00002bbd  xQueuePeek                         
00002e31  xQueuePeekFromISR                  
00002873  xQueueReceive                      
00002d3b  xQueueReceiveFromISR               
000029eb  xQueueSemaphoreTake                
000023cf  xQueueTakeMutexRecursive           
00000f49  xTaskCallApplicationTaskHook       
00000d33  xTaskCatchUpTicks                  
000012a7  xTaskCheckForTimeOut               
000000e5  xTaskCreate                        
00001c11  xTaskGenericNotify                 
00001d87  xTaskGenericNotifyFromISR          
0000203f  xTaskGenericNotifyStateClear       
00001b2d  xTaskGenericNotifyWait             
00000ed7  xTaskGetApplicationTaskTag         
00000f05  xTaskGetApplicationTaskTagFromISR  
0000174b  xTaskGetCurrentTaskHandle          
0000175b  xTaskGetSchedulerState             
00000bab  xTaskGetTickCount                  
00000bbb  xTaskGetTickCountFromISR           
00000d85  xTaskIncrementTick                 
0000186d  xTaskPriorityDisinherit            
000017a5  xTaskPriorityInherit               
00001135  xTaskRemoveFromEventList           
00000aa9  xTaskResumeAll                     
000046e9  xTimerCreate                       
000046a9  xTimerCreateTimerTask              
0000478b  xTimerGenericCommand               
000048d9  xTimerGetExpiryTime                
0000482d  xTimerGetPeriod                    
0000480b  xTimerGetTimerDaemonTaskHandle     
00004d81  xTimerIsTimerActive                
20008a59  y                                  


GLOBAL SYMBOLS: SORTED BY Symbol Address 

address   name                               
-------   ----                               
00000000  __TI_static_base__                 
00000000  interruptVectors                   
000000e5  xTaskCreate                        
00000200  __STACK_SIZE                       
00000323  vTaskDelete                        
000003ed  vTaskDelayUntil                    
00000400  __SYSMEM_SIZE                      
000004d1  vTaskDelay                         
00000539  eTaskGetState                      
00000611  uxTaskPriorityGet                  
00000639  uxTaskPriorityGetFromISR           
0000067d  vTaskPrioritySet                   
000007b1  vTaskSuspend                       
00000915  vTaskResume                        
000009a9  vTaskStartScheduler                
00000a25  vTaskEndScheduler                  
00000a41  vTaskSuspendAll                    
00000aa9  xTaskResumeAll                     
00000bab  xTaskGetTickCount                  
00000bbb  xTaskGetTickCountFromISR           
00000bcf  uxTaskGetNumberOfTasks             
00000bd5  pcTaskGetName                      
00000c1d  uxTaskGetSystemState               
00000cf9  vTaskStepTick                      
00000d33  xTaskCatchUpTicks                  
00000d85  xTaskIncrementTick                 
00000eb1  vTaskSetApplicationTaskTag         
00000ed7  xTaskGetApplicationTaskTag         
00000f05  xTaskGetApplicationTaskTagFromISR  
00000f49  xTaskCallApplicationTaskHook       
00000f89  vTaskSwitchContext                 
00001059  vTaskPlaceOnEventList              
0000108d  vTaskPlaceOnUnorderedEventList     
000010f5  vTaskPlaceOnEventListRestricted    
00001135  xTaskRemoveFromEventList           
000011c5  vTaskRemoveFromUnorderedEventList  
0000125b  vTaskSetTimeOutState               
0000128d  vTaskInternalSetTimeOutState       
000012a7  xTaskCheckForTimeOut               
00001359  vTaskMissedYield                   
00001361  uxTaskGetTaskNumber                
00001381  vTaskSetTaskNumber                 
000013fd  eTaskConfirmSleepModeStatus        
00001459  vTaskSetThreadLocalStoragePointer  
000014a1  pvTaskGetThreadLocalStoragePointer 
00001575  vTaskGetInfo                       
0000174b  xTaskGetCurrentTaskHandle          
0000175b  xTaskGetSchedulerState             
000017a5  xTaskPriorityInherit               
0000186d  xTaskPriorityDisinherit            
00001939  vTaskPriorityDisinheritAfterTimeout
00001a33  uxTaskResetEventItemValue          
00001a55  pvTaskIncrementMutexHeldCount      
00001a75  ulTaskGenericNotifyTake            
00001b2d  xTaskGenericNotifyWait             
00001c11  xTaskGenericNotify                 
00001d87  xTaskGenericNotifyFromISR          
00001f35  vTaskGenericNotifyGiveFromISR      
0000203f  xTaskGenericNotifyStateClear       
000020a3  ulTaskGenericNotifyValueClear      
000021a9  xQueueGenericReset                 
0000225d  xQueueGenericCreate                
00002353  xQueueCreateMutex                  
0000237f  xQueueGiveMutexRecursive           
000023cf  xQueueTakeMutexRecursive           
00002427  xQueueCreateCountingSemaphore      
00002485  xQueueGenericSend                  
00002639  xQueueGenericSendFromISR           
00002765  xQueueGiveFromISR                  
00002873  xQueueReceive                      
000029eb  xQueueSemaphoreTake                
00002bbd  xQueuePeek                         
00002d3b  xQueueReceiveFromISR               
00002e31  xQueuePeekFromISR                  
00002edd  uxQueueMessagesWaiting             
00002f0d  uxQueueSpacesAvailable             
00002f41  uxQueueMessagesWaitingFromISR      
00002f6b  vQueueDelete                       
00002f8f  uxQueueGetQueueNumber              
00002f9d  vQueueSetQueueNumber               
00002faf  ucQueueGetQueueType                
000031a9  xQueueIsQueueEmptyFromISR          
00003203  xQueueIsQueueFullFromISR           
0000323d  vQueueWaitForMessageRestricted     
00003299  __TI_printfi                       
00003ce7  _nop                               
00003ce9  pow                                
00003ce9  powl                               
000046a9  xTimerCreateTimerTask              
000046e9  xTimerCreate                       
0000478b  xTimerGenericCommand               
0000480b  xTimerGetTimerDaemonTaskHandle     
0000482d  xTimerGetPeriod                    
00004853  vTimerSetReloadMode                
0000489d  uxTimerGetReloadMode               
000048d9  xTimerGetExpiryTime                
00004903  pcTimerGetName                     
00004d81  xTimerIsTimerActive                
00004dbd  pvTimerGetTimerID                  
00004deb  vTimerSetTimerID                   
00004e19  uxTimerGetTimerNumber              
00004e27  vTimerSetTimerNumber               
00004eb7  Task_Screen_Init                   
00004ef9  Print_Words                        
00004f69  Start_Screen                       
00005093  Print_Numbers                      
0000512d  End_Screen                         
0000536f  Task_Screen                        
000053b7  T32_INT1_IRQHandler                
000053b7  T32_INT1_IRQHandler                
00005455  HAL_LCD_PortInit                   
0000549d  HAL_LCD_SpiInit                    
000054d1  HAL_LCD_writeCommand               
00005509  HAL_LCD_writeData                  
0000552d  Crystalfontz128x128_SetDrawFrame   
000055c5  Crystalfontz128x128_Init           
000056f3  lcd_draw_rectangle                 
00005811  lcd_draw_image                     
00005999  Task_Packman_Init                  
000059b7  Draw_Packman                       
000059df  Update_Random_Fruit_Coordinates    
00005ac7  Draw_Fruit                         
00005b23  Draw_Black_Screen                  
00005b49  Collision_Check                    
00005c09  Task_Packman                       
00005e79  pxPortInitialiseStack              
00005f05  xPortStartScheduler                
00005fbd  vPortEndScheduler                  
00005fe1  vPortEnterCritical                 
00006023  vPortExitCritical                  
0000604f  xPortSysTickHandler                
0000607d  vPortSuppressTicksAndSleep         
000061d5  vPortSetupTimerInterrupt           
0000621d  vPortValidateInterruptPriority     
000062b1  pvPortMalloc                       
0000641b  vPortFree                          
000064b5  xPortGetFreeHeapSize               
000064bb  xPortGetMinimumEverFreeHeapSize    
000064c1  vPortInitialiseBlocks              
0000661d  vPortGetHeapStats                  
000066dd  SystemCoreClockUpdate              
00006955  SystemInit                         
00006a31  OPT3001_init                       
00006a6b  Task_Light_Sensor_Init             
00006a77  OPT3001_get_lux                    
00006af1  print_device_id                    
00006b3f  print_manufacturer_id              
00006b93  Task_Light_Sensor                  
00006e31  Task_Console_Init                  
00006e5f  fputc                              
00006e7d  EUSCIA0_IRQHandler                 
00006e7d  EUSCIA0_IRQHandler                 
00006ef5  Task_Console_Bottom_Half           
000072cf  Task_Accelerometer_Init            
0000735b  Task_Accelerometer_Timer           
00007371  Task_Accelerometer                 
00007423  ADC14_IRQHandler                   
00007423  ADC14_IRQHandler                   
000074c1  buzzer_get_time_delay              
00007519  Buzzer_Set_Period                  
00007567  T32_1_wait                         
000075d9  Task_Buzzer_Init                   
00007611  Buzzer_On                          
0000762b  Buzzer_Off                         
00007639  Buzzer_Run_Status                  
0000764d  Task_Buzzer                        
000076ed  main                               
000077cb  vApplicationMallocFailedHook       
000077cd  vApplicationStackOverflowHook      
00007b4f  i2c_init                           
00007b8f  i2c_write_16                       
00007beb  i2c_read_16                        
00007c81  __aeabi_dsub                       
00007c8b  __aeabi_dadd                       
00007e37  __aeabi_idiv0                      
00007e37  __aeabi_ldiv0                      
00007e39  sqrt                               
00007e39  sqrtl                              
000080cd  __aeabi_ddiv                       
00008203  vListInitialise                    
00008233  vListInitialiseItem                
00008243  vListInsertEnd                     
0000827f  vListInsert                        
000082e5  uxListRemove                       
00008451  fputs                              
00008565  ldexp                              
00008565  ldexpl                             
00008565  scalbn                             
00008565  scalbnl                            
00008675  aligned_alloc                      
00008675  memalign                           
00008775  __aeabi_dmul                       
00008871  free                               
00008955  setvbuf                            
00008a41  ulPortGetIPSR                      
00008a59  xPortPendSVHandler                 
00008ab9  vPortSVCHandler                    
00008ad9  vPortStartFirstTask                
00008afd  vPortEnableVFP                     
00008bbf  __aeabi_memcpy                     
00008bbf  __aeabi_memcpy4                    
00008bbf  __aeabi_memcpy8                    
00008bbf  memcpy                             
00008c5b  __aeabi_uldivmod                   
00008cf1  __aeabi_cdcmpeq                    
00008cf1  __aeabi_cdcmple                    
00008d77  __aeabi_cdrcmple                   
00008dfd  __aeabi_memclr                     
00008dfd  __aeabi_memclr4                    
00008dfd  __aeabi_memclr8                    
00008dff  __aeabi_memset                     
00008dff  __aeabi_memset4                    
00008dff  __aeabi_memset8                    
00008e05  memset                             
00008e79  __TI_closefile                     
00008fcd  HOSTrename                         
00009039  HOSTlseek                          
000090a1  __TI_decompress_lzss               
00009109  printf                             
00009171  frexp                              
00009171  frexpl                             
000091d5  fseek                              
00009239  __TI_wrt_ok                        
0000929d  HOSTopen                           
000092fd  close                              
00009359  HOSTread                           
000093b1  HOSTwrite                          
0000945f  __TI_ltoa                          
00009505  __TI_doflush                       
00009551  atoi                               
0000959d  HOSTtime                           
000095e5  exit                               
0000962d  __aeabi_d2iz                       
00009675  HOSTclose                          
000096b9  HOSTunlink                         
000096fd  __TI_auto_init_nobinit_nopinit     
00009741  getdevice                          
00009785  __aeabi_d2uiz                      
000097c9  sprintf                            
00009809  strtok                             
00009889  __TI_writemsg                      
000098b7  C$$IO$$                            
000098c1  strncpy                            
000098f9  __TI_cleanup                       
0000992d  __TI_readmsg                       
00009961  _c_int00_noargs                    
00009995  rand                               
000099c9  finddevice                         
000099f9  __aeabi_i2d                        
00009a29  remove                             
00009a29  unlink                             
00009a55  strspn                             
00009aa9  lseek                              
00009ad1  write                              
00009af9  srand                              
00009b1d  strcspn                            
00009b41  memchr                             
00009b61  __aeabi_ui2d                       
00009b9d  memccpy                            
00009bb9  copysign                           
00009bb9  copysignl                          
00009beb  strcmp                             
00009c03  strchr                             
00009c19  strcpy                             
00009c2d  strlen                             
00009c41  wcslen                             
00009c53  __time32                           
00009c53  time                               
00009c61  __TI_decompress_none               
00009c6f  Reset_Handler                      
00009c7b  AES256_IRQHandler                  
00009c7b  BusFault_Handler                   
00009c7b  COMP_E0_IRQHandler                 
00009c7b  COMP_E1_IRQHandler                 
00009c7b  CS_IRQHandler                      
00009c7b  DMA_ERR_IRQHandler                 
00009c7b  DMA_INT0_IRQHandler                
00009c7b  DMA_INT1_IRQHandler                
00009c7b  DMA_INT2_IRQHandler                
00009c7b  DMA_INT3_IRQHandler                
00009c7b  DebugMon_Handler                   
00009c7b  Default_Handler                    
00009c7b  EUSCIA1_IRQHandler                 
00009c7b  EUSCIA2_IRQHandler                 
00009c7b  EUSCIA3_IRQHandler                 
00009c7b  EUSCIB0_IRQHandler                 
00009c7b  EUSCIB1_IRQHandler                 
00009c7b  EUSCIB2_IRQHandler                 
00009c7b  EUSCIB3_IRQHandler                 
00009c7b  FLCTL_IRQHandler                   
00009c7b  FPU_IRQHandler                     
00009c7b  HardFault_Handler                  
00009c7b  MemManage_Handler                  
00009c7b  NMI_Handler                        
00009c7b  PCM_IRQHandler                     
00009c7b  PORT1_IRQHandler                   
00009c7b  PORT2_IRQHandler                   
00009c7b  PORT3_IRQHandler                   
00009c7b  PORT4_IRQHandler                   
00009c7b  PORT5_IRQHandler                   
00009c7b  PORT6_IRQHandler                   
00009c7b  PSS_IRQHandler                     
00009c7b  PendSV_Handler                     
00009c7b  RTC_C_IRQHandler                   
00009c7b  SVC_Handler                        
00009c7b  SysTick_Handler                    
00009c7b  T32_INT2_IRQHandler                
00009c7b  T32_INTC_IRQHandler                
00009c7b  TA0_0_IRQHandler                   
00009c7b  TA0_N_IRQHandler                   
00009c7b  TA1_0_IRQHandler                   
00009c7b  TA1_N_IRQHandler                   
00009c7b  TA2_0_IRQHandler                   
00009c7b  TA2_N_IRQHandler                   
00009c7b  TA3_0_IRQHandler                   
00009c7b  TA3_N_IRQHandler                   
00009c7b  UsageFault_Handler                 
00009c7b  WDT_A_IRQHandler                   
00009c7d  __TI_zero_init                     
00009c95  __aeabi_errno_addr                 
00009c9d  malloc                             
00009cad  _system_pre_init                   
00009cb1  C$$EXIT                            
00009cb1  abort                              
00009cb8  blankScreenBitmaps                 
0000a57c  _ctypes_                           
0000a718  ulMaxSyscallInterruptPriority      
0000a726  packman_WidthPixels                
0000a727  packman_HeightPixels               
0000a728  fruitWidthPixels                   
0000a729  fruitHeightPixels                  
0000a72a  blankWidthPixels                   
0000a72b  blankHeightPixels                  
0000aaac  __TI_Handler_Table_Base            
0000aab8  __TI_Handler_Table_Limit           
0000aac0  __TI_CINIT_Base                    
0000aad0  __TI_CINIT_Limit                   
20000000  __start___llvm_prf_cnts            
20000000  __stop___llvm_prf_cnts             
20008000  __CIOBUF_                          
200081e8  __TI_tmpnams                       
20008314  RX_ARRAY                           
20008338  parmbuf                            
20008340  Queue_Music                        
20008344  Queue_Packman                      
20008348  Sem_Console                        
2000834c  Task_Accelerometer_Handle          
20008350  Task_Accelerometer_Timer_Handle    
20008354  Task_Buzzer_Handle                 
20008358  Task_Console_Handle                
2000835c  Task_Light_Sensor_Handle           
20008360  Task_Packman_Handle                
20008364  Task_Screen_Handle                 
20008368  char_x                             
2000836c  char_y                             
20008370  curr_music                         
20008374  Lcd_ScreenHeigth                   
20008376  Lcd_ScreenWidth                    
20008378  fruit_x                            
20008379  fruit_y                            
2000837c  microsoftSansSerif_8ptBitmaps      
200084d2  microsoftSansSerif_8ptDescriptors  
200085ea  RX_INDEX                           
200085ec  Jeopardy                           
200086e4  _ftable                            
200087d4  _device                            
2000884c  _stream                            
2000889c  packman_downBitmaps                
200088d8  packman_leftBitmaps                
20008914  packman_rightBitmaps               
20008950  packman_upBitmaps                  
2000898c  pxCurrentTCB                       
200089c0  appleBitmaps                       
200089da  bannanaBitmaps                     
200089f4  orangeBitmaps                      
20008a0e  Packman_Color                      
20008a10  Eat                                
20008a58  x                                  
20008a59  y                                  
20008a5c  current_packman_Bitmap             
20008a60  current_fruit_Bitmap               
20008a64  current_fruit                      
20008a66  TOTAL_SCORE                        
20008a68  total_time                         
20008a6c  __TI_ft_end                        
20008a70  __aeabi_stdin                      
20008a74  __aeabi_stdout                     
20008a78  __aeabi_stderr                     
20008a7c  __TI_cleanup_ptr                   
20008a80  __TI_dtors_ptr                     
20008a84  __TI_enable_exit_profile_output    
20008a88  ACC_X_DIR                          
20008a8c  ACC_Y_DIR                          
20008a90  ACC_Z_DIR                          
20008aa0  _lock                              
20008aa4  _unlock                            
20008ab0  errno                              
20008abc  SystemCoreClock                    
20008ac0  START                              
20008ac1  END                                
20008ac8  _sys_memory                        
2000fe00  __stack                            
20010000  __STACK_END                        
4000480c  WDTCTL_SYM                         
ffffffff  __TI_pprof_out_hndl                
ffffffff  __TI_prof_data_size                
ffffffff  __TI_prof_data_start               
ffffffff  __binit__                          
ffffffff  __c_args__                         
ffffffff  binit                              
UNDEFED   __mpu_init                         
UNDEFED   _system_post_cinit                 

[412 symbols]
