******************************************************************************
                  TI ARM Linker PC v20.2.2                     
******************************************************************************
>> Linked Tue Dec  1 19:46:27 2020

OUTPUT FILE NAME:   <Project.out>
ENTRY POINT SYMBOL: "_c_int00_noargs"  address: 00008149


MEMORY CONFIGURATION

         name            origin    length      used     unused   attr    fill
----------------------  --------  ---------  --------  --------  ----  --------
  MAIN                  00000000   00040000  000086d4  0003792c  R  X
  INFO                  00200000   00004000  00000000  00004000  R  X
  SRAM_CODE             01000000   00010000  00008bce  00007432  RW X
  SRAM_DATA             20000000   00010000  00008bce  00007432  RW  


SEGMENT ALLOCATION MAP

run origin  load origin   length   init length attrs members
----------  ----------- ---------- ----------- ----- -------
00000000    00000000    000086d8   000086d8    r-x
  00000000    00000000    000000e4   000000e4    r-- .intvecs
  000000e4    000000e4    0000834c   0000834c    r-x .text
  00008430    00008430    00000204   00000204    r-- .const
  00008638    00008638    000000a0   000000a0    r-- .cinit
20000000    20000000    000089d2   00000000    rw-
  20000000    20000000    00008364   00000000    rw- .bss
  20008368    20008368    00000400   00000000    rw- .sysmem
  20008768    20008768    0000026a   00000000    rw- .data
2000fe00    2000fe00    00000200   00000000    rw-
  2000fe00    2000fe00    00000200   00000000    rw- .stack


SECTION ALLOCATION MAP

 output                                  attributes/
section   page    origin      length       input sections
--------  ----  ----------  ----------   ----------------
.intvecs   0    00000000    000000e4     
                  00000000    000000e4     startup_msp432p401r_ccs.obj (.intvecs:retain)

.text      0    000000e4    0000834c     
                  000000e4    000020c4     tasks.obj (.text)
                  000021a8    000010f0     queue.obj (.text)
                  00003298    00000a4e     rtsv7M4_T_le_v4SPD16_eabi.lib : _printfi.c.obj (.text:__TI_printfi)
                  00003ce6    00000002                                   : _lock.c.obj (.text:_nop)
                  00003ce8    000007a4     timers.obj (.text)
                  0000448c    00000544     lcd.obj (.text)
                  000049d0    00000438     port.obj (.text)
                  00004e08    0000042c     heap_4.obj (.text)
                  00005234    00000354     system_msp432p401r.obj (.text)
                  00005588    0000029c     task_console.obj (.text)
                  00005824    00000270     rtsv7M4_T_le_v4SPD16_eabi.lib : _printfi.c.obj (.text:_pconv_a)
                  00005a94    0000023c     task_packman.obj (.text)
                  00005cd0    00000218     task_accelerometer.obj (.text)
                  00005ee8    000001e0     main.obj (.text)
                  000060c8    000001d4     task_light_sensor.obj (.text)
                  0000629c    000001d0     rtsv7M4_T_le_v4SPD16_eabi.lib : _printfi.c.obj (.text:_pconv_g)
                  0000646c    000001b6                                   : fd_add_t2.asm.obj (.text)
                  00006622    00000002                                   : div0.asm.obj (.text)
                  00006624    000001a8     i2c.obj (.text)
                  000067cc    0000013c     rtsv7M4_T_le_v4SPD16_eabi.lib : _printfi.c.obj (.text:_pconv_e)
                  00006908    00000136                                   : fd_div_t2.asm.obj (.text)
                  00006a3e    0000012a     list.obj (.text)
                  00006b68    00000124     rtsv7M4_T_le_v4SPD16_eabi.lib : _printfi.c.obj (.text:fcvt)
                  00006c8c    00000114                                   : fputs.c.obj (.text:fputs)
                  00006da0    00000110                                   : s_scalbn.c.obj (.text:scalbn)
                  00006eb0    00000100                                   : memory.c.obj (.text:aligned_alloc)
                  00006fb0    000000fc                                   : fd_mul_t2.asm.obj (.text)
                  000070ac    000000e4                                   : memory.c.obj (.text:free)
                  00007190    000000dc                                   : setvbuf.c.obj (.text:setvbuf)
                  0000726c    000000da     portasm.obj (.text)
                  00007346    00000002     --HOLE-- [fill = 0]
                  00007348    000000b1     rtsv7M4_T_le_v4SPD16_eabi.lib : _printfi.c.obj (.text:_ltostr)
                  000073f9    00000001     --HOLE-- [fill = 0]
                  000073fa    0000009c                                   : memcpy_t2.asm.obj (.text)
                  00007496    00000096                                   : ull_div_t2.asm.obj (.text)
                  0000752c    00000086                                   : fd_cmp_t2.asm.obj (.text:__aeabi_cdcmple)
                  000075b2    00000086                                   : fd_cmp_t2.asm.obj (.text:__aeabi_cdrcmple)
                  00007638    0000007a                                   : memset_t2.asm.obj (.text)
                  000076b2    00000002     --HOLE-- [fill = 0]
                  000076b4    00000074                                   : fclose.c.obj (.text:__TI_closefile)
                  00007728    00000070                                   : memory.c.obj (.text:split)
                  00007798    0000006e                                   : _printfi.c.obj (.text:_mcpy)
                  00007806    00000002     --HOLE-- [fill = 0]
                  00007808    0000006c                                   : hostrename.c.obj (.text:HOSTrename)
                  00007874    00000068                                   : hostlseek.c.obj (.text:HOSTlseek)
                  000078dc    00000068                                   : copy_decompress_lzss.c.obj (.text:decompress:lzss:__TI_decompress_lzss)
                  00007944    00000068                                   : printf.c.obj (.text:printf)
                  000079ac    00000064                                   : s_frexp.c.obj (.text:frexp)
                  00007a10    00000064                                   : fseek.c.obj (.text:fseek)
                  00007a74    00000062                                   : _io_perm.c.obj (.text:__TI_wrt_ok)
                  00007ad6    00000002     --HOLE-- [fill = 0]
                  00007ad8    00000060                                   : hostopen.c.obj (.text:HOSTopen)
                  00007b38    0000005c                                   : close.c.obj (.text:close)
                  00007b94    00000058                                   : hostread.c.obj (.text:HOSTread)
                  00007bec    00000058                                   : hostwrite.c.obj (.text:HOSTwrite)
                  00007c44    00000056                                   : _printfi.c.obj (.text:_pconv_f)
                  00007c9a    00000054                                   : _ltoa.c.obj (.text:__TI_ltoa)
                  00007cee    00000052                                   : _printfi.c.obj (.text:_ecpy)
                  00007d40    0000004c                                   : fflush.c.obj (.text:__TI_doflush)
                  00007d8c    0000004c                                   : atoi.c.obj (.text:atoi)
                  00007dd8    00000048                                   : exit.c.obj (.text:exit)
                  00007e20    00000048                                   : fd_toi_t2.asm.obj (.text)
                  00007e68    00000044                                   : hostclose.c.obj (.text:HOSTclose)
                  00007eac    00000044                                   : hostunlink.c.obj (.text:HOSTunlink)
                  00007ef0    00000044                                   : autoinit.c.obj (.text:__TI_auto_init_nobinit_nopinit:__TI_auto_init_nobinit_nopinit)
                  00007f34    00000044                                   : getdevice.c.obj (.text:getdevice)
                  00007f78    00000040                                   : sprintf.c.obj (.text:sprintf)
                  00007fb8    00000040                                   : strtok.c.obj (.text:strtok)
                  00007ff8    0000003e                                   : _printfi.c.obj (.text:_fcpy)
                  00008036    00000002     --HOLE-- [fill = 0]
                  00008038    00000038                                   : trgmsg.c.obj (.text:__TI_writemsg)
                  00008070    00000038                                   : fs_tod_t2.asm.obj (.text)
                  000080a8    00000036                                   : strncpy.c.obj (.text:strncpy)
                  000080de    00000002     --HOLE-- [fill = 0]
                  000080e0    00000034                                   : fopen.c.obj (.text:__TI_cleanup)
                  00008114    00000034                                   : trgmsg.c.obj (.text:__TI_readmsg)
                  00008148    00000034                                   : boot_cortex_m.c.obj (.text:_c_int00_noargs:_c_int00_noargs)
                  0000817c    00000030                                   : getdevice.c.obj (.text:finddevice)
                  000081ac    0000002e                                   : i_tofd_t2.asm.obj (.text)
                  000081da    00000002     --HOLE-- [fill = 0]
                  000081dc    0000002c                                   : unlink.c.obj (.text:unlink)
                  00008208    0000002a                                   : strspn.c.obj (.text:strspn)
                  00008232    00000002     --HOLE-- [fill = 0]
                  00008234    00000028                                   : memory.c.obj (.text:free_list_insert)
                  0000825c    00000028                                   : lseek.c.obj (.text:lseek)
                  00008284    00000028                                   : write.c.obj (.text:write)
                  000082ac    00000024                                   : strcspn.c.obj (.text:strcspn)
                  000082d0    00000020                                   : memchr.c.obj (.text:memchr)
                  000082f0    0000001c                                   : memory.c.obj (.text:free_list_remove)
                  0000830c    0000001c                                   : memccpy.c.obj (.text:memccpy)
                  00008328    0000001a                                   : s_copysign.c.obj (.text:copysign)
                  00008342    00000018                                   : sprintf.c.obj (.text:_outs)
                  0000835a    00000002     --HOLE-- [fill = 0]
                  0000835c    00000018     i2c.obj (.text:i2c_set_slave_address)
                  00008374    00000018     rtsv7M4_T_le_v4SPD16_eabi.lib : strcmp.c.obj (.text:strcmp)
                  0000838c    00000016                                   : strchr.c.obj (.text:strchr)
                  000083a2    00000014                                   : strcpy.c.obj (.text:strcpy)
                  000083b6    00000014                                   : strlen.c.obj (.text:strlen)
                  000083ca    00000012                                   : wcslen.c.obj (.text:wcslen)
                  000083dc    0000000e                                   : copy_decompress_none.c.obj (.text:decompress:none:__TI_decompress_none)
                  000083ea    0000000e     startup_msp432p401r_ccs.obj (.text)
                  000083f8    0000000c     rtsv7M4_T_le_v4SPD16_eabi.lib : copy_zero_init.c.obj (.text:decompress:ZI:__TI_zero_init)
                  00008404    0000000a                                   : sprintf.c.obj (.text:_outc)
                  0000840e    00000002     --HOLE-- [fill = 0]
                  00008410    00000008                                   : errno.c.obj (.text:__aeabi_errno_addr)
                  00008418    00000008                                   : memory.c.obj (.text:malloc)
                  00008420    00000004                                   : printf.c.obj (.text:_outc)
                  00008424    00000004                                   : printf.c.obj (.text:_outs)
                  00008428    00000004                                   : pre_init.c.obj (.text:_system_pre_init)
                  0000842c    00000004                                   : exit.c.obj (.text:abort:abort)

.const     0    00008430    00000204     
                  00008430    00000101     rtsv7M4_T_le_v4SPD16_eabi.lib : ctype.c.obj (.const:.string:_ctypes_)
                  00008531    0000003c     packman.obj (.const:.string:packman_downBitmaps)
                  0000856d    0000003c     packman.obj (.const:.string:packman_leftBitmaps)
                  000085a9    0000003c     packman.obj (.const:.string:packman_rightBitmaps)
                  000085e5    0000003c     packman.obj (.const:.string:packman_upBitmaps)
                  00008621    00000008     packman.obj (.const)
                  00008629    00000003     --HOLE-- [fill = 0]
                  0000862c    00000008     port.obj (.const)

.cinit     0    00008638    000000a0     
                  00008638    0000007b     (.cinit..data.load) [load image, compression = lzss]
                  000086b3    00000001     --HOLE-- [fill = 0]
                  000086b4    0000000c     (__TI_handler_table)
                  000086c0    00000008     (.cinit..bss.load) [load image, compression = zero_init]
                  000086c8    00000010     (__TI_cinit_table)

.init_array 
*          0    00000000    00000000     UNINITIALIZED

.binit     0    00000000    00000000     

.bss       0    20000000    00008364     UNINITIALIZED
                  20000000    00008000     heap_4.obj (.bss:ucHeap)
                  20008000    00000120     rtsv7M4_T_le_v4SPD16_eabi.lib : trgmsg.c.obj (.bss:_CIOBUF_)
                  20008120    000000c8     tasks.obj (.bss:pxReadyTasksLists)
                  200081e8    000000a0     (.common:__TI_tmpnams)
                  20008288    00000014     timers.obj (.bss:xActiveTimerList1)
                  2000829c    00000014     timers.obj (.bss:xActiveTimerList2)
                  200082b0    00000014     tasks.obj (.bss:xDelayedTaskList1)
                  200082c4    00000014     tasks.obj (.bss:xDelayedTaskList2)
                  200082d8    00000014     tasks.obj (.bss:xPendingReadyList)
                  200082ec    00000014     tasks.obj (.bss:xSuspendedTaskList)
                  20008300    00000014     tasks.obj (.bss:xTasksWaitingTermination)
                  20008314    0000000c     (.common:RX_ARRAY)
                  20008320    00000008     tasks.obj (.bss)
                  20008328    00000008     timers.obj (.bss)
                  20008330    00000008     heap_4.obj (.bss:xStart)
                  20008338    00000008     (.common:parmbuf)
                  20008340    00000004     (.common:Queue_Packman)
                  20008344    00000004     (.common:Sem_Console)
                  20008348    00000004     (.common:Task_Accelerometer_Handle)
                  2000834c    00000004     (.common:Task_Accelerometer_Timer_Handle)
                  20008350    00000004     (.common:Task_Console_Handle)
                  20008354    00000004     (.common:Task_Light_Sensor_Handle)
                  20008358    00000004     (.common:Task_Light_Sensor_Timer_Handle)
                  2000835c    00000004     (.common:Task_Packman_Handle)
                  20008360    00000002     (.common:Lcd_ScreenHeigth)
                  20008362    00000002     (.common:Lcd_ScreenWidth)

.sysmem    0    20008368    00000400     UNINITIALIZED
                  20008368    00000010     rtsv7M4_T_le_v4SPD16_eabi.lib : memory.c.obj (.sysmem)
                  20008378    000003f0     --HOLE--

.data      0    20008768    0000026a     UNINITIALIZED
                  20008768    000000f0     rtsv7M4_T_le_v4SPD16_eabi.lib : defs.c.obj (.data:_ftable)
                  20008858    00000078                                   : host_device.c.obj (.data:_device)
                  200088d0    00000050                                   : host_device.c.obj (.data:_stream)
                  20008920    00000034     tasks.obj (.data)
                  20008954    00000018     heap_4.obj (.data)
                  2000896c    00000018     port.obj (.data)
                  20008984    00000010     rtsv7M4_T_le_v4SPD16_eabi.lib : defs.c.obj (.data)
                  20008994    0000000c                                   : exit.c.obj (.data:$O1$$)
                  200089a0    0000000c     timers.obj (.data)
                  200089ac    00000008     rtsv7M4_T_le_v4SPD16_eabi.lib : _lock.c.obj (.data:$O1$$)
                  200089b4    00000008                                   : memory.c.obj (.data:$O1$$)
                  200089bc    00000008     task_accelerometer.obj (.data)
                  200089c4    00000004     rtsv7M4_T_le_v4SPD16_eabi.lib : errno.c.obj (.data)
                  200089c8    00000004                                   : strtok.c.obj (.data)
                  200089cc    00000004     system_msp432p401r.obj (.data)
                  200089d0    00000002     task_console.obj (.data)

.stack     0    2000fe00    00000200     UNINITIALIZED
                  2000fe00    00000004     rtsv7M4_T_le_v4SPD16_eabi.lib : boot_cortex_m.c.obj (.stack)
                  2000fe04    000001fc     --HOLE--

__llvm_prf_cnts 
*          0    20000000    00000000     UNINITIALIZED

MODULE SUMMARY

       Module                        code    ro data   rw data
       ------                        ----    -------   -------
    .\
       lcd.obj                       1348    0         8      
       system_msp432p401r.obj        852     0         8      
       task_console.obj              668     0         44     
       task_packman.obj              572     0         16     
       task_accelerometer.obj        536     0         32     
       task_light_sensor.obj         468     0         16     
       main.obj                      480     0         0      
       i2c.obj                       448     0         0      
       packman.obj                   0       248       0      
       startup_msp432p401r_ccs.obj   14      228       0      
    +--+-----------------------------+-------+---------+---------+
       Total:                        5386    476       124    
                                                              
    .\FreeRTOS\
       heap_4.obj                    1068    0         65600  
       tasks.obj                     8388    0         720    
       queue.obj                     4336    0         0      
       timers.obj                    1956    0         120    
       list.obj                      298     0         0      
    +--+-----------------------------+-------+---------+---------+
       Total:                        16046   0         66440  
                                                              
    .\FreeRTOS\portable\
       port.obj                      1080    8         48     
       portasm.obj                   218     0         0      
    +--+-----------------------------+-------+---------+---------+
       Total:                        1298    8         48     
                                                              
    C:\ti\ccs1010\ccs\tools\compiler\ti-cgt-arm_20.2.2.LTS\lib\rtsv7M4_T_le_v4SPD16_eabi.lib
       _printfi.c.obj                4851    0         0      
       defs.c.obj                    0       0         832    
       memory.c.obj                  672     0         16     
       trgmsg.c.obj                  108     0         576    
       fd_add_t2.asm.obj             438     0         0      
       host_device.c.obj             0       0         400    
       fd_div_t2.asm.obj             310     0         0      
       fputs.c.obj                   276     0         0      
       s_scalbn.c.obj                272     0         0      
       fd_cmp_t2.asm.obj             268     0         0      
       ctype.c.obj                   0       257       0      
       fd_mul_t2.asm.obj             252     0         0      
       setvbuf.c.obj                 220     0         0      
       memcpy_t2.asm.obj             156     0         0      
       ull_div_t2.asm.obj            150     0         0      
       memset_t2.asm.obj             122     0         0      
       fclose.c.obj                  116     0         0      
       getdevice.c.obj               116     0         0      
       hostopen.c.obj                96      0         16     
       printf.c.obj                  112     0         0      
       hostrename.c.obj              108     0         0      
       copy_decompress_lzss.c.obj    104     0         0      
       hostlseek.c.obj               104     0         0      
       exit.c.obj                    76      0         24     
       fseek.c.obj                   100     0         0      
       s_frexp.c.obj                 100     0         0      
       _io_perm.c.obj                98      0         0      
       sprintf.c.obj                 98      0         0      
       close.c.obj                   92      0         0      
       hostread.c.obj                88      0         0      
       hostwrite.c.obj               88      0         0      
       _ltoa.c.obj                   84      0         0      
       atoi.c.obj                    76      0         0      
       fflush.c.obj                  76      0         0      
       fd_toi_t2.asm.obj             72      0         0      
       strtok.c.obj                  64      0         8      
       autoinit.c.obj                68      0         0      
       hostclose.c.obj               68      0         0      
       hostunlink.c.obj              68      0         0      
       fs_tod_t2.asm.obj             56      0         0      
       strncpy.c.obj                 54      0         0      
       boot_cortex_m.c.obj           52      0         0      
       fopen.c.obj                   52      0         0      
       i_tofd_t2.asm.obj             46      0         0      
       unlink.c.obj                  44      0         0      
       strspn.c.obj                  42      0         0      
       lseek.c.obj                   40      0         0      
       write.c.obj                   40      0         0      
       strcspn.c.obj                 36      0         0      
       memchr.c.obj                  32      0         0      
       memccpy.c.obj                 28      0         0      
       s_copysign.c.obj              26      0         0      
       strcmp.c.obj                  24      0         0      
       strchr.c.obj                  22      0         0      
       strcpy.c.obj                  20      0         0      
       strlen.c.obj                  20      0         0      
       _lock.c.obj                   2       0         16     
       wcslen.c.obj                  18      0         0      
       errno.c.obj                   8       0         8      
       copy_decompress_none.c.obj    14      0         0      
       copy_zero_init.c.obj          12      0         0      
       pre_init.c.obj                4       0         0      
       div0.asm.obj                  2       0         0      
    +--+-----------------------------+-------+---------+---------+
       Total:                        10861   257       1896   
                                                              
       Heap:                         0       0         2048   
       Stack:                        0       0         1024   
       Linker Generated:             0       159       0      
    +--+-----------------------------+-------+---------+---------+
       Grand Total:                  33591   900       71580  


LINKER GENERATED COPY TABLES

__TI_cinit_table @ 000086c8 records: 2, size/record: 8, table size: 16
	.data: load addr=00008638, load size=0000007b bytes, run addr=20008768, run size=0000026a bytes, compression=lzss
	.bss: load addr=000086c0, load size=00000008 bytes, run addr=20000000, run size=00008364 bytes, compression=zero_init


LINKER GENERATED HANDLER TABLE

__TI_handler_table @ 000086b4 records: 3, size/record: 4, table size: 12
	index: 0, handler: __TI_decompress_lzss
	index: 1, handler: __TI_decompress_none
	index: 2, handler: __TI_zero_init


GLOBAL SYMBOLS: SORTED ALPHABETICALLY BY Name 

address   name                               
-------   ----                               
00005e4b  ADC14_IRQHandler                   
00005e4b  ADC14_IRQHandler                   
000083f7  AES256_IRQHandler                  
000083f7  BusFault_Handler                   
0000842d  C$$EXIT                            
00008067  C$$IO$$                            
000083f7  COMP_E0_IRQHandler                 
000083f7  COMP_E1_IRQHandler                 
000083f7  CS_IRQHandler                      
000045fd  Crystalfontz128x128_Init           
00004565  Crystalfontz128x128_SetDrawFrame   
000083f7  DMA_ERR_IRQHandler                 
000083f7  DMA_INT0_IRQHandler                
000083f7  DMA_INT1_IRQHandler                
000083f7  DMA_INT2_IRQHandler                
000083f7  DMA_INT3_IRQHandler                
000083f7  DebugMon_Handler                   
000083f7  Default_Handler                    
00005697  EUSCIA0_IRQHandler                 
00005697  EUSCIA0_IRQHandler                 
000083f7  EUSCIA1_IRQHandler                 
000083f7  EUSCIA2_IRQHandler                 
000083f7  EUSCIA3_IRQHandler                 
000083f7  EUSCIB0_IRQHandler                 
000083f7  EUSCIB1_IRQHandler                 
000083f7  EUSCIB2_IRQHandler                 
000083f7  EUSCIB3_IRQHandler                 
000083f7  FLCTL_IRQHandler                   
000083f7  FPU_IRQHandler                     
0000448d  HAL_LCD_PortInit                   
000044d5  HAL_LCD_SpiInit                    
00004509  HAL_LCD_writeCommand               
00004541  HAL_LCD_writeData                  
00007e69  HOSTclose                          
00007875  HOSTlseek                          
00007ad9  HOSTopen                           
00007b95  HOSTread                           
00007809  HOSTrename                         
00007ead  HOSTunlink                         
00007bed  HOSTwrite                          
000083f7  HardFault_Handler                  
200089bc  JOYSTICK_X_DIR                     
200089c0  JOYSTICK_Y_DIR                     
20008360  Lcd_ScreenHeigth                   
20008362  Lcd_ScreenWidth                    
000083f7  MemManage_Handler                  
000083f7  NMI_Handler                        
00006145  OPT3001_get_lux                    
000060c9  OPT3001_init                       
000083f7  PCM_IRQHandler                     
000083f7  PORT1_IRQHandler                   
000083f7  PORT2_IRQHandler                   
000083f7  PORT3_IRQHandler                   
000083f7  PORT4_IRQHandler                   
000083f7  PORT5_IRQHandler                   
000083f7  PORT6_IRQHandler                   
000083f7  PSS_IRQHandler                     
000083f7  PendSV_Handler                     
20008340  Queue_Packman                      
000083f7  RTC_C_IRQHandler                   
20008314  RX_ARRAY                           
200089d0  RX_INDEX                           
000083eb  Reset_Handler                      
000083f7  SVC_Handler                        
20008344  Sem_Console                        
000083f7  SysTick_Handler                    
200089cc  SystemCoreClock                    
00005235  SystemCoreClockUpdate              
000054ad  SystemInit                         
000083f7  T32_INT1_IRQHandler                
000083f7  T32_INT2_IRQHandler                
000083f7  T32_INTC_IRQHandler                
000083f7  TA0_0_IRQHandler                   
000083f7  TA0_N_IRQHandler                   
000083f7  TA1_0_IRQHandler                   
000083f7  TA1_N_IRQHandler                   
000083f7  TA2_0_IRQHandler                   
000083f7  TA2_N_IRQHandler                   
000083f7  TA3_0_IRQHandler                   
000083f7  TA3_N_IRQHandler                   
00005dbf  Task_Accelerometer                 
20008348  Task_Accelerometer_Handle          
00005d3b  Task_Accelerometer_Init            
00005da9  Task_Accelerometer_Timer           
2000834c  Task_Accelerometer_Timer_Handle    
0000570f  Task_Console_Bottom_Half           
20008350  Task_Console_Handle                
00005659  Task_Console_Init                  
00006225  Task_Light_Sensor                  
20008354  Task_Light_Sensor_Handle           
00006103  Task_Light_Sensor_Init             
0000610f  Task_Light_Sensor_Timer            
20008358  Task_Light_Sensor_Timer_Handle     
00005ab3  Task_Packman                       
2000835c  Task_Packman_Handle                
00005a95  Task_Packman_Init                  
000083f7  UsageFault_Handler                 
4000480c  WDTCTL_SYM                         
000083f7  WDT_A_IRQHandler                   
20008000  __CIOBUF_                          
20010000  __STACK_END                        
00000200  __STACK_SIZE                       
00000400  __SYSMEM_SIZE                      
000086c8  __TI_CINIT_Base                    
000086d8  __TI_CINIT_Limit                   
000086b4  __TI_Handler_Table_Base            
000086c0  __TI_Handler_Table_Limit           
00007ef1  __TI_auto_init_nobinit_nopinit     
000080e1  __TI_cleanup                       
20008994  __TI_cleanup_ptr                   
000076b5  __TI_closefile                     
000078dd  __TI_decompress_lzss               
000083dd  __TI_decompress_none               
00007d41  __TI_doflush                       
20008998  __TI_dtors_ptr                     
2000899c  __TI_enable_exit_profile_output    
20008984  __TI_ft_end                        
00007c9b  __TI_ltoa                          
ffffffff  __TI_pprof_out_hndl                
00003299  __TI_printfi                       
ffffffff  __TI_prof_data_size                
ffffffff  __TI_prof_data_start               
00008115  __TI_readmsg                       
00000000  __TI_static_base__                 
200081e8  __TI_tmpnams                       
00008039  __TI_writemsg                      
00007a75  __TI_wrt_ok                        
000083f9  __TI_zero_init                     
0000752d  __aeabi_cdcmpeq                    
0000752d  __aeabi_cdcmple                    
000075b3  __aeabi_cdrcmple                   
00007e21  __aeabi_d2iz                       
00006477  __aeabi_dadd                       
00006909  __aeabi_ddiv                       
00006fb1  __aeabi_dmul                       
0000646d  __aeabi_dsub                       
00008411  __aeabi_errno_addr                 
00008071  __aeabi_f2d                        
000081ad  __aeabi_i2d                        
00006623  __aeabi_idiv0                      
00006623  __aeabi_ldiv0                      
00007639  __aeabi_memclr                     
00007639  __aeabi_memclr4                    
00007639  __aeabi_memclr8                    
000073fb  __aeabi_memcpy                     
000073fb  __aeabi_memcpy4                    
000073fb  __aeabi_memcpy8                    
0000763b  __aeabi_memset                     
0000763b  __aeabi_memset4                    
0000763b  __aeabi_memset8                    
20008990  __aeabi_stderr                     
20008988  __aeabi_stdin                      
2000898c  __aeabi_stdout                     
00007497  __aeabi_uldivmod                   
ffffffff  __binit__                          
ffffffff  __c_args__                         
UNDEFED   __mpu_init                         
2000fe00  __stack                            
20000000  __start___llvm_prf_cnts            
20000000  __stop___llvm_prf_cnts             
00008149  _c_int00_noargs                    
00008430  _ctypes_                           
20008858  _device                            
20008768  _ftable                            
200089ac  _lock                              
00003ce7  _nop                               
200088d0  _stream                            
20008368  _sys_memory                        
UNDEFED   _system_post_cinit                 
00008429  _system_pre_init                   
200089b0  _unlock                            
0000842d  abort                              
00006eb1  aligned_alloc                      
00007d8d  atoi                               
ffffffff  binit                              
00007b39  close                              
00008329  copysign                           
00008329  copysignl                          
000013fd  eTaskConfirmSleepModeStatus        
00000539  eTaskGetState                      
200089c4  errno                              
00007dd9  exit                               
0000817d  finddevice                         
00005679  fputc                              
00006c8d  fputs                              
000070ad  free                               
000079ad  frexp                              
000079ad  frexpl                             
00007a11  fseek                              
00007f35  getdevice                          
0000669f  i2c_init                           
0000673b  i2c_read_16                        
0000835d  i2c_set_slave_address              
000066df  i2c_write_16                       
00000000  interruptVectors                   
00004849  lcd_draw_image                     
0000472b  lcd_draw_rectangle                 
00006da1  ldexp                              
00006da1  ldexpl                             
0000825d  lseek                              
00005ee9  main                               
00008419  malloc                             
00006eb1  memalign                           
0000830d  memccpy                            
000082d1  memchr                             
000073fb  memcpy                             
00007641  memset                             
00008531  packman_downBitmaps                
00008624  packman_downHeightPixels           
00008623  packman_downWidthPixels            
0000856d  packman_leftBitmaps                
00008626  packman_leftHeightPixels           
00008625  packman_leftWidthPixels            
000085a9  packman_rightBitmaps               
00008628  packman_rightHeightPixels          
00008627  packman_rightWidthPixels           
000085e5  packman_upBitmaps                  
00008622  packman_upHeightPixels             
00008621  packman_upWidthPixels              
20008338  parmbuf                            
00000bd5  pcTaskGetName                      
00003f43  pcTimerGetName                     
00007945  printf                             
00004e09  pvPortMalloc                       
000014a1  pvTaskGetThreadLocalStoragePointer 
00001a55  pvTaskIncrementMutexHeldCount      
000043fd  pvTimerGetTimerID                  
20008920  pxCurrentTCB                       
000049d1  pxPortInitialiseStack              
000081dd  remove                             
00006da1  scalbn                             
00006da1  scalbnl                            
00007191  setvbuf                            
00007f79  sprintf                            
0000838d  strchr                             
00008375  strcmp                             
000083a3  strcpy                             
000082ad  strcspn                            
000083b7  strlen                             
000080a9  strncpy                            
00008209  strspn                             
00007fb9  strtok                             
00002faf  ucQueueGetQueueType                
0000862c  ulMaxSyscallInterruptPriority      
0000727d  ulPortGetIPSR                      
00001a75  ulTaskGenericNotifyTake            
000020a3  ulTaskGenericNotifyValueClear      
000081dd  unlink                             
00006b21  uxListRemove                       
00002f8f  uxQueueGetQueueNumber              
00002edd  uxQueueMessagesWaiting             
00002f41  uxQueueMessagesWaitingFromISR      
00002f0d  uxQueueSpacesAvailable             
00000bcf  uxTaskGetNumberOfTasks             
00000c1d  uxTaskGetSystemState               
00001361  uxTaskGetTaskNumber                
00000611  uxTaskPriorityGet                  
00000639  uxTaskPriorityGetFromISR           
00001a33  uxTaskResetEventItemValue          
00003edd  uxTimerGetReloadMode               
00004459  uxTimerGetTimerNumber              
00005fad  vApplicationMallocFailedHook       
00005faf  vApplicationStackOverflowHook      
00006a3f  vListInitialise                    
00006a6f  vListInitialiseItem                
00006abb  vListInsert                        
00006a7f  vListInsertEnd                     
00007339  vPortEnableVFP                     
00004b15  vPortEndScheduler                  
00004b39  vPortEnterCritical                 
00004b7b  vPortExitCritical                  
00004f73  vPortFree                          
00005175  vPortGetHeapStats                  
00005019  vPortInitialiseBlocks              
000072f5  vPortSVCHandler                    
00004d2d  vPortSetupTimerInterrupt           
00007315  vPortStartFirstTask                
00004bd5  vPortSuppressTicksAndSleep         
00004d75  vPortValidateInterruptPriority     
00002f6b  vQueueDelete                       
00002f9d  vQueueSetQueueNumber               
0000323d  vQueueWaitForMessageRestricted     
000004d1  vTaskDelay                         
000003ed  vTaskDelayUntil                    
00000323  vTaskDelete                        
00000a25  vTaskEndScheduler                  
00001f35  vTaskGenericNotifyGiveFromISR      
00001575  vTaskGetInfo                       
0000128d  vTaskInternalSetTimeOutState       
00001359  vTaskMissedYield                   
00001059  vTaskPlaceOnEventList              
000010f5  vTaskPlaceOnEventListRestricted    
0000108d  vTaskPlaceOnUnorderedEventList     
00001939  vTaskPriorityDisinheritAfterTimeout
0000067d  vTaskPrioritySet                   
000011c5  vTaskRemoveFromUnorderedEventList  
00000915  vTaskResume                        
00000eb1  vTaskSetApplicationTaskTag         
00001381  vTaskSetTaskNumber                 
00001459  vTaskSetThreadLocalStoragePointer  
0000125b  vTaskSetTimeOutState               
000009a9  vTaskStartScheduler                
00000cf9  vTaskStepTick                      
000007b1  vTaskSuspend                       
00000a41  vTaskSuspendAll                    
00000f89  vTaskSwitchContext                 
00003e93  vTimerSetReloadMode                
0000442b  vTimerSetTimerID                   
00004467  vTimerSetTimerNumber               
000083cb  wcslen                             
00008285  write                              
0000500d  xPortGetFreeHeapSize               
00005013  xPortGetMinimumEverFreeHeapSize    
00007295  xPortPendSVHandler                 
00004a5d  xPortStartScheduler                
00004ba7  xPortSysTickHandler                
00002427  xQueueCreateCountingSemaphore      
00002353  xQueueCreateMutex                  
0000225d  xQueueGenericCreate                
000021a9  xQueueGenericReset                 
00002485  xQueueGenericSend                  
00002639  xQueueGenericSendFromISR           
00002765  xQueueGiveFromISR                  
0000237f  xQueueGiveMutexRecursive           
000031a9  xQueueIsQueueEmptyFromISR          
00003203  xQueueIsQueueFullFromISR           
00002bbd  xQueuePeek                         
00002e31  xQueuePeekFromISR                  
00002873  xQueueReceive                      
00002d3b  xQueueReceiveFromISR               
000029eb  xQueueSemaphoreTake                
000023cf  xQueueTakeMutexRecursive           
00000f49  xTaskCallApplicationTaskHook       
00000d33  xTaskCatchUpTicks                  
000012a7  xTaskCheckForTimeOut               
000000e5  xTaskCreate                        
00001c11  xTaskGenericNotify                 
00001d87  xTaskGenericNotifyFromISR          
0000203f  xTaskGenericNotifyStateClear       
00001b2d  xTaskGenericNotifyWait             
00000ed7  xTaskGetApplicationTaskTag         
00000f05  xTaskGetApplicationTaskTagFromISR  
0000174b  xTaskGetCurrentTaskHandle          
0000175b  xTaskGetSchedulerState             
00000bab  xTaskGetTickCount                  
00000bbb  xTaskGetTickCountFromISR           
00000d85  xTaskIncrementTick                 
0000186d  xTaskPriorityDisinherit            
000017a5  xTaskPriorityInherit               
00001135  xTaskRemoveFromEventList           
00000aa9  xTaskResumeAll                     
00003d29  xTimerCreate                       
00003ce9  xTimerCreateTimerTask              
00003dcb  xTimerGenericCommand               
00003f19  xTimerGetExpiryTime                
00003e6d  xTimerGetPeriod                    
00003e4b  xTimerGetTimerDaemonTaskHandle     
000043c1  xTimerIsTimerActive                


GLOBAL SYMBOLS: SORTED BY Symbol Address 

address   name                               
-------   ----                               
00000000  __TI_static_base__                 
00000000  interruptVectors                   
000000e5  xTaskCreate                        
00000200  __STACK_SIZE                       
00000323  vTaskDelete                        
000003ed  vTaskDelayUntil                    
00000400  __SYSMEM_SIZE                      
000004d1  vTaskDelay                         
00000539  eTaskGetState                      
00000611  uxTaskPriorityGet                  
00000639  uxTaskPriorityGetFromISR           
0000067d  vTaskPrioritySet                   
000007b1  vTaskSuspend                       
00000915  vTaskResume                        
000009a9  vTaskStartScheduler                
00000a25  vTaskEndScheduler                  
00000a41  vTaskSuspendAll                    
00000aa9  xTaskResumeAll                     
00000bab  xTaskGetTickCount                  
00000bbb  xTaskGetTickCountFromISR           
00000bcf  uxTaskGetNumberOfTasks             
00000bd5  pcTaskGetName                      
00000c1d  uxTaskGetSystemState               
00000cf9  vTaskStepTick                      
00000d33  xTaskCatchUpTicks                  
00000d85  xTaskIncrementTick                 
00000eb1  vTaskSetApplicationTaskTag         
00000ed7  xTaskGetApplicationTaskTag         
00000f05  xTaskGetApplicationTaskTagFromISR  
00000f49  xTaskCallApplicationTaskHook       
00000f89  vTaskSwitchContext                 
00001059  vTaskPlaceOnEventList              
0000108d  vTaskPlaceOnUnorderedEventList     
000010f5  vTaskPlaceOnEventListRestricted    
00001135  xTaskRemoveFromEventList           
000011c5  vTaskRemoveFromUnorderedEventList  
0000125b  vTaskSetTimeOutState               
0000128d  vTaskInternalSetTimeOutState       
000012a7  xTaskCheckForTimeOut               
00001359  vTaskMissedYield                   
00001361  uxTaskGetTaskNumber                
00001381  vTaskSetTaskNumber                 
000013fd  eTaskConfirmSleepModeStatus        
00001459  vTaskSetThreadLocalStoragePointer  
000014a1  pvTaskGetThreadLocalStoragePointer 
00001575  vTaskGetInfo                       
0000174b  xTaskGetCurrentTaskHandle          
0000175b  xTaskGetSchedulerState             
000017a5  xTaskPriorityInherit               
0000186d  xTaskPriorityDisinherit            
00001939  vTaskPriorityDisinheritAfterTimeout
00001a33  uxTaskResetEventItemValue          
00001a55  pvTaskIncrementMutexHeldCount      
00001a75  ulTaskGenericNotifyTake            
00001b2d  xTaskGenericNotifyWait             
00001c11  xTaskGenericNotify                 
00001d87  xTaskGenericNotifyFromISR          
00001f35  vTaskGenericNotifyGiveFromISR      
0000203f  xTaskGenericNotifyStateClear       
000020a3  ulTaskGenericNotifyValueClear      
000021a9  xQueueGenericReset                 
0000225d  xQueueGenericCreate                
00002353  xQueueCreateMutex                  
0000237f  xQueueGiveMutexRecursive           
000023cf  xQueueTakeMutexRecursive           
00002427  xQueueCreateCountingSemaphore      
00002485  xQueueGenericSend                  
00002639  xQueueGenericSendFromISR           
00002765  xQueueGiveFromISR                  
00002873  xQueueReceive                      
000029eb  xQueueSemaphoreTake                
00002bbd  xQueuePeek                         
00002d3b  xQueueReceiveFromISR               
00002e31  xQueuePeekFromISR                  
00002edd  uxQueueMessagesWaiting             
00002f0d  uxQueueSpacesAvailable             
00002f41  uxQueueMessagesWaitingFromISR      
00002f6b  vQueueDelete                       
00002f8f  uxQueueGetQueueNumber              
00002f9d  vQueueSetQueueNumber               
00002faf  ucQueueGetQueueType                
000031a9  xQueueIsQueueEmptyFromISR          
00003203  xQueueIsQueueFullFromISR           
0000323d  vQueueWaitForMessageRestricted     
00003299  __TI_printfi                       
00003ce7  _nop                               
00003ce9  xTimerCreateTimerTask              
00003d29  xTimerCreate                       
00003dcb  xTimerGenericCommand               
00003e4b  xTimerGetTimerDaemonTaskHandle     
00003e6d  xTimerGetPeriod                    
00003e93  vTimerSetReloadMode                
00003edd  uxTimerGetReloadMode               
00003f19  xTimerGetExpiryTime                
00003f43  pcTimerGetName                     
000043c1  xTimerIsTimerActive                
000043fd  pvTimerGetTimerID                  
0000442b  vTimerSetTimerID                   
00004459  uxTimerGetTimerNumber              
00004467  vTimerSetTimerNumber               
0000448d  HAL_LCD_PortInit                   
000044d5  HAL_LCD_SpiInit                    
00004509  HAL_LCD_writeCommand               
00004541  HAL_LCD_writeData                  
00004565  Crystalfontz128x128_SetDrawFrame   
000045fd  Crystalfontz128x128_Init           
0000472b  lcd_draw_rectangle                 
00004849  lcd_draw_image                     
000049d1  pxPortInitialiseStack              
00004a5d  xPortStartScheduler                
00004b15  vPortEndScheduler                  
00004b39  vPortEnterCritical                 
00004b7b  vPortExitCritical                  
00004ba7  xPortSysTickHandler                
00004bd5  vPortSuppressTicksAndSleep         
00004d2d  vPortSetupTimerInterrupt           
00004d75  vPortValidateInterruptPriority     
00004e09  pvPortMalloc                       
00004f73  vPortFree                          
0000500d  xPortGetFreeHeapSize               
00005013  xPortGetMinimumEverFreeHeapSize    
00005019  vPortInitialiseBlocks              
00005175  vPortGetHeapStats                  
00005235  SystemCoreClockUpdate              
000054ad  SystemInit                         
00005659  Task_Console_Init                  
00005679  fputc                              
00005697  EUSCIA0_IRQHandler                 
00005697  EUSCIA0_IRQHandler                 
0000570f  Task_Console_Bottom_Half           
00005a95  Task_Packman_Init                  
00005ab3  Task_Packman                       
00005d3b  Task_Accelerometer_Init            
00005da9  Task_Accelerometer_Timer           
00005dbf  Task_Accelerometer                 
00005e4b  ADC14_IRQHandler                   
00005e4b  ADC14_IRQHandler                   
00005ee9  main                               
00005fad  vApplicationMallocFailedHook       
00005faf  vApplicationStackOverflowHook      
000060c9  OPT3001_init                       
00006103  Task_Light_Sensor_Init             
0000610f  Task_Light_Sensor_Timer            
00006145  OPT3001_get_lux                    
00006225  Task_Light_Sensor                  
0000646d  __aeabi_dsub                       
00006477  __aeabi_dadd                       
00006623  __aeabi_idiv0                      
00006623  __aeabi_ldiv0                      
0000669f  i2c_init                           
000066df  i2c_write_16                       
0000673b  i2c_read_16                        
00006909  __aeabi_ddiv                       
00006a3f  vListInitialise                    
00006a6f  vListInitialiseItem                
00006a7f  vListInsertEnd                     
00006abb  vListInsert                        
00006b21  uxListRemove                       
00006c8d  fputs                              
00006da1  ldexp                              
00006da1  ldexpl                             
00006da1  scalbn                             
00006da1  scalbnl                            
00006eb1  aligned_alloc                      
00006eb1  memalign                           
00006fb1  __aeabi_dmul                       
000070ad  free                               
00007191  setvbuf                            
0000727d  ulPortGetIPSR                      
00007295  xPortPendSVHandler                 
000072f5  vPortSVCHandler                    
00007315  vPortStartFirstTask                
00007339  vPortEnableVFP                     
000073fb  __aeabi_memcpy                     
000073fb  __aeabi_memcpy4                    
000073fb  __aeabi_memcpy8                    
000073fb  memcpy                             
00007497  __aeabi_uldivmod                   
0000752d  __aeabi_cdcmpeq                    
0000752d  __aeabi_cdcmple                    
000075b3  __aeabi_cdrcmple                   
00007639  __aeabi_memclr                     
00007639  __aeabi_memclr4                    
00007639  __aeabi_memclr8                    
0000763b  __aeabi_memset                     
0000763b  __aeabi_memset4                    
0000763b  __aeabi_memset8                    
00007641  memset                             
000076b5  __TI_closefile                     
00007809  HOSTrename                         
00007875  HOSTlseek                          
000078dd  __TI_decompress_lzss               
00007945  printf                             
000079ad  frexp                              
000079ad  frexpl                             
00007a11  fseek                              
00007a75  __TI_wrt_ok                        
00007ad9  HOSTopen                           
00007b39  close                              
00007b95  HOSTread                           
00007bed  HOSTwrite                          
00007c9b  __TI_ltoa                          
00007d41  __TI_doflush                       
00007d8d  atoi                               
00007dd9  exit                               
00007e21  __aeabi_d2iz                       
00007e69  HOSTclose                          
00007ead  HOSTunlink                         
00007ef1  __TI_auto_init_nobinit_nopinit     
00007f35  getdevice                          
00007f79  sprintf                            
00007fb9  strtok                             
00008039  __TI_writemsg                      
00008067  C$$IO$$                            
00008071  __aeabi_f2d                        
000080a9  strncpy                            
000080e1  __TI_cleanup                       
00008115  __TI_readmsg                       
00008149  _c_int00_noargs                    
0000817d  finddevice                         
000081ad  __aeabi_i2d                        
000081dd  remove                             
000081dd  unlink                             
00008209  strspn                             
0000825d  lseek                              
00008285  write                              
000082ad  strcspn                            
000082d1  memchr                             
0000830d  memccpy                            
00008329  copysign                           
00008329  copysignl                          
0000835d  i2c_set_slave_address              
00008375  strcmp                             
0000838d  strchr                             
000083a3  strcpy                             
000083b7  strlen                             
000083cb  wcslen                             
000083dd  __TI_decompress_none               
000083eb  Reset_Handler                      
000083f7  AES256_IRQHandler                  
000083f7  BusFault_Handler                   
000083f7  COMP_E0_IRQHandler                 
000083f7  COMP_E1_IRQHandler                 
000083f7  CS_IRQHandler                      
000083f7  DMA_ERR_IRQHandler                 
000083f7  DMA_INT0_IRQHandler                
000083f7  DMA_INT1_IRQHandler                
000083f7  DMA_INT2_IRQHandler                
000083f7  DMA_INT3_IRQHandler                
000083f7  DebugMon_Handler                   
000083f7  Default_Handler                    
000083f7  EUSCIA1_IRQHandler                 
000083f7  EUSCIA2_IRQHandler                 
000083f7  EUSCIA3_IRQHandler                 
000083f7  EUSCIB0_IRQHandler                 
000083f7  EUSCIB1_IRQHandler                 
000083f7  EUSCIB2_IRQHandler                 
000083f7  EUSCIB3_IRQHandler                 
000083f7  FLCTL_IRQHandler                   
000083f7  FPU_IRQHandler                     
000083f7  HardFault_Handler                  
000083f7  MemManage_Handler                  
000083f7  NMI_Handler                        
000083f7  PCM_IRQHandler                     
000083f7  PORT1_IRQHandler                   
000083f7  PORT2_IRQHandler                   
000083f7  PORT3_IRQHandler                   
000083f7  PORT4_IRQHandler                   
000083f7  PORT5_IRQHandler                   
000083f7  PORT6_IRQHandler                   
000083f7  PSS_IRQHandler                     
000083f7  PendSV_Handler                     
000083f7  RTC_C_IRQHandler                   
000083f7  SVC_Handler                        
000083f7  SysTick_Handler                    
000083f7  T32_INT1_IRQHandler                
000083f7  T32_INT2_IRQHandler                
000083f7  T32_INTC_IRQHandler                
000083f7  TA0_0_IRQHandler                   
000083f7  TA0_N_IRQHandler                   
000083f7  TA1_0_IRQHandler                   
000083f7  TA1_N_IRQHandler                   
000083f7  TA2_0_IRQHandler                   
000083f7  TA2_N_IRQHandler                   
000083f7  TA3_0_IRQHandler                   
000083f7  TA3_N_IRQHandler                   
000083f7  UsageFault_Handler                 
000083f7  WDT_A_IRQHandler                   
000083f9  __TI_zero_init                     
00008411  __aeabi_errno_addr                 
00008419  malloc                             
00008429  _system_pre_init                   
0000842d  C$$EXIT                            
0000842d  abort                              
00008430  _ctypes_                           
00008531  packman_downBitmaps                
0000856d  packman_leftBitmaps                
000085a9  packman_rightBitmaps               
000085e5  packman_upBitmaps                  
00008621  packman_upWidthPixels              
00008622  packman_upHeightPixels             
00008623  packman_downWidthPixels            
00008624  packman_downHeightPixels           
00008625  packman_leftWidthPixels            
00008626  packman_leftHeightPixels           
00008627  packman_rightWidthPixels           
00008628  packman_rightHeightPixels          
0000862c  ulMaxSyscallInterruptPriority      
000086b4  __TI_Handler_Table_Base            
000086c0  __TI_Handler_Table_Limit           
000086c8  __TI_CINIT_Base                    
000086d8  __TI_CINIT_Limit                   
20000000  __start___llvm_prf_cnts            
20000000  __stop___llvm_prf_cnts             
20008000  __CIOBUF_                          
200081e8  __TI_tmpnams                       
20008314  RX_ARRAY                           
20008338  parmbuf                            
20008340  Queue_Packman                      
20008344  Sem_Console                        
20008348  Task_Accelerometer_Handle          
2000834c  Task_Accelerometer_Timer_Handle    
20008350  Task_Console_Handle                
20008354  Task_Light_Sensor_Handle           
20008358  Task_Light_Sensor_Timer_Handle     
2000835c  Task_Packman_Handle                
20008360  Lcd_ScreenHeigth                   
20008362  Lcd_ScreenWidth                    
20008368  _sys_memory                        
20008768  _ftable                            
20008858  _device                            
200088d0  _stream                            
20008920  pxCurrentTCB                       
20008984  __TI_ft_end                        
20008988  __aeabi_stdin                      
2000898c  __aeabi_stdout                     
20008990  __aeabi_stderr                     
20008994  __TI_cleanup_ptr                   
20008998  __TI_dtors_ptr                     
2000899c  __TI_enable_exit_profile_output    
200089ac  _lock                              
200089b0  _unlock                            
200089bc  JOYSTICK_X_DIR                     
200089c0  JOYSTICK_Y_DIR                     
200089c4  errno                              
200089cc  SystemCoreClock                    
200089d0  RX_INDEX                           
2000fe00  __stack                            
20010000  __STACK_END                        
4000480c  WDTCTL_SYM                         
ffffffff  __TI_pprof_out_hndl                
ffffffff  __TI_prof_data_size                
ffffffff  __TI_prof_data_start               
ffffffff  __binit__                          
ffffffff  __c_args__                         
ffffffff  binit                              
UNDEFED   __mpu_init                         
UNDEFED   _system_post_cinit                 

[358 symbols]
